
============================================================
TEST: uploads/20251207_141438_scaled_test1.jpg
============================================================

[OK] Goruntu dosyasi bulundu: uploads/20251207_141438_scaled_test1.jpg

============================================================
BUBBLE DETECTION TEST
============================================================

­şÄ» 9 timing mark bulundu
ÔÜá´©Å Timing mark kalitesi d├╝┼ş├╝k: D├╝zensiz aral─▒k: std=509.4, avg=386.1
   Alternatif metod kullan─▒l─▒yor...
­şÆ¥ Saved: debug_edges.jpg
­şÆ¥ Saved: debug_contours.jpg
­şôÉ Form k├Â┼şeleri bulundu (timing mark bazl─▒), perspektif d├╝zeltiliyor...
­şÆ¥ Saved: debug_warped.jpg
Ô£à Perspektif d├╝zeltildi: 2395x3164

­şöğ PREPROCESSING IMAGE:
   Step 1: Converted to grayscale - shape: (3164, 2395)
   Step 2: CLAHE applied - intensity range: [2, 255]
   Step 3: Bilateral filter applied (gentle, preserves small details)
   Step 4: Gaussian blur applied (5x5, preserves tiny bubbles)
   Step 5: Applying adaptive threshold (LGS optimized)...
           - blockSize: 11 (smaller windows for tiny bubbles)
           - C: 8 (sensitive threshold for small marks)
           - Mode: THRESH_BINARY_INV (white paper ÔåÆ black bg)
   Result: 1310720/7577780 white pixels (17.3%)
   Ô£ô Good: <50% white pixels (bubbles/marks on black background)
   Step 6-7: Morphological operations SKIPPED (preserves tiny, dense bubbles)
Ô£à Preprocessing complete

­şÆ¥ Saved: debug_binary_input_fixed.jpg (INVERTED: black bg, white bubbles)
   Image shape: (3164, 2395)
   Unique pixel values: [  0 255]
   White pixels: 1310720/7577780 (17.3%)
   Ô£ô Looks good: Black background with white objects

­şöı RAW CONTOURS: 6354 contours found (RETR_LIST mode)

­şöı FILTERING 6354 CONTOURS (CIRCLE DETECTION - LGS FORM):
   Area range: 30-600 pixels
   Aspect ratio range: (0.6, 1.7)
   Min circularity: 0.6 (HIGH for circles!)
   Min solidity: 0.7 (solid circles expected)
   Min fill ratio: 0.3 (for filled detection)
================================================================================
Contour #  1: Area=    20, Ratio=1.00, Circ=0.88, Sol=0.98 -> Ô£ù REJECTED
              Area too small (20 Ôëñ 30)
Contour #  2: Area=    10, Ratio=0.80, Circ=0.88, Sol=1.00 -> Ô£ù REJECTED
              Area too small (10 Ôëñ 30)
Contour #  3: Area=    12, Ratio=0.83, Circ=0.75, Sol=0.92 -> Ô£ù REJECTED
              Area too small (12 Ôëñ 30)
Contour #  4: Area=    17, Ratio=0.83, Circ=0.87, Sol=0.97 -> Ô£ù REJECTED
              Area too small (17 Ôëñ 30)
Contour #  5: Area=    24, Ratio=2.25, Circ=0.64, Sol=1.00 -> Ô£ù REJECTED
              Area too small (24 Ôëñ 30)
Contour #  6: Area=    75, Ratio=0.69, Circ=0.87, Sol=0.98 -> Ô£ô ACCEPTED
Contour #  7: Area=    85, Ratio=0.77, Circ=0.87, Sol=0.97 -> Ô£ô ACCEPTED
Contour #  8: Area=    87, Ratio=0.77, Circ=0.89, Sol=0.98 -> Ô£ô ACCEPTED
Contour #  9: Area=    44, Ratio=0.89, Circ=0.86, Sol=0.96 -> Ô£ô ACCEPTED
Contour # 10: Area=    43, Ratio=0.78, Circ=0.90, Sol=1.00 -> Ô£ô ACCEPTED
Contour # 11: Area=    45, Ratio=0.80, Circ=0.91, Sol=1.00 -> Ô£ô ACCEPTED
Contour # 12: Area=    49, Ratio=0.80, Circ=0.90, Sol=0.99 -> Ô£ô ACCEPTED
Contour # 13: Area=    49, Ratio=0.80, Circ=0.90, Sol=0.99 -> Ô£ô ACCEPTED
Contour # 14: Area=    48, Ratio=0.80, Circ=0.88, Sol=0.98 -> Ô£ô ACCEPTED
Contour # 15: Area=    21, Ratio=1.00, Circ=0.85, Sol=0.95 -> Ô£ù REJECTED
              Area too small (21 Ôëñ 30)
Contour # 16: Area=   216, Ratio=0.89, Circ=0.89, Sol=0.98 -> Ô£ô ACCEPTED
Contour # 17: Area=   210, Ratio=1.39, Circ=0.14, Sol=0.52 -> Ô£ù REJECTED
              Circularity too low (0.14 < 0.6)
Contour # 18: Area=    70, Ratio=0.56, Circ=0.36, Sol=0.66 -> Ô£ù REJECTED
              Aspect ratio out of range (0.56)
Contour # 19: Area=   218, Ratio=0.89, Circ=0.90, Sol=0.98 -> Ô£ô ACCEPTED
Contour # 20: Area=    28, Ratio=0.75, Circ=0.87, Sol=0.98 -> Ô£ù REJECTED
              Area too small (28 Ôëñ 30)
Contour # 21: Area=   124, Ratio=0.84, Circ=0.20, Sol=0.50 -> Ô£ù REJECTED
              Circularity too low (0.20 < 0.6)
Contour # 22: Area=    17, Ratio=0.25, Circ=0.30, Sol=0.77 -> Ô£ù REJECTED
              Area too small (17 Ôëñ 30)
Contour # 23: Area=    16, Ratio=0.25, Circ=0.28, Sol=0.72 -> Ô£ù REJECTED
              Area too small (16 Ôëñ 30)
Contour # 24: Area=    15, Ratio=0.23, Circ=0.25, Sol=0.65 -> Ô£ù REJECTED
              Area too small (15 Ôëñ 30)
Contour # 25: Area=    56, Ratio=0.61, Circ=0.19, Sol=0.49 -> Ô£ù REJECTED
              Circularity too low (0.19 < 0.6)
Contour # 26: Area=    54, Ratio=0.61, Circ=0.18, Sol=0.48 -> Ô£ù REJECTED
              Circularity too low (0.18 < 0.6)
Contour # 27: Area=    16, Ratio=0.31, Circ=0.26, Sol=0.64 -> Ô£ù REJECTED
              Area too small (16 Ôëñ 30)
Contour # 28: Area=    30, Ratio=0.54, Circ=0.32, Sol=0.61 -> Ô£ù REJECTED
              Area too small (30 Ôëñ 30)
Contour # 29: Area=    20, Ratio=0.23, Circ=0.33, Sol=0.89 -> Ô£ù REJECTED
              Area too small (20 Ôëñ 30)
Contour # 30: Area=    14, Ratio=1.00, Circ=0.90, Sol=1.00 -> Ô£ù REJECTED
              Area too small (14 Ôëñ 30)
Contour # 31: Area=    37, Ratio=0.29, Circ=0.53, Sol=1.00 -> Ô£ù REJECTED
              Aspect ratio out of range (0.29)
Contour # 32: Area=    42, Ratio=0.62, Circ=0.39, Sol=0.68 -> Ô£ù REJECTED
              Circularity too low (0.39 < 0.6)
Contour # 33: Area=    60, Ratio=0.79, Circ=0.19, Sol=0.53 -> Ô£ù REJECTED
              Circularity too low (0.19 < 0.6)
Contour # 34: Area=   102, Ratio=1.29, Circ=0.13, Sol=0.48 -> Ô£ù REJECTED
              Circularity too low (0.13 < 0.6)
Contour # 35: Area=    58, Ratio=0.71, Circ=0.18, Sol=0.54 -> Ô£ù REJECTED
              Circularity too low (0.18 < 0.6)
Contour # 36: Area=    26, Ratio=0.31, Circ=0.40, Sol=0.85 -> Ô£ù REJECTED
              Area too small (26 Ôëñ 30)
Contour # 37: Area=    59, Ratio=0.85, Circ=0.19, Sol=0.54 -> Ô£ù REJECTED
              Circularity too low (0.19 < 0.6)
Contour # 38: Area=   100, Ratio=1.29, Circ=0.13, Sol=0.48 -> Ô£ù REJECTED
              Circularity too low (0.13 < 0.6)
Contour # 39: Area=    62, Ratio=0.92, Circ=0.19, Sol=0.51 -> Ô£ù REJECTED
              Circularity too low (0.19 < 0.6)
Contour # 40: Area=    23, Ratio=0.23, Circ=0.40, Sol=1.00 -> Ô£ù REJECTED
              Area too small (23 Ôëñ 30)
Contour # 41: Area=   120, Ratio=0.61, Circ=0.56, Sol=0.85 -> Ô£ù REJECTED
              Circularity too low (0.56 < 0.6)
Contour # 42: Area=   116, Ratio=0.86, Circ=0.85, Sol=0.95 -> Ô£ô ACCEPTED
Contour # 43: Area=    44, Ratio=0.57, Circ=0.41, Sol=0.70 -> Ô£ù REJECTED
              Aspect ratio out of range (0.57)
Contour # 44: Area=    35, Ratio=0.50, Circ=0.37, Sol=0.69 -> Ô£ù REJECTED
              Aspect ratio out of range (0.50)
Contour # 45: Area=    44, Ratio=0.37, Circ=0.19, Sol=0.49 -> Ô£ù REJECTED
              Aspect ratio out of range (0.37)
Contour # 46: Area=    81, Ratio=1.29, Circ=0.11, Sol=0.39 -> Ô£ù REJECTED
              Circularity too low (0.11 < 0.6)
Contour # 47: Area=    39, Ratio=0.57, Circ=0.22, Sol=0.49 -> Ô£ù REJECTED
              Aspect ratio out of range (0.57)
Contour # 48: Area=    46, Ratio=0.71, Circ=0.17, Sol=0.44 -> Ô£ù REJECTED
              Circularity too low (0.17 < 0.6)
Contour # 49: Area=    62, Ratio=0.79, Circ=0.20, Sol=0.51 -> Ô£ù REJECTED
              Circularity too low (0.20 < 0.6)
Contour # 50: Area=    52, Ratio=0.71, Circ=0.18, Sol=0.47 -> Ô£ù REJECTED
              Circularity too low (0.18 < 0.6)
Contour # 51: Area=    52, Ratio=0.61, Circ=0.10, Sol=0.36 -> Ô£ù REJECTED
              Circularity too low (0.10 < 0.6)
Contour # 52: Area=    56, Ratio=0.71, Circ=0.20, Sol=0.53 -> Ô£ù REJECTED
              Circularity too low (0.20 < 0.6)
Contour # 53: Area=    48, Ratio=0.71, Circ=0.17, Sol=0.47 -> Ô£ù REJECTED
              Circularity too low (0.17 < 0.6)
Contour # 54: Area=    92, Ratio=1.29, Circ=0.12, Sol=0.43 -> Ô£ù REJECTED
              Circularity too low (0.12 < 0.6)
Contour # 55: Area=    55, Ratio=0.79, Circ=0.18, Sol=0.46 -> Ô£ù REJECTED
              Circularity too low (0.18 < 0.6)
Contour # 56: Area=   106, Ratio=0.71, Circ=0.86, Sol=0.99 -> Ô£ô ACCEPTED
Contour # 57: Area=   100, Ratio=1.36, Circ=0.13, Sol=0.46 -> Ô£ù REJECTED
              Circularity too low (0.13 < 0.6)
Contour # 58: Area=   111, Ratio=0.79, Circ=0.87, Sol=0.97 -> Ô£ô ACCEPTED
Contour # 59: Area=   116, Ratio=0.58, Circ=0.54, Sol=0.83 -> Ô£ù REJECTED
              Aspect ratio out of range (0.58)
Contour # 60: Area=    68, Ratio=0.79, Circ=0.21, Sol=0.53 -> Ô£ù REJECTED
              Circularity too low (0.21 < 0.6)
Contour # 61: Area=    46, Ratio=0.57, Circ=0.22, Sol=0.53 -> Ô£ù REJECTED
              Aspect ratio out of range (0.57)
Contour # 62: Area=    97, Ratio=0.85, Circ=0.89, Sol=0.97 -> Ô£ô ACCEPTED
Contour # 63: Area=    94, Ratio=0.77, Circ=0.90, Sol=0.99 -> Ô£ô ACCEPTED
Contour # 64: Area=   122, Ratio=0.47, Circ=0.76, Sol=0.98 -> Ô£ù REJECTED
              Aspect ratio out of range (0.47)
Contour # 65: Area=   118, Ratio=0.47, Circ=0.71, Sol=0.96 -> Ô£ù REJECTED
              Aspect ratio out of range (0.47)
Contour # 66: Area=    68, Ratio=0.57, Circ=0.57, Sol=0.87 -> Ô£ù REJECTED
              Aspect ratio out of range (0.57)
Contour # 67: Area=    99, Ratio=0.71, Circ=0.91, Sol=1.00 -> Ô£ô ACCEPTED
Contour # 68: Area=   103, Ratio=0.79, Circ=0.85, Sol=0.96 -> Ô£ô ACCEPTED
Contour # 69: Area=    67, Ratio=0.57, Circ=0.56, Sol=0.86 -> Ô£ù REJECTED
              Aspect ratio out of range (0.57)
Contour # 70: Area=    60, Ratio=0.50, Circ=0.73, Sol=0.96 -> Ô£ù REJECTED
              Aspect ratio out of range (0.50)
Contour # 71: Area=    65, Ratio=0.50, Circ=0.79, Sol=1.00 -> Ô£ù REJECTED
              Aspect ratio out of range (0.50)
Contour # 72: Area=    33, Ratio=0.78, Circ=0.85, Sol=0.97 -> Ô£ô ACCEPTED
Contour # 73: Area=    40, Ratio=0.44, Circ=0.31, Sol=0.59 -> Ô£ù REJECTED
              Aspect ratio out of range (0.44)
Contour # 74: Area=    48, Ratio=0.47, Circ=0.33, Sol=0.60 -> Ô£ù REJECTED
              Aspect ratio out of range (0.47)
Contour # 75: Area=    42, Ratio=0.41, Circ=0.31, Sol=0.59 -> Ô£ù REJECTED
              Aspect ratio out of range (0.41)
Contour # 76: Area=    50, Ratio=0.44, Circ=0.33, Sol=0.60 -> Ô£ù REJECTED
              Aspect ratio out of range (0.44)
Contour # 77: Area=   113, Ratio=0.67, Circ=0.52, Sol=0.79 -> Ô£ù REJECTED
              Circularity too low (0.52 < 0.6)
Contour # 78: Area=   286, Ratio=0.70, Circ=0.84, Sol=0.98 -> Ô£ô ACCEPTED
Contour # 79: Area=   142, Ratio=0.62, Circ=0.19, Sol=0.48 -> Ô£ù REJECTED
              Circularity too low (0.19 < 0.6)
Contour # 80: Area=   288, Ratio=0.67, Circ=0.83, Sol=0.97 -> Ô£ô ACCEPTED
Contour # 81: Area=   144, Ratio=0.62, Circ=0.19, Sol=0.48 -> Ô£ù REJECTED
              Circularity too low (0.19 < 0.6)
Contour # 82: Area=   146, Ratio=0.62, Circ=0.18, Sol=0.51 -> Ô£ù REJECTED
              Circularity too low (0.18 < 0.6)
Contour # 83: Area=   192, Ratio=0.79, Circ=0.15, Sol=0.53 -> Ô£ù REJECTED
              Circularity too low (0.15 < 0.6)
Contour # 84: Area=   107, Ratio=0.54, Circ=0.29, Sol=0.58 -> Ô£ù REJECTED
              Aspect ratio out of range (0.54)
Contour # 85: Area=    83, Ratio=0.46, Circ=0.26, Sol=0.50 -> Ô£ù REJECTED
              Aspect ratio out of range (0.46)
Contour # 86: Area=   128, Ratio=0.58, Circ=0.23, Sol=0.54 -> Ô£ù REJECTED
              Aspect ratio out of range (0.58)
Contour # 87: Area=   161, Ratio=0.67, Circ=0.74, Sol=0.94 -> Ô£ô ACCEPTED
Contour # 88: Area=    91, Ratio=0.83, Circ=0.16, Sol=0.43 -> Ô£ù REJECTED
              Circularity too low (0.16 < 0.6)
Contour # 89: Area=   205, Ratio=0.83, Circ=0.89, Sol=0.98 -> Ô£ô ACCEPTED
Contour # 90: Area=   126, Ratio=1.11, Circ=0.09, Sol=0.39 -> Ô£ù REJECTED
              Circularity too low (0.09 < 0.6)
Contour # 91: Area=    63, Ratio=0.56, Circ=0.24, Sol=0.58 -> Ô£ù REJECTED
              Aspect ratio out of range (0.56)
Contour # 92: Area=   206, Ratio=0.83, Circ=0.87, Sol=0.97 -> Ô£ô ACCEPTED
Contour # 93: Area=   160, Ratio=0.67, Circ=0.74, Sol=0.94 -> Ô£ô ACCEPTED
Contour # 94: Area=   163, Ratio=0.67, Circ=0.85, Sol=0.98 -> Ô£ô ACCEPTED
Contour # 95: Area=    86, Ratio=0.67, Circ=0.22, Sol=0.50 -> Ô£ù REJECTED
              Circularity too low (0.22 < 0.6)
Contour # 96: Area=    74, Ratio=0.61, Circ=0.29, Sol=0.55 -> Ô£ù REJECTED
              Circularity too low (0.29 < 0.6)
Contour # 97: Area=    80, Ratio=0.63, Circ=0.29, Sol=0.59 -> Ô£ù REJECTED
              Circularity too low (0.29 < 0.6)
Contour # 98: Area=    82, Ratio=0.61, Circ=0.20, Sol=0.52 -> Ô£ù REJECTED
              Circularity too low (0.20 < 0.6)
Contour # 99: Area=    81, Ratio=0.61, Circ=0.20, Sol=0.52 -> Ô£ù REJECTED
              Circularity too low (0.20 < 0.6)
Contour #100: Area=   110, Ratio=0.67, Circ=0.54, Sol=0.81 -> Ô£ù REJECTED
              Circularity too low (0.54 < 0.6)
Contour #101: Area=    86, Ratio=0.67, Circ=0.23, Sol=0.52 -> Ô£ù REJECTED
              Circularity too low (0.23 < 0.6)
Contour #102: Area=    72, Ratio=0.61, Circ=0.30, Sol=0.55 -> Ô£ù REJECTED
              Circularity too low (0.30 < 0.6)
Contour #103: Area=    86, Ratio=0.67, Circ=0.20, Sol=0.53 -> Ô£ù REJECTED
              Circularity too low (0.20 < 0.6)
Contour #104: Area=   162, Ratio=0.67, Circ=0.83, Sol=0.98 -> Ô£ô ACCEPTED
Contour #105: Area=    80, Ratio=0.61, Circ=0.19, Sol=0.52 -> Ô£ù REJECTED
              Circularity too low (0.19 < 0.6)
Contour #106: Area=   208, Ratio=0.83, Circ=0.89, Sol=0.98 -> Ô£ô ACCEPTED
Contour #107: Area=   212, Ratio=0.89, Circ=0.87, Sol=0.97 -> Ô£ô ACCEPTED
Contour #108: Area=   142, Ratio=1.26, Circ=0.10, Sol=0.38 -> Ô£ù REJECTED
              Circularity too low (0.10 < 0.6)
Contour #109: Area=   105, Ratio=0.74, Circ=0.14, Sol=0.47 -> Ô£ù REJECTED
              Circularity too low (0.14 < 0.6)
Contour #110: Area=    76, Ratio=0.24, Circ=0.31, Sol=0.68 -> Ô£ù REJECTED
              Aspect ratio out of range (0.24)
Contour #111: Area=    35, Ratio=0.16, Circ=0.29, Sol=1.00 -> Ô£ù REJECTED
              Aspect ratio out of range (0.16)
Contour #112: Area=    56, Ratio=0.53, Circ=0.13, Sol=0.39 -> Ô£ù REJECTED
              Aspect ratio out of range (0.53)
Contour #113: Area=    36, Ratio=0.16, Circ=0.28, Sol=1.00 -> Ô£ù REJECTED
              Aspect ratio out of range (0.16)
Contour #114: Area=     9, Ratio=0.80, Circ=0.83, Sol=1.00 -> Ô£ù REJECTED
              Area too small (9 Ôëñ 30)
Contour #115: Area=   118, Ratio=0.58, Circ=0.54, Sol=0.82 -> Ô£ù REJECTED
              Aspect ratio out of range (0.58)
Contour #116: Area=    68, Ratio=0.53, Circ=0.16, Sol=0.48 -> Ô£ù REJECTED
              Aspect ratio out of range (0.53)
Contour #117: Area=     7, Ratio=1.00, Circ=0.94, Sol=1.00 -> Ô£ù REJECTED
              Area too small (7 Ôëñ 30)
Contour #118: Area=    11, Ratio=0.80, Circ=0.84, Sol=1.00 -> Ô£ù REJECTED
              Area too small (11 Ôëñ 30)
Contour #119: Area=    40, Ratio=0.26, Circ=0.29, Sol=0.73 -> Ô£ù REJECTED
              Aspect ratio out of range (0.26)
Contour #120: Area=    10, Ratio=0.80, Circ=0.92, Sol=1.00 -> Ô£ù REJECTED
              Area too small (10 Ôëñ 30)
Contour #121: Area=    68, Ratio=0.55, Circ=0.16, Sol=0.47 -> Ô£ù REJECTED
              Aspect ratio out of range (0.55)
Contour #122: Area=    76, Ratio=0.55, Circ=0.18, Sol=0.50 -> Ô£ù REJECTED
              Aspect ratio out of range (0.55)
Contour #123: Area=     8, Ratio=0.80, Circ=0.87, Sol=1.00 -> Ô£ù REJECTED
              Area too small (8 Ôëñ 30)
Contour #124: Area=   240, Ratio=0.62, Circ=0.49, Sol=0.79 -> Ô£ù REJECTED
              Circularity too low (0.49 < 0.6)
Contour #125: Area=    15, Ratio=0.88, Circ=0.41, Sol=0.67 -> Ô£ù REJECTED
              Area too small (15 Ôëñ 30)
Contour #126: Area=    66, Ratio=1.33, Circ=0.83, Sol=0.95 -> Ô£ô ACCEPTED
Contour #127: Area=    68, Ratio=1.33, Circ=0.86, Sol=0.97 -> Ô£ô ACCEPTED
Contour #128: Area=   198, Ratio=1.00, Circ=0.89, Sol=0.98 -> Ô£ô ACCEPTED
Contour #129: Area=    66, Ratio=1.22, Circ=0.91, Sol=0.99 -> Ô£ô ACCEPTED
Contour #130: Area=    66, Ratio=1.22, Circ=0.87, Sol=0.97 -> Ô£ô ACCEPTED
Contour #131: Area=    68, Ratio=1.33, Circ=0.85, Sol=0.96 -> Ô£ô ACCEPTED
Contour #132: Area=    64, Ratio=1.22, Circ=0.89, Sol=0.98 -> Ô£ô ACCEPTED
Contour #133: Area=    19, Ratio=0.60, Circ=0.44, Sol=0.79 -> Ô£ù REJECTED
              Area too small (19 Ôëñ 30)
Contour #134: Area=    71, Ratio=0.50, Circ=0.75, Sol=0.99 -> Ô£ù REJECTED
              Aspect ratio out of range (0.50)
Contour #135: Area=    73, Ratio=0.57, Circ=0.74, Sol=0.94 -> Ô£ù REJECTED
              Aspect ratio out of range (0.57)
Contour #136: Area=    70, Ratio=0.47, Circ=0.75, Sol=0.99 -> Ô£ù REJECTED
              Aspect ratio out of range (0.47)
Contour #137: Area=    74, Ratio=0.47, Circ=0.75, Sol=0.99 -> Ô£ù REJECTED
              Aspect ratio out of range (0.47)
Contour #138: Area=    74, Ratio=0.47, Circ=0.77, Sol=1.00 -> Ô£ù REJECTED
              Aspect ratio out of range (0.47)
Contour #139: Area=    74, Ratio=0.47, Circ=0.77, Sol=1.00 -> Ô£ù REJECTED
              Aspect ratio out of range (0.47)
Contour #140: Area=   454, Ratio=3.58, Circ=0.56, Sol=1.00 -> Ô£ù REJECTED
              Aspect ratio out of range (3.58)
Contour #141: Area=    39, Ratio=0.89, Circ=0.84, Sol=0.95 -> Ô£ô ACCEPTED
Contour #142: Area=   146, Ratio=0.75, Circ=0.88, Sol=0.99 -> Ô£ô ACCEPTED
Contour #143: Area=    54, Ratio=1.38, Circ=0.86, Sol=0.97 -> Ô£ô ACCEPTED
Contour #144: Area=   149, Ratio=0.75, Circ=0.88, Sol=0.99 -> Ô£ô ACCEPTED
Contour #145: Area=    56, Ratio=1.38, Circ=0.86, Sol=0.97 -> Ô£ô ACCEPTED
Contour #146: Area=   150, Ratio=0.75, Circ=0.86, Sol=0.99 -> Ô£ô ACCEPTED
Contour #147: Area=    57, Ratio=1.38, Circ=0.90, Sol=1.00 -> Ô£ô ACCEPTED
Contour #148: Area=   179, Ratio=0.68, Circ=0.80, Sol=0.96 -> Ô£ô ACCEPTED
Contour #149: Area=   108, Ratio=0.68, Circ=0.21, Sol=0.53 -> Ô£ù REJECTED
              Circularity too low (0.21 < 0.6)
Contour #150: Area=   146, Ratio=0.75, Circ=0.89, Sol=0.99 -> Ô£ô ACCEPTED
Contour #151: Area=    56, Ratio=1.38, Circ=0.89, Sol=0.99 -> Ô£ô ACCEPTED
Contour #152: Area=   189, Ratio=0.68, Circ=0.85, Sol=0.98 -> Ô£ô ACCEPTED
Contour #153: Area=   104, Ratio=0.74, Circ=0.19, Sol=0.49 -> Ô£ù REJECTED
              Circularity too low (0.19 < 0.6)
Contour #154: Area=   151, Ratio=0.71, Circ=0.86, Sol=0.98 -> Ô£ô ACCEPTED
Contour #155: Area=    55, Ratio=1.38, Circ=0.87, Sol=0.98 -> Ô£ô ACCEPTED
Contour #156: Area=   180, Ratio=0.68, Circ=0.81, Sol=0.96 -> Ô£ô ACCEPTED
Contour #157: Area=   101, Ratio=0.74, Circ=0.19, Sol=0.48 -> Ô£ù REJECTED
              Circularity too low (0.19 < 0.6)
Contour #158: Area=   154, Ratio=0.76, Circ=0.87, Sol=0.98 -> Ô£ô ACCEPTED
Contour #159: Area=    58, Ratio=1.22, Circ=0.87, Sol=0.97 -> Ô£ô ACCEPTED
Contour #160: Area=   176, Ratio=0.63, Circ=0.83, Sol=0.99 -> Ô£ô ACCEPTED
Contour #161: Area=    92, Ratio=0.74, Circ=0.17, Sol=0.44 -> Ô£ù REJECTED
              Circularity too low (0.17 < 0.6)
Contour #162: Area=   183, Ratio=0.60, Circ=0.82, Sol=0.98 -> Ô£ù REJECTED
              Aspect ratio out of range (0.60)
Contour #163: Area=   104, Ratio=0.65, Circ=0.18, Sol=0.48 -> Ô£ù REJECTED
              Circularity too low (0.18 < 0.6)
Contour #164: Area=   180, Ratio=0.60, Circ=0.81, Sol=0.97 -> Ô£ù REJECTED
              Aspect ratio out of range (0.60)
Contour #165: Area=   108, Ratio=0.65, Circ=0.19, Sol=0.50 -> Ô£ù REJECTED
              Circularity too low (0.19 < 0.6)
Contour #166: Area=    60, Ratio=0.94, Circ=0.11, Sol=0.35 -> Ô£ù REJECTED
              Circularity too low (0.11 < 0.6)
Contour #167: Area=   245, Ratio=0.84, Circ=0.85, Sol=0.99 -> Ô£ô ACCEPTED
Contour #168: Area=   214, Ratio=0.74, Circ=0.78, Sol=0.97 -> Ô£ô ACCEPTED
Contour #169: Area=    66, Ratio=0.84, Circ=0.12, Sol=0.36 -> Ô£ù REJECTED
              Circularity too low (0.12 < 0.6)
Contour #170: Area=   251, Ratio=0.84, Circ=0.87, Sol=1.00 -> Ô£ô ACCEPTED
Contour #171: Area=   216, Ratio=0.79, Circ=0.77, Sol=0.95 -> Ô£ô ACCEPTED
Contour #172: Area=   249, Ratio=0.84, Circ=0.84, Sol=0.99 -> Ô£ô ACCEPTED
Contour #173: Area=    80, Ratio=0.89, Circ=0.11, Sol=0.32 -> Ô£ù REJECTED
              Circularity too low (0.11 < 0.6)
Contour #174: Area=   214, Ratio=0.74, Circ=0.78, Sol=0.97 -> Ô£ô ACCEPTED
Contour #175: Area=    64, Ratio=0.89, Circ=0.11, Sol=0.36 -> Ô£ù REJECTED
              Circularity too low (0.11 < 0.6)
Contour #176: Area=   241, Ratio=0.89, Circ=0.77, Sol=0.95 -> Ô£ô ACCEPTED
Contour #177: Area=    12, Ratio=2.20, Circ=0.25, Sol=0.55 -> Ô£ù REJECTED
              Area too small (12 Ôëñ 30)
Contour #178: Area=   218, Ratio=0.79, Circ=0.75, Sol=0.94 -> Ô£ô ACCEPTED
Contour #179: Area=    65, Ratio=0.89, Circ=0.11, Sol=0.36 -> Ô£ù REJECTED
              Circularity too low (0.11 < 0.6)
Contour #180: Area=   819, Ratio=2.58, Circ=0.59, Sol=0.95 -> Ô£ù REJECTED
              Area too large (819 ÔëÑ 600)
Contour #181: Area=   250, Ratio=0.84, Circ=0.87, Sol=0.99 -> Ô£ô ACCEPTED
Contour #182: Area=    86, Ratio=0.85, Circ=0.13, Sol=0.34 -> Ô£ù REJECTED
              Circularity too low (0.13 < 0.6)
Contour #183: Area=   219, Ratio=0.70, Circ=0.72, Sol=0.95 -> Ô£ô ACCEPTED
Contour #184: Area=   108, Ratio=0.89, Circ=0.30, Sol=0.61 -> Ô£ù REJECTED
              Circularity too low (0.30 < 0.6)
Contour #185: Area=   255, Ratio=0.80, Circ=0.86, Sol=0.98 -> Ô£ô ACCEPTED
Contour #186: Area=    84, Ratio=0.85, Circ=0.12, Sol=0.33 -> Ô£ù REJECTED
              Circularity too low (0.12 < 0.6)
Contour #187: Area=   214, Ratio=0.70, Circ=0.74, Sol=0.94 -> Ô£ô ACCEPTED
Contour #188: Area=    86, Ratio=0.85, Circ=0.12, Sol=0.34 -> Ô£ù REJECTED
              Circularity too low (0.12 < 0.6)
Contour #189: Area=    84, Ratio=0.85, Circ=0.12, Sol=0.33 -> Ô£ù REJECTED
              Circularity too low (0.12 < 0.6)
Contour #190: Area=   728, Ratio=1.09, Circ=0.61, Sol=0.81 -> Ô£ù REJECTED
              Area too large (728 ÔëÑ 600)
Contour #191: Area=   950, Ratio=1.03, Circ=0.91, Sol=0.99 -> Ô£ù REJECTED
              Area too large (950 ÔëÑ 600)
Contour #192: Area=   952, Ratio=1.03, Circ=0.91, Sol=0.99 -> Ô£ù REJECTED
              Area too large (952 ÔëÑ 600)
Contour #193: Area=   960, Ratio=1.03, Circ=0.88, Sol=0.98 -> Ô£ù REJECTED
              Area too large (960 ÔëÑ 600)
Contour #194: Area=   611, Ratio=1.00, Circ=0.38, Sol=0.65 -> Ô£ù REJECTED
              Area too large (611 ÔëÑ 600)
Contour #195: Area=   956, Ratio=1.03, Circ=0.89, Sol=0.98 -> Ô£ù REJECTED
              Area too large (956 ÔëÑ 600)
Contour #196: Area=   962, Ratio=1.00, Circ=0.91, Sol=0.98 -> Ô£ù REJECTED
              Area too large (962 ÔëÑ 600)
Contour #197: Area=   956, Ratio=1.00, Circ=0.90, Sol=0.98 -> Ô£ù REJECTED
              Area too large (956 ÔëÑ 600)
Contour #198: Area=   958, Ratio=1.00, Circ=0.90, Sol=0.98 -> Ô£ù REJECTED
              Area too large (958 ÔëÑ 600)
Contour #199: Area=   956, Ratio=1.00, Circ=0.91, Sol=0.99 -> Ô£ù REJECTED
              Area too large (956 ÔëÑ 600)
Contour #200: Area=   959, Ratio=1.00, Circ=0.90, Sol=0.99 -> Ô£ù REJECTED
              Area too large (959 ÔëÑ 600)
Contour #201: Area=   959, Ratio=1.00, Circ=0.90, Sol=0.99 -> Ô£ù REJECTED
              Area too large (959 ÔëÑ 600)
Contour #202: Area=   961, Ratio=1.00, Circ=0.91, Sol=0.99 -> Ô£ù REJECTED
              Area too large (961 ÔëÑ 600)
Contour #203: Area=   962, Ratio=1.00, Circ=0.91, Sol=0.98 -> Ô£ù REJECTED
              Area too large (962 ÔëÑ 600)
Contour #204: Area=   959, Ratio=1.00, Circ=0.90, Sol=0.98 -> Ô£ù REJECTED
              Area too large (959 ÔëÑ 600)
Contour #205: Area=   956, Ratio=1.00, Circ=0.90, Sol=0.98 -> Ô£ù REJECTED
              Area too large (956 ÔëÑ 600)
Contour #206: Area=   958, Ratio=1.00, Circ=0.90, Sol=0.98 -> Ô£ù REJECTED
              Area too large (958 ÔëÑ 600)
Contour #207: Area=   955, Ratio=1.00, Circ=0.90, Sol=0.98 -> Ô£ù REJECTED
              Area too large (955 ÔëÑ 600)
Contour #208: Area=   957, Ratio=1.00, Circ=0.90, Sol=0.98 -> Ô£ù REJECTED
              Area too large (957 ÔëÑ 600)
Contour #209: Area=   958, Ratio=1.00, Circ=0.89, Sol=0.98 -> Ô£ù REJECTED
              Area too large (958 ÔëÑ 600)
Contour #210: Area=   956, Ratio=1.00, Circ=0.90, Sol=0.98 -> Ô£ù REJECTED
              Area too large (956 ÔëÑ 600)
Contour #211: Area=   954, Ratio=1.00, Circ=0.90, Sol=0.98 -> Ô£ù REJECTED
              Area too large (954 ÔëÑ 600)
Contour #212: Area=   951, Ratio=1.00, Circ=0.90, Sol=0.98 -> Ô£ù REJECTED
              Area too large (951 ÔëÑ 600)
Contour #213: Area=   957, Ratio=1.00, Circ=0.90, Sol=0.98 -> Ô£ù REJECTED
              Area too large (957 ÔëÑ 600)
Contour #214: Area=  1202, Ratio=1.03, Circ=0.91, Sol=0.99 -> Ô£ù REJECTED
              Area too large (1202 ÔëÑ 600)
Contour #215: Area=  1221, Ratio=1.02, Circ=0.89, Sol=0.98 -> Ô£ù REJECTED
              Area too large (1221 ÔëÑ 600)
Contour #216: Area=  1218, Ratio=1.00, Circ=0.89, Sol=0.98 -> Ô£ù REJECTED
              Area too large (1218 ÔëÑ 600)
Contour #217: Area=  1224, Ratio=1.02, Circ=0.89, Sol=0.98 -> Ô£ù REJECTED
              Area too large (1224 ÔëÑ 600)
Contour #218: Area=  1228, Ratio=1.02, Circ=0.89, Sol=0.98 -> Ô£ù REJECTED
              Area too large (1228 ÔëÑ 600)
Contour #219: Area=  1224, Ratio=1.00, Circ=0.91, Sol=0.99 -> Ô£ù REJECTED
              Area too large (1224 ÔëÑ 600)
Contour #220: Area=  1228, Ratio=1.02, Circ=0.89, Sol=0.98 -> Ô£ù REJECTED
              Area too large (1228 ÔëÑ 600)
Contour #221: Area=  1231, Ratio=1.02, Circ=0.90, Sol=0.98 -> Ô£ù REJECTED
              Area too large (1231 ÔëÑ 600)
Contour #222: Area=  1224, Ratio=1.00, Circ=0.91, Sol=0.99 -> Ô£ù REJECTED
              Area too large (1224 ÔëÑ 600)
Contour #223: Area=  1225, Ratio=1.02, Circ=0.90, Sol=0.98 -> Ô£ù REJECTED
              Area too large (1225 ÔëÑ 600)
Contour #224: Area=  1222, Ratio=1.00, Circ=0.91, Sol=0.99 -> Ô£ù REJECTED
              Area too large (1222 ÔëÑ 600)
Contour #225: Area=  1230, Ratio=1.02, Circ=0.89, Sol=0.98 -> Ô£ù REJECTED
              Area too large (1230 ÔëÑ 600)
Contour #226: Area=  1232, Ratio=1.02, Circ=0.89, Sol=0.98 -> Ô£ù REJECTED
              Area too large (1232 ÔëÑ 600)
Contour #227: Area=  1230, Ratio=1.00, Circ=0.90, Sol=0.99 -> Ô£ù REJECTED
              Area too large (1230 ÔëÑ 600)
Contour #228: Area=  1232, Ratio=1.02, Circ=0.89, Sol=0.98 -> Ô£ù REJECTED
              Area too large (1232 ÔëÑ 600)
Contour #229: Area=  1230, Ratio=1.02, Circ=0.89, Sol=0.98 -> Ô£ù REJECTED
              Area too large (1230 ÔëÑ 600)
Contour #230: Area=  1226, Ratio=1.00, Circ=0.90, Sol=0.98 -> Ô£ù REJECTED
              Area too large (1226 ÔëÑ 600)
Contour #231: Area=  1228, Ratio=1.00, Circ=0.90, Sol=0.98 -> Ô£ù REJECTED
              Area too large (1228 ÔëÑ 600)
Contour #232: Area=  1231, Ratio=1.02, Circ=0.90, Sol=0.98 -> Ô£ù REJECTED
              Area too large (1231 ÔëÑ 600)
Contour #233: Area=  1222, Ratio=1.00, Circ=0.90, Sol=0.98 -> Ô£ù REJECTED
              Area too large (1222 ÔëÑ 600)
Contour #234: Area=  1224, Ratio=1.02, Circ=0.90, Sol=0.98 -> Ô£ù REJECTED
              Area too large (1224 ÔëÑ 600)
Contour #235: Area=  1220, Ratio=1.00, Circ=0.90, Sol=0.98 -> Ô£ù REJECTED
              Area too large (1220 ÔëÑ 600)
Contour #236: Area=  1225, Ratio=1.02, Circ=0.90, Sol=0.98 -> Ô£ù REJECTED
              Area too large (1225 ÔëÑ 600)
Contour #237: Area=   220, Ratio=0.95, Circ=0.88, Sol=0.97 -> Ô£ô ACCEPTED
Contour #238: Area=    82, Ratio=27.33, Circ=0.04, Sol=0.68 -> Ô£ù REJECTED
              Aspect ratio out of range (27.33)
Contour #239: Area=   529, Ratio=97.67, Circ=0.02, Sol=0.91 -> Ô£ù REJECTED
              Aspect ratio out of range (97.67)
Contour #240: Area=   348, Ratio=97.33, Circ=0.01, Sol=0.69 -> Ô£ù REJECTED
              Aspect ratio out of range (97.33)
Contour #241: Area=    60, Ratio=1.38, Circ=0.85, Sol=0.98 -> Ô£ô ACCEPTED
Contour #242: Area=    60, Ratio=1.25, Circ=0.88, Sol=1.00 -> Ô£ô ACCEPTED
Contour #243: Area=    59, Ratio=1.38, Circ=0.86, Sol=0.99 -> Ô£ô ACCEPTED
Contour #244: Area=    62, Ratio=1.38, Circ=0.86, Sol=0.98 -> Ô£ô ACCEPTED
Contour #245: Area=    66, Ratio=1.22, Circ=0.87, Sol=0.97 -> Ô£ô ACCEPTED
Contour #246: Area=    62, Ratio=1.22, Circ=0.86, Sol=0.96 -> Ô£ô ACCEPTED
Contour #247: Area=   228, Ratio=0.89, Circ=0.86, Sol=0.97 -> Ô£ô ACCEPTED
Contour #248: Area=   194, Ratio=1.00, Circ=0.89, Sol=0.97 -> Ô£ô ACCEPTED
Contour #249: Area=    34, Ratio=1.00, Circ=0.87, Sol=0.97 -> Ô£ô ACCEPTED
Contour #250: Area=    32, Ratio=1.00, Circ=0.82, Sol=0.94 -> Ô£ô ACCEPTED
Contour #251: Area=    37, Ratio=0.88, Circ=0.92, Sol=1.00 -> Ô£ô ACCEPTED
Contour #252: Area=    36, Ratio=0.89, Circ=0.83, Sol=0.95 -> Ô£ô ACCEPTED
Contour #253: Area=    36, Ratio=0.88, Circ=0.93, Sol=1.00 -> Ô£ô ACCEPTED
Contour #254: Area=    36, Ratio=0.89, Circ=0.80, Sol=0.93 -> Ô£ô ACCEPTED
Contour #255: Area=    38, Ratio=0.89, Circ=0.82, Sol=0.94 -> Ô£ô ACCEPTED
Contour #256: Area=    41, Ratio=0.89, Circ=0.88, Sol=0.98 -> Ô£ô ACCEPTED
Contour #257: Area=    38, Ratio=0.89, Circ=0.87, Sol=0.97 -> Ô£ô ACCEPTED
Contour #258: Area=    38, Ratio=0.78, Circ=0.91, Sol=1.00 -> Ô£ô ACCEPTED
Contour #259: Area=   456, Ratio=3.58, Circ=0.55, Sol=1.00 -> Ô£ù REJECTED
              Aspect ratio out of range (3.58)
Contour #260: Area=   144, Ratio=0.75, Circ=0.87, Sol=0.99 -> Ô£ô ACCEPTED
Contour #261: Area=    51, Ratio=1.57, Circ=0.86, Sol=0.99 -> Ô£ô ACCEPTED
Contour #262: Area=   146, Ratio=0.75, Circ=0.88, Sol=0.99 -> Ô£ô ACCEPTED
Contour #263: Area=    52, Ratio=1.38, Circ=0.85, Sol=0.97 -> Ô£ô ACCEPTED
Contour #264: Area=   148, Ratio=0.75, Circ=0.87, Sol=0.99 -> Ô£ô ACCEPTED
Contour #265: Area=    52, Ratio=1.38, Circ=0.87, Sol=0.98 -> Ô£ô ACCEPTED
Contour #266: Area=   148, Ratio=0.75, Circ=0.90, Sol=1.00 -> Ô£ô ACCEPTED
Contour #267: Area=    51, Ratio=1.38, Circ=0.88, Sol=0.99 -> Ô£ô ACCEPTED
Contour #268: Area=   145, Ratio=0.75, Circ=0.86, Sol=0.98 -> Ô£ô ACCEPTED
Contour #269: Area=    52, Ratio=1.38, Circ=0.87, Sol=0.98 -> Ô£ô ACCEPTED
Contour #270: Area=   147, Ratio=0.71, Circ=0.84, Sol=0.97 -> Ô£ô ACCEPTED
Contour #271: Area=    55, Ratio=1.38, Circ=0.87, Sol=0.98 -> Ô£ô ACCEPTED
Contour #272: Area=   154, Ratio=0.68, Circ=0.38, Sol=0.79 -> Ô£ù REJECTED
              Circularity too low (0.38 < 0.6)
Contour #273: Area=   156, Ratio=0.68, Circ=0.39, Sol=0.80 -> Ô£ù REJECTED
              Circularity too low (0.39 < 0.6)
Contour #274: Area=   156, Ratio=0.68, Circ=0.39, Sol=0.79 -> Ô£ù REJECTED
              Circularity too low (0.39 < 0.6)
Contour #275: Area=    78, Ratio=0.53, Circ=0.34, Sol=0.66 -> Ô£ù REJECTED
              Aspect ratio out of range (0.53)
Contour #276: Area=   151, Ratio=0.68, Circ=0.39, Sol=0.78 -> Ô£ù REJECTED
              Circularity too low (0.39 < 0.6)
Contour #277: Area=    74, Ratio=0.50, Circ=0.33, Sol=0.65 -> Ô£ù REJECTED
              Aspect ratio out of range (0.50)
Contour #278: Area=   152, Ratio=0.65, Circ=0.39, Sol=0.77 -> Ô£ù REJECTED
              Circularity too low (0.39 < 0.6)
Contour #279: Area=    74, Ratio=0.45, Circ=0.34, Sol=0.68 -> Ô£ù REJECTED
              Aspect ratio out of range (0.45)
Contour #280: Area=   152, Ratio=0.65, Circ=0.38, Sol=0.77 -> Ô£ù REJECTED
              Circularity too low (0.38 < 0.6)
Contour #281: Area=    74, Ratio=0.45, Circ=0.34, Sol=0.68 -> Ô£ù REJECTED
              Aspect ratio out of range (0.45)
Contour #282: Area=    73, Ratio=0.45, Circ=0.32, Sol=0.67 -> Ô£ù REJECTED
              Aspect ratio out of range (0.45)
Contour #283: Area=    78, Ratio=0.50, Circ=0.32, Sol=0.64 -> Ô£ù REJECTED
              Aspect ratio out of range (0.50)
Contour #284: Area=   224, Ratio=0.79, Circ=0.74, Sol=0.95 -> Ô£ô ACCEPTED
Contour #285: Area=    40, Ratio=0.53, Circ=0.21, Sol=0.57 -> Ô£ù REJECTED
              Aspect ratio out of range (0.53)
Contour #286: Area=   821, Ratio=2.58, Circ=0.58, Sol=0.95 -> Ô£ù REJECTED
              Area too large (821 ÔëÑ 600)
Contour #287: Area=   250, Ratio=0.84, Circ=0.87, Sol=0.99 -> Ô£ô ACCEPTED
Contour #288: Area=   218, Ratio=0.74, Circ=0.76, Sol=0.98 -> Ô£ô ACCEPTED
Contour #289: Area=   113, Ratio=0.89, Circ=0.32, Sol=0.61 -> Ô£ù REJECTED
              Circularity too low (0.32 < 0.6)
Contour #290: Area=   252, Ratio=0.84, Circ=0.88, Sol=1.00 -> Ô£ô ACCEPTED
Contour #291: Area=    91, Ratio=0.85, Circ=0.13, Sol=0.35 -> Ô£ù REJECTED
              Circularity too low (0.13 < 0.6)
Contour #292: Area=   220, Ratio=0.79, Circ=0.75, Sol=0.96 -> Ô£ô ACCEPTED
Contour #293: Area=   112, Ratio=0.89, Circ=0.31, Sol=0.61 -> Ô£ù REJECTED
              Circularity too low (0.31 < 0.6)
Contour #294: Area=   250, Ratio=0.84, Circ=0.87, Sol=0.99 -> Ô£ô ACCEPTED
Contour #295: Area=    91, Ratio=0.85, Circ=0.13, Sol=0.35 -> Ô£ù REJECTED
              Circularity too low (0.13 < 0.6)
Contour #296: Area=   218, Ratio=0.70, Circ=0.74, Sol=0.94 -> Ô£ô ACCEPTED
Contour #297: Area=   114, Ratio=0.89, Circ=0.31, Sol=0.63 -> Ô£ù REJECTED
              Circularity too low (0.31 < 0.6)
Contour #298: Area=   259, Ratio=0.80, Circ=0.84, Sol=0.98 -> Ô£ô ACCEPTED
Contour #299: Area=    97, Ratio=0.85, Circ=0.14, Sol=0.37 -> Ô£ù REJECTED
              Circularity too low (0.14 < 0.6)
Contour #300: Area=   227, Ratio=0.75, Circ=0.75, Sol=0.94 -> Ô£ô ACCEPTED
Contour #301: Area=   260, Ratio=0.85, Circ=0.84, Sol=0.97 -> Ô£ô ACCEPTED
Contour #302: Area=    96, Ratio=0.85, Circ=0.13, Sol=0.36 -> Ô£ù REJECTED
              Circularity too low (0.13 < 0.6)
Contour #303: Area=   230, Ratio=0.75, Circ=0.76, Sol=0.95 -> Ô£ô ACCEPTED
Contour #304: Area=   116, Ratio=0.85, Circ=0.31, Sol=0.60 -> Ô£ù REJECTED
              Circularity too low (0.31 < 0.6)
Contour #305: Area=   256, Ratio=0.85, Circ=0.82, Sol=0.96 -> Ô£ô ACCEPTED
Contour #306: Area=    96, Ratio=0.85, Circ=0.13, Sol=0.36 -> Ô£ù REJECTED
              Circularity too low (0.13 < 0.6)
Contour #307: Area=    88, Ratio=0.81, Circ=0.12, Sol=0.34 -> Ô£ù REJECTED
              Circularity too low (0.12 < 0.6)
Contour #308: Area=   954, Ratio=1.03, Circ=0.91, Sol=0.99 -> Ô£ù REJECTED
              Area too large (954 ÔëÑ 600)
Contour #309: Area=   950, Ratio=1.03, Circ=0.91, Sol=0.99 -> Ô£ù REJECTED
              Area too large (950 ÔëÑ 600)
Contour #310: Area=   949, Ratio=1.03, Circ=0.91, Sol=0.99 -> Ô£ù REJECTED
              Area too large (949 ÔëÑ 600)
Contour #311: Area=   955, Ratio=1.03, Circ=0.91, Sol=0.99 -> Ô£ù REJECTED
              Area too large (955 ÔëÑ 600)
Contour #312: Area=   951, Ratio=1.03, Circ=0.91, Sol=0.99 -> Ô£ù REJECTED
              Area too large (951 ÔëÑ 600)
Contour #313: Area=   951, Ratio=1.00, Circ=0.90, Sol=0.98 -> Ô£ù REJECTED
              Area too large (951 ÔëÑ 600)
Contour #314: Area=   955, Ratio=1.00, Circ=0.90, Sol=0.98 -> Ô£ù REJECTED
              Area too large (955 ÔëÑ 600)
Contour #315: Area=   950, Ratio=1.00, Circ=0.91, Sol=0.98 -> Ô£ù REJECTED
              Area too large (950 ÔëÑ 600)
Contour #316: Area=   951, Ratio=1.00, Circ=0.90, Sol=0.98 -> Ô£ù REJECTED
              Area too large (951 ÔëÑ 600)
Contour #317: Area=   954, Ratio=1.00, Circ=0.90, Sol=0.98 -> Ô£ù REJECTED
              Area too large (954 ÔëÑ 600)
Contour #318: Area=   952, Ratio=1.00, Circ=0.90, Sol=0.98 -> Ô£ù REJECTED
              Area too large (952 ÔëÑ 600)
Contour #319: Area=   952, Ratio=1.00, Circ=0.90, Sol=0.98 -> Ô£ù REJECTED
              Area too large (952 ÔëÑ 600)
Contour #320: Area=   954, Ratio=1.00, Circ=0.90, Sol=0.98 -> Ô£ù REJECTED
              Area too large (954 ÔëÑ 600)
Contour #321: Area=   538, Ratio=1.00, Circ=0.28, Sol=0.57 -> Ô£ù REJECTED
              Circularity too low (0.28 < 0.6)
Contour #322: Area=   954, Ratio=1.00, Circ=0.90, Sol=0.98 -> Ô£ù REJECTED
              Area too large (954 ÔëÑ 600)
Contour #323: Area=   957, Ratio=1.00, Circ=0.90, Sol=0.98 -> Ô£ù REJECTED
              Area too large (957 ÔëÑ 600)
Contour #324: Area=   956, Ratio=1.00, Circ=0.90, Sol=0.98 -> Ô£ù REJECTED
              Area too large (956 ÔëÑ 600)
Contour #325: Area=   955, Ratio=1.00, Circ=0.90, Sol=0.98 -> Ô£ù REJECTED
              Area too large (955 ÔëÑ 600)
Contour #326: Area=   957, Ratio=1.00, Circ=0.90, Sol=0.98 -> Ô£ù REJECTED
              Area too large (957 ÔëÑ 600)
Contour #327: Area=   958, Ratio=1.00, Circ=0.89, Sol=0.98 -> Ô£ù REJECTED
              Area too large (958 ÔëÑ 600)
Contour #328: Area=   957, Ratio=1.00, Circ=0.90, Sol=0.98 -> Ô£ù REJECTED
              Area too large (957 ÔëÑ 600)
Contour #329: Area=   724, Ratio=0.94, Circ=0.60, Sol=0.81 -> Ô£ù REJECTED
              Area too large (724 ÔëÑ 600)
Contour #330: Area=   955, Ratio=1.00, Circ=0.90, Sol=0.98 -> Ô£ù REJECTED
              Area too large (955 ÔëÑ 600)
Contour #331: Area=   955, Ratio=1.00, Circ=0.90, Sol=0.98 -> Ô£ù REJECTED
              Area too large (955 ÔëÑ 600)
Contour #332: Area=  1227, Ratio=1.02, Circ=0.90, Sol=0.98 -> Ô£ù REJECTED
              Area too large (1227 ÔëÑ 600)
Contour #333: Area=  1225, Ratio=1.00, Circ=0.91, Sol=0.99 -> Ô£ù REJECTED
              Area too large (1225 ÔëÑ 600)
Contour #334: Area=  1234, Ratio=1.02, Circ=0.89, Sol=0.98 -> Ô£ù REJECTED
              Area too large (1234 ÔëÑ 600)
Contour #335: Area=  1234, Ratio=1.02, Circ=0.89, Sol=0.98 -> Ô£ù REJECTED
              Area too large (1234 ÔëÑ 600)
Contour #336: Area=  1234, Ratio=1.00, Circ=0.91, Sol=0.99 -> Ô£ù REJECTED
              Area too large (1234 ÔëÑ 600)
Contour #337: Area=  1240, Ratio=1.02, Circ=0.90, Sol=0.98 -> Ô£ù REJECTED
              Area too large (1240 ÔëÑ 600)
Contour #338: Area=  1238, Ratio=1.02, Circ=0.90, Sol=0.98 -> Ô£ù REJECTED
              Area too large (1238 ÔëÑ 600)
Contour #339: Area=  1234, Ratio=1.00, Circ=0.91, Sol=0.99 -> Ô£ù REJECTED
              Area too large (1234 ÔëÑ 600)
Contour #340: Area=  1236, Ratio=1.02, Circ=0.90, Sol=0.98 -> Ô£ù REJECTED
              Area too large (1236 ÔëÑ 600)
Contour #341: Area=  1214, Ratio=1.02, Circ=0.89, Sol=0.98 -> Ô£ù REJECTED
              Area too large (1214 ÔëÑ 600)
Contour #342: Area=  1236, Ratio=1.02, Circ=0.90, Sol=0.98 -> Ô£ù REJECTED
              Area too large (1236 ÔëÑ 600)
Contour #343: Area=  1228, Ratio=1.00, Circ=0.91, Sol=0.99 -> Ô£ù REJECTED
              Area too large (1228 ÔëÑ 600)
Contour #344: Area=  1234, Ratio=1.02, Circ=0.90, Sol=0.98 -> Ô£ù REJECTED
              Area too large (1234 ÔëÑ 600)
Contour #345: Area=  1231, Ratio=1.02, Circ=0.90, Sol=0.98 -> Ô£ù REJECTED
              Area too large (1231 ÔëÑ 600)
Contour #346: Area=  1228, Ratio=1.02, Circ=0.90, Sol=0.98 -> Ô£ù REJECTED
              Area too large (1228 ÔëÑ 600)
Contour #347: Area=  1228, Ratio=1.00, Circ=0.90, Sol=0.98 -> Ô£ù REJECTED
              Area too large (1228 ÔëÑ 600)
Contour #348: Area=  1230, Ratio=1.02, Circ=0.90, Sol=0.98 -> Ô£ù REJECTED
              Area too large (1230 ÔëÑ 600)
Contour #349: Area=  1315, Ratio=1.12, Circ=0.85, Sol=0.97 -> Ô£ù REJECTED
              Area too large (1315 ÔëÑ 600)
Contour #350: Area=  1226, Ratio=1.00, Circ=0.88, Sol=0.98 -> Ô£ù REJECTED
              Area too large (1226 ÔëÑ 600)
Contour #351: Area=  1231, Ratio=1.00, Circ=0.89, Sol=0.98 -> Ô£ù REJECTED
              Area too large (1231 ÔëÑ 600)
Contour #352: Area=  1226, Ratio=0.98, Circ=0.89, Sol=0.98 -> Ô£ù REJECTED
              Area too large (1226 ÔëÑ 600)
Contour #353: Area=  1232, Ratio=1.00, Circ=0.89, Sol=0.98 -> Ô£ù REJECTED
              Area too large (1232 ÔëÑ 600)
Contour #354: Area=  1232, Ratio=1.00, Circ=0.89, Sol=0.98 -> Ô£ù REJECTED
              Area too large (1232 ÔëÑ 600)
Contour #355: Area=  1230, Ratio=1.00, Circ=0.89, Sol=0.98 -> Ô£ù REJECTED
              Area too large (1230 ÔëÑ 600)
Contour #356: Area=   389, Ratio=101.67, Circ=0.01, Sol=0.74 -> Ô£ù REJECTED
              Aspect ratio out of range (101.67)
Contour #357: Area=   522, Ratio=95.00, Circ=0.02, Sol=0.92 -> Ô£ù REJECTED
              Aspect ratio out of range (95.00)
Contour #358: Area=   574, Ratio=96.67, Circ=0.02, Sol=1.00 -> Ô£ù REJECTED
              Aspect ratio out of range (96.67)
Contour #359: Area=   566, Ratio=96.67, Circ=0.02, Sol=0.98 -> Ô£ù REJECTED
              Aspect ratio out of range (96.67)
Contour #360: Area=   460, Ratio=96.67, Circ=0.02, Sol=0.80 -> Ô£ù REJECTED
              Aspect ratio out of range (96.67)
Contour #361: Area=   295, Ratio=96.33, Circ=0.01, Sol=0.68 -> Ô£ù REJECTED
              Aspect ratio out of range (96.33)
Contour #362: Area=     2, Ratio=1.00, Circ=0.54, Sol=0.80 -> Ô£ù REJECTED
              Area too small (2 Ôëñ 30)
Contour #363: Area=   186, Ratio=1.00, Circ=0.91, Sol=0.98 -> Ô£ô ACCEPTED
Contour #364: Area=    34, Ratio=0.88, Circ=0.94, Sol=1.00 -> Ô£ô ACCEPTED
Contour #365: Area=    34, Ratio=0.88, Circ=0.94, Sol=1.00 -> Ô£ô ACCEPTED
Contour #366: Area=    34, Ratio=0.88, Circ=0.94, Sol=1.00 -> Ô£ô ACCEPTED
Contour #367: Area=    38, Ratio=1.00, Circ=0.91, Sol=0.99 -> Ô£ô ACCEPTED
Contour #368: Area=    37, Ratio=0.89, Circ=0.88, Sol=0.99 -> Ô£ô ACCEPTED
Contour #369: Area=    38, Ratio=0.89, Circ=0.91, Sol=1.00 -> Ô£ô ACCEPTED
Contour #370: Area=    64, Ratio=1.38, Circ=0.89, Sol=1.00 -> Ô£ô ACCEPTED
Contour #371: Area=    66, Ratio=1.33, Circ=0.84, Sol=0.96 -> Ô£ô ACCEPTED
Contour #372: Area=    68, Ratio=1.22, Circ=0.90, Sol=0.99 -> Ô£ô ACCEPTED
Contour #373: Area=    70, Ratio=1.33, Circ=0.89, Sol=0.99 -> Ô£ô ACCEPTED
Contour #374: Area=    64, Ratio=1.22, Circ=0.89, Sol=0.98 -> Ô£ô ACCEPTED
Contour #375: Area=    68, Ratio=1.33, Circ=0.85, Sol=0.96 -> Ô£ô ACCEPTED
Contour #376: Area=    24, Ratio=1.00, Circ=0.88, Sol=0.98 -> Ô£ù REJECTED
              Area too small (24 Ôëñ 30)
Contour #377: Area=    26, Ratio=1.00, Circ=0.91, Sol=1.00 -> Ô£ù REJECTED
              Area too small (26 Ôëñ 30)
Contour #378: Area=    28, Ratio=1.00, Circ=0.94, Sol=1.00 -> Ô£ù REJECTED
              Area too small (28 Ôëñ 30)
Contour #379: Area=    28, Ratio=1.00, Circ=0.94, Sol=1.00 -> Ô£ù REJECTED
              Area too small (28 Ôëñ 30)
Contour #380: Area=   454, Ratio=3.58, Circ=0.56, Sol=1.00 -> Ô£ù REJECTED
              Aspect ratio out of range (3.58)
Contour #381: Area=    27, Ratio=1.00, Circ=0.91, Sol=1.00 -> Ô£ù REJECTED
              Area too small (27 Ôëñ 30)
Contour #382: Area=    26, Ratio=1.00, Circ=0.88, Sol=0.98 -> Ô£ù REJECTED
              Area too small (26 Ôëñ 30)
Contour #383: Area=   151, Ratio=0.81, Circ=0.86, Sol=0.97 -> Ô£ô ACCEPTED
Contour #384: Area=   198, Ratio=0.94, Circ=0.92, Sol=0.99 -> Ô£ô ACCEPTED
Contour #385: Area=   146, Ratio=0.75, Circ=0.89, Sol=0.99 -> Ô£ô ACCEPTED
Contour #386: Area=    55, Ratio=1.38, Circ=0.87, Sol=0.98 -> Ô£ô ACCEPTED
Contour #387: Area=   147, Ratio=0.75, Circ=0.87, Sol=0.98 -> Ô£ô ACCEPTED
Contour #388: Area=    58, Ratio=1.38, Circ=0.89, Sol=0.99 -> Ô£ô ACCEPTED
Contour #389: Area=   149, Ratio=0.71, Circ=0.85, Sol=0.98 -> Ô£ô ACCEPTED
Contour #390: Area=    54, Ratio=1.38, Circ=0.90, Sol=1.00 -> Ô£ô ACCEPTED
Contour #391: Area=   176, Ratio=0.68, Circ=0.73, Sol=0.92 -> Ô£ô ACCEPTED
Contour #392: Area=   150, Ratio=0.71, Circ=0.85, Sol=0.98 -> Ô£ô ACCEPTED
Contour #393: Area=    56, Ratio=1.38, Circ=0.89, Sol=0.99 -> Ô£ô ACCEPTED
Contour #394: Area=   180, Ratio=0.68, Circ=0.71, Sol=0.91 -> Ô£ô ACCEPTED
Contour #395: Area=    72, Ratio=0.53, Circ=0.31, Sol=0.61 -> Ô£ù REJECTED
              Aspect ratio out of range (0.53)
Contour #396: Area=   151, Ratio=0.71, Circ=0.86, Sol=0.98 -> Ô£ô ACCEPTED
Contour #397: Area=    58, Ratio=1.22, Circ=0.87, Sol=0.97 -> Ô£ô ACCEPTED
Contour #398: Area=   177, Ratio=0.68, Circ=0.69, Sol=0.90 -> Ô£ô ACCEPTED
Contour #399: Area=    77, Ratio=0.53, Circ=0.33, Sol=0.66 -> Ô£ù REJECTED
              Aspect ratio out of range (0.53)
Contour #400: Area=     2, Ratio=1.00, Circ=0.54, Sol=0.80 -> Ô£ù REJECTED
              Area too small (2 Ôëñ 30)
Contour #401: Area=    56, Ratio=1.22, Circ=0.84, Sol=0.95 -> Ô£ô ACCEPTED
Contour #402: Area=   177, Ratio=0.68, Circ=0.69, Sol=0.90 -> Ô£ô ACCEPTED
Contour #403: Area=    73, Ratio=0.50, Circ=0.33, Sol=0.64 -> Ô£ù REJECTED
              Aspect ratio out of range (0.50)
Contour #404: Area=   180, Ratio=0.65, Circ=0.70, Sol=0.91 -> Ô£ô ACCEPTED
Contour #405: Area=    72, Ratio=0.45, Circ=0.35, Sol=0.70 -> Ô£ù REJECTED
              Aspect ratio out of range (0.45)
Contour #406: Area=   177, Ratio=0.65, Circ=0.68, Sol=0.91 -> Ô£ô ACCEPTED
Contour #407: Area=    72, Ratio=0.45, Circ=0.33, Sol=0.67 -> Ô£ù REJECTED
              Aspect ratio out of range (0.45)
Contour #408: Area=    72, Ratio=0.45, Circ=0.32, Sol=0.66 -> Ô£ù REJECTED
              Aspect ratio out of range (0.45)
Contour #409: Area=   816, Ratio=2.72, Circ=0.61, Sol=1.00 -> Ô£ù REJECTED
              Area too large (816 ÔëÑ 600)
Contour #410: Area=   213, Ratio=0.74, Circ=0.76, Sol=0.96 -> Ô£ô ACCEPTED
Contour #411: Area=    60, Ratio=0.89, Circ=0.11, Sol=0.36 -> Ô£ù REJECTED
              Circularity too low (0.11 < 0.6)
Contour #412: Area=   249, Ratio=0.84, Circ=0.87, Sol=0.99 -> Ô£ô ACCEPTED
Contour #413: Area=    81, Ratio=0.89, Circ=0.12, Sol=0.32 -> Ô£ù REJECTED
              Circularity too low (0.12 < 0.6)
Contour #414: Area=   214, Ratio=0.74, Circ=0.76, Sol=0.96 -> Ô£ô ACCEPTED
Contour #415: Area=    67, Ratio=0.84, Circ=0.13, Sol=0.37 -> Ô£ù REJECTED
              Circularity too low (0.13 < 0.6)
Contour #416: Area=   250, Ratio=0.84, Circ=0.87, Sol=0.99 -> Ô£ô ACCEPTED
Contour #417: Area=    82, Ratio=0.89, Circ=0.12, Sol=0.32 -> Ô£ù REJECTED
              Circularity too low (0.12 < 0.6)
Contour #418: Area=   214, Ratio=0.74, Circ=0.78, Sol=0.97 -> Ô£ô ACCEPTED
Contour #419: Area=   249, Ratio=0.84, Circ=0.87, Sol=0.99 -> Ô£ô ACCEPTED
Contour #420: Area=    81, Ratio=0.85, Circ=0.11, Sol=0.32 -> Ô£ù REJECTED
              Circularity too low (0.11 < 0.6)
Contour #421: Area=   214, Ratio=0.74, Circ=0.76, Sol=0.95 -> Ô£ô ACCEPTED
Contour #422: Area=    68, Ratio=0.89, Circ=0.11, Sol=0.38 -> Ô£ù REJECTED
              Circularity too low (0.11 < 0.6)
Contour #423: Area=   247, Ratio=0.84, Circ=0.83, Sol=0.98 -> Ô£ô ACCEPTED
Contour #424: Area=   217, Ratio=0.74, Circ=0.75, Sol=0.96 -> Ô£ô ACCEPTED
Contour #425: Area=    42, Ratio=0.63, Circ=0.18, Sol=0.50 -> Ô£ù REJECTED
              Circularity too low (0.18 < 0.6)
Contour #426: Area=   256, Ratio=0.80, Circ=0.83, Sol=0.98 -> Ô£ô ACCEPTED
Contour #427: Area=    90, Ratio=0.85, Circ=0.13, Sol=0.35 -> Ô£ù REJECTED
              Circularity too low (0.13 < 0.6)
Contour #428: Area=   218, Ratio=0.70, Circ=0.77, Sol=0.96 -> Ô£ô ACCEPTED
Contour #429: Area=    68, Ratio=0.89, Circ=0.12, Sol=0.39 -> Ô£ù REJECTED
              Circularity too low (0.12 < 0.6)
Contour #430: Area=   252, Ratio=0.80, Circ=0.84, Sol=0.97 -> Ô£ô ACCEPTED
Contour #431: Area=    86, Ratio=0.85, Circ=0.13, Sol=0.34 -> Ô£ù REJECTED
              Circularity too low (0.13 < 0.6)
Contour #432: Area=   216, Ratio=0.84, Circ=0.90, Sol=0.98 -> Ô£ô ACCEPTED
Contour #433: Area=   414, Ratio=0.96, Circ=0.90, Sol=0.98 -> Ô£ô ACCEPTED
Contour #434: Area=   951, Ratio=1.03, Circ=0.91, Sol=0.99 -> Ô£ù REJECTED
              Area too large (951 ÔëÑ 600)
Contour #435: Area=   953, Ratio=1.03, Circ=0.91, Sol=0.99 -> Ô£ù REJECTED
              Area too large (953 ÔëÑ 600)
Contour #436: Area=   949, Ratio=1.03, Circ=0.91, Sol=0.98 -> Ô£ù REJECTED
              Area too large (949 ÔëÑ 600)
Contour #437: Area=   951, Ratio=1.00, Circ=0.90, Sol=0.98 -> Ô£ù REJECTED
              Area too large (951 ÔëÑ 600)
Contour #438: Area=   955, Ratio=1.00, Circ=0.90, Sol=0.98 -> Ô£ù REJECTED
              Area too large (955 ÔëÑ 600)
Contour #439: Area=   954, Ratio=1.00, Circ=0.89, Sol=0.98 -> Ô£ù REJECTED
              Area too large (954 ÔëÑ 600)
Contour #440: Area=   958, Ratio=1.00, Circ=0.89, Sol=0.98 -> Ô£ù REJECTED
              Area too large (958 ÔëÑ 600)
Contour #441: Area=   960, Ratio=1.00, Circ=0.91, Sol=0.99 -> Ô£ù REJECTED
              Area too large (960 ÔëÑ 600)
Contour #442: Area=   606, Ratio=0.94, Circ=0.35, Sol=0.64 -> Ô£ù REJECTED
              Area too large (606 ÔëÑ 600)
Contour #443: Area=   961, Ratio=1.00, Circ=0.91, Sol=0.99 -> Ô£ù REJECTED
              Area too large (961 ÔëÑ 600)
Contour #444: Area=   804, Ratio=1.03, Circ=0.69, Sol=0.87 -> Ô£ù REJECTED
              Area too large (804 ÔëÑ 600)
Contour #445: Area=   962, Ratio=1.00, Circ=0.91, Sol=0.98 -> Ô£ù REJECTED
              Area too large (962 ÔëÑ 600)
Contour #446: Area=   961, Ratio=1.00, Circ=0.91, Sol=0.99 -> Ô£ù REJECTED
              Area too large (961 ÔëÑ 600)
Contour #447: Area=   960, Ratio=1.00, Circ=0.91, Sol=0.98 -> Ô£ù REJECTED
              Area too large (960 ÔëÑ 600)
Contour #448: Area=   959, Ratio=1.00, Circ=0.90, Sol=0.99 -> Ô£ù REJECTED
              Area too large (959 ÔëÑ 600)
Contour #449: Area=   958, Ratio=1.00, Circ=0.90, Sol=0.98 -> Ô£ù REJECTED
              Area too large (958 ÔëÑ 600)
Contour #450: Area=   958, Ratio=1.00, Circ=0.89, Sol=0.98 -> Ô£ù REJECTED
              Area too large (958 ÔëÑ 600)
Contour #451: Area=   957, Ratio=1.00, Circ=0.90, Sol=0.98 -> Ô£ù REJECTED
              Area too large (957 ÔëÑ 600)
Contour #452: Area=   962, Ratio=1.00, Circ=0.90, Sol=0.98 -> Ô£ù REJECTED
              Area too large (962 ÔëÑ 600)
Contour #453: Area=   955, Ratio=1.00, Circ=0.90, Sol=0.98 -> Ô£ù REJECTED
              Area too large (955 ÔëÑ 600)
Contour #454: Area=   955, Ratio=1.00, Circ=0.90, Sol=0.98 -> Ô£ù REJECTED
              Area too large (955 ÔëÑ 600)
Contour #455: Area=   953, Ratio=1.00, Circ=0.90, Sol=0.98 -> Ô£ù REJECTED
              Area too large (953 ÔëÑ 600)
Contour #456: Area=   949, Ratio=1.00, Circ=0.90, Sol=0.98 -> Ô£ù REJECTED
              Area too large (949 ÔëÑ 600)
Contour #457: Area=   984, Ratio=0.97, Circ=0.91, Sol=0.98 -> Ô£ù REJECTED
              Area too large (984 ÔëÑ 600)
Contour #458: Area=  1218, Ratio=1.02, Circ=0.90, Sol=0.98 -> Ô£ù REJECTED
              Area too large (1218 ÔëÑ 600)
Contour #459: Area=  1222, Ratio=1.00, Circ=0.90, Sol=0.98 -> Ô£ù REJECTED
              Area too large (1222 ÔëÑ 600)
Contour #460: Area=  1224, Ratio=1.02, Circ=0.90, Sol=0.98 -> Ô£ù REJECTED
              Area too large (1224 ÔëÑ 600)
Contour #461: Area=  1226, Ratio=1.02, Circ=0.89, Sol=0.98 -> Ô£ù REJECTED
              Area too large (1226 ÔëÑ 600)
Contour #462: Area=  1229, Ratio=1.02, Circ=0.90, Sol=0.98 -> Ô£ù REJECTED
              Area too large (1229 ÔëÑ 600)
Contour #463: Area=  1198, Ratio=1.00, Circ=0.90, Sol=0.98 -> Ô£ù REJECTED
              Area too large (1198 ÔëÑ 600)
Contour #464: Area=  1224, Ratio=1.02, Circ=0.90, Sol=0.98 -> Ô£ù REJECTED
              Area too large (1224 ÔëÑ 600)
Contour #465: Area=  1385, Ratio=1.12, Circ=0.83, Sol=0.97 -> Ô£ù REJECTED
              Area too large (1385 ÔëÑ 600)
Contour #466: Area=  1227, Ratio=1.02, Circ=0.90, Sol=0.98 -> Ô£ù REJECTED
              Area too large (1227 ÔëÑ 600)
Contour #467: Area=  1223, Ratio=1.00, Circ=0.91, Sol=0.99 -> Ô£ù REJECTED
              Area too large (1223 ÔëÑ 600)
Contour #468: Area=  1228, Ratio=1.00, Circ=0.91, Sol=0.99 -> Ô£ù REJECTED
              Area too large (1228 ÔëÑ 600)
Contour #469: Area=  1229, Ratio=1.02, Circ=0.90, Sol=0.98 -> Ô£ù REJECTED
              Area too large (1229 ÔëÑ 600)
Contour #470: Area=  1228, Ratio=1.02, Circ=0.90, Sol=0.98 -> Ô£ù REJECTED
              Area too large (1228 ÔëÑ 600)
Contour #471: Area=  1230, Ratio=1.02, Circ=0.90, Sol=0.98 -> Ô£ù REJECTED
              Area too large (1230 ÔëÑ 600)
Contour #472: Area=  1228, Ratio=1.00, Circ=0.91, Sol=0.99 -> Ô£ù REJECTED
              Area too large (1228 ÔëÑ 600)
Contour #473: Area=  1224, Ratio=1.00, Circ=0.90, Sol=0.99 -> Ô£ù REJECTED
              Area too large (1224 ÔëÑ 600)
Contour #474: Area=  1226, Ratio=1.02, Circ=0.89, Sol=0.98 -> Ô£ù REJECTED
              Area too large (1226 ÔëÑ 600)
Contour #475: Area=  1224, Ratio=1.00, Circ=0.91, Sol=0.99 -> Ô£ù REJECTED
              Area too large (1224 ÔëÑ 600)
Contour #476: Area=  1226, Ratio=1.00, Circ=0.90, Sol=0.98 -> Ô£ù REJECTED
              Area too large (1226 ÔëÑ 600)
Contour #477: Area=  1231, Ratio=1.02, Circ=0.90, Sol=0.98 -> Ô£ù REJECTED
              Area too large (1231 ÔëÑ 600)
Contour #478: Area=  1232, Ratio=1.00, Circ=0.89, Sol=0.98 -> Ô£ù REJECTED
              Area too large (1232 ÔëÑ 600)
Contour #479: Area=  1230, Ratio=1.00, Circ=0.89, Sol=0.98 -> Ô£ù REJECTED
              Area too large (1230 ÔëÑ 600)
Contour #480: Area=  1226, Ratio=0.98, Circ=0.90, Sol=0.98 -> Ô£ù REJECTED
              Area too large (1226 ÔëÑ 600)
Contour #481: Area=  1230, Ratio=1.00, Circ=0.89, Sol=0.98 -> Ô£ù REJECTED
              Area too large (1230 ÔëÑ 600)
Contour #482: Area=   306, Ratio=153.50, Circ=0.01, Sol=1.00 -> Ô£ù REJECTED
              Aspect ratio out of range (153.50)
Contour #483: Area=   300, Ratio=95.67, Circ=0.01, Sol=0.61 -> Ô£ù REJECTED
              Aspect ratio out of range (95.67)
Contour #484: Area=   534, Ratio=97.00, Circ=0.02, Sol=0.93 -> Ô£ù REJECTED
              Aspect ratio out of range (97.00)
Contour #485: Area=   578, Ratio=97.00, Circ=0.02, Sol=1.00 -> Ô£ù REJECTED
              Aspect ratio out of range (97.00)
Contour #486: Area=   577, Ratio=97.00, Circ=0.02, Sol=1.00 -> Ô£ù REJECTED
              Aspect ratio out of range (97.00)
Contour #487: Area=   471, Ratio=97.00, Circ=0.02, Sol=0.82 -> Ô£ù REJECTED
              Aspect ratio out of range (97.00)
Contour #488: Area=     2, Ratio=0.67, Circ=0.70, Sol=1.00 -> Ô£ù REJECTED
              Area too small (2 Ôëñ 30)
Contour #489: Area=    61, Ratio=1.38, Circ=0.89, Sol=0.99 -> Ô£ô ACCEPTED
Contour #490: Area=    59, Ratio=1.38, Circ=0.86, Sol=0.98 -> Ô£ô ACCEPTED
Contour #491: Area=    58, Ratio=1.25, Circ=0.90, Sol=1.00 -> Ô£ô ACCEPTED
Contour #492: Area=    62, Ratio=1.22, Circ=0.83, Sol=0.95 -> Ô£ô ACCEPTED
Contour #493: Area=    64, Ratio=1.22, Circ=0.89, Sol=0.98 -> Ô£ô ACCEPTED
Contour #494: Area=    65, Ratio=1.22, Circ=0.90, Sol=0.98 -> Ô£ô ACCEPTED
Contour #495: Area=    32, Ratio=0.88, Circ=0.89, Sol=0.98 -> Ô£ô ACCEPTED
Contour #496: Area=    32, Ratio=0.88, Circ=0.89, Sol=0.98 -> Ô£ô ACCEPTED
Contour #497: Area=    37, Ratio=0.89, Circ=0.80, Sol=0.93 -> Ô£ô ACCEPTED
Contour #498: Area=    36, Ratio=0.89, Circ=0.78, Sol=0.92 -> Ô£ô ACCEPTED
Contour #499: Area=   224, Ratio=0.89, Circ=0.91, Sol=0.98 -> Ô£ô ACCEPTED
Contour #500: Area=   187, Ratio=0.94, Circ=0.89, Sol=0.97 -> Ô£ô ACCEPTED
Contour #501: Area=   192, Ratio=1.00, Circ=0.88, Sol=0.97 -> Ô£ô ACCEPTED
Contour #502: Area=   454, Ratio=3.31, Circ=0.55, Sol=0.96 -> Ô£ù REJECTED
              Aspect ratio out of range (3.31)
Contour #503: Area=   147, Ratio=0.75, Circ=0.87, Sol=0.99 -> Ô£ô ACCEPTED
Contour #504: Area=   144, Ratio=0.75, Circ=0.87, Sol=0.99 -> Ô£ô ACCEPTED
Contour #505: Area=    51, Ratio=1.57, Circ=0.86, Sol=0.99 -> Ô£ô ACCEPTED
Contour #506: Area=   144, Ratio=0.75, Circ=0.89, Sol=1.00 -> Ô£ô ACCEPTED
Contour #507: Area=    52, Ratio=1.38, Circ=0.85, Sol=0.97 -> Ô£ô ACCEPTED
Contour #508: Area=   144, Ratio=0.75, Circ=0.89, Sol=1.00 -> Ô£ô ACCEPTED
Contour #509: Area=    52, Ratio=1.38, Circ=0.87, Sol=0.98 -> Ô£ô ACCEPTED
Contour #510: Area=   146, Ratio=0.75, Circ=0.88, Sol=0.99 -> Ô£ô ACCEPTED
Contour #511: Area=    54, Ratio=1.38, Circ=0.89, Sol=0.99 -> Ô£ô ACCEPTED
Contour #512: Area=   146, Ratio=0.75, Circ=0.88, Sol=0.99 -> Ô£ô ACCEPTED
Contour #513: Area=    53, Ratio=1.25, Circ=0.89, Sol=0.99 -> Ô£ô ACCEPTED
Contour #514: Area=    53, Ratio=1.38, Circ=0.84, Sol=0.96 -> Ô£ô ACCEPTED
Contour #515: Area=    81, Ratio=0.68, Circ=0.25, Sol=0.53 -> Ô£ù REJECTED
              Circularity too low (0.25 < 0.6)
Contour #516: Area=    88, Ratio=0.74, Circ=0.27, Sol=0.53 -> Ô£ù REJECTED
              Circularity too low (0.27 < 0.6)
Contour #517: Area=    80, Ratio=0.53, Circ=0.34, Sol=0.67 -> Ô£ù REJECTED
              Aspect ratio out of range (0.53)
Contour #518: Area=    84, Ratio=0.70, Circ=0.24, Sol=0.51 -> Ô£ù REJECTED
              Circularity too low (0.24 < 0.6)
Contour #519: Area=    79, Ratio=0.50, Circ=0.33, Sol=0.66 -> Ô£ù REJECTED
              Aspect ratio out of range (0.50)
Contour #520: Area=    80, Ratio=0.65, Circ=0.24, Sol=0.51 -> Ô£ù REJECTED
              Circularity too low (0.24 < 0.6)
Contour #521: Area=    76, Ratio=0.50, Circ=0.34, Sol=0.66 -> Ô£ù REJECTED
              Aspect ratio out of range (0.50)
Contour #522: Area=    84, Ratio=0.70, Circ=0.23, Sol=0.51 -> Ô£ù REJECTED
              Circularity too low (0.23 < 0.6)
Contour #523: Area=    73, Ratio=0.45, Circ=0.35, Sol=0.68 -> Ô£ù REJECTED
              Aspect ratio out of range (0.45)
Contour #524: Area=    80, Ratio=0.70, Circ=0.23, Sol=0.50 -> Ô£ù REJECTED
              Circularity too low (0.23 < 0.6)
Contour #525: Area=    74, Ratio=0.45, Circ=0.34, Sol=0.68 -> Ô£ù REJECTED
              Aspect ratio out of range (0.45)
Contour #526: Area=    73, Ratio=0.45, Circ=0.32, Sol=0.67 -> Ô£ù REJECTED
              Aspect ratio out of range (0.45)
Contour #527: Area=   220, Ratio=0.79, Circ=0.73, Sol=0.94 -> Ô£ô ACCEPTED
Contour #528: Area=   116, Ratio=0.89, Circ=0.32, Sol=0.61 -> Ô£ù REJECTED
              Circularity too low (0.32 < 0.6)
Contour #529: Area=   252, Ratio=0.84, Circ=0.86, Sol=0.99 -> Ô£ô ACCEPTED
Contour #530: Area=   382, Ratio=1.00, Circ=0.88, Sol=0.97 -> Ô£ô ACCEPTED
Contour #531: Area=   222, Ratio=0.79, Circ=0.76, Sol=0.95 -> Ô£ô ACCEPTED
Contour #532: Area=   387, Ratio=1.00, Circ=0.89, Sol=0.98 -> Ô£ô ACCEPTED
Contour #533: Area=   864, Ratio=2.58, Circ=0.62, Sol=1.00 -> Ô£ù REJECTED
              Area too large (864 ÔëÑ 600)
Contour #534: Area=   251, Ratio=0.84, Circ=0.87, Sol=1.00 -> Ô£ô ACCEPTED
Contour #535: Area=    85, Ratio=0.89, Circ=0.12, Sol=0.34 -> Ô£ù REJECTED
              Circularity too low (0.12 < 0.6)
Contour #536: Area=   216, Ratio=0.74, Circ=0.75, Sol=0.97 -> Ô£ô ACCEPTED
Contour #537: Area=   112, Ratio=0.89, Circ=0.31, Sol=0.61 -> Ô£ù REJECTED
              Circularity too low (0.31 < 0.6)
Contour #538: Area=   250, Ratio=0.84, Circ=0.87, Sol=0.99 -> Ô£ô ACCEPTED
Contour #539: Area=    94, Ratio=0.85, Circ=0.13, Sol=0.36 -> Ô£ù REJECTED
              Circularity too low (0.13 < 0.6)
Contour #540: Area=   216, Ratio=0.74, Circ=0.77, Sol=0.97 -> Ô£ô ACCEPTED
Contour #541: Area=   109, Ratio=0.89, Circ=0.29, Sol=0.60 -> Ô£ù REJECTED
              Circularity too low (0.29 < 0.6)
Contour #542: Area=   258, Ratio=0.80, Circ=0.84, Sol=0.98 -> Ô£ô ACCEPTED
Contour #543: Area=    95, Ratio=0.85, Circ=0.14, Sol=0.36 -> Ô£ù REJECTED
              Circularity too low (0.14 < 0.6)
Contour #544: Area=   224, Ratio=0.70, Circ=0.78, Sol=0.97 -> Ô£ô ACCEPTED
Contour #545: Area=   116, Ratio=0.85, Circ=0.30, Sol=0.62 -> Ô£ù REJECTED
              Circularity too low (0.30 < 0.6)
Contour #546: Area=   263, Ratio=0.85, Circ=0.83, Sol=0.98 -> Ô£ô ACCEPTED
Contour #547: Area=    96, Ratio=0.85, Circ=0.14, Sol=0.37 -> Ô£ù REJECTED
              Circularity too low (0.14 < 0.6)
Contour #548: Area=   226, Ratio=0.70, Circ=0.75, Sol=0.96 -> Ô£ô ACCEPTED
Contour #549: Area=   254, Ratio=0.80, Circ=0.84, Sol=0.98 -> Ô£ô ACCEPTED
Contour #550: Area=    92, Ratio=0.85, Circ=0.13, Sol=0.36 -> Ô£ù REJECTED
              Circularity too low (0.13 < 0.6)
Contour #551: Area=   978, Ratio=1.03, Circ=0.90, Sol=0.98 -> Ô£ù REJECTED
              Area too large (978 ÔëÑ 600)
Contour #552: Area=   951, Ratio=1.03, Circ=0.91, Sol=0.99 -> Ô£ù REJECTED
              Area too large (951 ÔëÑ 600)
Contour #553: Area=   968, Ratio=1.00, Circ=0.90, Sol=0.99 -> Ô£ù REJECTED
              Area too large (968 ÔëÑ 600)
Contour #554: Area=   955, Ratio=1.00, Circ=0.90, Sol=0.98 -> Ô£ù REJECTED
              Area too large (955 ÔëÑ 600)
Contour #555: Area=   952, Ratio=1.00, Circ=0.90, Sol=0.98 -> Ô£ù REJECTED
              Area too large (952 ÔëÑ 600)
Contour #556: Area=   957, Ratio=1.00, Circ=0.90, Sol=0.98 -> Ô£ù REJECTED
              Area too large (957 ÔëÑ 600)
Contour #557: Area=   950, Ratio=1.00, Circ=0.90, Sol=0.98 -> Ô£ù REJECTED
              Area too large (950 ÔëÑ 600)
Contour #558: Area=   956, Ratio=1.00, Circ=0.90, Sol=0.98 -> Ô£ù REJECTED
              Area too large (956 ÔëÑ 600)
Contour #559: Area=   956, Ratio=1.00, Circ=0.89, Sol=0.98 -> Ô£ù REJECTED
              Area too large (956 ÔëÑ 600)
Contour #560: Area=   956, Ratio=1.00, Circ=0.89, Sol=0.98 -> Ô£ù REJECTED
              Area too large (956 ÔëÑ 600)
Contour #561: Area=   956, Ratio=1.00, Circ=0.90, Sol=0.98 -> Ô£ù REJECTED
              Area too large (956 ÔëÑ 600)
Contour #562: Area=   951, Ratio=1.00, Circ=0.90, Sol=0.98 -> Ô£ù REJECTED
              Area too large (951 ÔëÑ 600)
Contour #563: Area=   953, Ratio=1.00, Circ=0.90, Sol=0.98 -> Ô£ù REJECTED
              Area too large (953 ÔëÑ 600)
Contour #564: Area=   957, Ratio=1.00, Circ=0.90, Sol=0.98 -> Ô£ù REJECTED
              Area too large (957 ÔëÑ 600)
Contour #565: Area=   953, Ratio=1.00, Circ=0.90, Sol=0.98 -> Ô£ù REJECTED
              Area too large (953 ÔëÑ 600)
Contour #566: Area=   953, Ratio=1.00, Circ=0.90, Sol=0.98 -> Ô£ù REJECTED
              Area too large (953 ÔëÑ 600)
Contour #567: Area=   950, Ratio=1.00, Circ=0.90, Sol=0.98 -> Ô£ù REJECTED
              Area too large (950 ÔëÑ 600)
Contour #568: Area=   953, Ratio=1.00, Circ=0.90, Sol=0.98 -> Ô£ù REJECTED
              Area too large (953 ÔëÑ 600)
Contour #569: Area=   565, Ratio=0.94, Circ=0.39, Sol=0.64 -> Ô£ù REJECTED
              Circularity too low (0.39 < 0.6)
Contour #570: Area=   953, Ratio=1.00, Circ=0.90, Sol=0.98 -> Ô£ù REJECTED
              Area too large (953 ÔëÑ 600)
Contour #571: Area=   956, Ratio=1.00, Circ=0.89, Sol=0.98 -> Ô£ù REJECTED
              Area too large (956 ÔëÑ 600)
Contour #572: Area=   954, Ratio=1.00, Circ=0.90, Sol=0.98 -> Ô£ù REJECTED
              Area too large (954 ÔëÑ 600)
Contour #573: Area=   954, Ratio=1.00, Circ=0.90, Sol=0.98 -> Ô£ù REJECTED
              Area too large (954 ÔëÑ 600)
Contour #574: Area=   951, Ratio=1.00, Circ=0.90, Sol=0.98 -> Ô£ù REJECTED
              Area too large (951 ÔëÑ 600)
Contour #575: Area=  1224, Ratio=1.00, Circ=0.90, Sol=0.99 -> Ô£ù REJECTED
              Area too large (1224 ÔëÑ 600)
Contour #576: Area=  1232, Ratio=1.02, Circ=0.89, Sol=0.98 -> Ô£ù REJECTED
              Area too large (1232 ÔëÑ 600)
Contour #577: Area=  1230, Ratio=1.02, Circ=0.89, Sol=0.98 -> Ô£ù REJECTED
              Area too large (1230 ÔëÑ 600)
Contour #578: Area=  1230, Ratio=1.00, Circ=0.90, Sol=0.98 -> Ô£ù REJECTED
              Area too large (1230 ÔëÑ 600)
Contour #579: Area=  1226, Ratio=1.00, Circ=0.90, Sol=0.99 -> Ô£ù REJECTED
              Area too large (1226 ÔëÑ 600)
Contour #580: Area=  1232, Ratio=1.00, Circ=0.91, Sol=0.99 -> Ô£ù REJECTED
              Area too large (1232 ÔëÑ 600)
Contour #581: Area=  1236, Ratio=1.02, Circ=0.90, Sol=0.98 -> Ô£ù REJECTED
              Area too large (1236 ÔëÑ 600)
Contour #582: Area=  1231, Ratio=1.00, Circ=0.91, Sol=0.99 -> Ô£ù REJECTED
              Area too large (1231 ÔëÑ 600)
Contour #583: Area=  1240, Ratio=1.02, Circ=0.89, Sol=0.98 -> Ô£ù REJECTED
              Area too large (1240 ÔëÑ 600)
Contour #584: Area=  1240, Ratio=1.02, Circ=0.90, Sol=0.98 -> Ô£ù REJECTED
              Area too large (1240 ÔëÑ 600)
Contour #585: Area=  1234, Ratio=1.02, Circ=0.90, Sol=0.98 -> Ô£ù REJECTED
              Area too large (1234 ÔëÑ 600)
Contour #586: Area=  1232, Ratio=1.00, Circ=0.91, Sol=0.99 -> Ô£ù REJECTED
              Area too large (1232 ÔëÑ 600)
Contour #587: Area=  1216, Ratio=1.00, Circ=0.89, Sol=0.98 -> Ô£ù REJECTED
              Area too large (1216 ÔëÑ 600)
Contour #588: Area=  1232, Ratio=1.02, Circ=0.89, Sol=0.98 -> Ô£ù REJECTED
              Area too large (1232 ÔëÑ 600)
Contour #589: Area=  1232, Ratio=1.02, Circ=0.89, Sol=0.98 -> Ô£ù REJECTED
              Area too large (1232 ÔëÑ 600)
Contour #590: Area=  1232, Ratio=1.02, Circ=0.89, Sol=0.98 -> Ô£ù REJECTED
              Area too large (1232 ÔëÑ 600)
Contour #591: Area=  1234, Ratio=1.02, Circ=0.89, Sol=0.98 -> Ô£ù REJECTED
              Area too large (1234 ÔëÑ 600)
Contour #592: Area=  1233, Ratio=1.02, Circ=0.90, Sol=0.99 -> Ô£ù REJECTED
              Area too large (1233 ÔëÑ 600)
Contour #593: Area=  1222, Ratio=1.00, Circ=0.91, Sol=0.99 -> Ô£ù REJECTED
              Area too large (1222 ÔëÑ 600)
Contour #594: Area=  1230, Ratio=1.00, Circ=0.89, Sol=0.98 -> Ô£ù REJECTED
              Area too large (1230 ÔëÑ 600)
Contour #595: Area=  1226, Ratio=1.02, Circ=0.89, Sol=0.98 -> Ô£ù REJECTED
              Area too large (1226 ÔëÑ 600)
Contour #596: Area=  1226, Ratio=0.98, Circ=0.90, Sol=0.98 -> Ô£ù REJECTED
              Area too large (1226 ÔëÑ 600)
Contour #597: Area=  1232, Ratio=1.00, Circ=0.89, Sol=0.98 -> Ô£ù REJECTED
              Area too large (1232 ÔëÑ 600)
Contour #598: Area=  1231, Ratio=1.00, Circ=0.89, Sol=0.98 -> Ô£ù REJECTED
              Area too large (1231 ÔëÑ 600)
Contour #599: Area=   288, Ratio=145.00, Circ=0.01, Sol=1.00 -> Ô£ù REJECTED
              Aspect ratio out of range (145.00)
Contour #600: Area=   350, Ratio=96.67, Circ=0.01, Sol=0.64 -> Ô£ù REJECTED
              Aspect ratio out of range (96.67)
Contour #601: Area=   605, Ratio=102.00, Circ=0.02, Sol=1.00 -> Ô£ù REJECTED
              Area too large (605 ÔëÑ 600)
Contour #602: Area=   552, Ratio=95.33, Circ=0.02, Sol=0.97 -> Ô£ù REJECTED
              Aspect ratio out of range (95.33)
Contour #603: Area=   466, Ratio=96.67, Circ=0.02, Sol=0.81 -> Ô£ù REJECTED
              Aspect ratio out of range (96.67)
Contour #604: Area=   293, Ratio=96.67, Circ=0.01, Sol=0.67 -> Ô£ù REJECTED
              Aspect ratio out of range (96.67)
Contour #605: Area=    40, Ratio=0.78, Circ=0.87, Sol=0.98 -> Ô£ô ACCEPTED
Contour #606: Area=    38, Ratio=0.78, Circ=0.91, Sol=1.00 -> Ô£ô ACCEPTED
Contour #607: Area=    40, Ratio=0.78, Circ=0.92, Sol=1.00 -> Ô£ô ACCEPTED
Contour #608: Area=    42, Ratio=0.89, Circ=0.87, Sol=0.97 -> Ô£ô ACCEPTED
Contour #609: Area=    41, Ratio=0.89, Circ=0.88, Sol=0.98 -> Ô£ô ACCEPTED
Contour #610: Area=    62, Ratio=1.38, Circ=0.91, Sol=1.00 -> Ô£ô ACCEPTED
Contour #611: Area=    40, Ratio=0.89, Circ=0.86, Sol=0.96 -> Ô£ô ACCEPTED
Contour #612: Area=    66, Ratio=1.22, Circ=0.89, Sol=0.98 -> Ô£ô ACCEPTED
Contour #613: Area=    66, Ratio=1.22, Circ=0.91, Sol=0.99 -> Ô£ô ACCEPTED
Contour #614: Area=    65, Ratio=1.22, Circ=0.90, Sol=0.98 -> Ô£ô ACCEPTED
Contour #615: Area=    65, Ratio=1.22, Circ=0.90, Sol=0.98 -> Ô£ô ACCEPTED
Contour #616: Area=   196, Ratio=1.00, Circ=0.88, Sol=0.97 -> Ô£ô ACCEPTED
Contour #617: Area=    36, Ratio=0.89, Circ=0.86, Sol=0.97 -> Ô£ô ACCEPTED
Contour #618: Area=   453, Ratio=3.58, Circ=0.55, Sol=1.00 -> Ô£ù REJECTED
              Aspect ratio out of range (3.58)
Contour #619: Area=   148, Ratio=0.75, Circ=0.87, Sol=0.99 -> Ô£ô ACCEPTED
Contour #620: Area=   146, Ratio=0.75, Circ=0.89, Sol=0.99 -> Ô£ô ACCEPTED
Contour #621: Area=    55, Ratio=1.38, Circ=0.87, Sol=0.98 -> Ô£ô ACCEPTED
Contour #622: Area=   150, Ratio=0.75, Circ=0.89, Sol=0.99 -> Ô£ô ACCEPTED
Contour #623: Area=   146, Ratio=0.75, Circ=0.88, Sol=0.99 -> Ô£ô ACCEPTED
Contour #624: Area=    57, Ratio=1.38, Circ=0.90, Sol=1.00 -> Ô£ô ACCEPTED
Contour #625: Area=   147, Ratio=0.75, Circ=0.87, Sol=0.99 -> Ô£ô ACCEPTED
Contour #626: Area=    56, Ratio=1.38, Circ=0.89, Sol=0.99 -> Ô£ô ACCEPTED
Contour #627: Area=   149, Ratio=0.71, Circ=0.85, Sol=0.98 -> Ô£ô ACCEPTED
Contour #628: Area=    57, Ratio=1.22, Circ=0.85, Sol=0.96 -> Ô£ô ACCEPTED
Contour #629: Area=   150, Ratio=0.68, Circ=0.37, Sol=0.77 -> Ô£ù REJECTED
              Circularity too low (0.37 < 0.6)
Contour #630: Area=    57, Ratio=1.22, Circ=0.85, Sol=0.96 -> Ô£ô ACCEPTED
Contour #631: Area=   156, Ratio=0.68, Circ=0.38, Sol=0.79 -> Ô£ù REJECTED
              Circularity too low (0.38 < 0.6)
Contour #632: Area=    71, Ratio=0.53, Circ=0.31, Sol=0.60 -> Ô£ù REJECTED
              Aspect ratio out of range (0.53)
Contour #633: Area=   154, Ratio=0.68, Circ=0.37, Sol=0.78 -> Ô£ù REJECTED
              Circularity too low (0.37 < 0.6)
Contour #634: Area=    72, Ratio=0.50, Circ=0.30, Sol=0.60 -> Ô£ù REJECTED
              Aspect ratio out of range (0.50)
Contour #635: Area=   370, Ratio=1.00, Circ=0.86, Sol=0.97 -> Ô£ô ACCEPTED
Contour #636: Area=   148, Ratio=0.68, Circ=0.36, Sol=0.77 -> Ô£ù REJECTED
              Circularity too low (0.36 < 0.6)
Contour #637: Area=    74, Ratio=0.50, Circ=0.34, Sol=0.66 -> Ô£ù REJECTED
              Aspect ratio out of range (0.50)
Contour #638: Area=   149, Ratio=0.65, Circ=0.35, Sol=0.75 -> Ô£ù REJECTED
              Circularity too low (0.35 < 0.6)
Contour #639: Area=    73, Ratio=0.45, Circ=0.35, Sol=0.68 -> Ô£ù REJECTED
              Aspect ratio out of range (0.45)
Contour #640: Area=   152, Ratio=0.65, Circ=0.38, Sol=0.77 -> Ô£ù REJECTED
              Circularity too low (0.38 < 0.6)
Contour #641: Area=    71, Ratio=0.45, Circ=0.32, Sol=0.66 -> Ô£ù REJECTED
              Aspect ratio out of range (0.45)
Contour #642: Area=    72, Ratio=0.45, Circ=0.32, Sol=0.67 -> Ô£ù REJECTED
              Aspect ratio out of range (0.45)
Contour #643: Area=    61, Ratio=0.94, Circ=0.11, Sol=0.36 -> Ô£ù REJECTED
              Circularity too low (0.11 < 0.6)
Contour #644: Area=   816, Ratio=2.72, Circ=0.61, Sol=1.00 -> Ô£ù REJECTED
              Area too large (816 ÔëÑ 600)
Contour #645: Area=   111, Ratio=0.89, Circ=0.30, Sol=0.59 -> Ô£ù REJECTED
              Circularity too low (0.30 < 0.6)
Contour #646: Area=   250, Ratio=0.84, Circ=0.87, Sol=0.99 -> Ô£ô ACCEPTED
Contour #647: Area=   213, Ratio=0.74, Circ=0.76, Sol=0.96 -> Ô£ô ACCEPTED
Contour #648: Area=    57, Ratio=0.84, Circ=0.10, Sol=0.32 -> Ô£ù REJECTED
              Circularity too low (0.10 < 0.6)
Contour #649: Area=   249, Ratio=0.84, Circ=0.87, Sol=0.99 -> Ô£ô ACCEPTED
Contour #650: Area=    78, Ratio=0.84, Circ=0.11, Sol=0.32 -> Ô£ù REJECTED
              Circularity too low (0.11 < 0.6)
Contour #651: Area=   212, Ratio=0.74, Circ=0.77, Sol=0.97 -> Ô£ô ACCEPTED
Contour #652: Area=    69, Ratio=0.84, Circ=0.13, Sol=0.39 -> Ô£ù REJECTED
              Circularity too low (0.13 < 0.6)
Contour #653: Area=   250, Ratio=0.84, Circ=0.87, Sol=0.99 -> Ô£ô ACCEPTED
Contour #654: Area=    86, Ratio=0.85, Circ=0.12, Sol=0.33 -> Ô£ù REJECTED
              Circularity too low (0.12 < 0.6)
Contour #655: Area=   212, Ratio=0.74, Circ=0.77, Sol=0.96 -> Ô£ô ACCEPTED
Contour #656: Area=   248, Ratio=0.84, Circ=0.86, Sol=0.99 -> Ô£ô ACCEPTED
Contour #657: Area=    84, Ratio=0.85, Circ=0.12, Sol=0.33 -> Ô£ù REJECTED
              Circularity too low (0.12 < 0.6)
Contour #658: Area=   216, Ratio=0.70, Circ=0.75, Sol=0.95 -> Ô£ô ACCEPTED
Contour #659: Area=    64, Ratio=0.89, Circ=0.11, Sol=0.37 -> Ô£ù REJECTED
              Circularity too low (0.11 < 0.6)
Contour #660: Area=   243, Ratio=0.80, Circ=0.76, Sol=0.95 -> Ô£ô ACCEPTED
Contour #661: Area=    86, Ratio=0.85, Circ=0.13, Sol=0.34 -> Ô£ù REJECTED
              Circularity too low (0.13 < 0.6)
Contour #662: Area=   252, Ratio=0.80, Circ=0.82, Sol=0.97 -> Ô£ô ACCEPTED
Contour #663: Area=    88, Ratio=0.85, Circ=0.13, Sol=0.35 -> Ô£ù REJECTED
              Circularity too low (0.13 < 0.6)
Contour #664: Area=   218, Ratio=0.70, Circ=0.77, Sol=0.96 -> Ô£ô ACCEPTED
Contour #665: Area=    82, Ratio=0.85, Circ=0.11, Sol=0.32 -> Ô£ù REJECTED
              Circularity too low (0.11 < 0.6)
Contour #666: Area=   224, Ratio=0.89, Circ=0.89, Sol=0.97 -> Ô£ô ACCEPTED
Contour #667: Area=   955, Ratio=1.03, Circ=0.91, Sol=0.99 -> Ô£ù REJECTED
              Area too large (955 ÔëÑ 600)
Contour #668: Area=   952, Ratio=1.00, Circ=0.90, Sol=0.98 -> Ô£ù REJECTED
              Area too large (952 ÔëÑ 600)
Contour #669: Area=   953, Ratio=1.03, Circ=0.91, Sol=0.99 -> Ô£ù REJECTED
              Area too large (953 ÔëÑ 600)
Contour #670: Area=   946, Ratio=1.03, Circ=0.91, Sol=0.99 -> Ô£ù REJECTED
              Area too large (946 ÔëÑ 600)
Contour #671: Area=   954, Ratio=1.00, Circ=0.90, Sol=0.98 -> Ô£ù REJECTED
              Area too large (954 ÔëÑ 600)
Contour #672: Area=   953, Ratio=1.00, Circ=0.90, Sol=0.98 -> Ô£ù REJECTED
              Area too large (953 ÔëÑ 600)
Contour #673: Area=   953, Ratio=1.00, Circ=0.90, Sol=0.98 -> Ô£ù REJECTED
              Area too large (953 ÔëÑ 600)
Contour #674: Area=   547, Ratio=1.03, Circ=0.25, Sol=0.56 -> Ô£ù REJECTED
              Circularity too low (0.25 < 0.6)
Contour #675: Area=   959, Ratio=1.00, Circ=0.90, Sol=0.98 -> Ô£ù REJECTED
              Area too large (959 ÔëÑ 600)
Contour #676: Area=   954, Ratio=1.00, Circ=0.90, Sol=0.98 -> Ô£ù REJECTED
              Area too large (954 ÔëÑ 600)
Contour #677: Area=   955, Ratio=1.00, Circ=0.90, Sol=0.98 -> Ô£ù REJECTED
              Area too large (955 ÔëÑ 600)
Contour #678: Area=   958, Ratio=1.00, Circ=0.90, Sol=0.98 -> Ô£ù REJECTED
              Area too large (958 ÔëÑ 600)
Contour #679: Area=   961, Ratio=1.00, Circ=0.91, Sol=0.99 -> Ô£ù REJECTED
              Area too large (961 ÔëÑ 600)
Contour #680: Area=   960, Ratio=1.00, Circ=0.91, Sol=0.99 -> Ô£ù REJECTED
              Area too large (960 ÔëÑ 600)
Contour #681: Area=   990, Ratio=1.00, Circ=0.90, Sol=0.98 -> Ô£ù REJECTED
              Area too large (990 ÔëÑ 600)
Contour #682: Area=   962, Ratio=1.00, Circ=0.91, Sol=0.98 -> Ô£ù REJECTED
              Area too large (962 ÔëÑ 600)
Contour #683: Area=   956, Ratio=1.00, Circ=0.90, Sol=0.98 -> Ô£ù REJECTED
              Area too large (956 ÔëÑ 600)
Contour #684: Area=   957, Ratio=1.00, Circ=0.90, Sol=0.98 -> Ô£ù REJECTED
              Area too large (957 ÔëÑ 600)
Contour #685: Area=   959, Ratio=1.00, Circ=0.90, Sol=0.98 -> Ô£ù REJECTED
              Area too large (959 ÔëÑ 600)
Contour #686: Area=   958, Ratio=1.00, Circ=0.90, Sol=0.98 -> Ô£ù REJECTED
              Area too large (958 ÔëÑ 600)
Contour #687: Area=   954, Ratio=1.00, Circ=0.91, Sol=0.99 -> Ô£ù REJECTED
              Area too large (954 ÔëÑ 600)
Contour #688: Area=   958, Ratio=1.00, Circ=0.89, Sol=0.98 -> Ô£ù REJECTED
              Area too large (958 ÔëÑ 600)
Contour #689: Area=   958, Ratio=1.00, Circ=0.90, Sol=0.98 -> Ô£ù REJECTED
              Area too large (958 ÔëÑ 600)
Contour #690: Area=   958, Ratio=1.00, Circ=0.90, Sol=0.98 -> Ô£ù REJECTED
              Area too large (958 ÔëÑ 600)
Contour #691: Area=  1230, Ratio=1.02, Circ=0.89, Sol=0.98 -> Ô£ù REJECTED
              Area too large (1230 ÔëÑ 600)
Contour #692: Area=  1228, Ratio=1.00, Circ=0.90, Sol=0.98 -> Ô£ù REJECTED
              Area too large (1228 ÔëÑ 600)
Contour #693: Area=  1210, Ratio=1.02, Circ=0.89, Sol=0.98 -> Ô£ù REJECTED
              Area too large (1210 ÔëÑ 600)
Contour #694: Area=  1232, Ratio=1.02, Circ=0.89, Sol=0.98 -> Ô£ù REJECTED
              Area too large (1232 ÔëÑ 600)
Contour #695: Area=  1227, Ratio=1.00, Circ=0.91, Sol=0.99 -> Ô£ù REJECTED
              Area too large (1227 ÔëÑ 600)
Contour #696: Area=  1224, Ratio=1.00, Circ=0.90, Sol=0.98 -> Ô£ù REJECTED
              Area too large (1224 ÔëÑ 600)
Contour #697: Area=  1231, Ratio=1.02, Circ=0.90, Sol=0.98 -> Ô£ù REJECTED
              Area too large (1231 ÔëÑ 600)
Contour #698: Area=  1225, Ratio=1.02, Circ=0.90, Sol=0.98 -> Ô£ù REJECTED
              Area too large (1225 ÔëÑ 600)
Contour #699: Area=  1225, Ratio=1.00, Circ=0.91, Sol=0.99 -> Ô£ù REJECTED
              Area too large (1225 ÔëÑ 600)
Contour #700: Area=  1218, Ratio=1.00, Circ=0.89, Sol=0.98 -> Ô£ù REJECTED
              Area too large (1218 ÔëÑ 600)
Contour #701: Area=  1228, Ratio=1.02, Circ=0.90, Sol=0.98 -> Ô£ù REJECTED
              Area too large (1228 ÔëÑ 600)
Contour #702: Area=  1226, Ratio=1.00, Circ=0.91, Sol=0.99 -> Ô£ù REJECTED
              Area too large (1226 ÔëÑ 600)
Contour #703: Area=  1228, Ratio=1.02, Circ=0.89, Sol=0.98 -> Ô£ù REJECTED
              Area too large (1228 ÔëÑ 600)
Contour #704: Area=  1227, Ratio=1.00, Circ=0.91, Sol=0.99 -> Ô£ù REJECTED
              Area too large (1227 ÔëÑ 600)
Contour #705: Area=  1228, Ratio=1.02, Circ=0.89, Sol=0.98 -> Ô£ù REJECTED
              Area too large (1228 ÔëÑ 600)
Contour #706: Area=  1223, Ratio=1.00, Circ=0.91, Sol=0.99 -> Ô£ù REJECTED
              Area too large (1223 ÔëÑ 600)
Contour #707: Area=  1226, Ratio=1.02, Circ=0.89, Sol=0.98 -> Ô£ù REJECTED
              Area too large (1226 ÔëÑ 600)
Contour #708: Area=  1224, Ratio=1.00, Circ=0.90, Sol=0.98 -> Ô£ù REJECTED
              Area too large (1224 ÔëÑ 600)
Contour #709: Area=  1222, Ratio=1.00, Circ=0.91, Sol=0.99 -> Ô£ù REJECTED
              Area too large (1222 ÔëÑ 600)
Contour #710: Area=  1226, Ratio=0.98, Circ=0.90, Sol=0.98 -> Ô£ù REJECTED
              Area too large (1226 ÔëÑ 600)
Contour #711: Area=  1234, Ratio=1.00, Circ=0.89, Sol=0.98 -> Ô£ù REJECTED
              Area too large (1234 ÔëÑ 600)
Contour #712: Area=  1230, Ratio=0.98, Circ=0.89, Sol=0.98 -> Ô£ù REJECTED
              Area too large (1230 ÔëÑ 600)
Contour #713: Area=  1237, Ratio=1.00, Circ=0.89, Sol=0.98 -> Ô£ù REJECTED
              Area too large (1237 ÔëÑ 600)
Contour #714: Area=  1234, Ratio=1.00, Circ=0.88, Sol=0.98 -> Ô£ù REJECTED
              Area too large (1234 ÔëÑ 600)
Contour #715: Area=   304, Ratio=152.50, Circ=0.01, Sol=1.00 -> Ô£ù REJECTED
              Aspect ratio out of range (152.50)
Contour #716: Area=   284, Ratio=142.50, Circ=0.01, Sol=1.00 -> Ô£ù REJECTED
              Aspect ratio out of range (142.50)
Contour #717: Area=   481, Ratio=96.67, Circ=0.02, Sol=0.84 -> Ô£ù REJECTED
              Aspect ratio out of range (96.67)
Contour #718: Area=   567, Ratio=96.67, Circ=0.02, Sol=0.99 -> Ô£ù REJECTED
              Aspect ratio out of range (96.67)
Contour #719: Area=   575, Ratio=96.67, Circ=0.02, Sol=1.00 -> Ô£ù REJECTED
              Aspect ratio out of range (96.67)
Contour #720: Area=   358, Ratio=96.67, Circ=0.01, Sol=0.68 -> Ô£ù REJECTED
              Aspect ratio out of range (96.67)
Contour #721: Area=     7, Ratio=0.60, Circ=0.75, Sol=1.00 -> Ô£ù REJECTED
              Area too small (7 Ôëñ 30)
Contour #722: Area=    10, Ratio=0.67, Circ=0.70, Sol=1.00 -> Ô£ù REJECTED
              Area too small (10 Ôëñ 30)
Contour #723: Area=    61, Ratio=1.38, Circ=0.89, Sol=0.99 -> Ô£ô ACCEPTED
Contour #724: Area=    60, Ratio=1.38, Circ=0.88, Sol=0.98 -> Ô£ô ACCEPTED
Contour #725: Area=    60, Ratio=1.38, Circ=0.88, Sol=0.98 -> Ô£ô ACCEPTED
Contour #726: Area=    66, Ratio=1.22, Circ=0.87, Sol=0.97 -> Ô£ô ACCEPTED
Contour #727: Area=    64, Ratio=1.22, Circ=0.86, Sol=0.96 -> Ô£ô ACCEPTED
Contour #728: Area=   192, Ratio=0.94, Circ=0.91, Sol=0.98 -> Ô£ô ACCEPTED
Contour #729: Area=    34, Ratio=0.88, Circ=0.88, Sol=0.97 -> Ô£ô ACCEPTED
Contour #730: Area=    35, Ratio=0.89, Circ=0.83, Sol=0.96 -> Ô£ô ACCEPTED
Contour #731: Area=    36, Ratio=0.89, Circ=0.83, Sol=0.95 -> Ô£ô ACCEPTED
Contour #732: Area=   454, Ratio=3.58, Circ=0.55, Sol=1.00 -> Ô£ù REJECTED
              Aspect ratio out of range (3.58)
Contour #733: Area=    37, Ratio=0.78, Circ=0.86, Sol=0.97 -> Ô£ô ACCEPTED
Contour #734: Area=    38, Ratio=0.89, Circ=0.82, Sol=0.95 -> Ô£ô ACCEPTED
Contour #735: Area=   141, Ratio=0.80, Circ=0.91, Sol=1.00 -> Ô£ô ACCEPTED
Contour #736: Area=   146, Ratio=0.75, Circ=0.86, Sol=0.99 -> Ô£ô ACCEPTED
Contour #737: Area=    49, Ratio=1.43, Circ=0.88, Sol=1.00 -> Ô£ô ACCEPTED
Contour #738: Area=   146, Ratio=0.75, Circ=0.88, Sol=0.99 -> Ô£ô ACCEPTED
Contour #739: Area=    50, Ratio=1.38, Circ=0.84, Sol=0.96 -> Ô£ô ACCEPTED
Contour #740: Area=   144, Ratio=0.75, Circ=0.89, Sol=1.00 -> Ô£ô ACCEPTED
Contour #741: Area=    52, Ratio=1.38, Circ=0.87, Sol=0.98 -> Ô£ô ACCEPTED
Contour #742: Area=   146, Ratio=0.75, Circ=0.88, Sol=0.99 -> Ô£ô ACCEPTED
Contour #743: Area=    54, Ratio=1.38, Circ=0.86, Sol=0.97 -> Ô£ô ACCEPTED
Contour #744: Area=   144, Ratio=0.75, Circ=0.87, Sol=0.99 -> Ô£ô ACCEPTED
Contour #745: Area=    54, Ratio=1.38, Circ=0.86, Sol=0.97 -> Ô£ô ACCEPTED
Contour #746: Area=   105, Ratio=0.68, Circ=0.16, Sol=0.52 -> Ô£ù REJECTED
              Circularity too low (0.16 < 0.6)
Contour #747: Area=   107, Ratio=0.68, Circ=0.17, Sol=0.55 -> Ô£ù REJECTED
              Circularity too low (0.17 < 0.6)
Contour #748: Area=   110, Ratio=0.68, Circ=0.18, Sol=0.54 -> Ô£ù REJECTED
              Circularity too low (0.18 < 0.6)
Contour #749: Area=   107, Ratio=0.68, Circ=0.17, Sol=0.54 -> Ô£ù REJECTED
              Circularity too low (0.17 < 0.6)
Contour #750: Area=    80, Ratio=0.50, Circ=0.32, Sol=0.65 -> Ô£ù REJECTED
              Aspect ratio out of range (0.50)
Contour #751: Area=   104, Ratio=0.74, Circ=0.16, Sol=0.50 -> Ô£ù REJECTED
              Circularity too low (0.16 < 0.6)
Contour #752: Area=    77, Ratio=0.50, Circ=0.33, Sol=0.64 -> Ô£ù REJECTED
              Aspect ratio out of range (0.50)
Contour #753: Area=   108, Ratio=0.70, Circ=0.17, Sol=0.53 -> Ô£ù REJECTED
              Circularity too low (0.17 < 0.6)
Contour #754: Area=    73, Ratio=0.45, Circ=0.35, Sol=0.68 -> Ô£ù REJECTED
              Aspect ratio out of range (0.45)
Contour #755: Area=    74, Ratio=0.45, Circ=0.34, Sol=0.68 -> Ô£ù REJECTED
              Aspect ratio out of range (0.45)
Contour #756: Area=   117, Ratio=0.89, Circ=0.32, Sol=0.61 -> Ô£ù REJECTED
              Circularity too low (0.32 < 0.6)
Contour #757: Area=    73, Ratio=0.45, Circ=0.32, Sol=0.67 -> Ô£ù REJECTED
              Aspect ratio out of range (0.45)
Contour #758: Area=   218, Ratio=0.74, Circ=0.76, Sol=0.96 -> Ô£ô ACCEPTED
Contour #759: Area=    77, Ratio=0.50, Circ=0.32, Sol=0.63 -> Ô£ù REJECTED
              Aspect ratio out of range (0.50)
Contour #760: Area=   251, Ratio=0.84, Circ=0.87, Sol=1.00 -> Ô£ô ACCEPTED
Contour #761: Area=   220, Ratio=0.74, Circ=0.75, Sol=0.97 -> Ô£ô ACCEPTED
Contour #762: Area=   117, Ratio=0.89, Circ=0.32, Sol=0.62 -> Ô£ù REJECTED
              Circularity too low (0.32 < 0.6)
Contour #763: Area=   251, Ratio=0.84, Circ=0.87, Sol=1.00 -> Ô£ô ACCEPTED
Contour #764: Area=    89, Ratio=0.85, Circ=0.12, Sol=0.34 -> Ô£ù REJECTED
              Circularity too low (0.12 < 0.6)
Contour #765: Area=    16, Ratio=0.88, Circ=0.37, Sol=0.60 -> Ô£ù REJECTED
              Area too small (16 Ôëñ 30)
Contour #766: Area=   115, Ratio=0.89, Circ=0.32, Sol=0.62 -> Ô£ù REJECTED
              Circularity too low (0.32 < 0.6)
Contour #767: Area=   824, Ratio=2.58, Circ=0.59, Sol=0.95 -> Ô£ù REJECTED
              Area too large (824 ÔëÑ 600)
Contour #768: Area=   252, Ratio=0.84, Circ=0.86, Sol=1.00 -> Ô£ô ACCEPTED
Contour #769: Area=    91, Ratio=0.85, Circ=0.13, Sol=0.35 -> Ô£ù REJECTED
              Circularity too low (0.13 < 0.6)
Contour #770: Area=   222, Ratio=0.70, Circ=0.73, Sol=0.96 -> Ô£ô ACCEPTED
Contour #771: Area=   114, Ratio=0.95, Circ=0.30, Sol=0.62 -> Ô£ù REJECTED
              Circularity too low (0.30 < 0.6)
Contour #772: Area=   259, Ratio=0.80, Circ=0.84, Sol=0.98 -> Ô£ô ACCEPTED
Contour #773: Area=    92, Ratio=0.85, Circ=0.13, Sol=0.35 -> Ô£ù REJECTED
              Circularity too low (0.13 < 0.6)
Contour #774: Area=   224, Ratio=0.70, Circ=0.78, Sol=0.97 -> Ô£ô ACCEPTED
Contour #775: Area=   112, Ratio=0.85, Circ=0.30, Sol=0.60 -> Ô£ù REJECTED
              Circularity too low (0.30 < 0.6)
Contour #776: Area=   256, Ratio=0.80, Circ=0.83, Sol=0.98 -> Ô£ô ACCEPTED
Contour #777: Area=    96, Ratio=0.85, Circ=0.14, Sol=0.37 -> Ô£ù REJECTED
              Circularity too low (0.14 < 0.6)
Contour #778: Area=   222, Ratio=0.70, Circ=0.78, Sol=0.97 -> Ô£ô ACCEPTED
Contour #779: Area=   256, Ratio=0.80, Circ=0.81, Sol=0.97 -> Ô£ô ACCEPTED
Contour #780: Area=    92, Ratio=0.85, Circ=0.13, Sol=0.36 -> Ô£ù REJECTED
              Circularity too low (0.13 < 0.6)
Contour #781: Area=    96, Ratio=0.85, Circ=0.13, Sol=0.36 -> Ô£ù REJECTED
              Circularity too low (0.13 < 0.6)
Contour #782: Area=   610, Ratio=1.09, Circ=0.42, Sol=0.68 -> Ô£ù REJECTED
              Area too large (610 ÔëÑ 600)
Contour #783: Area=   191, Ratio=1.00, Circ=0.88, Sol=0.97 -> Ô£ô ACCEPTED
Contour #784: Area=   950, Ratio=1.03, Circ=0.91, Sol=0.99 -> Ô£ù REJECTED
              Area too large (950 ÔëÑ 600)
Contour #785: Area=   947, Ratio=1.03, Circ=0.91, Sol=0.98 -> Ô£ù REJECTED
              Area too large (947 ÔëÑ 600)
Contour #786: Area=   955, Ratio=1.03, Circ=0.91, Sol=0.99 -> Ô£ù REJECTED
              Area too large (955 ÔëÑ 600)
Contour #787: Area=   623, Ratio=1.03, Circ=0.41, Sol=0.68 -> Ô£ù REJECTED
              Area too large (623 ÔëÑ 600)
Contour #788: Area=   954, Ratio=1.00, Circ=0.90, Sol=0.98 -> Ô£ù REJECTED
              Area too large (954 ÔëÑ 600)
Contour #789: Area=   953, Ratio=1.00, Circ=0.90, Sol=0.98 -> Ô£ù REJECTED
              Area too large (953 ÔëÑ 600)
Contour #790: Area=   955, Ratio=1.00, Circ=0.90, Sol=0.98 -> Ô£ù REJECTED
              Area too large (955 ÔëÑ 600)
Contour #791: Area=   954, Ratio=1.00, Circ=0.90, Sol=0.98 -> Ô£ù REJECTED
              Area too large (954 ÔëÑ 600)
Contour #792: Area=   956, Ratio=1.00, Circ=0.90, Sol=0.98 -> Ô£ù REJECTED
              Area too large (956 ÔëÑ 600)
Contour #793: Area=   954, Ratio=1.00, Circ=0.90, Sol=0.98 -> Ô£ù REJECTED
              Area too large (954 ÔëÑ 600)
Contour #794: Area=   956, Ratio=1.00, Circ=0.90, Sol=0.98 -> Ô£ù REJECTED
              Area too large (956 ÔëÑ 600)
Contour #795: Area=   957, Ratio=1.00, Circ=0.90, Sol=0.98 -> Ô£ù REJECTED
              Area too large (957 ÔëÑ 600)
Contour #796: Area=   954, Ratio=1.00, Circ=0.90, Sol=0.98 -> Ô£ù REJECTED
              Area too large (954 ÔëÑ 600)
Contour #797: Area=   953, Ratio=1.00, Circ=0.90, Sol=0.98 -> Ô£ù REJECTED
              Area too large (953 ÔëÑ 600)
Contour #798: Area=   953, Ratio=1.00, Circ=0.90, Sol=0.98 -> Ô£ù REJECTED
              Area too large (953 ÔëÑ 600)
Contour #799: Area=   954, Ratio=1.00, Circ=0.89, Sol=0.98 -> Ô£ù REJECTED
              Area too large (954 ÔëÑ 600)
Contour #800: Area=   956, Ratio=1.00, Circ=0.90, Sol=0.98 -> Ô£ù REJECTED
              Area too large (956 ÔëÑ 600)
Contour #801: Area=   953, Ratio=1.00, Circ=0.90, Sol=0.98 -> Ô£ù REJECTED
              Area too large (953 ÔëÑ 600)
Contour #802: Area=   954, Ratio=1.00, Circ=0.90, Sol=0.98 -> Ô£ù REJECTED
              Area too large (954 ÔëÑ 600)
Contour #803: Area=   952, Ratio=1.00, Circ=0.90, Sol=0.98 -> Ô£ù REJECTED
              Area too large (952 ÔëÑ 600)
Contour #804: Area=   951, Ratio=1.00, Circ=0.90, Sol=0.98 -> Ô£ù REJECTED
              Area too large (951 ÔëÑ 600)
Contour #805: Area=   954, Ratio=1.00, Circ=0.90, Sol=0.98 -> Ô£ù REJECTED
              Area too large (954 ÔëÑ 600)
Contour #806: Area=   956, Ratio=1.00, Circ=0.90, Sol=0.98 -> Ô£ù REJECTED
              Area too large (956 ÔëÑ 600)
Contour #807: Area=  1226, Ratio=1.02, Circ=0.89, Sol=0.98 -> Ô£ù REJECTED
              Area too large (1226 ÔëÑ 600)
Contour #808: Area=  1228, Ratio=1.02, Circ=0.89, Sol=0.98 -> Ô£ù REJECTED
              Area too large (1228 ÔëÑ 600)
Contour #809: Area=  1232, Ratio=1.02, Circ=0.89, Sol=0.98 -> Ô£ù REJECTED
              Area too large (1232 ÔëÑ 600)
Contour #810: Area=  1228, Ratio=1.00, Circ=0.90, Sol=0.98 -> Ô£ù REJECTED
              Area too large (1228 ÔëÑ 600)
Contour #811: Area=  1229, Ratio=1.02, Circ=0.90, Sol=0.98 -> Ô£ù REJECTED
              Area too large (1229 ÔëÑ 600)
Contour #812: Area=  1234, Ratio=1.02, Circ=0.89, Sol=0.98 -> Ô£ù REJECTED
              Area too large (1234 ÔëÑ 600)
Contour #813: Area=  1236, Ratio=1.02, Circ=0.90, Sol=0.98 -> Ô£ù REJECTED
              Area too large (1236 ÔëÑ 600)
Contour #814: Area=  1228, Ratio=1.00, Circ=0.91, Sol=0.99 -> Ô£ù REJECTED
              Area too large (1228 ÔëÑ 600)
Contour #815: Area=  1230, Ratio=1.02, Circ=0.89, Sol=0.98 -> Ô£ù REJECTED
              Area too large (1230 ÔëÑ 600)
Contour #816: Area=  1231, Ratio=1.00, Circ=0.91, Sol=0.99 -> Ô£ù REJECTED
              Area too large (1231 ÔëÑ 600)
Contour #817: Area=  1230, Ratio=1.02, Circ=0.89, Sol=0.98 -> Ô£ù REJECTED
              Area too large (1230 ÔëÑ 600)
Contour #818: Area=  1232, Ratio=1.00, Circ=0.91, Sol=0.99 -> Ô£ù REJECTED
              Area too large (1232 ÔëÑ 600)
Contour #819: Area=  1237, Ratio=1.02, Circ=0.89, Sol=0.98 -> Ô£ù REJECTED
              Area too large (1237 ÔëÑ 600)
Contour #820: Area=  1236, Ratio=1.02, Circ=0.90, Sol=0.98 -> Ô£ù REJECTED
              Area too large (1236 ÔëÑ 600)
Contour #821: Area=  1234, Ratio=1.02, Circ=0.90, Sol=0.98 -> Ô£ù REJECTED
              Area too large (1234 ÔëÑ 600)
Contour #822: Area=  1232, Ratio=1.00, Circ=0.90, Sol=0.99 -> Ô£ù REJECTED
              Area too large (1232 ÔëÑ 600)
Contour #823: Area=  1226, Ratio=1.02, Circ=0.90, Sol=0.99 -> Ô£ù REJECTED
              Area too large (1226 ÔëÑ 600)
Contour #824: Area=  1234, Ratio=1.02, Circ=0.90, Sol=0.99 -> Ô£ù REJECTED
              Area too large (1234 ÔëÑ 600)
Contour #825: Area=  1234, Ratio=1.00, Circ=0.88, Sol=0.98 -> Ô£ù REJECTED
              Area too large (1234 ÔëÑ 600)
Contour #826: Area=  1230, Ratio=0.98, Circ=0.89, Sol=0.98 -> Ô£ù REJECTED
              Area too large (1230 ÔëÑ 600)
Contour #827: Area=  1235, Ratio=1.00, Circ=0.89, Sol=0.98 -> Ô£ù REJECTED
              Area too large (1235 ÔëÑ 600)
Contour #828: Area=  1234, Ratio=1.00, Circ=0.89, Sol=0.98 -> Ô£ù REJECTED
              Area too large (1234 ÔëÑ 600)
Contour #829: Area=  1230, Ratio=0.98, Circ=0.89, Sol=0.98 -> Ô£ù REJECTED
              Area too large (1230 ÔëÑ 600)
Contour #830: Area=  1218, Ratio=0.98, Circ=0.89, Sol=0.98 -> Ô£ù REJECTED
              Area too large (1218 ÔëÑ 600)
Contour #831: Area=   290, Ratio=146.00, Circ=0.01, Sol=1.00 -> Ô£ù REJECTED
              Aspect ratio out of range (146.00)
Contour #832: Area=   426, Ratio=97.00, Circ=0.02, Sol=0.76 -> Ô£ù REJECTED
              Aspect ratio out of range (97.00)
Contour #833: Area=   608, Ratio=102.33, Circ=0.02, Sol=1.00 -> Ô£ù REJECTED
              Area too large (608 ÔëÑ 600)
Contour #834: Area=   568, Ratio=95.67, Circ=0.02, Sol=1.00 -> Ô£ù REJECTED
              Aspect ratio out of range (95.67)
Contour #835: Area=   530, Ratio=97.00, Circ=0.02, Sol=0.92 -> Ô£ù REJECTED
              Aspect ratio out of range (97.00)
Contour #836: Area=   390, Ratio=97.00, Circ=0.01, Sol=0.69 -> Ô£ù REJECTED
              Aspect ratio out of range (97.00)
Contour #837: Area=    64, Ratio=1.50, Circ=0.89, Sol=1.00 -> Ô£ô ACCEPTED
Contour #838: Area=    64, Ratio=1.22, Circ=0.89, Sol=0.98 -> Ô£ô ACCEPTED
Contour #839: Area=    68, Ratio=1.22, Circ=0.90, Sol=0.99 -> Ô£ô ACCEPTED
Contour #840: Area=    67, Ratio=1.22, Circ=0.86, Sol=0.96 -> Ô£ô ACCEPTED
Contour #841: Area=    66, Ratio=1.22, Circ=0.89, Sol=0.98 -> Ô£ô ACCEPTED
Contour #842: Area=    64, Ratio=1.22, Circ=0.86, Sol=0.96 -> Ô£ô ACCEPTED
Contour #843: Area=    26, Ratio=0.86, Circ=0.88, Sol=0.98 -> Ô£ù REJECTED
              Area too small (26 Ôëñ 30)
Contour #844: Area=    26, Ratio=0.75, Circ=0.84, Sol=0.96 -> Ô£ù REJECTED
              Area too small (26 Ôëñ 30)
Contour #845: Area=    26, Ratio=0.75, Circ=0.88, Sol=1.00 -> Ô£ù REJECTED
              Area too small (26 Ôëñ 30)
Contour #846: Area=   222, Ratio=0.94, Circ=0.92, Sol=0.99 -> Ô£ô ACCEPTED
Contour #847: Area=    26, Ratio=0.75, Circ=0.88, Sol=1.00 -> Ô£ù REJECTED
              Area too small (26 Ôëñ 30)
Contour #848: Area=    26, Ratio=0.75, Circ=0.84, Sol=0.98 -> Ô£ù REJECTED
              Area too small (26 Ôëñ 30)
Contour #849: Area=    26, Ratio=0.88, Circ=0.81, Sol=0.96 -> Ô£ù REJECTED
              Area too small (26 Ôëñ 30)
Contour #850: Area=    35, Ratio=1.55, Circ=0.15, Sol=0.33 -> Ô£ù REJECTED
              Circularity too low (0.15 < 0.6)
Contour #851: Area=    36, Ratio=0.89, Circ=0.83, Sol=0.95 -> Ô£ô ACCEPTED
Contour #852: Area=    40, Ratio=0.89, Circ=0.86, Sol=0.96 -> Ô£ô ACCEPTED
Contour #853: Area=    40, Ratio=0.89, Circ=0.86, Sol=0.96 -> Ô£ô ACCEPTED
Contour #854: Area=    40, Ratio=0.89, Circ=0.86, Sol=0.96 -> Ô£ô ACCEPTED
Contour #855: Area=   453, Ratio=3.58, Circ=0.55, Sol=1.00 -> Ô£ù REJECTED
              Aspect ratio out of range (3.58)
Contour #856: Area=    53, Ratio=1.38, Circ=0.84, Sol=0.96 -> Ô£ô ACCEPTED
Contour #857: Area=   144, Ratio=0.75, Circ=0.87, Sol=0.99 -> Ô£ô ACCEPTED
Contour #858: Area=    54, Ratio=1.38, Circ=0.86, Sol=0.97 -> Ô£ô ACCEPTED
Contour #859: Area=   148, Ratio=0.75, Circ=0.87, Sol=0.99 -> Ô£ô ACCEPTED
Contour #860: Area=    55, Ratio=1.38, Circ=0.87, Sol=0.98 -> Ô£ô ACCEPTED
Contour #861: Area=   149, Ratio=0.75, Circ=0.88, Sol=0.99 -> Ô£ô ACCEPTED
Contour #862: Area=    58, Ratio=1.38, Circ=0.89, Sol=0.99 -> Ô£ô ACCEPTED
Contour #863: Area=   147, Ratio=0.75, Circ=0.87, Sol=0.99 -> Ô£ô ACCEPTED
Contour #864: Area=    56, Ratio=1.38, Circ=0.89, Sol=0.99 -> Ô£ô ACCEPTED
Contour #865: Area=   149, Ratio=0.71, Circ=0.85, Sol=0.98 -> Ô£ô ACCEPTED
Contour #866: Area=    57, Ratio=1.22, Circ=0.85, Sol=0.96 -> Ô£ô ACCEPTED
Contour #867: Area=   150, Ratio=0.71, Circ=0.85, Sol=0.98 -> Ô£ô ACCEPTED
Contour #868: Area=   128, Ratio=0.79, Circ=0.53, Sol=0.77 -> Ô£ù REJECTED
              Circularity too low (0.53 < 0.6)
Contour #869: Area=    73, Ratio=0.53, Circ=0.33, Sol=0.62 -> Ô£ù REJECTED
              Aspect ratio out of range (0.53)
Contour #870: Area=   123, Ratio=0.79, Circ=0.52, Sol=0.77 -> Ô£ù REJECTED
              Circularity too low (0.52 < 0.6)
Contour #871: Area=    74, Ratio=0.50, Circ=0.29, Sol=0.60 -> Ô£ù REJECTED
              Aspect ratio out of range (0.50)
Contour #872: Area=   118, Ratio=0.75, Circ=0.47, Sol=0.74 -> Ô£ù REJECTED
              Circularity too low (0.47 < 0.6)
Contour #873: Area=    74, Ratio=0.50, Circ=0.34, Sol=0.67 -> Ô£ù REJECTED
              Aspect ratio out of range (0.50)
Contour #874: Area=   124, Ratio=0.70, Circ=0.47, Sol=0.74 -> Ô£ù REJECTED
              Circularity too low (0.47 < 0.6)
Contour #875: Area=    73, Ratio=0.45, Circ=0.35, Sol=0.68 -> Ô£ù REJECTED
              Aspect ratio out of range (0.45)
Contour #876: Area=   123, Ratio=0.70, Circ=0.49, Sol=0.76 -> Ô£ù REJECTED
              Circularity too low (0.49 < 0.6)
Contour #877: Area=    72, Ratio=0.45, Circ=0.33, Sol=0.67 -> Ô£ù REJECTED
              Aspect ratio out of range (0.45)
Contour #878: Area=   127, Ratio=0.75, Circ=0.52, Sol=0.78 -> Ô£ù REJECTED
              Circularity too low (0.52 < 0.6)
Contour #879: Area=    71, Ratio=0.45, Circ=0.31, Sol=0.66 -> Ô£ù REJECTED
              Aspect ratio out of range (0.45)
Contour #880: Area=   108, Ratio=0.89, Circ=0.29, Sol=0.59 -> Ô£ù REJECTED
              Circularity too low (0.29 < 0.6)
Contour #881: Area=   247, Ratio=0.84, Circ=0.83, Sol=0.98 -> Ô£ô ACCEPTED
Contour #882: Area=   215, Ratio=0.79, Circ=0.73, Sol=0.93 -> Ô£ô ACCEPTED
Contour #883: Area=   818, Ratio=2.58, Circ=0.59, Sol=0.95 -> Ô£ù REJECTED
              Area too large (818 ÔëÑ 600)
Contour #884: Area=   247, Ratio=0.84, Circ=0.86, Sol=0.99 -> Ô£ô ACCEPTED
Contour #885: Area=   212, Ratio=0.74, Circ=0.77, Sol=0.97 -> Ô£ô ACCEPTED
Contour #886: Area=   110, Ratio=0.84, Circ=0.31, Sol=0.60 -> Ô£ù REJECTED
              Circularity too low (0.31 < 0.6)
Contour #887: Area=   249, Ratio=0.84, Circ=0.87, Sol=0.99 -> Ô£ô ACCEPTED
Contour #888: Area=    80, Ratio=0.89, Circ=0.12, Sol=0.32 -> Ô£ù REJECTED
              Circularity too low (0.12 < 0.6)
Contour #889: Area=   213, Ratio=0.74, Circ=0.76, Sol=0.96 -> Ô£ô ACCEPTED
Contour #890: Area=   104, Ratio=0.84, Circ=0.31, Sol=0.60 -> Ô£ù REJECTED
              Circularity too low (0.31 < 0.6)
Contour #891: Area=   249, Ratio=0.84, Circ=0.87, Sol=0.99 -> Ô£ô ACCEPTED
Contour #892: Area=    82, Ratio=0.85, Circ=0.12, Sol=0.32 -> Ô£ù REJECTED
              Circularity too low (0.12 < 0.6)
Contour #893: Area=   214, Ratio=0.74, Circ=0.76, Sol=0.96 -> Ô£ô ACCEPTED
Contour #894: Area=   110, Ratio=0.84, Circ=0.32, Sol=0.62 -> Ô£ù REJECTED
              Circularity too low (0.32 < 0.6)
Contour #895: Area=   249, Ratio=0.84, Circ=0.87, Sol=0.99 -> Ô£ô ACCEPTED
Contour #896: Area=    88, Ratio=0.85, Circ=0.13, Sol=0.34 -> Ô£ù REJECTED
              Circularity too low (0.13 < 0.6)
Contour #897: Area=   213, Ratio=0.74, Circ=0.76, Sol=0.96 -> Ô£ô ACCEPTED
Contour #898: Area=   247, Ratio=0.80, Circ=0.81, Sol=0.96 -> Ô£ô ACCEPTED
Contour #899: Area=    88, Ratio=0.85, Circ=0.13, Sol=0.34 -> Ô£ù REJECTED
              Circularity too low (0.13 < 0.6)
Contour #900: Area=   212, Ratio=0.70, Circ=0.74, Sol=0.94 -> Ô£ô ACCEPTED
Contour #901: Area=    86, Ratio=0.85, Circ=0.13, Sol=0.34 -> Ô£ù REJECTED
              Circularity too low (0.13 < 0.6)
Contour #902: Area=    82, Ratio=0.85, Circ=0.12, Sol=0.32 -> Ô£ù REJECTED
              Circularity too low (0.12 < 0.6)
Contour #903: Area=   954, Ratio=1.03, Circ=0.91, Sol=0.99 -> Ô£ù REJECTED
              Area too large (954 ÔëÑ 600)
Contour #904: Area=   950, Ratio=1.03, Circ=0.91, Sol=0.99 -> Ô£ù REJECTED
              Area too large (950 ÔëÑ 600)
Contour #905: Area=   954, Ratio=1.03, Circ=0.91, Sol=0.99 -> Ô£ù REJECTED
              Area too large (954 ÔëÑ 600)
Contour #906: Area=   952, Ratio=1.03, Circ=0.91, Sol=0.99 -> Ô£ù REJECTED
              Area too large (952 ÔëÑ 600)
Contour #907: Area=   957, Ratio=1.00, Circ=0.90, Sol=0.98 -> Ô£ù REJECTED
              Area too large (957 ÔëÑ 600)
Contour #908: Area=   955, Ratio=1.00, Circ=0.90, Sol=0.98 -> Ô£ù REJECTED
              Area too large (955 ÔëÑ 600)
Contour #909: Area=   954, Ratio=1.00, Circ=0.90, Sol=0.98 -> Ô£ù REJECTED
              Area too large (954 ÔëÑ 600)
Contour #910: Area=   955, Ratio=1.00, Circ=0.90, Sol=0.98 -> Ô£ù REJECTED
              Area too large (955 ÔëÑ 600)
Contour #911: Area=   953, Ratio=1.00, Circ=0.90, Sol=0.98 -> Ô£ù REJECTED
              Area too large (953 ÔëÑ 600)
Contour #912: Area=   957, Ratio=1.00, Circ=0.90, Sol=0.98 -> Ô£ù REJECTED
              Area too large (957 ÔëÑ 600)
Contour #913: Area=   958, Ratio=1.00, Circ=0.89, Sol=0.98 -> Ô£ù REJECTED
              Area too large (958 ÔëÑ 600)
Contour #914: Area=   735, Ratio=1.00, Circ=0.62, Sol=0.82 -> Ô£ù REJECTED
              Area too large (735 ÔëÑ 600)
Contour #915: Area=   958, Ratio=1.00, Circ=0.90, Sol=0.98 -> Ô£ù REJECTED
              Area too large (958 ÔëÑ 600)
Contour #916: Area=   958, Ratio=1.00, Circ=0.90, Sol=0.98 -> Ô£ù REJECTED
              Area too large (958 ÔëÑ 600)
Contour #917: Area=   961, Ratio=1.00, Circ=0.91, Sol=0.98 -> Ô£ù REJECTED
              Area too large (961 ÔëÑ 600)
Contour #918: Area=   958, Ratio=1.00, Circ=0.90, Sol=0.98 -> Ô£ù REJECTED
              Area too large (958 ÔëÑ 600)
Contour #919: Area=   962, Ratio=1.00, Circ=0.91, Sol=0.99 -> Ô£ù REJECTED
              Area too large (962 ÔëÑ 600)
Contour #920: Area=   962, Ratio=1.00, Circ=0.90, Sol=0.98 -> Ô£ù REJECTED
              Area too large (962 ÔëÑ 600)
Contour #921: Area=   960, Ratio=1.00, Circ=0.91, Sol=0.98 -> Ô£ù REJECTED
              Area too large (960 ÔëÑ 600)
Contour #922: Area=   588, Ratio=1.03, Circ=0.38, Sol=0.64 -> Ô£ù REJECTED
              Circularity too low (0.38 < 0.6)
Contour #923: Area=   955, Ratio=1.00, Circ=0.90, Sol=0.98 -> Ô£ù REJECTED
              Area too large (955 ÔëÑ 600)
Contour #924: Area=   954, Ratio=1.00, Circ=0.90, Sol=0.98 -> Ô£ù REJECTED
              Area too large (954 ÔëÑ 600)
Contour #925: Area=   958, Ratio=1.00, Circ=0.90, Sol=0.98 -> Ô£ù REJECTED
              Area too large (958 ÔëÑ 600)
Contour #926: Area=   956, Ratio=1.03, Circ=0.88, Sol=0.98 -> Ô£ù REJECTED
              Area too large (956 ÔëÑ 600)
Contour #927: Area=  1224, Ratio=1.00, Circ=0.91, Sol=0.99 -> Ô£ù REJECTED
              Area too large (1224 ÔëÑ 600)
Contour #928: Area=  1226, Ratio=1.02, Circ=0.90, Sol=0.98 -> Ô£ù REJECTED
              Area too large (1226 ÔëÑ 600)
Contour #929: Area=  1227, Ratio=1.00, Circ=0.91, Sol=0.99 -> Ô£ù REJECTED
              Area too large (1227 ÔëÑ 600)
Contour #930: Area=  1231, Ratio=1.02, Circ=0.90, Sol=0.98 -> Ô£ù REJECTED
              Area too large (1231 ÔëÑ 600)
Contour #931: Area=  1232, Ratio=1.02, Circ=0.89, Sol=0.98 -> Ô£ù REJECTED
              Area too large (1232 ÔëÑ 600)
Contour #932: Area=  1236, Ratio=1.02, Circ=0.90, Sol=0.98 -> Ô£ù REJECTED
              Area too large (1236 ÔëÑ 600)
Contour #933: Area=  1228, Ratio=1.00, Circ=0.91, Sol=0.99 -> Ô£ù REJECTED
              Area too large (1228 ÔëÑ 600)
Contour #934: Area=   193, Ratio=1.00, Circ=0.89, Sol=0.97 -> Ô£ô ACCEPTED
Contour #935: Area=  1231, Ratio=1.02, Circ=0.90, Sol=0.98 -> Ô£ù REJECTED
              Area too large (1231 ÔëÑ 600)
Contour #936: Area=  1225, Ratio=1.00, Circ=0.91, Sol=0.99 -> Ô£ù REJECTED
              Area too large (1225 ÔëÑ 600)
Contour #937: Area=  1226, Ratio=1.00, Circ=0.91, Sol=0.99 -> Ô£ù REJECTED
              Area too large (1226 ÔëÑ 600)
Contour #938: Area=  1233, Ratio=1.02, Circ=0.90, Sol=0.98 -> Ô£ù REJECTED
              Area too large (1233 ÔëÑ 600)
Contour #939: Area=  1228, Ratio=1.02, Circ=0.89, Sol=0.98 -> Ô£ù REJECTED
              Area too large (1228 ÔëÑ 600)
Contour #940: Area=  1228, Ratio=1.02, Circ=0.90, Sol=0.98 -> Ô£ù REJECTED
              Area too large (1228 ÔëÑ 600)
Contour #941: Area=  1222, Ratio=1.02, Circ=0.89, Sol=0.98 -> Ô£ù REJECTED
              Area too large (1222 ÔëÑ 600)
Contour #942: Area=  1210, Ratio=1.00, Circ=0.89, Sol=0.98 -> Ô£ù REJECTED
              Area too large (1210 ÔëÑ 600)
Contour #943: Area=  1224, Ratio=1.00, Circ=0.90, Sol=0.98 -> Ô£ù REJECTED
              Area too large (1224 ÔëÑ 600)
Contour #944: Area=  1226, Ratio=1.02, Circ=0.90, Sol=0.98 -> Ô£ù REJECTED
              Area too large (1226 ÔëÑ 600)
Contour #945: Area=  1226, Ratio=0.98, Circ=0.89, Sol=0.98 -> Ô£ù REJECTED
              Area too large (1226 ÔëÑ 600)
Contour #946: Area=  1230, Ratio=1.00, Circ=0.89, Sol=0.98 -> Ô£ù REJECTED
              Area too large (1230 ÔëÑ 600)
Contour #947: Area=  1226, Ratio=0.98, Circ=0.90, Sol=0.98 -> Ô£ù REJECTED
              Area too large (1226 ÔëÑ 600)
Contour #948: Area=  1231, Ratio=1.00, Circ=0.89, Sol=0.98 -> Ô£ù REJECTED
              Area too large (1231 ÔëÑ 600)
Contour #949: Area=  1222, Ratio=0.98, Circ=0.89, Sol=0.98 -> Ô£ù REJECTED
              Area too large (1222 ÔëÑ 600)
Contour #950: Area=  1223, Ratio=0.98, Circ=0.89, Sol=0.98 -> Ô£ù REJECTED
              Area too large (1223 ÔëÑ 600)
Contour #951: Area=  1334, Ratio=0.93, Circ=0.85, Sol=0.97 -> Ô£ù REJECTED
              Area too large (1334 ÔëÑ 600)
Contour #952: Area=   288, Ratio=144.50, Circ=0.01, Sol=1.00 -> Ô£ù REJECTED
              Aspect ratio out of range (144.50)
Contour #953: Area=   518, Ratio=102.00, Circ=0.02, Sol=0.85 -> Ô£ù REJECTED
              Aspect ratio out of range (102.00)
Contour #954: Area=   542, Ratio=95.00, Circ=0.02, Sol=0.96 -> Ô£ù REJECTED
              Aspect ratio out of range (95.00)
Contour #955: Area=   573, Ratio=96.33, Circ=0.02, Sol=1.00 -> Ô£ù REJECTED
              Aspect ratio out of range (96.33)
Contour #956: Area=   347, Ratio=62.67, Circ=0.03, Sol=0.94 -> Ô£ù REJECTED
              Aspect ratio out of range (62.67)
Contour #957: Area=   155, Ratio=29.00, Circ=0.06, Sol=0.93 -> Ô£ù REJECTED
              Aspect ratio out of range (29.00)
Contour #958: Area=   306, Ratio=96.33, Circ=0.01, Sol=0.62 -> Ô£ù REJECTED
              Aspect ratio out of range (96.33)
Contour #959: Area=     0, Ratio=1.00, Circ=0.54, Sol=1.00 -> Ô£ù REJECTED
              Area too small (0 Ôëñ 30)
Contour #960: Area=     4, Ratio=4.33, Circ=0.06, Sol=0.21 -> Ô£ù REJECTED
              Area too small (4 Ôëñ 30)
Contour #961: Area=    61, Ratio=1.38, Circ=0.89, Sol=0.99 -> Ô£ô ACCEPTED
Contour #962: Area=    61, Ratio=1.38, Circ=0.89, Sol=0.99 -> Ô£ô ACCEPTED
Contour #963: Area=    62, Ratio=1.38, Circ=0.91, Sol=1.00 -> Ô£ô ACCEPTED
Contour #964: Area=    63, Ratio=1.22, Circ=0.87, Sol=0.97 -> Ô£ô ACCEPTED
Contour #965: Area=    14, Ratio=0.56, Circ=0.43, Sol=0.79 -> Ô£ù REJECTED
              Area too small (14 Ôëñ 30)
Contour #966: Area=    64, Ratio=1.22, Circ=0.89, Sol=0.98 -> Ô£ô ACCEPTED
Contour #967: Area=    34, Ratio=0.78, Circ=0.87, Sol=0.99 -> Ô£ô ACCEPTED
Contour #968: Area=    37, Ratio=0.89, Circ=0.80, Sol=0.93 -> Ô£ô ACCEPTED
Contour #969: Area=    37, Ratio=0.78, Circ=0.86, Sol=0.97 -> Ô£ô ACCEPTED
Contour #970: Area=   454, Ratio=3.58, Circ=0.56, Sol=1.00 -> Ô£ù REJECTED
              Aspect ratio out of range (3.58)
Contour #971: Area=    36, Ratio=0.78, Circ=0.83, Sol=0.96 -> Ô£ô ACCEPTED
Contour #972: Area=   148, Ratio=0.75, Circ=0.89, Sol=1.00 -> Ô£ô ACCEPTED
Contour #973: Area=   143, Ratio=0.75, Circ=0.89, Sol=0.99 -> Ô£ô ACCEPTED
Contour #974: Area=    52, Ratio=1.38, Circ=0.85, Sol=0.97 -> Ô£ô ACCEPTED
Contour #975: Area=   144, Ratio=0.75, Circ=0.89, Sol=1.00 -> Ô£ô ACCEPTED
Contour #976: Area=    52, Ratio=1.38, Circ=0.87, Sol=0.98 -> Ô£ô ACCEPTED
Contour #977: Area=   147, Ratio=0.75, Circ=0.87, Sol=0.99 -> Ô£ô ACCEPTED
Contour #978: Area=    54, Ratio=1.38, Circ=0.86, Sol=0.97 -> Ô£ô ACCEPTED
Contour #979: Area=   145, Ratio=0.75, Circ=0.86, Sol=0.98 -> Ô£ô ACCEPTED
Contour #980: Area=    52, Ratio=1.38, Circ=0.85, Sol=0.97 -> Ô£ô ACCEPTED
Contour #981: Area=   144, Ratio=0.71, Circ=0.84, Sol=0.97 -> Ô£ô ACCEPTED
Contour #982: Area=    53, Ratio=1.38, Circ=0.84, Sol=0.96 -> Ô£ô ACCEPTED
Contour #983: Area=   101, Ratio=0.68, Circ=0.19, Sol=0.51 -> Ô£ù REJECTED
              Circularity too low (0.19 < 0.6)
Contour #984: Area=   104, Ratio=0.68, Circ=0.19, Sol=0.53 -> Ô£ù REJECTED
              Circularity too low (0.19 < 0.6)
Contour #985: Area=    76, Ratio=0.53, Circ=0.33, Sol=0.63 -> Ô£ù REJECTED
              Aspect ratio out of range (0.53)
Contour #986: Area=   102, Ratio=0.68, Circ=0.19, Sol=0.52 -> Ô£ù REJECTED
              Circularity too low (0.19 < 0.6)
Contour #987: Area=    80, Ratio=0.50, Circ=0.33, Sol=0.66 -> Ô£ù REJECTED
              Aspect ratio out of range (0.50)
Contour #988: Area=   103, Ratio=0.65, Circ=0.19, Sol=0.51 -> Ô£ù REJECTED
              Circularity too low (0.19 < 0.6)
Contour #989: Area=    76, Ratio=0.50, Circ=0.34, Sol=0.65 -> Ô£ù REJECTED
              Aspect ratio out of range (0.50)
Contour #990: Area=   107, Ratio=0.65, Circ=0.21, Sol=0.54 -> Ô£ù REJECTED
              Circularity too low (0.21 < 0.6)
Contour #991: Area=    73, Ratio=0.45, Circ=0.35, Sol=0.68 -> Ô£ù REJECTED
              Aspect ratio out of range (0.45)
Contour #992: Area=    98, Ratio=0.70, Circ=0.18, Sol=0.49 -> Ô£ù REJECTED
              Circularity too low (0.18 < 0.6)
Contour #993: Area=    73, Ratio=0.45, Circ=0.35, Sol=0.68 -> Ô£ù REJECTED
              Aspect ratio out of range (0.45)
Contour #994: Area=   249, Ratio=0.84, Circ=0.87, Sol=0.99 -> Ô£ô ACCEPTED
Contour #995: Area=   118, Ratio=0.89, Circ=0.33, Sol=0.62 -> Ô£ù REJECTED
              Circularity too low (0.33 < 0.6)
Contour #996: Area=    72, Ratio=0.45, Circ=0.32, Sol=0.66 -> Ô£ù REJECTED
              Aspect ratio out of range (0.45)
Contour #997: Area=   251, Ratio=0.84, Circ=0.87, Sol=1.00 -> Ô£ô ACCEPTED
Contour #998: Area=   218, Ratio=0.79, Circ=0.72, Sol=0.94 -> Ô£ô ACCEPTED
Contour #999: Area=   252, Ratio=0.84, Circ=0.88, Sol=1.00 -> Ô£ô ACCEPTED
Contour #1000: Area=    90, Ratio=0.85, Circ=0.12, Sol=0.34 -> Ô£ù REJECTED
              Circularity too low (0.12 < 0.6)
Contour #1001: Area=   220, Ratio=0.74, Circ=0.76, Sol=0.97 -> Ô£ô ACCEPTED
Contour #1002: Area=   116, Ratio=0.89, Circ=0.32, Sol=0.62 -> Ô£ù REJECTED
              Circularity too low (0.32 < 0.6)
Contour #1003: Area=   252, Ratio=0.84, Circ=0.88, Sol=1.00 -> Ô£ô ACCEPTED
Contour #1004: Area=    94, Ratio=0.85, Circ=0.14, Sol=0.36 -> Ô£ù REJECTED
              Circularity too low (0.14 < 0.6)
Contour #1005: Area=   110, Ratio=0.89, Circ=0.31, Sol=0.61 -> Ô£ù REJECTED
              Circularity too low (0.31 < 0.6)
Contour #1006: Area=   820, Ratio=2.58, Circ=0.59, Sol=0.95 -> Ô£ù REJECTED
              Area too large (820 ÔëÑ 600)
Contour #1007: Area=   256, Ratio=0.80, Circ=0.85, Sol=0.99 -> Ô£ô ACCEPTED
Contour #1008: Area=    96, Ratio=0.85, Circ=0.14, Sol=0.37 -> Ô£ù REJECTED
              Circularity too low (0.14 < 0.6)
Contour #1009: Area=   223, Ratio=0.70, Circ=0.77, Sol=0.97 -> Ô£ô ACCEPTED
Contour #1010: Area=   116, Ratio=0.85, Circ=0.30, Sol=0.59 -> Ô£ù REJECTED
              Circularity too low (0.30 < 0.6)
Contour #1011: Area=   260, Ratio=0.80, Circ=0.85, Sol=0.98 -> Ô£ô ACCEPTED
Contour #1012: Area=    96, Ratio=0.85, Circ=0.14, Sol=0.37 -> Ô£ù REJECTED
              Circularity too low (0.14 < 0.6)
Contour #1013: Area=   220, Ratio=0.70, Circ=0.73, Sol=0.95 -> Ô£ô ACCEPTED
Contour #1014: Area=    76, Ratio=0.85, Circ=0.12, Sol=0.40 -> Ô£ù REJECTED
              Circularity too low (0.12 < 0.6)
Contour #1015: Area=    90, Ratio=0.85, Circ=0.13, Sol=0.35 -> Ô£ù REJECTED
              Circularity too low (0.13 < 0.6)
Contour #1016: Area=   215, Ratio=0.70, Circ=0.75, Sol=0.95 -> Ô£ô ACCEPTED
Contour #1017: Area=    92, Ratio=0.85, Circ=0.13, Sol=0.35 -> Ô£ù REJECTED
              Circularity too low (0.13 < 0.6)
Contour #1018: Area=   190, Ratio=1.00, Circ=0.87, Sol=0.97 -> Ô£ô ACCEPTED
Contour #1019: Area=   198, Ratio=1.00, Circ=0.91, Sol=0.98 -> Ô£ô ACCEPTED
Contour #1020: Area=   949, Ratio=1.03, Circ=0.91, Sol=0.99 -> Ô£ù REJECTED
              Area too large (949 ÔëÑ 600)
Contour #1021: Area=   949, Ratio=1.03, Circ=0.91, Sol=0.99 -> Ô£ù REJECTED
              Area too large (949 ÔëÑ 600)
Contour #1022: Area=   952, Ratio=1.03, Circ=0.91, Sol=0.99 -> Ô£ù REJECTED
              Area too large (952 ÔëÑ 600)
Contour #1023: Area=   949, Ratio=1.03, Circ=0.91, Sol=0.99 -> Ô£ù REJECTED
              Area too large (949 ÔëÑ 600)
Contour #1024: Area=   949, Ratio=1.03, Circ=0.91, Sol=0.99 -> Ô£ù REJECTED
              Area too large (949 ÔëÑ 600)
Contour #1025: Area=   952, Ratio=1.03, Circ=0.91, Sol=0.99 -> Ô£ù REJECTED
              Area too large (952 ÔëÑ 600)
Contour #1026: Area=   950, Ratio=1.00, Circ=0.89, Sol=0.98 -> Ô£ù REJECTED
              Area too large (950 ÔëÑ 600)
Contour #1027: Area=   960, Ratio=1.00, Circ=0.90, Sol=0.98 -> Ô£ù REJECTED
              Area too large (960 ÔëÑ 600)
Contour #1028: Area=   954, Ratio=1.00, Circ=0.89, Sol=0.98 -> Ô£ù REJECTED
              Area too large (954 ÔëÑ 600)
Contour #1029: Area=   596, Ratio=1.00, Circ=0.33, Sol=0.62 -> Ô£ù REJECTED
              Circularity too low (0.33 < 0.6)
Contour #1030: Area=   956, Ratio=1.00, Circ=0.89, Sol=0.98 -> Ô£ù REJECTED
              Area too large (956 ÔëÑ 600)
Contour #1031: Area=   957, Ratio=1.00, Circ=0.90, Sol=0.99 -> Ô£ù REJECTED
              Area too large (957 ÔëÑ 600)
Contour #1032: Area=   957, Ratio=1.00, Circ=0.90, Sol=0.99 -> Ô£ù REJECTED
              Area too large (957 ÔëÑ 600)
Contour #1033: Area=   954, Ratio=1.00, Circ=0.91, Sol=0.99 -> Ô£ù REJECTED
              Area too large (954 ÔëÑ 600)
Contour #1034: Area=   954, Ratio=1.03, Circ=0.89, Sol=0.98 -> Ô£ù REJECTED
              Area too large (954 ÔëÑ 600)
Contour #1035: Area=   957, Ratio=1.00, Circ=0.90, Sol=0.99 -> Ô£ù REJECTED
              Area too large (957 ÔëÑ 600)
Contour #1036: Area=   956, Ratio=1.00, Circ=0.90, Sol=0.98 -> Ô£ù REJECTED
              Area too large (956 ÔëÑ 600)
Contour #1037: Area=   958, Ratio=1.00, Circ=0.89, Sol=0.98 -> Ô£ù REJECTED
              Area too large (958 ÔëÑ 600)
Contour #1038: Area=   953, Ratio=1.00, Circ=0.90, Sol=0.98 -> Ô£ù REJECTED
              Area too large (953 ÔëÑ 600)
Contour #1039: Area=   953, Ratio=1.00, Circ=0.90, Sol=0.98 -> Ô£ù REJECTED
              Area too large (953 ÔëÑ 600)
Contour #1040: Area=   952, Ratio=1.00, Circ=0.90, Sol=0.98 -> Ô£ù REJECTED
              Area too large (952 ÔëÑ 600)
Contour #1041: Area=   952, Ratio=1.00, Circ=0.90, Sol=0.98 -> Ô£ù REJECTED
              Area too large (952 ÔëÑ 600)
Contour #1042: Area=   950, Ratio=1.00, Circ=0.90, Sol=0.98 -> Ô£ù REJECTED
              Area too large (950 ÔëÑ 600)
Contour #1043: Area=   629, Ratio=1.00, Circ=0.45, Sol=0.71 -> Ô£ù REJECTED
              Area too large (629 ÔëÑ 600)
Contour #1044: Area=  1231, Ratio=1.02, Circ=0.90, Sol=0.99 -> Ô£ù REJECTED
              Area too large (1231 ÔëÑ 600)
Contour #1045: Area=  1228, Ratio=1.00, Circ=0.90, Sol=0.99 -> Ô£ù REJECTED
              Area too large (1228 ÔëÑ 600)
Contour #1046: Area=  1209, Ratio=1.02, Circ=0.88, Sol=0.98 -> Ô£ù REJECTED
              Area too large (1209 ÔëÑ 600)
Contour #1047: Area=  1230, Ratio=1.02, Circ=0.89, Sol=0.98 -> Ô£ù REJECTED
              Area too large (1230 ÔëÑ 600)
Contour #1048: Area=  1227, Ratio=1.00, Circ=0.91, Sol=0.99 -> Ô£ù REJECTED
              Area too large (1227 ÔëÑ 600)
Contour #1049: Area=  1234, Ratio=1.02, Circ=0.90, Sol=0.98 -> Ô£ù REJECTED
              Area too large (1234 ÔëÑ 600)
Contour #1050: Area=  1227, Ratio=1.00, Circ=0.91, Sol=0.99 -> Ô£ù REJECTED
              Area too large (1227 ÔëÑ 600)
Contour #1051: Area=  1235, Ratio=1.02, Circ=0.89, Sol=0.98 -> Ô£ù REJECTED
              Area too large (1235 ÔëÑ 600)
Contour #1052: Area=  1227, Ratio=1.02, Circ=0.90, Sol=0.98 -> Ô£ù REJECTED
              Area too large (1227 ÔëÑ 600)
Contour #1053: Area=  1234, Ratio=1.02, Circ=0.89, Sol=0.98 -> Ô£ù REJECTED
              Area too large (1234 ÔëÑ 600)
Contour #1054: Area=  1228, Ratio=1.00, Circ=0.91, Sol=0.99 -> Ô£ù REJECTED
              Area too large (1228 ÔëÑ 600)
Contour #1055: Area=  1230, Ratio=1.02, Circ=0.89, Sol=0.98 -> Ô£ù REJECTED
              Area too large (1230 ÔëÑ 600)
Contour #1056: Area=  1230, Ratio=1.00, Circ=0.90, Sol=0.99 -> Ô£ù REJECTED
              Area too large (1230 ÔëÑ 600)
Contour #1057: Area=  1232, Ratio=1.02, Circ=0.89, Sol=0.98 -> Ô£ù REJECTED
              Area too large (1232 ÔëÑ 600)
Contour #1058: Area=  1232, Ratio=1.00, Circ=0.91, Sol=0.99 -> Ô£ù REJECTED
              Area too large (1232 ÔëÑ 600)
Contour #1059: Area=  1235, Ratio=1.02, Circ=0.90, Sol=0.99 -> Ô£ù REJECTED
              Area too large (1235 ÔëÑ 600)
Contour #1060: Area=  1234, Ratio=1.02, Circ=0.90, Sol=0.98 -> Ô£ù REJECTED
              Area too large (1234 ÔëÑ 600)
Contour #1061: Area=  1232, Ratio=1.00, Circ=0.88, Sol=0.98 -> Ô£ù REJECTED
              Area too large (1232 ÔëÑ 600)
Contour #1062: Area=  1232, Ratio=0.98, Circ=0.89, Sol=0.98 -> Ô£ù REJECTED
              Area too large (1232 ÔëÑ 600)
Contour #1063: Area=  1240, Ratio=0.98, Circ=0.88, Sol=0.98 -> Ô£ù REJECTED
              Area too large (1240 ÔëÑ 600)
Contour #1064: Area=  1234, Ratio=1.00, Circ=0.89, Sol=0.98 -> Ô£ù REJECTED
              Area too large (1234 ÔëÑ 600)
Contour #1065: Area=  1231, Ratio=1.00, Circ=0.89, Sol=0.98 -> Ô£ù REJECTED
              Area too large (1231 ÔëÑ 600)
Contour #1066: Area=  1230, Ratio=1.00, Circ=0.88, Sol=0.98 -> Ô£ù REJECTED
              Area too large (1230 ÔëÑ 600)
Contour #1067: Area=  1234, Ratio=1.00, Circ=0.89, Sol=0.98 -> Ô£ù REJECTED
              Area too large (1234 ÔëÑ 600)
Contour #1068: Area=122585, Ratio=0.72, Circ=0.39, Sol=0.98 -> Ô£ù REJECTED
              Area too large (122585 ÔëÑ 600)
Contour #1069: Area=124258, Ratio=0.72, Circ=0.76, Sol=1.00 -> Ô£ù REJECTED
              Area too large (124258 ÔëÑ 600)
Contour #1070: Area=   300, Ratio=72.25, Circ=0.01, Sol=0.49 -> Ô£ù REJECTED
              Aspect ratio out of range (72.25)
Contour #1071: Area=     6, Ratio=0.75, Circ=0.78, Sol=1.00 -> Ô£ù REJECTED
              Area too small (6 Ôëñ 30)
Contour #1072: Area=    14, Ratio=0.86, Circ=0.51, Sol=0.80 -> Ô£ù REJECTED
              Area too small (14 Ôëñ 30)
Contour #1073: Area=    62, Ratio=1.38, Circ=0.88, Sol=0.99 -> Ô£ô ACCEPTED
Contour #1074: Area=    61, Ratio=1.38, Circ=0.89, Sol=0.99 -> Ô£ô ACCEPTED
Contour #1075: Area=    68, Ratio=1.33, Circ=0.85, Sol=0.96 -> Ô£ô ACCEPTED
Contour #1076: Area=    66, Ratio=1.22, Circ=0.91, Sol=0.99 -> Ô£ô ACCEPTED
Contour #1077: Area=    68, Ratio=1.22, Circ=0.87, Sol=0.97 -> Ô£ô ACCEPTED
Contour #1078: Area=    66, Ratio=1.22, Circ=0.89, Sol=0.98 -> Ô£ô ACCEPTED
Contour #1079: Area=    36, Ratio=1.00, Circ=0.86, Sol=0.96 -> Ô£ô ACCEPTED
Contour #1080: Area=    36, Ratio=0.78, Circ=0.89, Sol=0.99 -> Ô£ô ACCEPTED
Contour #1081: Area=    40, Ratio=0.89, Circ=0.86, Sol=0.96 -> Ô£ô ACCEPTED
Contour #1082: Area=    40, Ratio=0.89, Circ=0.86, Sol=0.96 -> Ô£ô ACCEPTED
Contour #1083: Area=   453, Ratio=3.58, Circ=0.55, Sol=1.00 -> Ô£ù REJECTED
              Aspect ratio out of range (3.58)
Contour #1084: Area=   148, Ratio=0.75, Circ=0.87, Sol=0.99 -> Ô£ô ACCEPTED
Contour #1085: Area=   148, Ratio=0.75, Circ=0.87, Sol=0.99 -> Ô£ô ACCEPTED
Contour #1086: Area=    54, Ratio=1.38, Circ=0.86, Sol=0.97 -> Ô£ô ACCEPTED
Contour #1087: Area=   145, Ratio=0.75, Circ=0.90, Sol=1.00 -> Ô£ô ACCEPTED
Contour #1088: Area=    56, Ratio=1.38, Circ=0.89, Sol=0.99 -> Ô£ô ACCEPTED
Contour #1089: Area=   146, Ratio=0.75, Circ=0.89, Sol=0.99 -> Ô£ô ACCEPTED
Contour #1090: Area=    58, Ratio=1.38, Circ=0.89, Sol=0.99 -> Ô£ô ACCEPTED
Contour #1091: Area=   152, Ratio=0.76, Circ=0.86, Sol=0.97 -> Ô£ô ACCEPTED
Contour #1092: Area=    57, Ratio=1.38, Circ=0.90, Sol=1.00 -> Ô£ô ACCEPTED
Contour #1093: Area=   149, Ratio=0.71, Circ=0.85, Sol=0.98 -> Ô£ô ACCEPTED
Contour #1094: Area=    52, Ratio=1.25, Circ=0.91, Sol=0.99 -> Ô£ô ACCEPTED
Contour #1095: Area=    56, Ratio=1.22, Circ=0.84, Sol=0.95 -> Ô£ô ACCEPTED
Contour #1096: Area=   111, Ratio=0.74, Circ=0.20, Sol=0.51 -> Ô£ù REJECTED
              Circularity too low (0.20 < 0.6)
Contour #1097: Area=   108, Ratio=0.68, Circ=0.19, Sol=0.52 -> Ô£ù REJECTED
              Circularity too low (0.19 < 0.6)
Contour #1098: Area=   107, Ratio=0.74, Circ=0.19, Sol=0.49 -> Ô£ù REJECTED
              Circularity too low (0.19 < 0.6)
Contour #1099: Area=    70, Ratio=0.53, Circ=0.31, Sol=0.59 -> Ô£ù REJECTED
              Aspect ratio out of range (0.53)
Contour #1100: Area=   102, Ratio=0.74, Circ=0.18, Sol=0.48 -> Ô£ù REJECTED
              Circularity too low (0.18 < 0.6)
Contour #1101: Area=    76, Ratio=0.50, Circ=0.32, Sol=0.63 -> Ô£ù REJECTED
              Aspect ratio out of range (0.50)
Contour #1102: Area=   191, Ratio=1.00, Circ=0.88, Sol=0.97 -> Ô£ô ACCEPTED
Contour #1103: Area=   104, Ratio=0.70, Circ=0.18, Sol=0.47 -> Ô£ù REJECTED
              Circularity too low (0.18 < 0.6)
Contour #1104: Area=    74, Ratio=0.50, Circ=0.32, Sol=0.66 -> Ô£ù REJECTED
              Aspect ratio out of range (0.50)
Contour #1105: Area=   114, Ratio=0.70, Circ=0.19, Sol=0.50 -> Ô£ù REJECTED
              Circularity too low (0.19 < 0.6)
Contour #1106: Area=    73, Ratio=0.45, Circ=0.35, Sol=0.68 -> Ô£ù REJECTED
              Aspect ratio out of range (0.45)
Contour #1107: Area=    70, Ratio=0.45, Circ=0.33, Sol=0.66 -> Ô£ù REJECTED
              Aspect ratio out of range (0.45)
Contour #1108: Area=    72, Ratio=0.45, Circ=0.32, Sol=0.66 -> Ô£ù REJECTED
              Aspect ratio out of range (0.45)
Contour #1109: Area=   212, Ratio=0.74, Circ=0.77, Sol=0.96 -> Ô£ô ACCEPTED
Contour #1110: Area=   110, Ratio=0.89, Circ=0.30, Sol=0.59 -> Ô£ù REJECTED
              Circularity too low (0.30 < 0.6)
Contour #1111: Area=   249, Ratio=0.84, Circ=0.87, Sol=0.99 -> Ô£ô ACCEPTED
Contour #1112: Area=    79, Ratio=0.89, Circ=0.11, Sol=0.32 -> Ô£ù REJECTED
              Circularity too low (0.11 < 0.6)
Contour #1113: Area=   214, Ratio=0.74, Circ=0.76, Sol=0.96 -> Ô£ô ACCEPTED
Contour #1114: Area=   823, Ratio=2.63, Circ=0.58, Sol=0.94 -> Ô£ù REJECTED
              Area too large (823 ÔëÑ 600)
Contour #1115: Area=   249, Ratio=0.84, Circ=0.87, Sol=0.99 -> Ô£ô ACCEPTED
Contour #1116: Area=   214, Ratio=0.74, Circ=0.75, Sol=0.96 -> Ô£ô ACCEPTED
Contour #1117: Area=   110, Ratio=0.89, Circ=0.31, Sol=0.60 -> Ô£ù REJECTED
              Circularity too low (0.31 < 0.6)
Contour #1118: Area=   250, Ratio=0.84, Circ=0.87, Sol=0.99 -> Ô£ô ACCEPTED
Contour #1119: Area=    84, Ratio=0.85, Circ=0.12, Sol=0.33 -> Ô£ù REJECTED
              Circularity too low (0.12 < 0.6)
Contour #1120: Area=   214, Ratio=0.74, Circ=0.76, Sol=0.96 -> Ô£ô ACCEPTED
Contour #1121: Area=   105, Ratio=0.89, Circ=0.30, Sol=0.59 -> Ô£ù REJECTED
              Circularity too low (0.30 < 0.6)
Contour #1122: Area=   247, Ratio=0.84, Circ=0.86, Sol=0.99 -> Ô£ô ACCEPTED
Contour #1123: Area=    84, Ratio=0.80, Circ=0.12, Sol=0.34 -> Ô£ù REJECTED
              Circularity too low (0.12 < 0.6)
Contour #1124: Area=   216, Ratio=0.70, Circ=0.73, Sol=0.95 -> Ô£ô ACCEPTED
Contour #1125: Area=   108, Ratio=0.84, Circ=0.31, Sol=0.62 -> Ô£ù REJECTED
              Circularity too low (0.31 < 0.6)
Contour #1126: Area=   257, Ratio=0.80, Circ=0.84, Sol=0.98 -> Ô£ô ACCEPTED
Contour #1127: Area=    88, Ratio=0.85, Circ=0.13, Sol=0.35 -> Ô£ù REJECTED
              Circularity too low (0.13 < 0.6)
Contour #1128: Area=   218, Ratio=0.70, Circ=0.77, Sol=0.96 -> Ô£ô ACCEPTED
Contour #1129: Area=   250, Ratio=0.80, Circ=0.83, Sol=0.97 -> Ô£ô ACCEPTED
Contour #1130: Area=    88, Ratio=0.85, Circ=0.13, Sol=0.34 -> Ô£ù REJECTED
              Circularity too low (0.13 < 0.6)
Contour #1131: Area=    82, Ratio=0.80, Circ=0.12, Sol=0.33 -> Ô£ù REJECTED
              Circularity too low (0.12 < 0.6)
Contour #1132: Area=   372, Ratio=0.96, Circ=0.89, Sol=0.98 -> Ô£ô ACCEPTED
Contour #1133: Area=   955, Ratio=1.03, Circ=0.91, Sol=0.99 -> Ô£ù REJECTED
              Area too large (955 ÔëÑ 600)
Contour #1134: Area=   948, Ratio=1.00, Circ=0.89, Sol=0.98 -> Ô£ù REJECTED
              Area too large (948 ÔëÑ 600)
Contour #1135: Area=   959, Ratio=1.03, Circ=0.92, Sol=0.99 -> Ô£ù REJECTED
              Area too large (959 ÔëÑ 600)
Contour #1136: Area=   951, Ratio=1.03, Circ=0.88, Sol=0.98 -> Ô£ù REJECTED
              Area too large (951 ÔëÑ 600)
Contour #1137: Area=   959, Ratio=1.00, Circ=0.90, Sol=0.99 -> Ô£ù REJECTED
              Area too large (959 ÔëÑ 600)
Contour #1138: Area=   960, Ratio=1.00, Circ=0.90, Sol=0.98 -> Ô£ù REJECTED
              Area too large (960 ÔëÑ 600)
Contour #1139: Area=   958, Ratio=1.00, Circ=0.90, Sol=0.98 -> Ô£ù REJECTED
              Area too large (958 ÔëÑ 600)
Contour #1140: Area=   956, Ratio=1.00, Circ=0.90, Sol=0.98 -> Ô£ù REJECTED
              Area too large (956 ÔëÑ 600)
Contour #1141: Area=   957, Ratio=1.00, Circ=0.90, Sol=0.98 -> Ô£ù REJECTED
              Area too large (957 ÔëÑ 600)
Contour #1142: Area=   957, Ratio=1.00, Circ=0.90, Sol=0.98 -> Ô£ù REJECTED
              Area too large (957 ÔëÑ 600)
Contour #1143: Area=   956, Ratio=1.00, Circ=0.90, Sol=0.98 -> Ô£ù REJECTED
              Area too large (956 ÔëÑ 600)
Contour #1144: Area=   957, Ratio=1.00, Circ=0.90, Sol=0.98 -> Ô£ù REJECTED
              Area too large (957 ÔëÑ 600)
Contour #1145: Area=   959, Ratio=1.00, Circ=0.90, Sol=0.98 -> Ô£ù REJECTED
              Area too large (959 ÔëÑ 600)
Contour #1146: Area=   955, Ratio=1.00, Circ=0.90, Sol=0.98 -> Ô£ù REJECTED
              Area too large (955 ÔëÑ 600)
Contour #1147: Area=   956, Ratio=1.00, Circ=0.90, Sol=0.98 -> Ô£ù REJECTED
              Area too large (956 ÔëÑ 600)
Contour #1148: Area=   670, Ratio=1.03, Circ=0.51, Sol=0.75 -> Ô£ù REJECTED
              Area too large (670 ÔëÑ 600)
Contour #1149: Area=   193, Ratio=1.00, Circ=0.89, Sol=0.97 -> Ô£ô ACCEPTED
Contour #1150: Area=   958, Ratio=1.00, Circ=0.90, Sol=0.98 -> Ô£ù REJECTED
              Area too large (958 ÔëÑ 600)
Contour #1151: Area=   956, Ratio=1.00, Circ=0.90, Sol=0.98 -> Ô£ù REJECTED
              Area too large (956 ÔëÑ 600)
Contour #1152: Area=   960, Ratio=1.00, Circ=0.90, Sol=0.98 -> Ô£ù REJECTED
              Area too large (960 ÔëÑ 600)
Contour #1153: Area=   959, Ratio=1.00, Circ=0.90, Sol=0.98 -> Ô£ù REJECTED
              Area too large (959 ÔëÑ 600)
Contour #1154: Area=   962, Ratio=1.00, Circ=0.90, Sol=0.98 -> Ô£ù REJECTED
              Area too large (962 ÔëÑ 600)
Contour #1155: Area=   957, Ratio=1.00, Circ=0.90, Sol=0.98 -> Ô£ù REJECTED
              Area too large (957 ÔëÑ 600)
Contour #1156: Area=   958, Ratio=1.00, Circ=0.89, Sol=0.98 -> Ô£ù REJECTED
              Area too large (958 ÔëÑ 600)
Contour #1157: Area=  1000, Ratio=1.06, Circ=0.89, Sol=0.98 -> Ô£ù REJECTED
              Area too large (1000 ÔëÑ 600)
Contour #1158: Area=  1229, Ratio=1.02, Circ=0.90, Sol=0.98 -> Ô£ù REJECTED
              Area too large (1229 ÔëÑ 600)
Contour #1159: Area=  1220, Ratio=1.00, Circ=0.90, Sol=0.98 -> Ô£ù REJECTED
              Area too large (1220 ÔëÑ 600)
Contour #1160: Area=  1223, Ratio=1.02, Circ=0.89, Sol=0.98 -> Ô£ù REJECTED
              Area too large (1223 ÔëÑ 600)
Contour #1161: Area=  1227, Ratio=1.00, Circ=0.91, Sol=0.99 -> Ô£ù REJECTED
              Area too large (1227 ÔëÑ 600)
Contour #1162: Area=  1230, Ratio=1.02, Circ=0.89, Sol=0.98 -> Ô£ù REJECTED
              Area too large (1230 ÔëÑ 600)
Contour #1163: Area=  1229, Ratio=1.00, Circ=0.91, Sol=0.99 -> Ô£ù REJECTED
              Area too large (1229 ÔëÑ 600)
Contour #1164: Area=  1232, Ratio=1.02, Circ=0.89, Sol=0.98 -> Ô£ù REJECTED
              Area too large (1232 ÔëÑ 600)
Contour #1165: Area=  1229, Ratio=1.02, Circ=0.90, Sol=0.98 -> Ô£ù REJECTED
              Area too large (1229 ÔëÑ 600)
Contour #1166: Area=  1232, Ratio=1.02, Circ=0.89, Sol=0.98 -> Ô£ù REJECTED
              Area too large (1232 ÔëÑ 600)
Contour #1167: Area=  1227, Ratio=1.00, Circ=0.91, Sol=0.99 -> Ô£ù REJECTED
              Area too large (1227 ÔëÑ 600)
Contour #1168: Area=  1234, Ratio=1.02, Circ=0.90, Sol=0.98 -> Ô£ù REJECTED
              Area too large (1234 ÔëÑ 600)
Contour #1169: Area=  1232, Ratio=1.02, Circ=0.89, Sol=0.98 -> Ô£ù REJECTED
              Area too large (1232 ÔëÑ 600)
Contour #1170: Area=  1228, Ratio=1.00, Circ=0.90, Sol=0.98 -> Ô£ù REJECTED
              Area too large (1228 ÔëÑ 600)
Contour #1171: Area=  1230, Ratio=1.02, Circ=0.89, Sol=0.98 -> Ô£ù REJECTED
              Area too large (1230 ÔëÑ 600)
Contour #1172: Area=  1228, Ratio=1.02, Circ=0.89, Sol=0.98 -> Ô£ù REJECTED
              Area too large (1228 ÔëÑ 600)
Contour #1173: Area=  1222, Ratio=1.02, Circ=0.89, Sol=0.98 -> Ô£ù REJECTED
              Area too large (1222 ÔëÑ 600)
Contour #1174: Area=  1222, Ratio=1.02, Circ=0.89, Sol=0.98 -> Ô£ù REJECTED
              Area too large (1222 ÔëÑ 600)
Contour #1175: Area=  1208, Ratio=1.00, Circ=0.90, Sol=0.98 -> Ô£ù REJECTED
              Area too large (1208 ÔëÑ 600)
Contour #1176: Area=  1230, Ratio=0.98, Circ=0.89, Sol=0.98 -> Ô£ù REJECTED
              Area too large (1230 ÔëÑ 600)
Contour #1177: Area=  1231, Ratio=1.00, Circ=0.89, Sol=0.98 -> Ô£ù REJECTED
              Area too large (1231 ÔëÑ 600)
Contour #1178: Area=  1228, Ratio=0.98, Circ=0.88, Sol=0.98 -> Ô£ù REJECTED
              Area too large (1228 ÔëÑ 600)
Contour #1179: Area=  1231, Ratio=1.00, Circ=0.89, Sol=0.98 -> Ô£ù REJECTED
              Area too large (1231 ÔëÑ 600)
Contour #1180: Area=  1226, Ratio=0.98, Circ=0.89, Sol=0.98 -> Ô£ù REJECTED
              Area too large (1226 ÔëÑ 600)
Contour #1181: Area=  1264, Ratio=1.00, Circ=0.87, Sol=0.97 -> Ô£ù REJECTED
              Area too large (1264 ÔëÑ 600)
Contour #1182: Area=   289, Ratio=145.00, Circ=0.01, Sol=1.00 -> Ô£ù REJECTED
              Aspect ratio out of range (145.00)
Contour #1183: Area=   372, Ratio=96.67, Circ=0.01, Sol=0.72 -> Ô£ù REJECTED
              Aspect ratio out of range (96.67)
Contour #1184: Area=   484, Ratio=96.67, Circ=0.02, Sol=0.84 -> Ô£ù REJECTED
              Aspect ratio out of range (96.67)
Contour #1185: Area=   604, Ratio=101.67, Circ=0.02, Sol=1.00 -> Ô£ù REJECTED
              Area too large (604 ÔëÑ 600)
Contour #1186: Area=   536, Ratio=95.00, Circ=0.02, Sol=0.95 -> Ô£ù REJECTED
              Aspect ratio out of range (95.00)
Contour #1187: Area=   302, Ratio=96.33, Circ=0.01, Sol=0.58 -> Ô£ù REJECTED
              Aspect ratio out of range (96.33)
Contour #1188: Area=     4, Ratio=1.00, Circ=0.80, Sol=1.00 -> Ô£ù REJECTED
              Area too small (4 Ôëñ 30)
Contour #1189: Area=     4, Ratio=4.33, Circ=0.06, Sol=0.21 -> Ô£ù REJECTED
              Area too small (4 Ôëñ 30)
Contour #1190: Area=    12, Ratio=0.71, Circ=0.54, Sol=0.83 -> Ô£ù REJECTED
              Area too small (12 Ôëñ 30)
Contour #1191: Area=    62, Ratio=1.38, Circ=0.91, Sol=1.00 -> Ô£ô ACCEPTED
Contour #1192: Area=    61, Ratio=1.38, Circ=0.89, Sol=0.99 -> Ô£ô ACCEPTED
Contour #1193: Area=    61, Ratio=1.38, Circ=0.89, Sol=0.99 -> Ô£ô ACCEPTED
Contour #1194: Area=    63, Ratio=1.22, Circ=0.87, Sol=0.97 -> Ô£ô ACCEPTED
Contour #1195: Area=    63, Ratio=1.22, Circ=0.87, Sol=0.97 -> Ô£ô ACCEPTED
Contour #1196: Area=    34, Ratio=0.78, Circ=0.87, Sol=0.99 -> Ô£ô ACCEPTED
Contour #1197: Area=    34, Ratio=0.78, Circ=0.87, Sol=0.99 -> Ô£ô ACCEPTED
Contour #1198: Area=    37, Ratio=0.89, Circ=0.80, Sol=0.93 -> Ô£ô ACCEPTED
Contour #1199: Area=    38, Ratio=0.89, Circ=0.82, Sol=0.94 -> Ô£ô ACCEPTED
Contour #1200: Area=   450, Ratio=3.58, Circ=0.56, Sol=1.00 -> Ô£ù REJECTED
              Aspect ratio out of range (3.58)
Contour #1201: Area=    34, Ratio=0.78, Circ=0.84, Sol=0.97 -> Ô£ô ACCEPTED
Contour #1202: Area=   144, Ratio=0.75, Circ=0.85, Sol=0.98 -> Ô£ô ACCEPTED
Contour #1203: Area=   144, Ratio=0.75, Circ=0.87, Sol=0.99 -> Ô£ô ACCEPTED
Contour #1204: Area=    52, Ratio=1.38, Circ=0.83, Sol=0.95 -> Ô£ô ACCEPTED
Contour #1205: Area=   146, Ratio=0.75, Circ=0.89, Sol=0.99 -> Ô£ô ACCEPTED
Contour #1206: Area=   144, Ratio=0.75, Circ=0.89, Sol=1.00 -> Ô£ô ACCEPTED
Contour #1207: Area=    52, Ratio=1.25, Circ=0.88, Sol=0.97 -> Ô£ô ACCEPTED
Contour #1208: Area=   146, Ratio=0.75, Circ=0.88, Sol=0.99 -> Ô£ô ACCEPTED
Contour #1209: Area=    54, Ratio=1.38, Circ=0.86, Sol=0.97 -> Ô£ô ACCEPTED
Contour #1210: Area=   145, Ratio=0.75, Circ=0.86, Sol=0.98 -> Ô£ô ACCEPTED
Contour #1211: Area=    52, Ratio=1.38, Circ=0.87, Sol=0.98 -> Ô£ô ACCEPTED
Contour #1212: Area=    52, Ratio=1.38, Circ=0.83, Sol=0.95 -> Ô£ô ACCEPTED
Contour #1213: Area=    70, Ratio=0.45, Circ=0.32, Sol=0.67 -> Ô£ù REJECTED
              Aspect ratio out of range (0.45)
Contour #1214: Area=    74, Ratio=0.53, Circ=0.32, Sol=0.62 -> Ô£ù REJECTED
              Aspect ratio out of range (0.53)
Contour #1215: Area=    74, Ratio=0.50, Circ=0.32, Sol=0.61 -> Ô£ù REJECTED
              Aspect ratio out of range (0.50)
Contour #1216: Area=    78, Ratio=0.50, Circ=0.32, Sol=0.64 -> Ô£ù REJECTED
              Aspect ratio out of range (0.50)
Contour #1217: Area=    72, Ratio=0.50, Circ=0.30, Sol=0.60 -> Ô£ù REJECTED
              Aspect ratio out of range (0.50)
Contour #1218: Area=    77, Ratio=0.50, Circ=0.32, Sol=0.64 -> Ô£ù REJECTED
              Aspect ratio out of range (0.50)
Contour #1219: Area=   817, Ratio=2.78, Circ=0.60, Sol=0.99 -> Ô£ù REJECTED
              Area too large (817 ÔëÑ 600)
Contour #1220: Area=    70, Ratio=0.50, Circ=0.30, Sol=0.60 -> Ô£ù REJECTED
              Aspect ratio out of range (0.50)
Contour #1221: Area=    74, Ratio=0.45, Circ=0.34, Sol=0.69 -> Ô£ù REJECTED
              Aspect ratio out of range (0.45)
Contour #1222: Area=   250, Ratio=0.84, Circ=0.85, Sol=0.99 -> Ô£ô ACCEPTED
Contour #1223: Area=   216, Ratio=0.74, Circ=0.76, Sol=0.97 -> Ô£ô ACCEPTED
Contour #1224: Area=   114, Ratio=0.89, Circ=0.31, Sol=0.60 -> Ô£ù REJECTED
              Circularity too low (0.31 < 0.6)
Contour #1225: Area=    74, Ratio=0.45, Circ=0.34, Sol=0.69 -> Ô£ù REJECTED
              Aspect ratio out of range (0.45)
Contour #1226: Area=    73, Ratio=0.45, Circ=0.35, Sol=0.68 -> Ô£ù REJECTED
              Aspect ratio out of range (0.45)
Contour #1227: Area=   250, Ratio=0.84, Circ=0.87, Sol=0.99 -> Ô£ô ACCEPTED
Contour #1228: Area=   216, Ratio=0.74, Circ=0.75, Sol=0.97 -> Ô£ô ACCEPTED
Contour #1229: Area=   116, Ratio=0.95, Circ=0.32, Sol=0.62 -> Ô£ù REJECTED
              Circularity too low (0.32 < 0.6)
Contour #1230: Area=    74, Ratio=0.50, Circ=0.35, Sol=0.65 -> Ô£ù REJECTED
              Aspect ratio out of range (0.50)
Contour #1231: Area=    73, Ratio=0.45, Circ=0.32, Sol=0.67 -> Ô£ù REJECTED
              Aspect ratio out of range (0.45)
Contour #1232: Area=   250, Ratio=0.84, Circ=0.87, Sol=0.99 -> Ô£ô ACCEPTED
Contour #1233: Area=    90, Ratio=0.85, Circ=0.12, Sol=0.35 -> Ô£ù REJECTED
              Circularity too low (0.12 < 0.6)
Contour #1234: Area=   216, Ratio=0.74, Circ=0.75, Sol=0.97 -> Ô£ô ACCEPTED
Contour #1235: Area=   252, Ratio=0.84, Circ=0.86, Sol=1.00 -> Ô£ô ACCEPTED
Contour #1236: Area=    94, Ratio=0.85, Circ=0.13, Sol=0.36 -> Ô£ù REJECTED
              Circularity too low (0.13 < 0.6)
Contour #1237: Area=   218, Ratio=0.74, Circ=0.76, Sol=0.96 -> Ô£ô ACCEPTED
Contour #1238: Area=   112, Ratio=0.89, Circ=0.31, Sol=0.62 -> Ô£ù REJECTED
              Circularity too low (0.31 < 0.6)
Contour #1239: Area=   258, Ratio=0.80, Circ=0.86, Sol=0.99 -> Ô£ô ACCEPTED
Contour #1240: Area=    92, Ratio=0.85, Circ=0.13, Sol=0.36 -> Ô£ù REJECTED
              Circularity too low (0.13 < 0.6)
Contour #1241: Area=   112, Ratio=0.89, Circ=0.31, Sol=0.63 -> Ô£ù REJECTED
              Circularity too low (0.31 < 0.6)
Contour #1242: Area=   253, Ratio=0.80, Circ=0.82, Sol=0.98 -> Ô£ô ACCEPTED
Contour #1243: Area=    98, Ratio=0.85, Circ=0.14, Sol=0.37 -> Ô£ù REJECTED
              Circularity too low (0.14 < 0.6)
Contour #1244: Area=   220, Ratio=0.70, Circ=0.78, Sol=0.96 -> Ô£ô ACCEPTED
Contour #1245: Area=   117, Ratio=0.90, Circ=0.29, Sol=0.60 -> Ô£ù REJECTED
              Circularity too low (0.29 < 0.6)
Contour #1246: Area=    91, Ratio=0.85, Circ=0.13, Sol=0.35 -> Ô£ù REJECTED
              Circularity too low (0.13 < 0.6)
Contour #1247: Area=    91, Ratio=0.85, Circ=0.13, Sol=0.35 -> Ô£ù REJECTED
              Circularity too low (0.13 < 0.6)
Contour #1248: Area=   582, Ratio=1.06, Circ=0.36, Sol=0.63 -> Ô£ù REJECTED
              Circularity too low (0.36 < 0.6)
Contour #1249: Area=   188, Ratio=1.06, Circ=0.92, Sol=0.98 -> Ô£ô ACCEPTED
Contour #1250: Area=   222, Ratio=0.94, Circ=0.92, Sol=0.99 -> Ô£ô ACCEPTED
Contour #1251: Area=   952, Ratio=1.03, Circ=0.91, Sol=0.99 -> Ô£ù REJECTED
              Area too large (952 ÔëÑ 600)
Contour #1252: Area=   938, Ratio=1.03, Circ=0.90, Sol=0.98 -> Ô£ù REJECTED
              Area too large (938 ÔëÑ 600)
Contour #1253: Area=   953, Ratio=1.03, Circ=0.91, Sol=0.99 -> Ô£ù REJECTED
              Area too large (953 ÔëÑ 600)
Contour #1254: Area=   947, Ratio=1.03, Circ=0.91, Sol=0.98 -> Ô£ù REJECTED
              Area too large (947 ÔëÑ 600)
Contour #1255: Area=   950, Ratio=1.03, Circ=0.91, Sol=0.99 -> Ô£ù REJECTED
              Area too large (950 ÔëÑ 600)
Contour #1256: Area=   638, Ratio=1.03, Circ=0.46, Sol=0.71 -> Ô£ù REJECTED
              Area too large (638 ÔëÑ 600)
Contour #1257: Area=   952, Ratio=1.00, Circ=0.90, Sol=0.98 -> Ô£ù REJECTED
              Area too large (952 ÔëÑ 600)
Contour #1258: Area=   952, Ratio=1.00, Circ=0.91, Sol=0.98 -> Ô£ù REJECTED
              Area too large (952 ÔëÑ 600)
Contour #1259: Area=   953, Ratio=1.00, Circ=0.90, Sol=0.98 -> Ô£ù REJECTED
              Area too large (953 ÔëÑ 600)
Contour #1260: Area=   953, Ratio=1.00, Circ=0.90, Sol=0.98 -> Ô£ù REJECTED
              Area too large (953 ÔëÑ 600)
Contour #1261: Area=   954, Ratio=1.00, Circ=0.90, Sol=0.98 -> Ô£ù REJECTED
              Area too large (954 ÔëÑ 600)
Contour #1262: Area=   957, Ratio=1.00, Circ=0.90, Sol=0.98 -> Ô£ù REJECTED
              Area too large (957 ÔëÑ 600)
Contour #1263: Area=   958, Ratio=1.00, Circ=0.90, Sol=0.98 -> Ô£ù REJECTED
              Area too large (958 ÔëÑ 600)
Contour #1264: Area=   956, Ratio=1.00, Circ=0.89, Sol=0.98 -> Ô£ù REJECTED
              Area too large (956 ÔëÑ 600)
Contour #1265: Area=   956, Ratio=1.00, Circ=0.90, Sol=0.98 -> Ô£ù REJECTED
              Area too large (956 ÔëÑ 600)
Contour #1266: Area=   953, Ratio=1.00, Circ=0.90, Sol=0.98 -> Ô£ù REJECTED
              Area too large (953 ÔëÑ 600)
Contour #1267: Area=   955, Ratio=1.00, Circ=0.90, Sol=0.98 -> Ô£ù REJECTED
              Area too large (955 ÔëÑ 600)
Contour #1268: Area=   953, Ratio=1.00, Circ=0.90, Sol=0.98 -> Ô£ù REJECTED
              Area too large (953 ÔëÑ 600)
Contour #1269: Area=   959, Ratio=1.00, Circ=0.90, Sol=0.98 -> Ô£ù REJECTED
              Area too large (959 ÔëÑ 600)
Contour #1270: Area=   953, Ratio=1.00, Circ=0.90, Sol=0.98 -> Ô£ù REJECTED
              Area too large (953 ÔëÑ 600)
Contour #1271: Area=   954, Ratio=1.00, Circ=0.90, Sol=0.98 -> Ô£ù REJECTED
              Area too large (954 ÔëÑ 600)
Contour #1272: Area=   955, Ratio=1.00, Circ=0.90, Sol=0.98 -> Ô£ù REJECTED
              Area too large (955 ÔëÑ 600)
Contour #1273: Area=   944, Ratio=1.00, Circ=0.90, Sol=0.98 -> Ô£ù REJECTED
              Area too large (944 ÔëÑ 600)
Contour #1274: Area=  1232, Ratio=1.02, Circ=0.89, Sol=0.98 -> Ô£ù REJECTED
              Area too large (1232 ÔëÑ 600)
Contour #1275: Area=  1232, Ratio=1.02, Circ=0.89, Sol=0.98 -> Ô£ù REJECTED
              Area too large (1232 ÔëÑ 600)
Contour #1276: Area=  1230, Ratio=1.00, Circ=0.90, Sol=0.98 -> Ô£ù REJECTED
              Area too large (1230 ÔëÑ 600)
Contour #1277: Area=  1234, Ratio=1.02, Circ=0.90, Sol=0.98 -> Ô£ù REJECTED
              Area too large (1234 ÔëÑ 600)
Contour #1278: Area=  1234, Ratio=1.02, Circ=0.90, Sol=0.98 -> Ô£ù REJECTED
              Area too large (1234 ÔëÑ 600)
Contour #1279: Area=  1231, Ratio=1.02, Circ=0.90, Sol=0.98 -> Ô£ù REJECTED
              Area too large (1231 ÔëÑ 600)
Contour #1280: Area=  1216, Ratio=1.00, Circ=0.91, Sol=0.99 -> Ô£ù REJECTED
              Area too large (1216 ÔëÑ 600)
Contour #1281: Area=  1233, Ratio=1.02, Circ=0.90, Sol=0.98 -> Ô£ù REJECTED
              Area too large (1233 ÔëÑ 600)
Contour #1282: Area=  1230, Ratio=1.00, Circ=0.91, Sol=0.99 -> Ô£ù REJECTED
              Area too large (1230 ÔëÑ 600)
Contour #1283: Area=  1233, Ratio=1.02, Circ=0.89, Sol=0.98 -> Ô£ù REJECTED
              Area too large (1233 ÔëÑ 600)
Contour #1284: Area=  1233, Ratio=1.00, Circ=0.91, Sol=0.99 -> Ô£ù REJECTED
              Area too large (1233 ÔëÑ 600)
Contour #1285: Area=  1233, Ratio=1.02, Circ=0.89, Sol=0.98 -> Ô£ù REJECTED
              Area too large (1233 ÔëÑ 600)
Contour #1286: Area=  1228, Ratio=1.02, Circ=0.90, Sol=0.98 -> Ô£ù REJECTED
              Area too large (1228 ÔëÑ 600)
Contour #1287: Area=  1229, Ratio=1.02, Circ=0.90, Sol=0.98 -> Ô£ù REJECTED
              Area too large (1229 ÔëÑ 600)
Contour #1288: Area=  1229, Ratio=1.00, Circ=0.91, Sol=0.99 -> Ô£ù REJECTED
              Area too large (1229 ÔëÑ 600)
Contour #1289: Area=  1232, Ratio=1.02, Circ=0.90, Sol=0.98 -> Ô£ù REJECTED
              Area too large (1232 ÔëÑ 600)
Contour #1290: Area=  1236, Ratio=0.98, Circ=0.90, Sol=0.98 -> Ô£ù REJECTED
              Area too large (1236 ÔëÑ 600)
Contour #1291: Area=  1236, Ratio=1.00, Circ=0.89, Sol=0.98 -> Ô£ù REJECTED
              Area too large (1236 ÔëÑ 600)
Contour #1292: Area=  1233, Ratio=0.98, Circ=0.89, Sol=0.98 -> Ô£ù REJECTED
              Area too large (1233 ÔëÑ 600)
Contour #1293: Area=  1243, Ratio=1.00, Circ=0.90, Sol=0.98 -> Ô£ù REJECTED
              Area too large (1243 ÔëÑ 600)
Contour #1294: Area=  1236, Ratio=0.98, Circ=0.89, Sol=0.98 -> Ô£ù REJECTED
              Area too large (1236 ÔëÑ 600)
Contour #1295: Area=  1237, Ratio=1.00, Circ=0.89, Sol=0.98 -> Ô£ù REJECTED
              Area too large (1237 ÔëÑ 600)
Contour #1296: Area=  1234, Ratio=0.98, Circ=0.89, Sol=0.98 -> Ô£ù REJECTED
              Area too large (1234 ÔëÑ 600)
Contour #1297: Area=  1252, Ratio=1.00, Circ=0.88, Sol=0.98 -> Ô£ù REJECTED
              Area too large (1252 ÔëÑ 600)
Contour #1298: Area=   290, Ratio=146.00, Circ=0.01, Sol=1.00 -> Ô£ù REJECTED
              Aspect ratio out of range (146.00)
Contour #1299: Area=   445, Ratio=97.33, Circ=0.02, Sol=0.78 -> Ô£ù REJECTED
              Aspect ratio out of range (97.33)
Contour #1300: Area=   573, Ratio=97.00, Circ=0.02, Sol=0.99 -> Ô£ù REJECTED
              Aspect ratio out of range (97.00)
Contour #1301: Area=   606, Ratio=102.33, Circ=0.02, Sol=1.00 -> Ô£ù REJECTED
              Area too large (606 ÔëÑ 600)
Contour #1302: Area=   522, Ratio=95.67, Circ=0.02, Sol=0.92 -> Ô£ù REJECTED
              Aspect ratio out of range (95.67)
Contour #1303: Area=   381, Ratio=97.00, Circ=0.01, Sol=0.68 -> Ô£ù REJECTED
              Aspect ratio out of range (97.00)
Contour #1304: Area=     5, Ratio=4.33, Circ=0.09, Sol=0.32 -> Ô£ù REJECTED
              Area too small (5 Ôëñ 30)
Contour #1305: Area=     8, Ratio=0.57, Circ=0.47, Sol=0.77 -> Ô£ù REJECTED
              Area too small (8 Ôëñ 30)
Contour #1306: Area=    62, Ratio=1.38, Circ=0.91, Sol=1.00 -> Ô£ô ACCEPTED
Contour #1307: Area=    62, Ratio=1.38, Circ=0.91, Sol=1.00 -> Ô£ô ACCEPTED
Contour #1308: Area=    64, Ratio=1.22, Circ=0.89, Sol=0.98 -> Ô£ô ACCEPTED
Contour #1309: Area=    70, Ratio=1.22, Circ=0.90, Sol=0.99 -> Ô£ô ACCEPTED
Contour #1310: Area=    70, Ratio=1.22, Circ=0.90, Sol=0.99 -> Ô£ô ACCEPTED
Contour #1311: Area=    22, Ratio=0.70, Circ=0.47, Sol=0.79 -> Ô£ù REJECTED
              Area too small (22 Ôëñ 30)
Contour #1312: Area=    38, Ratio=0.89, Circ=0.85, Sol=0.96 -> Ô£ô ACCEPTED
Contour #1313: Area=    44, Ratio=0.89, Circ=0.86, Sol=0.96 -> Ô£ô ACCEPTED
Contour #1314: Area=    37, Ratio=0.78, Circ=0.86, Sol=0.97 -> Ô£ô ACCEPTED
Contour #1315: Area=    69, Ratio=0.50, Circ=0.78, Sol=0.99 -> Ô£ù REJECTED
              Aspect ratio out of range (0.50)
Contour #1316: Area=    40, Ratio=0.89, Circ=0.86, Sol=0.96 -> Ô£ô ACCEPTED
Contour #1317: Area=    72, Ratio=0.47, Circ=0.76, Sol=0.99 -> Ô£ù REJECTED
              Aspect ratio out of range (0.47)
Contour #1318: Area=    38, Ratio=0.89, Circ=0.82, Sol=0.95 -> Ô£ô ACCEPTED
Contour #1319: Area=    72, Ratio=0.47, Circ=0.76, Sol=0.99 -> Ô£ù REJECTED
              Aspect ratio out of range (0.47)
Contour #1320: Area=    72, Ratio=0.47, Circ=0.75, Sol=0.99 -> Ô£ù REJECTED
              Aspect ratio out of range (0.47)
Contour #1321: Area=    72, Ratio=0.47, Circ=0.76, Sol=0.99 -> Ô£ù REJECTED
              Aspect ratio out of range (0.47)
Contour #1322: Area=    71, Ratio=0.47, Circ=0.77, Sol=1.00 -> Ô£ù REJECTED
              Aspect ratio out of range (0.47)
Contour #1323: Area=   479, Ratio=3.31, Circ=0.58, Sol=0.99 -> Ô£ù REJECTED
              Aspect ratio out of range (3.31)
Contour #1324: Area=   147, Ratio=0.75, Circ=0.87, Sol=0.99 -> Ô£ô ACCEPTED
Contour #1325: Area=   147, Ratio=0.75, Circ=0.87, Sol=0.99 -> Ô£ô ACCEPTED
Contour #1326: Area=    56, Ratio=1.38, Circ=0.86, Sol=0.97 -> Ô£ô ACCEPTED
Contour #1327: Area=   148, Ratio=0.75, Circ=0.87, Sol=0.99 -> Ô£ô ACCEPTED
Contour #1328: Area=    57, Ratio=1.38, Circ=0.90, Sol=1.00 -> Ô£ô ACCEPTED
Contour #1329: Area=   148, Ratio=0.75, Circ=0.87, Sol=0.99 -> Ô£ô ACCEPTED
Contour #1330: Area=    57, Ratio=1.38, Circ=0.90, Sol=1.00 -> Ô£ô ACCEPTED
Contour #1331: Area=   150, Ratio=0.71, Circ=0.85, Sol=0.98 -> Ô£ô ACCEPTED
Contour #1332: Area=    57, Ratio=1.38, Circ=0.90, Sol=1.00 -> Ô£ô ACCEPTED
Contour #1333: Area=   152, Ratio=0.71, Circ=0.87, Sol=0.99 -> Ô£ô ACCEPTED
Contour #1334: Area=    52, Ratio=1.38, Circ=0.83, Sol=0.95 -> Ô£ô ACCEPTED
Contour #1335: Area=   180, Ratio=0.63, Circ=0.85, Sol=0.99 -> Ô£ô ACCEPTED
Contour #1336: Area=   183, Ratio=0.68, Circ=0.82, Sol=0.97 -> Ô£ô ACCEPTED
Contour #1337: Area=   188, Ratio=0.68, Circ=0.86, Sol=0.98 -> Ô£ô ACCEPTED
Contour #1338: Area=    71, Ratio=0.53, Circ=0.32, Sol=0.60 -> Ô£ù REJECTED
              Aspect ratio out of range (0.53)
Contour #1339: Area=   186, Ratio=0.68, Circ=0.85, Sol=0.98 -> Ô£ô ACCEPTED
Contour #1340: Area=    72, Ratio=0.50, Circ=0.30, Sol=0.59 -> Ô£ù REJECTED
              Aspect ratio out of range (0.50)
Contour #1341: Area=   184, Ratio=0.68, Circ=0.86, Sol=0.98 -> Ô£ô ACCEPTED
Contour #1342: Area=    71, Ratio=0.50, Circ=0.31, Sol=0.60 -> Ô£ù REJECTED
              Aspect ratio out of range (0.50)
Contour #1343: Area=   189, Ratio=0.65, Circ=0.82, Sol=0.97 -> Ô£ô ACCEPTED
Contour #1344: Area=    74, Ratio=0.45, Circ=0.35, Sol=0.68 -> Ô£ù REJECTED
              Aspect ratio out of range (0.45)
Contour #1345: Area=    70, Ratio=0.45, Circ=0.33, Sol=0.66 -> Ô£ù REJECTED
              Aspect ratio out of range (0.45)
Contour #1346: Area=   106, Ratio=0.84, Circ=0.30, Sol=0.58 -> Ô£ù REJECTED
              Circularity too low (0.30 < 0.6)
Contour #1347: Area=    71, Ratio=0.45, Circ=0.31, Sol=0.66 -> Ô£ù REJECTED
              Aspect ratio out of range (0.45)
Contour #1348: Area=   212, Ratio=0.74, Circ=0.77, Sol=0.97 -> Ô£ô ACCEPTED
Contour #1349: Area=   250, Ratio=0.84, Circ=0.87, Sol=0.99 -> Ô£ô ACCEPTED
Contour #1350: Area=   214, Ratio=0.74, Circ=0.76, Sol=0.96 -> Ô£ô ACCEPTED
Contour #1351: Area=   108, Ratio=0.89, Circ=0.29, Sol=0.58 -> Ô£ù REJECTED
              Circularity too low (0.29 < 0.6)
Contour #1352: Area=   248, Ratio=0.84, Circ=0.86, Sol=0.99 -> Ô£ô ACCEPTED
Contour #1353: Area=    80, Ratio=0.89, Circ=0.11, Sol=0.32 -> Ô£ù REJECTED
              Circularity too low (0.11 < 0.6)
Contour #1354: Area=   106, Ratio=0.89, Circ=0.30, Sol=0.58 -> Ô£ù REJECTED
              Circularity too low (0.30 < 0.6)
Contour #1355: Area=   866, Ratio=2.63, Circ=0.61, Sol=0.98 -> Ô£ù REJECTED
              Area too large (866 ÔëÑ 600)
Contour #1356: Area=   250, Ratio=0.84, Circ=0.87, Sol=0.99 -> Ô£ô ACCEPTED
Contour #1357: Area=    86, Ratio=0.80, Circ=0.13, Sol=0.35 -> Ô£ù REJECTED
              Circularity too low (0.13 < 0.6)
Contour #1358: Area=   214, Ratio=0.74, Circ=0.75, Sol=0.96 -> Ô£ô ACCEPTED
Contour #1359: Area=   108, Ratio=0.84, Circ=0.31, Sol=0.60 -> Ô£ù REJECTED
              Circularity too low (0.31 < 0.6)
Contour #1360: Area=   254, Ratio=0.80, Circ=0.81, Sol=0.98 -> Ô£ô ACCEPTED
Contour #1361: Area=    86, Ratio=0.80, Circ=0.13, Sol=0.34 -> Ô£ù REJECTED
              Circularity too low (0.13 < 0.6)
Contour #1362: Area=   213, Ratio=0.74, Circ=0.76, Sol=0.96 -> Ô£ô ACCEPTED
Contour #1363: Area=   104, Ratio=0.84, Circ=0.30, Sol=0.59 -> Ô£ù REJECTED
              Circularity too low (0.30 < 0.6)
Contour #1364: Area=   244, Ratio=0.80, Circ=0.81, Sol=0.97 -> Ô£ô ACCEPTED
Contour #1365: Area=    87, Ratio=0.80, Circ=0.13, Sol=0.34 -> Ô£ù REJECTED
              Circularity too low (0.13 < 0.6)
Contour #1366: Area=   216, Ratio=0.70, Circ=0.76, Sol=0.95 -> Ô£ô ACCEPTED
Contour #1367: Area=   250, Ratio=0.80, Circ=0.79, Sol=0.97 -> Ô£ô ACCEPTED
Contour #1368: Area=    87, Ratio=0.85, Circ=0.13, Sol=0.34 -> Ô£ù REJECTED
              Circularity too low (0.13 < 0.6)
Contour #1369: Area=    82, Ratio=0.85, Circ=0.12, Sol=0.32 -> Ô£ù REJECTED
              Circularity too low (0.12 < 0.6)
Contour #1370: Area=   606, Ratio=1.06, Circ=0.37, Sol=0.65 -> Ô£ù REJECTED
              Area too large (606 ÔëÑ 600)
Contour #1371: Area=   196, Ratio=1.00, Circ=0.90, Sol=0.98 -> Ô£ô ACCEPTED
Contour #1372: Area=   705, Ratio=1.06, Circ=0.59, Sol=0.80 -> Ô£ù REJECTED
              Area too large (705 ÔëÑ 600)
Contour #1373: Area=   956, Ratio=1.03, Circ=0.92, Sol=0.99 -> Ô£ù REJECTED
              Area too large (956 ÔëÑ 600)
Contour #1374: Area=   953, Ratio=1.03, Circ=0.91, Sol=0.99 -> Ô£ù REJECTED
              Area too large (953 ÔëÑ 600)
Contour #1375: Area=   957, Ratio=1.00, Circ=0.90, Sol=0.98 -> Ô£ù REJECTED
              Area too large (957 ÔëÑ 600)
Contour #1376: Area=   954, Ratio=1.00, Circ=0.90, Sol=0.98 -> Ô£ù REJECTED
              Area too large (954 ÔëÑ 600)
Contour #1377: Area=   955, Ratio=1.00, Circ=0.90, Sol=0.98 -> Ô£ù REJECTED
              Area too large (955 ÔëÑ 600)
Contour #1378: Area=   955, Ratio=1.03, Circ=0.89, Sol=0.98 -> Ô£ù REJECTED
              Area too large (955 ÔëÑ 600)
Contour #1379: Area=   960, Ratio=1.00, Circ=0.90, Sol=0.98 -> Ô£ù REJECTED
              Area too large (960 ÔëÑ 600)
Contour #1380: Area=   961, Ratio=1.00, Circ=0.91, Sol=0.99 -> Ô£ù REJECTED
              Area too large (961 ÔëÑ 600)
Contour #1381: Area=   960, Ratio=1.00, Circ=0.90, Sol=0.98 -> Ô£ù REJECTED
              Area too large (960 ÔëÑ 600)
Contour #1382: Area=   960, Ratio=1.00, Circ=0.91, Sol=0.99 -> Ô£ù REJECTED
              Area too large (960 ÔëÑ 600)
Contour #1383: Area=   960, Ratio=1.00, Circ=0.90, Sol=0.98 -> Ô£ù REJECTED
              Area too large (960 ÔëÑ 600)
Contour #1384: Area=   956, Ratio=1.00, Circ=0.90, Sol=0.99 -> Ô£ù REJECTED
              Area too large (956 ÔëÑ 600)
Contour #1385: Area=   958, Ratio=1.00, Circ=0.90, Sol=0.98 -> Ô£ù REJECTED
              Area too large (958 ÔëÑ 600)
Contour #1386: Area=   958, Ratio=1.03, Circ=0.89, Sol=0.98 -> Ô£ù REJECTED
              Area too large (958 ÔëÑ 600)
Contour #1387: Area=   958, Ratio=1.00, Circ=0.89, Sol=0.98 -> Ô£ù REJECTED
              Area too large (958 ÔëÑ 600)
Contour #1388: Area=   957, Ratio=1.00, Circ=0.90, Sol=0.98 -> Ô£ù REJECTED
              Area too large (957 ÔëÑ 600)
Contour #1389: Area=   957, Ratio=1.00, Circ=0.90, Sol=0.99 -> Ô£ù REJECTED
              Area too large (957 ÔëÑ 600)
Contour #1390: Area=   956, Ratio=1.00, Circ=0.90, Sol=0.98 -> Ô£ù REJECTED
              Area too large (956 ÔëÑ 600)
Contour #1391: Area=   957, Ratio=1.00, Circ=0.90, Sol=0.98 -> Ô£ù REJECTED
              Area too large (957 ÔëÑ 600)
Contour #1392: Area=   958, Ratio=1.00, Circ=0.90, Sol=0.98 -> Ô£ù REJECTED
              Area too large (958 ÔëÑ 600)
Contour #1393: Area=   956, Ratio=1.00, Circ=0.89, Sol=0.98 -> Ô£ù REJECTED
              Area too large (956 ÔëÑ 600)
Contour #1394: Area=   953, Ratio=1.00, Circ=0.90, Sol=0.98 -> Ô£ù REJECTED
              Area too large (953 ÔëÑ 600)
Contour #1395: Area=  1200, Ratio=1.02, Circ=0.89, Sol=0.98 -> Ô£ù REJECTED
              Area too large (1200 ÔëÑ 600)
Contour #1396: Area=  1226, Ratio=1.00, Circ=0.90, Sol=0.98 -> Ô£ù REJECTED
              Area too large (1226 ÔëÑ 600)
Contour #1397: Area=  1231, Ratio=1.02, Circ=0.90, Sol=0.98 -> Ô£ù REJECTED
              Area too large (1231 ÔëÑ 600)
Contour #1398: Area=  1226, Ratio=1.00, Circ=0.91, Sol=0.99 -> Ô£ù REJECTED
              Area too large (1226 ÔëÑ 600)
Contour #1399: Area=  1229, Ratio=1.02, Circ=0.90, Sol=0.98 -> Ô£ù REJECTED
              Area too large (1229 ÔëÑ 600)
Contour #1400: Area=  1229, Ratio=1.02, Circ=0.90, Sol=0.98 -> Ô£ù REJECTED
              Area too large (1229 ÔëÑ 600)
Contour #1401: Area=  1232, Ratio=1.02, Circ=0.89, Sol=0.98 -> Ô£ù REJECTED
              Area too large (1232 ÔëÑ 600)
Contour #1402: Area=  1225, Ratio=1.00, Circ=0.91, Sol=0.99 -> Ô£ù REJECTED
              Area too large (1225 ÔëÑ 600)
Contour #1403: Area=  1224, Ratio=1.02, Circ=0.89, Sol=0.98 -> Ô£ù REJECTED
              Area too large (1224 ÔëÑ 600)
Contour #1404: Area=  1225, Ratio=1.00, Circ=0.91, Sol=0.99 -> Ô£ù REJECTED
              Area too large (1225 ÔëÑ 600)
Contour #1405: Area=  1230, Ratio=1.02, Circ=0.88, Sol=0.98 -> Ô£ù REJECTED
              Area too large (1230 ÔëÑ 600)
Contour #1406: Area=  1225, Ratio=1.00, Circ=0.91, Sol=0.99 -> Ô£ù REJECTED
              Area too large (1225 ÔëÑ 600)
Contour #1407: Area=  1232, Ratio=1.02, Circ=0.89, Sol=0.98 -> Ô£ù REJECTED
              Area too large (1232 ÔëÑ 600)
Contour #1408: Area=  1229, Ratio=1.00, Circ=0.91, Sol=0.99 -> Ô£ù REJECTED
              Area too large (1229 ÔëÑ 600)
Contour #1409: Area=  1230, Ratio=1.02, Circ=0.89, Sol=0.98 -> Ô£ù REJECTED
              Area too large (1230 ÔëÑ 600)
Contour #1410: Area=  1228, Ratio=1.00, Circ=0.91, Sol=0.99 -> Ô£ù REJECTED
              Area too large (1228 ÔëÑ 600)
Contour #1411: Area=  1228, Ratio=1.02, Circ=0.89, Sol=0.98 -> Ô£ù REJECTED
              Area too large (1228 ÔëÑ 600)
Contour #1412: Area=  1227, Ratio=1.02, Circ=0.90, Sol=0.98 -> Ô£ù REJECTED
              Area too large (1227 ÔëÑ 600)
Contour #1413: Area=  1226, Ratio=1.00, Circ=0.90, Sol=0.98 -> Ô£ù REJECTED
              Area too large (1226 ÔëÑ 600)
Contour #1414: Area=  1230, Ratio=1.02, Circ=0.90, Sol=0.98 -> Ô£ù REJECTED
              Area too large (1230 ÔëÑ 600)
Contour #1415: Area=  1230, Ratio=1.00, Circ=0.89, Sol=0.98 -> Ô£ù REJECTED
              Area too large (1230 ÔëÑ 600)
Contour #1416: Area=  1223, Ratio=1.00, Circ=0.88, Sol=0.98 -> Ô£ù REJECTED
              Area too large (1223 ÔëÑ 600)
Contour #1417: Area=  1225, Ratio=1.00, Circ=0.89, Sol=0.98 -> Ô£ù REJECTED
              Area too large (1225 ÔëÑ 600)
Contour #1418: Area=   269, Ratio=0.77, Circ=0.87, Sol=0.97 -> Ô£ô ACCEPTED
Contour #1419: Area=   288, Ratio=145.00, Circ=0.01, Sol=1.00 -> Ô£ù REJECTED
              Aspect ratio out of range (145.00)
Contour #1420: Area=   196, Ratio=99.00, Circ=0.02, Sol=1.00 -> Ô£ù REJECTED
              Aspect ratio out of range (99.00)
Contour #1421: Area=    86, Ratio=23.00, Circ=0.06, Sol=0.75 -> Ô£ù REJECTED
              Aspect ratio out of range (23.00)
Contour #1422: Area=   450, Ratio=96.67, Circ=0.02, Sol=0.78 -> Ô£ù REJECTED
              Aspect ratio out of range (96.67)
Contour #1423: Area=   567, Ratio=97.00, Circ=0.02, Sol=0.98 -> Ô£ù REJECTED
              Aspect ratio out of range (97.00)
Contour #1424: Area=   600, Ratio=102.00, Circ=0.02, Sol=0.99 -> Ô£ù REJECTED
              Area too large (600 ÔëÑ 600)
Contour #1425: Area=   432, Ratio=95.00, Circ=0.02, Sol=0.77 -> Ô£ù REJECTED
              Aspect ratio out of range (95.00)
Contour #1426: Area=  1402, Ratio=0.85, Circ=0.81, Sol=0.96 -> Ô£ù REJECTED
              Area too large (1402 ÔëÑ 600)
Contour #1427: Area=    10, Ratio=0.80, Circ=0.80, Sol=0.95 -> Ô£ù REJECTED
              Area too small (10 Ôëñ 30)
Contour #1428: Area=    60, Ratio=1.38, Circ=0.88, Sol=0.98 -> Ô£ô ACCEPTED
Contour #1429: Area=    62, Ratio=1.38, Circ=0.91, Sol=1.00 -> Ô£ô ACCEPTED
Contour #1430: Area=    62, Ratio=1.22, Circ=0.86, Sol=0.96 -> Ô£ô ACCEPTED
Contour #1431: Area=    64, Ratio=1.22, Circ=0.89, Sol=0.98 -> Ô£ô ACCEPTED
Contour #1432: Area=    64, Ratio=1.22, Circ=0.85, Sol=0.95 -> Ô£ô ACCEPTED
Contour #1433: Area=   184, Ratio=1.00, Circ=0.86, Sol=0.96 -> Ô£ô ACCEPTED
Contour #1434: Area=    33, Ratio=0.78, Circ=0.85, Sol=0.97 -> Ô£ô ACCEPTED
Contour #1435: Area=    38, Ratio=0.78, Circ=0.88, Sol=0.99 -> Ô£ô ACCEPTED
Contour #1436: Area=    36, Ratio=0.78, Circ=0.83, Sol=0.96 -> Ô£ô ACCEPTED
Contour #1437: Area=    56, Ratio=1.21, Circ=0.13, Sol=0.36 -> Ô£ù REJECTED
              Circularity too low (0.13 < 0.6)
Contour #1438: Area=    37, Ratio=0.89, Circ=0.80, Sol=0.94 -> Ô£ô ACCEPTED
Contour #1439: Area=   450, Ratio=3.58, Circ=0.56, Sol=1.00 -> Ô£ù REJECTED
              Aspect ratio out of range (3.58)
Contour #1440: Area=    38, Ratio=0.89, Circ=0.85, Sol=0.96 -> Ô£ô ACCEPTED
Contour #1441: Area=    40, Ratio=0.89, Circ=0.92, Sol=1.00 -> Ô£ô ACCEPTED
Contour #1442: Area=    38, Ratio=0.78, Circ=0.91, Sol=1.00 -> Ô£ô ACCEPTED
Contour #1443: Area=    38, Ratio=0.89, Circ=0.87, Sol=0.97 -> Ô£ô ACCEPTED
Contour #1444: Area=    38, Ratio=0.78, Circ=0.91, Sol=1.00 -> Ô£ô ACCEPTED
Contour #1445: Area=    38, Ratio=0.78, Circ=0.88, Sol=0.99 -> Ô£ô ACCEPTED
Contour #1446: Area=   145, Ratio=0.75, Circ=0.86, Sol=0.98 -> Ô£ô ACCEPTED
Contour #1447: Area=   144, Ratio=0.75, Circ=0.87, Sol=0.98 -> Ô£ô ACCEPTED
Contour #1448: Area=    50, Ratio=1.25, Circ=0.87, Sol=0.97 -> Ô£ô ACCEPTED
Contour #1449: Area=   145, Ratio=0.75, Circ=0.90, Sol=1.00 -> Ô£ô ACCEPTED
Contour #1450: Area=    52, Ratio=1.38, Circ=0.87, Sol=0.98 -> Ô£ô ACCEPTED
Contour #1451: Area=   145, Ratio=0.75, Circ=0.90, Sol=1.00 -> Ô£ô ACCEPTED
Contour #1452: Area=   144, Ratio=0.75, Circ=0.87, Sol=0.99 -> Ô£ô ACCEPTED
Contour #1453: Area=    53, Ratio=1.25, Circ=0.89, Sol=0.98 -> Ô£ô ACCEPTED
Contour #1454: Area=   145, Ratio=0.75, Circ=0.86, Sol=0.98 -> Ô£ô ACCEPTED
Contour #1455: Area=    52, Ratio=1.25, Circ=0.91, Sol=0.99 -> Ô£ô ACCEPTED
Contour #1456: Area=    50, Ratio=1.25, Circ=0.87, Sol=0.97 -> Ô£ô ACCEPTED
Contour #1457: Area=   152, Ratio=0.68, Circ=0.37, Sol=0.78 -> Ô£ù REJECTED
              Circularity too low (0.37 < 0.6)
Contour #1458: Area=   153, Ratio=0.68, Circ=0.39, Sol=0.79 -> Ô£ù REJECTED
              Circularity too low (0.39 < 0.6)
Contour #1459: Area=   158, Ratio=0.68, Circ=0.39, Sol=0.80 -> Ô£ù REJECTED
              Circularity too low (0.39 < 0.6)
Contour #1460: Area=   114, Ratio=0.89, Circ=0.31, Sol=0.61 -> Ô£ù REJECTED
              Circularity too low (0.31 < 0.6)
Contour #1461: Area=   156, Ratio=0.68, Circ=0.40, Sol=0.79 -> Ô£ù REJECTED
              Circularity too low (0.40 < 0.6)
Contour #1462: Area=   381, Ratio=1.00, Circ=0.88, Sol=0.98 -> Ô£ô ACCEPTED
Contour #1463: Area=   156, Ratio=0.65, Circ=0.40, Sol=0.78 -> Ô£ù REJECTED
              Circularity too low (0.40 < 0.6)
Contour #1464: Area=   818, Ratio=2.63, Circ=0.59, Sol=0.96 -> Ô£ù REJECTED
              Area too large (818 ÔëÑ 600)
Contour #1465: Area=   216, Ratio=0.74, Circ=0.75, Sol=0.97 -> Ô£ô ACCEPTED
Contour #1466: Area=   116, Ratio=0.89, Circ=0.32, Sol=0.61 -> Ô£ù REJECTED
              Circularity too low (0.32 < 0.6)
Contour #1467: Area=   154, Ratio=0.65, Circ=0.37, Sol=0.78 -> Ô£ù REJECTED
              Circularity too low (0.37 < 0.6)
Contour #1468: Area=   250, Ratio=0.84, Circ=0.87, Sol=0.99 -> Ô£ô ACCEPTED
Contour #1469: Area=   216, Ratio=0.74, Circ=0.75, Sol=0.97 -> Ô£ô ACCEPTED
Contour #1470: Area=   114, Ratio=0.84, Circ=0.33, Sol=0.63 -> Ô£ù REJECTED
              Circularity too low (0.33 < 0.6)
Contour #1471: Area=   249, Ratio=0.84, Circ=0.87, Sol=0.99 -> Ô£ô ACCEPTED
Contour #1472: Area=    90, Ratio=0.85, Circ=0.13, Sol=0.35 -> Ô£ù REJECTED
              Circularity too low (0.13 < 0.6)
Contour #1473: Area=   214, Ratio=0.74, Circ=0.75, Sol=0.96 -> Ô£ô ACCEPTED
Contour #1474: Area=   112, Ratio=0.89, Circ=0.31, Sol=0.62 -> Ô£ù REJECTED
              Circularity too low (0.31 < 0.6)
Contour #1475: Area=   251, Ratio=0.84, Circ=0.84, Sol=0.99 -> Ô£ô ACCEPTED
Contour #1476: Area=    92, Ratio=0.85, Circ=0.13, Sol=0.36 -> Ô£ù REJECTED
              Circularity too low (0.13 < 0.6)
Contour #1477: Area=   215, Ratio=0.74, Circ=0.77, Sol=0.97 -> Ô£ô ACCEPTED
Contour #1478: Area=   259, Ratio=0.80, Circ=0.84, Sol=0.98 -> Ô£ô ACCEPTED
Contour #1479: Area=    92, Ratio=0.85, Circ=0.13, Sol=0.35 -> Ô£ù REJECTED
              Circularity too low (0.13 < 0.6)
Contour #1480: Area=   222, Ratio=0.70, Circ=0.75, Sol=0.95 -> Ô£ô ACCEPTED
Contour #1481: Area=   257, Ratio=0.80, Circ=0.84, Sol=0.98 -> Ô£ô ACCEPTED
Contour #1482: Area=    94, Ratio=0.85, Circ=0.14, Sol=0.36 -> Ô£ù REJECTED
              Circularity too low (0.14 < 0.6)
Contour #1483: Area=   254, Ratio=0.80, Circ=0.84, Sol=0.98 -> Ô£ô ACCEPTED
Contour #1484: Area=    90, Ratio=0.85, Circ=0.13, Sol=0.35 -> Ô£ù REJECTED
              Circularity too low (0.13 < 0.6)
Contour #1485: Area=    90, Ratio=0.85, Circ=0.13, Sol=0.35 -> Ô£ù REJECTED
              Circularity too low (0.13 < 0.6)
Contour #1486: Area=   192, Ratio=1.00, Circ=0.91, Sol=0.98 -> Ô£ô ACCEPTED
Contour #1487: Area=   846, Ratio=1.06, Circ=0.74, Sol=0.91 -> Ô£ù REJECTED
              Area too large (846 ÔëÑ 600)
Contour #1488: Area=   953, Ratio=1.03, Circ=0.91, Sol=0.99 -> Ô£ù REJECTED
              Area too large (953 ÔëÑ 600)
Contour #1489: Area=   950, Ratio=1.03, Circ=0.90, Sol=0.98 -> Ô£ù REJECTED
              Area too large (950 ÔëÑ 600)
Contour #1490: Area=   954, Ratio=1.03, Circ=0.91, Sol=0.99 -> Ô£ù REJECTED
              Area too large (954 ÔëÑ 600)
Contour #1491: Area=   950, Ratio=1.03, Circ=0.89, Sol=0.98 -> Ô£ù REJECTED
              Area too large (950 ÔëÑ 600)
Contour #1492: Area=   952, Ratio=1.03, Circ=0.91, Sol=0.99 -> Ô£ù REJECTED
              Area too large (952 ÔëÑ 600)
Contour #1493: Area=   947, Ratio=1.03, Circ=0.91, Sol=0.98 -> Ô£ù REJECTED
              Area too large (947 ÔëÑ 600)
Contour #1494: Area=   950, Ratio=1.03, Circ=0.91, Sol=0.99 -> Ô£ù REJECTED
              Area too large (950 ÔëÑ 600)
Contour #1495: Area=   945, Ratio=1.00, Circ=0.89, Sol=0.98 -> Ô£ù REJECTED
              Area too large (945 ÔëÑ 600)
Contour #1496: Area=   952, Ratio=1.00, Circ=0.90, Sol=0.98 -> Ô£ù REJECTED
              Area too large (952 ÔëÑ 600)
Contour #1497: Area=   954, Ratio=1.00, Circ=0.90, Sol=0.98 -> Ô£ù REJECTED
              Area too large (954 ÔëÑ 600)
Contour #1498: Area=   950, Ratio=1.00, Circ=0.90, Sol=0.98 -> Ô£ù REJECTED
              Area too large (950 ÔëÑ 600)
Contour #1499: Area=   955, Ratio=1.00, Circ=0.90, Sol=0.98 -> Ô£ù REJECTED
              Area too large (955 ÔëÑ 600)
Contour #1500: Area=   952, Ratio=1.00, Circ=0.90, Sol=0.98 -> Ô£ù REJECTED
              Area too large (952 ÔëÑ 600)
Contour #1501: Area=   956, Ratio=1.00, Circ=0.90, Sol=0.98 -> Ô£ù REJECTED
              Area too large (956 ÔëÑ 600)
Contour #1502: Area=   954, Ratio=1.00, Circ=0.90, Sol=0.98 -> Ô£ù REJECTED
              Area too large (954 ÔëÑ 600)
Contour #1503: Area=   957, Ratio=1.00, Circ=0.90, Sol=0.98 -> Ô£ù REJECTED
              Area too large (957 ÔëÑ 600)
Contour #1504: Area=   957, Ratio=1.00, Circ=0.90, Sol=0.99 -> Ô£ù REJECTED
              Area too large (957 ÔëÑ 600)
Contour #1505: Area=   980, Ratio=0.97, Circ=0.90, Sol=0.98 -> Ô£ù REJECTED
              Area too large (980 ÔëÑ 600)
Contour #1506: Area=   955, Ratio=1.00, Circ=0.90, Sol=0.99 -> Ô£ù REJECTED
              Area too large (955 ÔëÑ 600)
Contour #1507: Area=   953, Ratio=1.00, Circ=0.90, Sol=0.98 -> Ô£ù REJECTED
              Area too large (953 ÔëÑ 600)
Contour #1508: Area=   954, Ratio=1.00, Circ=0.90, Sol=0.98 -> Ô£ù REJECTED
              Area too large (954 ÔëÑ 600)
Contour #1509: Area=   949, Ratio=1.00, Circ=0.90, Sol=0.98 -> Ô£ù REJECTED
              Area too large (949 ÔëÑ 600)
Contour #1510: Area=   605, Ratio=1.00, Circ=0.36, Sol=0.65 -> Ô£ù REJECTED
              Area too large (605 ÔëÑ 600)
Contour #1511: Area=  1234, Ratio=1.02, Circ=0.90, Sol=0.98 -> Ô£ù REJECTED
              Area too large (1234 ÔëÑ 600)
Contour #1512: Area=  1234, Ratio=1.02, Circ=0.90, Sol=0.98 -> Ô£ù REJECTED
              Area too large (1234 ÔëÑ 600)
Contour #1513: Area=  1230, Ratio=1.00, Circ=0.91, Sol=0.99 -> Ô£ù REJECTED
              Area too large (1230 ÔëÑ 600)
Contour #1514: Area=  1234, Ratio=1.02, Circ=0.90, Sol=0.98 -> Ô£ù REJECTED
              Area too large (1234 ÔëÑ 600)
Contour #1515: Area=  1234, Ratio=1.02, Circ=0.90, Sol=0.98 -> Ô£ù REJECTED
              Area too large (1234 ÔëÑ 600)
Contour #1516: Area=  1227, Ratio=1.00, Circ=0.91, Sol=0.99 -> Ô£ù REJECTED
              Area too large (1227 ÔëÑ 600)
Contour #1517: Area=  1232, Ratio=1.02, Circ=0.89, Sol=0.98 -> Ô£ù REJECTED
              Area too large (1232 ÔëÑ 600)
Contour #1518: Area=  1231, Ratio=1.02, Circ=0.90, Sol=0.98 -> Ô£ù REJECTED
              Area too large (1231 ÔëÑ 600)
Contour #1519: Area=  1234, Ratio=1.02, Circ=0.90, Sol=0.98 -> Ô£ù REJECTED
              Area too large (1234 ÔëÑ 600)
Contour #1520: Area=  1228, Ratio=1.00, Circ=0.91, Sol=0.99 -> Ô£ù REJECTED
              Area too large (1228 ÔëÑ 600)
Contour #1521: Area=  1208, Ratio=1.02, Circ=0.88, Sol=0.98 -> Ô£ù REJECTED
              Area too large (1208 ÔëÑ 600)
Contour #1522: Area=  1232, Ratio=1.00, Circ=0.90, Sol=0.98 -> Ô£ù REJECTED
              Area too large (1232 ÔëÑ 600)
Contour #1523: Area=  1234, Ratio=1.02, Circ=0.90, Sol=0.99 -> Ô£ù REJECTED
              Area too large (1234 ÔëÑ 600)
Contour #1524: Area=  1231, Ratio=0.98, Circ=0.90, Sol=0.98 -> Ô£ù REJECTED
              Area too large (1231 ÔëÑ 600)
Contour #1525: Area=  1234, Ratio=1.00, Circ=0.89, Sol=0.98 -> Ô£ù REJECTED
              Area too large (1234 ÔëÑ 600)
Contour #1526: Area=  1228, Ratio=0.98, Circ=0.89, Sol=0.98 -> Ô£ù REJECTED
              Area too large (1228 ÔëÑ 600)
Contour #1527: Area=  1235, Ratio=1.00, Circ=0.89, Sol=0.98 -> Ô£ù REJECTED
              Area too large (1235 ÔëÑ 600)
Contour #1528: Area=  1230, Ratio=0.98, Circ=0.89, Sol=0.98 -> Ô£ù REJECTED
              Area too large (1230 ÔëÑ 600)
Contour #1529: Area=  1234, Ratio=1.00, Circ=0.89, Sol=0.98 -> Ô£ù REJECTED
              Area too large (1234 ÔëÑ 600)
Contour #1530: Area=  1230, Ratio=0.98, Circ=0.89, Sol=0.98 -> Ô£ù REJECTED
              Area too large (1230 ÔëÑ 600)
Contour #1531: Area=  1238, Ratio=1.00, Circ=0.89, Sol=0.98 -> Ô£ù REJECTED
              Area too large (1238 ÔëÑ 600)
Contour #1532: Area=  1232, Ratio=0.98, Circ=0.89, Sol=0.98 -> Ô£ù REJECTED
              Area too large (1232 ÔëÑ 600)
Contour #1533: Area=  1235, Ratio=1.00, Circ=0.89, Sol=0.98 -> Ô£ù REJECTED
              Area too large (1235 ÔëÑ 600)
Contour #1534: Area=   286, Ratio=95.00, Circ=0.01, Sol=0.67 -> Ô£ù REJECTED
              Aspect ratio out of range (95.00)
Contour #1535: Area=   480, Ratio=96.67, Circ=0.02, Sol=0.85 -> Ô£ù REJECTED
              Aspect ratio out of range (96.67)
Contour #1536: Area=   372, Ratio=63.67, Circ=0.03, Sol=0.98 -> Ô£ù REJECTED
              Aspect ratio out of range (63.67)
Contour #1537: Area=   188, Ratio=0.94, Circ=0.91, Sol=0.98 -> Ô£ô ACCEPTED
Contour #1538: Area=   138, Ratio=23.67, Circ=0.09, Sol=1.00 -> Ô£ù REJECTED
              Aspect ratio out of range (23.67)
Contour #1539: Area=   571, Ratio=96.67, Circ=0.02, Sol=0.99 -> Ô£ù REJECTED
              Aspect ratio out of range (96.67)
Contour #1540: Area=   276, Ratio=66.33, Circ=0.02, Sol=0.77 -> Ô£ù REJECTED
              Aspect ratio out of range (66.33)
Contour #1541: Area=    84, Ratio=24.33, Circ=0.05, Sol=0.75 -> Ô£ù REJECTED
              Aspect ratio out of range (24.33)
Contour #1542: Area=   306, Ratio=101.67, Circ=0.01, Sol=0.62 -> Ô£ù REJECTED
              Aspect ratio out of range (101.67)
Contour #1543: Area=  1448, Ratio=0.80, Circ=0.80, Sol=0.95 -> Ô£ù REJECTED
              Area too large (1448 ÔëÑ 600)
Contour #1544: Area=    38, Ratio=1.00, Circ=0.91, Sol=0.99 -> Ô£ô ACCEPTED
Contour #1545: Area=    62, Ratio=1.38, Circ=0.91, Sol=1.00 -> Ô£ô ACCEPTED
Contour #1546: Area=    37, Ratio=1.00, Circ=0.86, Sol=0.95 -> Ô£ô ACCEPTED
Contour #1547: Area=    64, Ratio=1.22, Circ=0.89, Sol=0.98 -> Ô£ô ACCEPTED
Contour #1548: Area=    36, Ratio=0.88, Circ=0.93, Sol=1.00 -> Ô£ô ACCEPTED
Contour #1549: Area=    66, Ratio=1.22, Circ=0.89, Sol=0.98 -> Ô£ô ACCEPTED
Contour #1550: Area=    38, Ratio=1.00, Circ=0.91, Sol=0.99 -> Ô£ô ACCEPTED
Contour #1551: Area=    68, Ratio=1.33, Circ=0.85, Sol=0.96 -> Ô£ô ACCEPTED
Contour #1552: Area=    37, Ratio=0.89, Circ=0.88, Sol=0.99 -> Ô£ô ACCEPTED
Contour #1553: Area=    66, Ratio=1.22, Circ=0.87, Sol=0.97 -> Ô£ô ACCEPTED
Contour #1554: Area=    38, Ratio=0.89, Circ=0.91, Sol=1.00 -> Ô£ô ACCEPTED
Contour #1555: Area=    68, Ratio=1.22, Circ=0.87, Sol=0.97 -> Ô£ô ACCEPTED
Contour #1556: Area=    39, Ratio=0.89, Circ=0.84, Sol=0.95 -> Ô£ô ACCEPTED
Contour #1557: Area=   454, Ratio=3.58, Circ=0.55, Sol=1.00 -> Ô£ù REJECTED
              Aspect ratio out of range (3.58)
Contour #1558: Area=    37, Ratio=0.78, Circ=0.86, Sol=0.97 -> Ô£ô ACCEPTED
Contour #1559: Area=    27, Ratio=1.00, Circ=0.91, Sol=1.00 -> Ô£ù REJECTED
              Area too small (27 Ôëñ 30)
Contour #1560: Area=    26, Ratio=1.00, Circ=0.88, Sol=0.98 -> Ô£ù REJECTED
              Area too small (26 Ôëñ 30)
Contour #1561: Area=    28, Ratio=1.00, Circ=0.94, Sol=1.00 -> Ô£ù REJECTED
              Area too small (28 Ôëñ 30)
Contour #1562: Area=    28, Ratio=1.00, Circ=0.94, Sol=1.00 -> Ô£ù REJECTED
              Area too small (28 Ôëñ 30)
Contour #1563: Area=    26, Ratio=1.00, Circ=0.88, Sol=0.98 -> Ô£ù REJECTED
              Area too small (26 Ôëñ 30)
Contour #1564: Area=   146, Ratio=0.75, Circ=0.88, Sol=1.00 -> Ô£ô ACCEPTED
Contour #1565: Area=    51, Ratio=1.25, Circ=0.86, Sol=0.96 -> Ô£ô ACCEPTED
Contour #1566: Area=    25, Ratio=0.86, Circ=0.92, Sol=1.00 -> Ô£ù REJECTED
              Area too small (25 Ôëñ 30)
Contour #1567: Area=   145, Ratio=0.75, Circ=0.90, Sol=1.00 -> Ô£ô ACCEPTED
Contour #1568: Area=    56, Ratio=1.38, Circ=0.89, Sol=0.99 -> Ô£ô ACCEPTED
Contour #1569: Area=   148, Ratio=0.75, Circ=0.87, Sol=0.99 -> Ô£ô ACCEPTED
Contour #1570: Area=    56, Ratio=1.38, Circ=0.89, Sol=0.99 -> Ô£ô ACCEPTED
Contour #1571: Area=   147, Ratio=0.75, Circ=0.87, Sol=0.99 -> Ô£ô ACCEPTED
Contour #1572: Area=    56, Ratio=1.38, Circ=0.86, Sol=0.97 -> Ô£ô ACCEPTED
Contour #1573: Area=   184, Ratio=1.00, Circ=0.93, Sol=0.99 -> Ô£ô ACCEPTED
Contour #1574: Area=   150, Ratio=0.71, Circ=0.85, Sol=0.98 -> Ô£ô ACCEPTED
Contour #1575: Area=    56, Ratio=1.38, Circ=0.89, Sol=0.99 -> Ô£ô ACCEPTED
Contour #1576: Area=   152, Ratio=0.71, Circ=0.87, Sol=0.99 -> Ô£ô ACCEPTED
Contour #1577: Area=    56, Ratio=1.38, Circ=0.89, Sol=0.99 -> Ô£ô ACCEPTED
Contour #1578: Area=   176, Ratio=0.68, Circ=0.69, Sol=0.91 -> Ô£ô ACCEPTED
Contour #1579: Area=   245, Ratio=0.84, Circ=0.82, Sol=0.98 -> Ô£ô ACCEPTED
Contour #1580: Area=    68, Ratio=0.84, Circ=0.12, Sol=0.38 -> Ô£ù REJECTED
              Circularity too low (0.12 < 0.6)
Contour #1581: Area=   178, Ratio=0.63, Circ=0.70, Sol=0.94 -> Ô£ô ACCEPTED
Contour #1582: Area=   250, Ratio=0.84, Circ=0.87, Sol=0.99 -> Ô£ô ACCEPTED
Contour #1583: Area=   214, Ratio=0.74, Circ=0.78, Sol=0.97 -> Ô£ô ACCEPTED
Contour #1584: Area=   178, Ratio=0.68, Circ=0.71, Sol=0.91 -> Ô£ô ACCEPTED
Contour #1585: Area=   249, Ratio=0.84, Circ=0.87, Sol=0.99 -> Ô£ô ACCEPTED
Contour #1586: Area=    83, Ratio=0.89, Circ=0.12, Sol=0.33 -> Ô£ù REJECTED
              Circularity too low (0.12 < 0.6)
Contour #1587: Area=   215, Ratio=0.74, Circ=0.77, Sol=0.97 -> Ô£ô ACCEPTED
Contour #1588: Area=   106, Ratio=0.89, Circ=0.30, Sol=0.58 -> Ô£ù REJECTED
              Circularity too low (0.30 < 0.6)
Contour #1589: Area=   179, Ratio=0.68, Circ=0.70, Sol=0.91 -> Ô£ô ACCEPTED
Contour #1590: Area=   250, Ratio=0.84, Circ=0.87, Sol=0.99 -> Ô£ô ACCEPTED
Contour #1591: Area=    80, Ratio=0.89, Circ=0.12, Sol=0.32 -> Ô£ù REJECTED
              Circularity too low (0.12 < 0.6)
Contour #1592: Area=   212, Ratio=0.74, Circ=0.76, Sol=0.96 -> Ô£ô ACCEPTED
Contour #1593: Area=   176, Ratio=0.65, Circ=0.68, Sol=0.90 -> Ô£ô ACCEPTED
Contour #1594: Area=   825, Ratio=2.63, Circ=0.57, Sol=0.94 -> Ô£ù REJECTED
              Area too large (825 ÔëÑ 600)
Contour #1595: Area=   248, Ratio=0.80, Circ=0.84, Sol=0.97 -> Ô£ô ACCEPTED
Contour #1596: Area=    88, Ratio=0.80, Circ=0.13, Sol=0.35 -> Ô£ù REJECTED
              Circularity too low (0.13 < 0.6)
Contour #1597: Area=   214, Ratio=0.75, Circ=0.74, Sol=0.92 -> Ô£ô ACCEPTED
Contour #1598: Area=   108, Ratio=0.89, Circ=0.31, Sol=0.60 -> Ô£ù REJECTED
              Circularity too low (0.31 < 0.6)
Contour #1599: Area=   182, Ratio=0.65, Circ=0.69, Sol=0.91 -> Ô£ô ACCEPTED
Contour #1600: Area=   255, Ratio=0.80, Circ=0.83, Sol=0.98 -> Ô£ô ACCEPTED
Contour #1601: Area=    88, Ratio=0.85, Circ=0.13, Sol=0.34 -> Ô£ù REJECTED
              Circularity too low (0.13 < 0.6)
Contour #1602: Area=   218, Ratio=0.70, Circ=0.74, Sol=0.95 -> Ô£ô ACCEPTED
Contour #1603: Area=    58, Ratio=0.84, Circ=0.11, Sol=0.35 -> Ô£ù REJECTED
              Circularity too low (0.11 < 0.6)
Contour #1604: Area=    83, Ratio=0.80, Circ=0.12, Sol=0.33 -> Ô£ù REJECTED
              Circularity too low (0.12 < 0.6)
Contour #1605: Area=   213, Ratio=0.70, Circ=0.74, Sol=0.94 -> Ô£ô ACCEPTED
Contour #1606: Area=    82, Ratio=0.85, Circ=0.12, Sol=0.32 -> Ô£ù REJECTED
              Circularity too low (0.12 < 0.6)
Contour #1607: Area=   388, Ratio=1.00, Circ=0.89, Sol=0.98 -> Ô£ô ACCEPTED
Contour #1608: Area=   587, Ratio=0.92, Circ=0.30, Sol=0.80 -> Ô£ù REJECTED
              Circularity too low (0.30 < 0.6)
Contour #1609: Area=   953, Ratio=1.03, Circ=0.91, Sol=0.99 -> Ô£ù REJECTED
              Area too large (953 ÔëÑ 600)
Contour #1610: Area=   951, Ratio=1.03, Circ=0.91, Sol=0.99 -> Ô£ù REJECTED
              Area too large (951 ÔëÑ 600)
Contour #1611: Area=   955, Ratio=1.03, Circ=0.91, Sol=0.99 -> Ô£ù REJECTED
              Area too large (955 ÔëÑ 600)
Contour #1612: Area=   952, Ratio=1.03, Circ=0.90, Sol=0.98 -> Ô£ù REJECTED
              Area too large (952 ÔëÑ 600)
Contour #1613: Area=   960, Ratio=1.00, Circ=0.90, Sol=0.98 -> Ô£ù REJECTED
              Area too large (960 ÔëÑ 600)
Contour #1614: Area=   958, Ratio=1.00, Circ=0.90, Sol=0.99 -> Ô£ù REJECTED
              Area too large (958 ÔëÑ 600)
Contour #1615: Area=   960, Ratio=1.00, Circ=0.91, Sol=0.99 -> Ô£ù REJECTED
              Area too large (960 ÔëÑ 600)
Contour #1616: Area=   956, Ratio=1.00, Circ=0.90, Sol=0.99 -> Ô£ù REJECTED
              Area too large (956 ÔëÑ 600)
Contour #1617: Area=   959, Ratio=1.00, Circ=0.90, Sol=0.99 -> Ô£ù REJECTED
              Area too large (959 ÔëÑ 600)
Contour #1618: Area=   954, Ratio=1.00, Circ=0.90, Sol=0.98 -> Ô£ù REJECTED
              Area too large (954 ÔëÑ 600)
Contour #1619: Area=   960, Ratio=1.00, Circ=0.91, Sol=0.99 -> Ô£ù REJECTED
              Area too large (960 ÔëÑ 600)
Contour #1620: Area=   960, Ratio=1.00, Circ=0.91, Sol=0.99 -> Ô£ù REJECTED
              Area too large (960 ÔëÑ 600)
Contour #1621: Area=   958, Ratio=1.00, Circ=0.90, Sol=0.99 -> Ô£ù REJECTED
              Area too large (958 ÔëÑ 600)
Contour #1622: Area=   964, Ratio=1.00, Circ=0.89, Sol=0.98 -> Ô£ù REJECTED
              Area too large (964 ÔëÑ 600)
Contour #1623: Area=   961, Ratio=1.03, Circ=0.89, Sol=0.98 -> Ô£ù REJECTED
              Area too large (961 ÔëÑ 600)
Contour #1624: Area=   962, Ratio=1.00, Circ=0.90, Sol=0.98 -> Ô£ù REJECTED
              Area too large (962 ÔëÑ 600)
Contour #1625: Area=   958, Ratio=1.03, Circ=0.89, Sol=0.98 -> Ô£ù REJECTED
              Area too large (958 ÔëÑ 600)
Contour #1626: Area=   956, Ratio=1.00, Circ=0.90, Sol=0.99 -> Ô£ù REJECTED
              Area too large (956 ÔëÑ 600)
Contour #1627: Area=   955, Ratio=1.03, Circ=0.89, Sol=0.98 -> Ô£ù REJECTED
              Area too large (955 ÔëÑ 600)
Contour #1628: Area=   954, Ratio=1.00, Circ=0.90, Sol=0.98 -> Ô£ù REJECTED
              Area too large (954 ÔëÑ 600)
Contour #1629: Area=   952, Ratio=1.00, Circ=0.90, Sol=0.98 -> Ô£ù REJECTED
              Area too large (952 ÔëÑ 600)
Contour #1630: Area=   955, Ratio=1.00, Circ=0.90, Sol=0.98 -> Ô£ù REJECTED
              Area too large (955 ÔëÑ 600)
Contour #1631: Area=   970, Ratio=1.00, Circ=0.88, Sol=0.98 -> Ô£ù REJECTED
              Area too large (970 ÔëÑ 600)
Contour #1632: Area=   250, Ratio=0.82, Circ=0.44, Sol=0.72 -> Ô£ù REJECTED
              Circularity too low (0.44 < 0.6)
Contour #1633: Area=  1226, Ratio=1.02, Circ=0.89, Sol=0.98 -> Ô£ù REJECTED
              Area too large (1226 ÔëÑ 600)
Contour #1634: Area=  1222, Ratio=1.00, Circ=0.90, Sol=0.98 -> Ô£ù REJECTED
              Area too large (1222 ÔëÑ 600)
Contour #1635: Area=  1306, Ratio=0.89, Circ=0.84, Sol=0.97 -> Ô£ù REJECTED
              Area too large (1306 ÔëÑ 600)
Contour #1636: Area=  1227, Ratio=1.00, Circ=0.91, Sol=0.99 -> Ô£ù REJECTED
              Area too large (1227 ÔëÑ 600)
Contour #1637: Area=  1230, Ratio=1.02, Circ=0.89, Sol=0.98 -> Ô£ù REJECTED
              Area too large (1230 ÔëÑ 600)
Contour #1638: Area=  1227, Ratio=1.00, Circ=0.91, Sol=0.99 -> Ô£ù REJECTED
              Area too large (1227 ÔëÑ 600)
Contour #1639: Area=  1226, Ratio=1.02, Circ=0.89, Sol=0.98 -> Ô£ù REJECTED
              Area too large (1226 ÔëÑ 600)
Contour #1640: Area=  1225, Ratio=1.00, Circ=0.91, Sol=0.99 -> Ô£ù REJECTED
              Area too large (1225 ÔëÑ 600)
Contour #1641: Area=  1230, Ratio=1.02, Circ=0.88, Sol=0.98 -> Ô£ù REJECTED
              Area too large (1230 ÔëÑ 600)
Contour #1642: Area=  1225, Ratio=1.00, Circ=0.91, Sol=0.99 -> Ô£ù REJECTED
              Area too large (1225 ÔëÑ 600)
Contour #1643: Area=  1224, Ratio=1.02, Circ=0.88, Sol=0.98 -> Ô£ù REJECTED
              Area too large (1224 ÔëÑ 600)
Contour #1644: Area=  1224, Ratio=1.00, Circ=0.91, Sol=0.99 -> Ô£ù REJECTED
              Area too large (1224 ÔëÑ 600)
Contour #1645: Area=  1225, Ratio=1.02, Circ=0.90, Sol=0.98 -> Ô£ù REJECTED
              Area too large (1225 ÔëÑ 600)
Contour #1646: Area=  1228, Ratio=1.00, Circ=0.91, Sol=0.99 -> Ô£ù REJECTED
              Area too large (1228 ÔëÑ 600)
Contour #1647: Area=  1232, Ratio=1.02, Circ=0.90, Sol=0.98 -> Ô£ù REJECTED
              Area too large (1232 ÔëÑ 600)
Contour #1648: Area=  1228, Ratio=1.00, Circ=0.90, Sol=0.99 -> Ô£ù REJECTED
              Area too large (1228 ÔëÑ 600)
Contour #1649: Area=  1231, Ratio=1.02, Circ=0.90, Sol=0.99 -> Ô£ù REJECTED
              Area too large (1231 ÔëÑ 600)
Contour #1650: Area=  1226, Ratio=1.00, Circ=0.90, Sol=0.98 -> Ô£ù REJECTED
              Area too large (1226 ÔëÑ 600)
Contour #1651: Area=  1225, Ratio=1.02, Circ=0.90, Sol=0.98 -> Ô£ù REJECTED
              Area too large (1225 ÔëÑ 600)
Contour #1652: Area=  1225, Ratio=1.02, Circ=0.90, Sol=0.98 -> Ô£ù REJECTED
              Area too large (1225 ÔëÑ 600)
Contour #1653: Area=  1226, Ratio=1.00, Circ=0.89, Sol=0.98 -> Ô£ù REJECTED
              Area too large (1226 ÔëÑ 600)
Contour #1654: Area=  1226, Ratio=0.98, Circ=0.90, Sol=0.98 -> Ô£ù REJECTED
              Area too large (1226 ÔëÑ 600)
Contour #1655: Area=  1229, Ratio=1.00, Circ=0.89, Sol=0.98 -> Ô£ù REJECTED
              Area too large (1229 ÔëÑ 600)
Contour #1656: Area=  1226, Ratio=1.00, Circ=0.89, Sol=0.98 -> Ô£ù REJECTED
              Area too large (1226 ÔëÑ 600)
Contour #1657: Area=   317, Ratio=102.00, Circ=0.01, Sol=0.68 -> Ô£ù REJECTED
              Aspect ratio out of range (102.00)
Contour #1658: Area=   436, Ratio=95.67, Circ=0.02, Sol=0.77 -> Ô£ù REJECTED
              Aspect ratio out of range (95.67)
Contour #1659: Area=   538, Ratio=97.00, Circ=0.02, Sol=0.93 -> Ô£ù REJECTED
              Aspect ratio out of range (97.00)
Contour #1660: Area=   577, Ratio=97.33, Circ=0.02, Sol=1.00 -> Ô£ù REJECTED
              Aspect ratio out of range (97.33)
Contour #1661: Area=   572, Ratio=97.33, Circ=0.02, Sol=0.99 -> Ô£ù REJECTED
              Aspect ratio out of range (97.33)
Contour #1662: Area=   340, Ratio=97.00, Circ=0.01, Sol=0.63 -> Ô£ù REJECTED
              Aspect ratio out of range (97.00)
Contour #1663: Area=     1, Ratio=0.67, Circ=0.54, Sol=1.00 -> Ô£ù REJECTED
              Area too small (1 Ôëñ 30)
Contour #1664: Area=    60, Ratio=1.38, Circ=0.88, Sol=0.98 -> Ô£ô ACCEPTED
Contour #1665: Area=    62, Ratio=1.38, Circ=0.91, Sol=1.00 -> Ô£ô ACCEPTED
Contour #1666: Area=    63, Ratio=1.22, Circ=0.87, Sol=0.97 -> Ô£ô ACCEPTED
Contour #1667: Area=    65, Ratio=1.22, Circ=0.90, Sol=0.98 -> Ô£ô ACCEPTED
Contour #1668: Area=    61, Ratio=1.22, Circ=0.84, Sol=0.95 -> Ô£ô ACCEPTED
Contour #1669: Area=   196, Ratio=0.89, Circ=0.90, Sol=0.98 -> Ô£ô ACCEPTED
Contour #1670: Area=    34, Ratio=1.00, Circ=0.87, Sol=0.97 -> Ô£ô ACCEPTED
Contour #1671: Area=    34, Ratio=0.78, Circ=0.84, Sol=0.96 -> Ô£ô ACCEPTED
Contour #1672: Area=    36, Ratio=0.78, Circ=0.83, Sol=0.95 -> Ô£ô ACCEPTED
Contour #1673: Area=    36, Ratio=0.78, Circ=0.86, Sol=0.97 -> Ô£ô ACCEPTED
Contour #1674: Area=    36, Ratio=0.78, Circ=0.83, Sol=0.96 -> Ô£ô ACCEPTED
Contour #1675: Area=   452, Ratio=3.58, Circ=0.55, Sol=1.00 -> Ô£ù REJECTED
              Aspect ratio out of range (3.58)
Contour #1676: Area=   144, Ratio=0.75, Circ=0.85, Sol=0.98 -> Ô£ô ACCEPTED
Contour #1677: Area=   144, Ratio=0.75, Circ=0.87, Sol=0.99 -> Ô£ô ACCEPTED
Contour #1678: Area=    50, Ratio=1.25, Circ=0.87, Sol=0.97 -> Ô£ô ACCEPTED
Contour #1679: Area=   144, Ratio=0.75, Circ=0.89, Sol=1.00 -> Ô£ô ACCEPTED
Contour #1680: Area=    52, Ratio=1.38, Circ=0.85, Sol=0.97 -> Ô£ô ACCEPTED
Contour #1681: Area=   145, Ratio=0.75, Circ=0.90, Sol=1.00 -> Ô£ô ACCEPTED
Contour #1682: Area=    52, Ratio=1.38, Circ=0.87, Sol=0.98 -> Ô£ô ACCEPTED
Contour #1683: Area=   146, Ratio=0.75, Circ=0.88, Sol=0.99 -> Ô£ô ACCEPTED
Contour #1684: Area=   142, Ratio=0.75, Circ=0.86, Sol=0.98 -> Ô£ô ACCEPTED
Contour #1685: Area=    50, Ratio=1.25, Circ=0.89, Sol=0.98 -> Ô£ô ACCEPTED
Contour #1686: Area=    51, Ratio=1.25, Circ=0.86, Sol=0.97 -> Ô£ô ACCEPTED
Contour #1687: Area=    80, Ratio=0.74, Circ=0.24, Sol=0.51 -> Ô£ù REJECTED
              Circularity too low (0.24 < 0.6)
Contour #1688: Area=    84, Ratio=0.70, Circ=0.26, Sol=0.55 -> Ô£ù REJECTED
              Circularity too low (0.26 < 0.6)
Contour #1689: Area=    84, Ratio=0.70, Circ=0.24, Sol=0.51 -> Ô£ù REJECTED
              Circularity too low (0.24 < 0.6)
Contour #1690: Area=   118, Ratio=0.89, Circ=0.32, Sol=0.61 -> Ô£ù REJECTED
              Circularity too low (0.32 < 0.6)
Contour #1691: Area=    78, Ratio=0.70, Circ=0.23, Sol=0.50 -> Ô£ù REJECTED
              Circularity too low (0.23 < 0.6)
Contour #1692: Area=   253, Ratio=0.84, Circ=0.85, Sol=0.99 -> Ô£ô ACCEPTED
Contour #1693: Area=   116, Ratio=0.89, Circ=0.32, Sol=0.61 -> Ô£ù REJECTED
              Circularity too low (0.32 < 0.6)
Contour #1694: Area=    78, Ratio=0.70, Circ=0.23, Sol=0.50 -> Ô£ù REJECTED
              Circularity too low (0.23 < 0.6)
Contour #1695: Area=   822, Ratio=2.63, Circ=0.58, Sol=0.93 -> Ô£ù REJECTED
              Area too large (822 ÔëÑ 600)
Contour #1696: Area=   250, Ratio=0.84, Circ=0.87, Sol=0.99 -> Ô£ô ACCEPTED
Contour #1697: Area=   216, Ratio=0.79, Circ=0.74, Sol=0.93 -> Ô£ô ACCEPTED
Contour #1698: Area=   116, Ratio=0.89, Circ=0.32, Sol=0.62 -> Ô£ù REJECTED
              Circularity too low (0.32 < 0.6)
Contour #1699: Area=    82, Ratio=0.70, Circ=0.24, Sol=0.51 -> Ô£ù REJECTED
              Circularity too low (0.24 < 0.6)
Contour #1700: Area=   250, Ratio=0.84, Circ=0.87, Sol=0.99 -> Ô£ô ACCEPTED
Contour #1701: Area=    88, Ratio=0.85, Circ=0.12, Sol=0.35 -> Ô£ù REJECTED
              Circularity too low (0.12 < 0.6)
Contour #1702: Area=   214, Ratio=0.74, Circ=0.75, Sol=0.96 -> Ô£ô ACCEPTED
Contour #1703: Area=   108, Ratio=0.84, Circ=0.32, Sol=0.60 -> Ô£ù REJECTED
              Circularity too low (0.32 < 0.6)
Contour #1704: Area=   250, Ratio=0.84, Circ=0.85, Sol=0.99 -> Ô£ô ACCEPTED
Contour #1705: Area=    90, Ratio=0.80, Circ=0.13, Sol=0.35 -> Ô£ù REJECTED
              Circularity too low (0.13 < 0.6)
Contour #1706: Area=   215, Ratio=0.70, Circ=0.75, Sol=0.95 -> Ô£ô ACCEPTED
Contour #1707: Area=   113, Ratio=0.85, Circ=0.31, Sol=0.60 -> Ô£ù REJECTED
              Circularity too low (0.31 < 0.6)
Contour #1708: Area=   256, Ratio=0.80, Circ=0.81, Sol=0.98 -> Ô£ô ACCEPTED
Contour #1709: Area=    96, Ratio=0.85, Circ=0.14, Sol=0.36 -> Ô£ù REJECTED
              Circularity too low (0.14 < 0.6)
Contour #1710: Area=   220, Ratio=0.70, Circ=0.76, Sol=0.96 -> Ô£ô ACCEPTED
Contour #1711: Area=   258, Ratio=0.80, Circ=0.84, Sol=0.98 -> Ô£ô ACCEPTED
Contour #1712: Area=    95, Ratio=0.85, Circ=0.14, Sol=0.37 -> Ô£ù REJECTED
              Circularity too low (0.14 < 0.6)
Contour #1713: Area=   221, Ratio=0.70, Circ=0.75, Sol=0.95 -> Ô£ô ACCEPTED
Contour #1714: Area=    92, Ratio=0.85, Circ=0.13, Sol=0.36 -> Ô£ù REJECTED
              Circularity too low (0.13 < 0.6)
Contour #1715: Area=    88, Ratio=0.85, Circ=0.12, Sol=0.34 -> Ô£ù REJECTED
              Circularity too low (0.12 < 0.6)
Contour #1716: Area=   200, Ratio=1.00, Circ=0.90, Sol=0.98 -> Ô£ô ACCEPTED
Contour #1717: Area=   953, Ratio=1.03, Circ=0.91, Sol=0.99 -> Ô£ù REJECTED
              Area too large (953 ÔëÑ 600)
Contour #1718: Area=   953, Ratio=1.03, Circ=0.91, Sol=0.99 -> Ô£ù REJECTED
              Area too large (953 ÔëÑ 600)
Contour #1719: Area=   945, Ratio=1.03, Circ=0.90, Sol=0.99 -> Ô£ù REJECTED
              Area too large (945 ÔëÑ 600)
Contour #1720: Area=   953, Ratio=1.00, Circ=0.90, Sol=0.98 -> Ô£ù REJECTED
              Area too large (953 ÔëÑ 600)
Contour #1721: Area=   950, Ratio=1.00, Circ=0.89, Sol=0.98 -> Ô£ù REJECTED
              Area too large (950 ÔëÑ 600)
Contour #1722: Area=   955, Ratio=1.00, Circ=0.90, Sol=0.98 -> Ô£ù REJECTED
              Area too large (955 ÔëÑ 600)
Contour #1723: Area=   951, Ratio=1.00, Circ=0.90, Sol=0.98 -> Ô£ù REJECTED
              Area too large (951 ÔëÑ 600)
Contour #1724: Area=   955, Ratio=1.00, Circ=0.90, Sol=0.98 -> Ô£ù REJECTED
              Area too large (955 ÔëÑ 600)
Contour #1725: Area=   952, Ratio=1.00, Circ=0.90, Sol=0.98 -> Ô£ù REJECTED
              Area too large (952 ÔëÑ 600)
Contour #1726: Area=   952, Ratio=1.00, Circ=0.90, Sol=0.98 -> Ô£ù REJECTED
              Area too large (952 ÔëÑ 600)
Contour #1727: Area=   952, Ratio=1.00, Circ=0.90, Sol=0.98 -> Ô£ù REJECTED
              Area too large (952 ÔëÑ 600)
Contour #1728: Area=   950, Ratio=1.00, Circ=0.90, Sol=0.98 -> Ô£ù REJECTED
              Area too large (950 ÔëÑ 600)
Contour #1729: Area=   955, Ratio=1.00, Circ=0.90, Sol=0.98 -> Ô£ù REJECTED
              Area too large (955 ÔëÑ 600)
Contour #1730: Area=   952, Ratio=1.00, Circ=0.91, Sol=0.98 -> Ô£ù REJECTED
              Area too large (952 ÔëÑ 600)
Contour #1731: Area=   578, Ratio=1.03, Circ=0.28, Sol=0.59 -> Ô£ù REJECTED
              Circularity too low (0.28 < 0.6)
Contour #1732: Area=   955, Ratio=1.00, Circ=0.90, Sol=0.98 -> Ô£ù REJECTED
              Area too large (955 ÔëÑ 600)
Contour #1733: Area=   954, Ratio=1.00, Circ=0.90, Sol=0.98 -> Ô£ù REJECTED
              Area too large (954 ÔëÑ 600)
Contour #1734: Area=   952, Ratio=1.00, Circ=0.91, Sol=0.98 -> Ô£ù REJECTED
              Area too large (952 ÔëÑ 600)
Contour #1735: Area=   955, Ratio=1.00, Circ=0.90, Sol=0.98 -> Ô£ù REJECTED
              Area too large (955 ÔëÑ 600)
Contour #1736: Area=   955, Ratio=1.00, Circ=0.90, Sol=0.98 -> Ô£ù REJECTED
              Area too large (955 ÔëÑ 600)
Contour #1737: Area=   954, Ratio=1.00, Circ=0.90, Sol=0.98 -> Ô£ù REJECTED
              Area too large (954 ÔëÑ 600)
Contour #1738: Area=   584, Ratio=1.00, Circ=0.34, Sol=0.63 -> Ô£ù REJECTED
              Circularity too low (0.34 < 0.6)
Contour #1739: Area=   951, Ratio=1.00, Circ=0.90, Sol=0.98 -> Ô£ù REJECTED
              Area too large (951 ÔëÑ 600)
Contour #1740: Area=   940, Ratio=1.00, Circ=0.90, Sol=0.98 -> Ô£ù REJECTED
              Area too large (940 ÔëÑ 600)
Contour #1741: Area=  1230, Ratio=1.00, Circ=0.91, Sol=0.99 -> Ô£ù REJECTED
              Area too large (1230 ÔëÑ 600)
Contour #1742: Area=  1231, Ratio=1.02, Circ=0.90, Sol=0.98 -> Ô£ù REJECTED
              Area too large (1231 ÔëÑ 600)
Contour #1743: Area=  1232, Ratio=1.00, Circ=0.91, Sol=0.99 -> Ô£ù REJECTED
              Area too large (1232 ÔëÑ 600)
Contour #1744: Area=  1232, Ratio=1.02, Circ=0.90, Sol=0.99 -> Ô£ù REJECTED
              Area too large (1232 ÔëÑ 600)
Contour #1745: Area=  1233, Ratio=1.00, Circ=0.91, Sol=0.99 -> Ô£ù REJECTED
              Area too large (1233 ÔëÑ 600)
Contour #1746: Area=  1238, Ratio=1.02, Circ=0.89, Sol=0.98 -> Ô£ù REJECTED
              Area too large (1238 ÔëÑ 600)
Contour #1747: Area=  1229, Ratio=1.00, Circ=0.91, Sol=0.99 -> Ô£ù REJECTED
              Area too large (1229 ÔëÑ 600)
Contour #1748: Area=  1218, Ratio=1.05, Circ=0.89, Sol=0.98 -> Ô£ù REJECTED
              Area too large (1218 ÔëÑ 600)
Contour #1749: Area=  1232, Ratio=1.02, Circ=0.90, Sol=0.99 -> Ô£ù REJECTED
              Area too large (1232 ÔëÑ 600)
Contour #1750: Area=  1234, Ratio=1.02, Circ=0.89, Sol=0.98 -> Ô£ù REJECTED
              Area too large (1234 ÔëÑ 600)
Contour #1751: Area=  1228, Ratio=1.00, Circ=0.91, Sol=0.99 -> Ô£ù REJECTED
              Area too large (1228 ÔëÑ 600)
Contour #1752: Area=  1230, Ratio=1.02, Circ=0.89, Sol=0.98 -> Ô£ù REJECTED
              Area too large (1230 ÔëÑ 600)
Contour #1753: Area=  1232, Ratio=1.02, Circ=0.89, Sol=0.98 -> Ô£ù REJECTED
              Area too large (1232 ÔëÑ 600)
Contour #1754: Area=  1236, Ratio=1.02, Circ=0.90, Sol=0.98 -> Ô£ù REJECTED
              Area too large (1236 ÔëÑ 600)
Contour #1755: Area=  1198, Ratio=0.97, Circ=0.91, Sol=0.99 -> Ô£ù REJECTED
              Area too large (1198 ÔëÑ 600)
Contour #1756: Area=  1233, Ratio=1.02, Circ=0.90, Sol=0.99 -> Ô£ù REJECTED
              Area too large (1233 ÔëÑ 600)
Contour #1757: Area=  1236, Ratio=0.98, Circ=0.89, Sol=0.98 -> Ô£ù REJECTED
              Area too large (1236 ÔëÑ 600)
Contour #1758: Area=  1240, Ratio=1.00, Circ=0.90, Sol=0.98 -> Ô£ù REJECTED
              Area too large (1240 ÔëÑ 600)
Contour #1759: Area=  1235, Ratio=0.98, Circ=0.89, Sol=0.98 -> Ô£ù REJECTED
              Area too large (1235 ÔëÑ 600)
Contour #1760: Area=  1237, Ratio=1.00, Circ=0.89, Sol=0.98 -> Ô£ù REJECTED
              Area too large (1237 ÔëÑ 600)
Contour #1761: Area=  1234, Ratio=0.98, Circ=0.89, Sol=0.98 -> Ô£ù REJECTED
              Area too large (1234 ÔëÑ 600)
Contour #1762: Area=  1235, Ratio=1.00, Circ=0.89, Sol=0.98 -> Ô£ù REJECTED
              Area too large (1235 ÔëÑ 600)
Contour #1763: Area=  1230, Ratio=0.98, Circ=0.89, Sol=0.98 -> Ô£ù REJECTED
              Area too large (1230 ÔëÑ 600)
Contour #1764: Area=  1234, Ratio=1.00, Circ=0.89, Sol=0.98 -> Ô£ù REJECTED
              Area too large (1234 ÔëÑ 600)
Contour #1765: Area=   384, Ratio=95.00, Circ=0.01, Sol=0.68 -> Ô£ù REJECTED
              Aspect ratio out of range (95.00)
Contour #1766: Area=   535, Ratio=96.33, Circ=0.02, Sol=0.93 -> Ô£ù REJECTED
              Aspect ratio out of range (96.33)
Contour #1767: Area=   380, Ratio=64.33, Circ=0.03, Sol=1.00 -> Ô£ù REJECTED
              Aspect ratio out of range (64.33)
Contour #1768: Area=   140, Ratio=24.33, Circ=0.08, Sol=0.99 -> Ô£ù REJECTED
              Aspect ratio out of range (24.33)
Contour #1769: Area=   507, Ratio=96.67, Circ=0.02, Sol=0.88 -> Ô£ù REJECTED
              Aspect ratio out of range (96.67)
Contour #1770: Area=   324, Ratio=96.33, Circ=0.01, Sol=0.61 -> Ô£ù REJECTED
              Aspect ratio out of range (96.33)
Contour #1771: Area=   304, Ratio=101.33, Circ=0.01, Sol=0.67 -> Ô£ù REJECTED
              Aspect ratio out of range (101.33)
Contour #1772: Area=    65, Ratio=1.22, Circ=0.90, Sol=0.98 -> Ô£ô ACCEPTED
Contour #1773: Area=    66, Ratio=1.22, Circ=0.89, Sol=0.98 -> Ô£ô ACCEPTED
Contour #1774: Area=    70, Ratio=1.22, Circ=0.90, Sol=0.99 -> Ô£ô ACCEPTED
Contour #1775: Area=   193, Ratio=1.00, Circ=0.89, Sol=0.97 -> Ô£ô ACCEPTED
Contour #1776: Area=    63, Ratio=1.22, Circ=0.87, Sol=0.97 -> Ô£ô ACCEPTED
Contour #1777: Area=    40, Ratio=0.78, Circ=0.87, Sol=0.98 -> Ô£ô ACCEPTED
Contour #1778: Area=    64, Ratio=1.22, Circ=0.89, Sol=0.98 -> Ô£ô ACCEPTED
Contour #1779: Area=    42, Ratio=0.78, Circ=0.91, Sol=1.00 -> Ô£ô ACCEPTED
Contour #1780: Area=    38, Ratio=0.78, Circ=0.91, Sol=1.00 -> Ô£ô ACCEPTED
Contour #1781: Area=    42, Ratio=0.89, Circ=0.85, Sol=0.95 -> Ô£ô ACCEPTED
Contour #1782: Area=    41, Ratio=0.89, Circ=0.88, Sol=0.98 -> Ô£ô ACCEPTED
Contour #1783: Area=    39, Ratio=0.89, Circ=0.84, Sol=0.95 -> Ô£ô ACCEPTED
Contour #1784: Area=    40, Ratio=0.89, Circ=0.86, Sol=0.96 -> Ô£ô ACCEPTED
Contour #1785: Area=   451, Ratio=3.58, Circ=0.54, Sol=1.00 -> Ô£ù REJECTED
              Aspect ratio out of range (3.58)
Contour #1786: Area=   146, Ratio=0.75, Circ=0.89, Sol=1.00 -> Ô£ô ACCEPTED
Contour #1787: Area=    54, Ratio=1.25, Circ=0.91, Sol=0.99 -> Ô£ô ACCEPTED
Contour #1788: Area=   146, Ratio=0.75, Circ=0.89, Sol=0.99 -> Ô£ô ACCEPTED
Contour #1789: Area=    57, Ratio=1.38, Circ=0.90, Sol=1.00 -> Ô£ô ACCEPTED
Contour #1790: Area=   148, Ratio=0.71, Circ=0.84, Sol=0.98 -> Ô£ô ACCEPTED
Contour #1791: Area=    54, Ratio=1.25, Circ=0.91, Sol=0.99 -> Ô£ô ACCEPTED
Contour #1792: Area=   148, Ratio=0.71, Circ=0.84, Sol=0.97 -> Ô£ô ACCEPTED
Contour #1793: Area=    54, Ratio=1.38, Circ=0.86, Sol=0.97 -> Ô£ô ACCEPTED
Contour #1794: Area=   151, Ratio=0.71, Circ=0.86, Sol=0.98 -> Ô£ô ACCEPTED
Contour #1795: Area=    56, Ratio=1.22, Circ=0.84, Sol=0.95 -> Ô£ô ACCEPTED
Contour #1796: Area=   146, Ratio=0.71, Circ=0.86, Sol=0.98 -> Ô£ô ACCEPTED
Contour #1797: Area=   212, Ratio=0.74, Circ=0.77, Sol=0.96 -> Ô£ô ACCEPTED
Contour #1798: Area=    60, Ratio=0.84, Circ=0.11, Sol=0.33 -> Ô£ù REJECTED
              Circularity too low (0.11 < 0.6)
Contour #1799: Area=   152, Ratio=0.68, Circ=0.37, Sol=0.78 -> Ô£ù REJECTED
              Circularity too low (0.37 < 0.6)
Contour #1800: Area=   245, Ratio=0.84, Circ=0.85, Sol=0.99 -> Ô£ô ACCEPTED
Contour #1801: Area=   213, Ratio=0.74, Circ=0.76, Sol=0.97 -> Ô£ô ACCEPTED
Contour #1802: Area=    72, Ratio=0.89, Circ=0.12, Sol=0.39 -> Ô£ù REJECTED
              Circularity too low (0.12 < 0.6)
Contour #1803: Area=   149, Ratio=0.68, Circ=0.37, Sol=0.78 -> Ô£ù REJECTED
              Circularity too low (0.37 < 0.6)
Contour #1804: Area=   249, Ratio=0.84, Circ=0.87, Sol=0.99 -> Ô£ô ACCEPTED
Contour #1805: Area=    82, Ratio=0.89, Circ=0.12, Sol=0.33 -> Ô£ù REJECTED
              Circularity too low (0.12 < 0.6)
Contour #1806: Area=   214, Ratio=0.74, Circ=0.75, Sol=0.96 -> Ô£ô ACCEPTED
Contour #1807: Area=   426, Ratio=0.49, Circ=0.62, Sol=0.88 -> Ô£ù REJECTED
              Aspect ratio out of range (0.49)
Contour #1808: Area=   158, Ratio=0.68, Circ=0.39, Sol=0.80 -> Ô£ù REJECTED
              Circularity too low (0.39 < 0.6)
Contour #1809: Area=   249, Ratio=0.84, Circ=0.87, Sol=0.99 -> Ô£ô ACCEPTED
Contour #1810: Area=    80, Ratio=0.85, Circ=0.12, Sol=0.31 -> Ô£ù REJECTED
              Circularity too low (0.12 < 0.6)
Contour #1811: Area=   215, Ratio=0.74, Circ=0.77, Sol=0.97 -> Ô£ô ACCEPTED
Contour #1812: Area=   108, Ratio=0.89, Circ=0.31, Sol=0.60 -> Ô£ù REJECTED
              Circularity too low (0.31 < 0.6)
Contour #1813: Area=   154, Ratio=0.74, Circ=0.37, Sol=0.77 -> Ô£ù REJECTED
              Circularity too low (0.37 < 0.6)
Contour #1814: Area=   248, Ratio=0.84, Circ=0.86, Sol=0.99 -> Ô£ô ACCEPTED
Contour #1815: Area=    84, Ratio=0.85, Circ=0.12, Sol=0.33 -> Ô£ù REJECTED
              Circularity too low (0.12 < 0.6)
Contour #1816: Area=     8, Ratio=2.00, Circ=0.12, Sol=0.29 -> Ô£ù REJECTED
              Area too small (8 Ôëñ 30)
Contour #1817: Area=    60, Ratio=0.89, Circ=0.11, Sol=0.34 -> Ô£ù REJECTED
              Circularity too low (0.11 < 0.6)
Contour #1818: Area=   150, Ratio=0.65, Circ=0.37, Sol=0.76 -> Ô£ù REJECTED
              Circularity too low (0.37 < 0.6)
Contour #1819: Area=   823, Ratio=2.50, Circ=0.56, Sol=0.91 -> Ô£ù REJECTED
              Area too large (823 ÔëÑ 600)
Contour #1820: Area=   252, Ratio=0.80, Circ=0.83, Sol=0.98 -> Ô£ô ACCEPTED
Contour #1821: Area=    93, Ratio=0.80, Circ=0.13, Sol=0.36 -> Ô£ù REJECTED
              Circularity too low (0.13 < 0.6)
Contour #1822: Area=   218, Ratio=0.75, Circ=0.75, Sol=0.93 -> Ô£ô ACCEPTED
Contour #1823: Area=    68, Ratio=0.80, Circ=0.12, Sol=0.38 -> Ô£ù REJECTED
              Circularity too low (0.12 < 0.6)
Contour #1824: Area=   154, Ratio=0.65, Circ=0.39, Sol=0.78 -> Ô£ù REJECTED
              Circularity too low (0.39 < 0.6)
Contour #1825: Area=   248, Ratio=0.80, Circ=0.84, Sol=0.98 -> Ô£ô ACCEPTED
Contour #1826: Area=    89, Ratio=0.80, Circ=0.13, Sol=0.36 -> Ô£ù REJECTED
              Circularity too low (0.13 < 0.6)
Contour #1827: Area=    81, Ratio=0.80, Circ=0.12, Sol=0.33 -> Ô£ù REJECTED
              Circularity too low (0.12 < 0.6)
Contour #1828: Area=   948, Ratio=1.03, Circ=0.90, Sol=0.98 -> Ô£ù REJECTED
              Area too large (948 ÔëÑ 600)
Contour #1829: Area=   956, Ratio=1.00, Circ=0.90, Sol=0.98 -> Ô£ù REJECTED
              Area too large (956 ÔëÑ 600)
Contour #1830: Area=   955, Ratio=1.00, Circ=0.90, Sol=0.98 -> Ô£ù REJECTED
              Area too large (955 ÔëÑ 600)
Contour #1831: Area=   958, Ratio=1.00, Circ=0.89, Sol=0.98 -> Ô£ù REJECTED
              Area too large (958 ÔëÑ 600)
Contour #1832: Area=   957, Ratio=1.00, Circ=0.90, Sol=0.98 -> Ô£ù REJECTED
              Area too large (957 ÔëÑ 600)
Contour #1833: Area=   956, Ratio=1.00, Circ=0.89, Sol=0.98 -> Ô£ù REJECTED
              Area too large (956 ÔëÑ 600)
Contour #1834: Area=   958, Ratio=1.00, Circ=0.90, Sol=0.98 -> Ô£ù REJECTED
              Area too large (958 ÔëÑ 600)
Contour #1835: Area=   956, Ratio=1.00, Circ=0.90, Sol=0.98 -> Ô£ù REJECTED
              Area too large (956 ÔëÑ 600)
Contour #1836: Area=   628, Ratio=1.00, Circ=0.42, Sol=0.69 -> Ô£ù REJECTED
              Area too large (628 ÔëÑ 600)
Contour #1837: Area=   957, Ratio=1.00, Circ=0.90, Sol=0.98 -> Ô£ù REJECTED
              Area too large (957 ÔëÑ 600)
Contour #1838: Area=   958, Ratio=1.00, Circ=0.89, Sol=0.98 -> Ô£ù REJECTED
              Area too large (958 ÔëÑ 600)
Contour #1839: Area=   955, Ratio=1.00, Circ=0.90, Sol=0.98 -> Ô£ù REJECTED
              Area too large (955 ÔëÑ 600)
Contour #1840: Area=   961, Ratio=1.00, Circ=0.89, Sol=0.98 -> Ô£ù REJECTED
              Area too large (961 ÔëÑ 600)
Contour #1841: Area=   957, Ratio=1.00, Circ=0.90, Sol=0.99 -> Ô£ù REJECTED
              Area too large (957 ÔëÑ 600)
Contour #1842: Area=   959, Ratio=1.00, Circ=0.90, Sol=0.99 -> Ô£ù REJECTED
              Area too large (959 ÔëÑ 600)
Contour #1843: Area=   958, Ratio=1.00, Circ=0.90, Sol=0.98 -> Ô£ù REJECTED
              Area too large (958 ÔëÑ 600)
Contour #1844: Area=   958, Ratio=1.00, Circ=0.90, Sol=0.99 -> Ô£ù REJECTED
              Area too large (958 ÔëÑ 600)
Contour #1845: Area=   963, Ratio=1.03, Circ=0.90, Sol=0.98 -> Ô£ù REJECTED
              Area too large (963 ÔëÑ 600)
Contour #1846: Area=   959, Ratio=1.00, Circ=0.90, Sol=0.98 -> Ô£ù REJECTED
              Area too large (959 ÔëÑ 600)
Contour #1847: Area=   953, Ratio=1.00, Circ=0.90, Sol=0.98 -> Ô£ù REJECTED
              Area too large (953 ÔëÑ 600)
Contour #1848: Area=   959, Ratio=1.00, Circ=0.90, Sol=0.98 -> Ô£ù REJECTED
              Area too large (959 ÔëÑ 600)
Contour #1849: Area=   952, Ratio=1.00, Circ=0.89, Sol=0.98 -> Ô£ù REJECTED
              Area too large (952 ÔëÑ 600)
Contour #1850: Area=   955, Ratio=1.00, Circ=0.90, Sol=0.98 -> Ô£ù REJECTED
              Area too large (955 ÔëÑ 600)
Contour #1851: Area=   442, Ratio=1.12, Circ=0.20, Sol=0.48 -> Ô£ù REJECTED
              Circularity too low (0.20 < 0.6)
Contour #1852: Area=  1226, Ratio=1.00, Circ=0.90, Sol=0.99 -> Ô£ù REJECTED
              Area too large (1226 ÔëÑ 600)
Contour #1853: Area=  1228, Ratio=1.02, Circ=0.90, Sol=0.98 -> Ô£ù REJECTED
              Area too large (1228 ÔëÑ 600)
Contour #1854: Area=  1223, Ratio=1.00, Circ=0.91, Sol=0.99 -> Ô£ù REJECTED
              Area too large (1223 ÔëÑ 600)
Contour #1855: Area=  1230, Ratio=1.02, Circ=0.90, Sol=0.98 -> Ô£ù REJECTED
              Area too large (1230 ÔëÑ 600)
Contour #1856: Area=  1228, Ratio=1.00, Circ=0.90, Sol=0.98 -> Ô£ù REJECTED
              Area too large (1228 ÔëÑ 600)
Contour #1857: Area=  1228, Ratio=1.02, Circ=0.89, Sol=0.98 -> Ô£ù REJECTED
              Area too large (1228 ÔëÑ 600)
Contour #1858: Area=  1216, Ratio=1.03, Circ=0.90, Sol=0.99 -> Ô£ù REJECTED
              Area too large (1216 ÔëÑ 600)
Contour #1859: Area=  1230, Ratio=1.02, Circ=0.89, Sol=0.98 -> Ô£ù REJECTED
              Area too large (1230 ÔëÑ 600)
Contour #1860: Area=  1227, Ratio=1.00, Circ=0.91, Sol=0.99 -> Ô£ù REJECTED
              Area too large (1227 ÔëÑ 600)
Contour #1861: Area=  1232, Ratio=1.02, Circ=0.89, Sol=0.98 -> Ô£ù REJECTED
              Area too large (1232 ÔëÑ 600)
Contour #1862: Area=  1226, Ratio=1.00, Circ=0.91, Sol=0.99 -> Ô£ù REJECTED
              Area too large (1226 ÔëÑ 600)
Contour #1863: Area=  1232, Ratio=1.02, Circ=0.89, Sol=0.98 -> Ô£ù REJECTED
              Area too large (1232 ÔëÑ 600)
Contour #1864: Area=  1227, Ratio=1.00, Circ=0.91, Sol=0.99 -> Ô£ù REJECTED
              Area too large (1227 ÔëÑ 600)
Contour #1865: Area=  1227, Ratio=1.02, Circ=0.90, Sol=0.98 -> Ô£ù REJECTED
              Area too large (1227 ÔëÑ 600)
Contour #1866: Area=  1224, Ratio=1.00, Circ=0.91, Sol=0.99 -> Ô£ù REJECTED
              Area too large (1224 ÔëÑ 600)
Contour #1867: Area=  1226, Ratio=1.02, Circ=0.90, Sol=0.98 -> Ô£ù REJECTED
              Area too large (1226 ÔëÑ 600)
Contour #1868: Area=  1224, Ratio=1.00, Circ=0.91, Sol=0.99 -> Ô£ù REJECTED
              Area too large (1224 ÔëÑ 600)
Contour #1869: Area=  1227, Ratio=1.02, Circ=0.90, Sol=0.98 -> Ô£ù REJECTED
              Area too large (1227 ÔëÑ 600)
Contour #1870: Area=  1222, Ratio=1.00, Circ=0.90, Sol=0.98 -> Ô£ù REJECTED
              Area too large (1222 ÔëÑ 600)
Contour #1871: Area=  1233, Ratio=1.00, Circ=0.89, Sol=0.98 -> Ô£ù REJECTED
              Area too large (1233 ÔëÑ 600)
Contour #1872: Area=  1230, Ratio=0.98, Circ=0.89, Sol=0.98 -> Ô£ù REJECTED
              Area too large (1230 ÔëÑ 600)
Contour #1873: Area=  1232, Ratio=1.00, Circ=0.89, Sol=0.98 -> Ô£ù REJECTED
              Area too large (1232 ÔëÑ 600)
Contour #1874: Area=  1228, Ratio=0.98, Circ=0.89, Sol=0.98 -> Ô£ù REJECTED
              Area too large (1228 ÔëÑ 600)
Contour #1875: Area=  1370, Ratio=0.84, Circ=0.82, Sol=0.96 -> Ô£ù REJECTED
              Area too large (1370 ÔëÑ 600)
Contour #1876: Area=108560, Ratio=0.82, Circ=0.75, Sol=0.99 -> Ô£ù REJECTED
              Area too large (108560 ÔëÑ 600)
Contour #1877: Area=108712, Ratio=0.81, Circ=0.76, Sol=0.99 -> Ô£ù REJECTED
              Area too large (108712 ÔëÑ 600)
Contour #1878: Area=   378, Ratio=97.67, Circ=0.01, Sol=0.73 -> Ô£ù REJECTED
              Aspect ratio out of range (97.67)
Contour #1879: Area=   373, Ratio=96.33, Circ=0.01, Sol=0.71 -> Ô£ù REJECTED
              Aspect ratio out of range (96.33)
Contour #1880: Area=    61, Ratio=1.38, Circ=0.89, Sol=0.99 -> Ô£ô ACCEPTED
Contour #1881: Area=    61, Ratio=1.38, Circ=0.89, Sol=0.99 -> Ô£ô ACCEPTED
Contour #1882: Area=    61, Ratio=1.38, Circ=0.89, Sol=0.99 -> Ô£ô ACCEPTED
Contour #1883: Area=    65, Ratio=1.22, Circ=0.90, Sol=0.98 -> Ô£ô ACCEPTED
Contour #1884: Area=    66, Ratio=1.22, Circ=0.87, Sol=0.97 -> Ô£ô ACCEPTED
Contour #1885: Area=   185, Ratio=1.00, Circ=0.91, Sol=0.98 -> Ô£ô ACCEPTED
Contour #1886: Area=    34, Ratio=1.00, Circ=0.84, Sol=0.95 -> Ô£ô ACCEPTED
Contour #1887: Area=    38, Ratio=0.89, Circ=0.85, Sol=0.96 -> Ô£ô ACCEPTED
Contour #1888: Area=    36, Ratio=0.78, Circ=0.86, Sol=0.97 -> Ô£ô ACCEPTED
Contour #1889: Area=    37, Ratio=0.78, Circ=0.86, Sol=0.97 -> Ô£ô ACCEPTED
Contour #1890: Area=    36, Ratio=0.78, Circ=0.86, Sol=0.99 -> Ô£ô ACCEPTED
Contour #1891: Area=   447, Ratio=3.58, Circ=0.55, Sol=0.99 -> Ô£ù REJECTED
              Aspect ratio out of range (3.58)
Contour #1892: Area=   143, Ratio=0.75, Circ=0.84, Sol=0.98 -> Ô£ô ACCEPTED
Contour #1893: Area=    46, Ratio=1.43, Circ=0.90, Sol=1.00 -> Ô£ô ACCEPTED
Contour #1894: Area=   144, Ratio=0.75, Circ=0.87, Sol=0.99 -> Ô£ô ACCEPTED
Contour #1895: Area=    49, Ratio=1.43, Circ=0.88, Sol=1.00 -> Ô£ô ACCEPTED
Contour #1896: Area=   144, Ratio=0.75, Circ=0.87, Sol=0.99 -> Ô£ô ACCEPTED
Contour #1897: Area=    50, Ratio=1.25, Circ=0.87, Sol=0.97 -> Ô£ô ACCEPTED
Contour #1898: Area=   144, Ratio=0.75, Circ=0.89, Sol=1.00 -> Ô£ô ACCEPTED
Contour #1899: Area=    54, Ratio=1.25, Circ=0.91, Sol=0.99 -> Ô£ô ACCEPTED
Contour #1900: Area=   146, Ratio=0.75, Circ=0.88, Sol=1.00 -> Ô£ô ACCEPTED
Contour #1901: Area=    54, Ratio=1.38, Circ=0.86, Sol=0.97 -> Ô£ô ACCEPTED
Contour #1902: Area=   146, Ratio=0.75, Circ=0.86, Sol=0.99 -> Ô£ô ACCEPTED
Contour #1903: Area=   380, Ratio=1.00, Circ=0.89, Sol=0.97 -> Ô£ô ACCEPTED
Contour #1904: Area=   104, Ratio=0.68, Circ=0.16, Sol=0.53 -> Ô£ù REJECTED
              Circularity too low (0.16 < 0.6)
Contour #1905: Area=   106, Ratio=0.68, Circ=0.17, Sol=0.54 -> Ô£ù REJECTED
              Circularity too low (0.17 < 0.6)
Contour #1906: Area=   108, Ratio=0.74, Circ=0.17, Sol=0.53 -> Ô£ù REJECTED
              Circularity too low (0.17 < 0.6)
Contour #1907: Area=   250, Ratio=0.84, Circ=0.84, Sol=0.99 -> Ô£ô ACCEPTED
Contour #1908: Area=   214, Ratio=0.74, Circ=0.78, Sol=0.97 -> Ô£ô ACCEPTED
Contour #1909: Area=   118, Ratio=0.89, Circ=0.32, Sol=0.61 -> Ô£ù REJECTED
              Circularity too low (0.32 < 0.6)
Contour #1910: Area=   110, Ratio=0.70, Circ=0.16, Sol=0.52 -> Ô£ù REJECTED
              Circularity too low (0.16 < 0.6)
Contour #1911: Area=   250, Ratio=0.84, Circ=0.87, Sol=0.99 -> Ô£ô ACCEPTED
Contour #1912: Area=    84, Ratio=0.89, Circ=0.12, Sol=0.33 -> Ô£ù REJECTED
              Circularity too low (0.12 < 0.6)
Contour #1913: Area=   116, Ratio=0.89, Circ=0.33, Sol=0.62 -> Ô£ù REJECTED
              Circularity too low (0.33 < 0.6)
Contour #1914: Area=   108, Ratio=0.70, Circ=0.17, Sol=0.51 -> Ô£ù REJECTED
              Circularity too low (0.17 < 0.6)
Contour #1915: Area=   828, Ratio=2.63, Circ=0.58, Sol=0.94 -> Ô£ù REJECTED
              Area too large (828 ÔëÑ 600)
Contour #1916: Area=   250, Ratio=0.84, Circ=0.87, Sol=0.99 -> Ô£ô ACCEPTED
Contour #1917: Area=    90, Ratio=0.85, Circ=0.13, Sol=0.35 -> Ô£ù REJECTED
              Circularity too low (0.13 < 0.6)
Contour #1918: Area=   216, Ratio=0.79, Circ=0.74, Sol=0.93 -> Ô£ô ACCEPTED
Contour #1919: Area=   113, Ratio=0.89, Circ=0.32, Sol=0.62 -> Ô£ù REJECTED
              Circularity too low (0.32 < 0.6)
Contour #1920: Area=   112, Ratio=0.65, Circ=0.17, Sol=0.54 -> Ô£ù REJECTED
              Circularity too low (0.17 < 0.6)
Contour #1921: Area=   252, Ratio=0.80, Circ=0.83, Sol=0.97 -> Ô£ô ACCEPTED
Contour #1922: Area=    92, Ratio=0.85, Circ=0.13, Sol=0.36 -> Ô£ù REJECTED
              Circularity too low (0.13 < 0.6)
Contour #1923: Area=   216, Ratio=0.70, Circ=0.75, Sol=0.95 -> Ô£ô ACCEPTED
Contour #1924: Area=   110, Ratio=0.84, Circ=0.32, Sol=0.62 -> Ô£ù REJECTED
              Circularity too low (0.32 < 0.6)
Contour #1925: Area=   254, Ratio=0.80, Circ=0.84, Sol=0.98 -> Ô£ô ACCEPTED
Contour #1926: Area=    94, Ratio=0.85, Circ=0.14, Sol=0.36 -> Ô£ù REJECTED
              Circularity too low (0.14 < 0.6)
Contour #1927: Area=   224, Ratio=0.75, Circ=0.77, Sol=0.94 -> Ô£ô ACCEPTED
Contour #1928: Area=   118, Ratio=0.85, Circ=0.32, Sol=0.63 -> Ô£ù REJECTED
              Circularity too low (0.32 < 0.6)
Contour #1929: Area=   255, Ratio=0.80, Circ=0.83, Sol=0.98 -> Ô£ô ACCEPTED
Contour #1930: Area=    95, Ratio=0.85, Circ=0.14, Sol=0.37 -> Ô£ù REJECTED
              Circularity too low (0.14 < 0.6)
Contour #1931: Area=   216, Ratio=0.70, Circ=0.77, Sol=0.96 -> Ô£ô ACCEPTED
Contour #1932: Area=    88, Ratio=0.85, Circ=0.13, Sol=0.34 -> Ô£ù REJECTED
              Circularity too low (0.13 < 0.6)
Contour #1933: Area=   192, Ratio=1.00, Circ=0.90, Sol=0.98 -> Ô£ô ACCEPTED
Contour #1934: Area=   951, Ratio=1.03, Circ=0.91, Sol=0.99 -> Ô£ù REJECTED
              Area too large (951 ÔëÑ 600)
Contour #1935: Area=   950, Ratio=1.03, Circ=0.91, Sol=0.99 -> Ô£ù REJECTED
              Area too large (950 ÔëÑ 600)
Contour #1936: Area=   943, Ratio=1.03, Circ=0.90, Sol=0.98 -> Ô£ù REJECTED
              Area too large (943 ÔëÑ 600)
Contour #1937: Area=   952, Ratio=1.03, Circ=0.91, Sol=0.99 -> Ô£ù REJECTED
              Area too large (952 ÔëÑ 600)
Contour #1938: Area=   951, Ratio=1.00, Circ=0.90, Sol=0.98 -> Ô£ù REJECTED
              Area too large (951 ÔëÑ 600)
Contour #1939: Area=   954, Ratio=1.00, Circ=0.90, Sol=0.98 -> Ô£ù REJECTED
              Area too large (954 ÔëÑ 600)
Contour #1940: Area=   950, Ratio=1.00, Circ=0.90, Sol=0.98 -> Ô£ù REJECTED
              Area too large (950 ÔëÑ 600)
Contour #1941: Area=   955, Ratio=1.00, Circ=0.90, Sol=0.99 -> Ô£ù REJECTED
              Area too large (955 ÔëÑ 600)
Contour #1942: Area=   955, Ratio=1.03, Circ=0.89, Sol=0.98 -> Ô£ù REJECTED
              Area too large (955 ÔëÑ 600)
Contour #1943: Area=   954, Ratio=1.00, Circ=0.90, Sol=0.98 -> Ô£ù REJECTED
              Area too large (954 ÔëÑ 600)
Contour #1944: Area=   954, Ratio=1.00, Circ=0.90, Sol=0.98 -> Ô£ù REJECTED
              Area too large (954 ÔëÑ 600)
Contour #1945: Area=   955, Ratio=1.00, Circ=0.90, Sol=0.98 -> Ô£ù REJECTED
              Area too large (955 ÔëÑ 600)
Contour #1946: Area=   953, Ratio=1.00, Circ=0.90, Sol=0.98 -> Ô£ù REJECTED
              Area too large (953 ÔëÑ 600)
Contour #1947: Area=   958, Ratio=1.00, Circ=0.90, Sol=0.98 -> Ô£ù REJECTED
              Area too large (958 ÔëÑ 600)
Contour #1948: Area=   953, Ratio=1.00, Circ=0.90, Sol=0.98 -> Ô£ù REJECTED
              Area too large (953 ÔëÑ 600)
Contour #1949: Area=   955, Ratio=1.00, Circ=0.90, Sol=0.98 -> Ô£ù REJECTED
              Area too large (955 ÔëÑ 600)
Contour #1950: Area=   986, Ratio=1.00, Circ=0.89, Sol=0.98 -> Ô£ù REJECTED
              Area too large (986 ÔëÑ 600)
Contour #1951: Area=   956, Ratio=1.00, Circ=0.90, Sol=0.98 -> Ô£ù REJECTED
              Area too large (956 ÔëÑ 600)
Contour #1952: Area=   955, Ratio=1.00, Circ=0.90, Sol=0.98 -> Ô£ù REJECTED
              Area too large (955 ÔëÑ 600)
Contour #1953: Area=   957, Ratio=1.00, Circ=0.90, Sol=0.98 -> Ô£ù REJECTED
              Area too large (957 ÔëÑ 600)
Contour #1954: Area=   954, Ratio=1.00, Circ=0.90, Sol=0.98 -> Ô£ù REJECTED
              Area too large (954 ÔëÑ 600)
Contour #1955: Area=   955, Ratio=1.00, Circ=0.90, Sol=0.98 -> Ô£ù REJECTED
              Area too large (955 ÔëÑ 600)
Contour #1956: Area=   592, Ratio=1.00, Circ=0.27, Sol=0.60 -> Ô£ù REJECTED
              Circularity too low (0.27 < 0.6)
Contour #1957: Area=   948, Ratio=1.00, Circ=0.89, Sol=0.98 -> Ô£ù REJECTED
              Area too large (948 ÔëÑ 600)
Contour #1958: Area=  1208, Ratio=1.00, Circ=0.90, Sol=0.98 -> Ô£ù REJECTED
              Area too large (1208 ÔëÑ 600)
Contour #1959: Area=  1236, Ratio=1.02, Circ=0.90, Sol=0.98 -> Ô£ù REJECTED
              Area too large (1236 ÔëÑ 600)
Contour #1960: Area=  1226, Ratio=1.00, Circ=0.90, Sol=0.99 -> Ô£ù REJECTED
              Area too large (1226 ÔëÑ 600)
Contour #1961: Area=  1236, Ratio=1.02, Circ=0.90, Sol=0.99 -> Ô£ù REJECTED
              Area too large (1236 ÔëÑ 600)
Contour #1962: Area=  1230, Ratio=1.00, Circ=0.91, Sol=0.99 -> Ô£ù REJECTED
              Area too large (1230 ÔëÑ 600)
Contour #1963: Area=  1230, Ratio=1.02, Circ=0.89, Sol=0.98 -> Ô£ù REJECTED
              Area too large (1230 ÔëÑ 600)
Contour #1964: Area=  1225, Ratio=1.00, Circ=0.91, Sol=0.99 -> Ô£ù REJECTED
              Area too large (1225 ÔëÑ 600)
Contour #1965: Area=  1230, Ratio=1.02, Circ=0.90, Sol=0.99 -> Ô£ù REJECTED
              Area too large (1230 ÔëÑ 600)
Contour #1966: Area=  1229, Ratio=1.00, Circ=0.91, Sol=0.99 -> Ô£ù REJECTED
              Area too large (1229 ÔëÑ 600)
Contour #1967: Area=  1233, Ratio=1.02, Circ=0.89, Sol=0.98 -> Ô£ù REJECTED
              Area too large (1233 ÔëÑ 600)
Contour #1968: Area=  1228, Ratio=1.00, Circ=0.91, Sol=0.99 -> Ô£ù REJECTED
              Area too large (1228 ÔëÑ 600)
Contour #1969: Area=  1236, Ratio=1.02, Circ=0.89, Sol=0.98 -> Ô£ù REJECTED
              Area too large (1236 ÔëÑ 600)
Contour #1970: Area=  1229, Ratio=1.00, Circ=0.91, Sol=0.99 -> Ô£ù REJECTED
              Area too large (1229 ÔëÑ 600)
Contour #1971: Area=  1235, Ratio=1.02, Circ=0.89, Sol=0.98 -> Ô£ù REJECTED
              Area too large (1235 ÔëÑ 600)
Contour #1972: Area=  1230, Ratio=1.00, Circ=0.91, Sol=0.99 -> Ô£ù REJECTED
              Area too large (1230 ÔëÑ 600)
Contour #1973: Area=  1224, Ratio=1.02, Circ=0.89, Sol=0.98 -> Ô£ù REJECTED
              Area too large (1224 ÔëÑ 600)
Contour #1974: Area=  1234, Ratio=1.02, Circ=0.89, Sol=0.98 -> Ô£ù REJECTED
              Area too large (1234 ÔëÑ 600)
Contour #1975: Area=  1234, Ratio=1.02, Circ=0.89, Sol=0.98 -> Ô£ù REJECTED
              Area too large (1234 ÔëÑ 600)
Contour #1976: Area=  1228, Ratio=1.00, Circ=0.90, Sol=0.98 -> Ô£ù REJECTED
              Area too large (1228 ÔëÑ 600)
Contour #1977: Area=  1234, Ratio=1.02, Circ=0.90, Sol=0.99 -> Ô£ù REJECTED
              Area too large (1234 ÔëÑ 600)
Contour #1978: Area=  1232, Ratio=1.02, Circ=0.89, Sol=0.98 -> Ô£ù REJECTED
              Area too large (1232 ÔëÑ 600)
Contour #1979: Area=  1231, Ratio=1.00, Circ=0.89, Sol=0.98 -> Ô£ù REJECTED
              Area too large (1231 ÔëÑ 600)
Contour #1980: Area=  1237, Ratio=1.00, Circ=0.89, Sol=0.98 -> Ô£ù REJECTED
              Area too large (1237 ÔëÑ 600)
Contour #1981: Area=  1233, Ratio=0.98, Circ=0.89, Sol=0.98 -> Ô£ù REJECTED
              Area too large (1233 ÔëÑ 600)
Contour #1982: Area=   289, Ratio=145.00, Circ=0.01, Sol=1.00 -> Ô£ù REJECTED
              Aspect ratio out of range (145.00)
Contour #1983: Area=   288, Ratio=144.50, Circ=0.01, Sol=1.00 -> Ô£ù REJECTED
              Aspect ratio out of range (144.50)
Contour #1984: Area=   577, Ratio=101.33, Circ=0.02, Sol=0.95 -> Ô£ù REJECTED
              Aspect ratio out of range (101.33)
Contour #1985: Area=   559, Ratio=95.00, Circ=0.02, Sol=0.99 -> Ô£ù REJECTED
              Aspect ratio out of range (95.00)
Contour #1986: Area=   556, Ratio=96.33, Circ=0.02, Sol=0.97 -> Ô£ù REJECTED
              Aspect ratio out of range (96.33)
Contour #1987: Area=   482, Ratio=96.67, Circ=0.02, Sol=0.84 -> Ô£ù REJECTED
              Aspect ratio out of range (96.67)
Contour #1988: Area=    66, Ratio=1.22, Circ=0.89, Sol=0.98 -> Ô£ô ACCEPTED
Contour #1989: Area=    71, Ratio=1.22, Circ=0.91, Sol=0.99 -> Ô£ô ACCEPTED
Contour #1990: Area=    69, Ratio=1.22, Circ=0.88, Sol=0.98 -> Ô£ô ACCEPTED
Contour #1991: Area=    68, Ratio=1.22, Circ=0.90, Sol=0.99 -> Ô£ô ACCEPTED
Contour #1992: Area=    64, Ratio=1.22, Circ=0.89, Sol=0.98 -> Ô£ô ACCEPTED
Contour #1993: Area=    24, Ratio=0.75, Circ=0.81, Sol=0.96 -> Ô£ù REJECTED
              Area too small (24 Ôëñ 30)
Contour #1994: Area=    26, Ratio=0.75, Circ=0.88, Sol=1.00 -> Ô£ù REJECTED
              Area too small (26 Ôëñ 30)
Contour #1995: Area=    26, Ratio=0.75, Circ=0.88, Sol=1.00 -> Ô£ù REJECTED
              Area too small (26 Ôëñ 30)
Contour #1996: Area=    28, Ratio=0.88, Circ=0.83, Sol=0.95 -> Ô£ù REJECTED
              Area too small (28 Ôëñ 30)
Contour #1997: Area=    27, Ratio=0.88, Circ=0.84, Sol=0.98 -> Ô£ù REJECTED
              Area too small (27 Ôëñ 30)
Contour #1998: Area=    27, Ratio=0.88, Circ=0.84, Sol=0.98 -> Ô£ù REJECTED
              Area too small (27 Ôëñ 30)
Contour #1999: Area=   446, Ratio=3.50, Circ=0.56, Sol=1.00 -> Ô£ù REJECTED
              Aspect ratio out of range (3.50)
Contour #2000: Area=   147, Ratio=0.75, Circ=0.87, Sol=0.99 -> Ô£ô ACCEPTED
Contour #2001: Area=    54, Ratio=1.38, Circ=0.86, Sol=0.97 -> Ô£ô ACCEPTED
Contour #2002: Area=   148, Ratio=0.75, Circ=0.87, Sol=0.99 -> Ô£ô ACCEPTED
Contour #2003: Area=   199, Ratio=1.00, Circ=0.91, Sol=0.98 -> Ô£ô ACCEPTED
Contour #2004: Area=   144, Ratio=0.75, Circ=0.87, Sol=0.99 -> Ô£ô ACCEPTED
Contour #2005: Area=    55, Ratio=1.25, Circ=0.93, Sol=1.00 -> Ô£ô ACCEPTED
Contour #2006: Area=   147, Ratio=0.75, Circ=0.87, Sol=0.99 -> Ô£ô ACCEPTED
Contour #2007: Area=    57, Ratio=1.22, Circ=0.85, Sol=0.97 -> Ô£ô ACCEPTED
Contour #2008: Area=   149, Ratio=0.71, Circ=0.85, Sol=0.98 -> Ô£ô ACCEPTED
Contour #2009: Area=    54, Ratio=1.25, Circ=0.91, Sol=0.99 -> Ô£ô ACCEPTED
Contour #2010: Area=   147, Ratio=0.71, Circ=0.84, Sol=0.97 -> Ô£ô ACCEPTED
Contour #2011: Area=    54, Ratio=1.22, Circ=0.78, Sol=0.92 -> Ô£ô ACCEPTED
Contour #2012: Area=    56, Ratio=0.89, Circ=0.11, Sol=0.33 -> Ô£ù REJECTED
              Circularity too low (0.11 < 0.6)
Contour #2013: Area=   822, Ratio=2.63, Circ=0.58, Sol=0.93 -> Ô£ù REJECTED
              Area too large (822 ÔëÑ 600)
Contour #2014: Area=   244, Ratio=0.84, Circ=0.87, Sol=0.99 -> Ô£ô ACCEPTED
Contour #2015: Area=   214, Ratio=0.79, Circ=0.74, Sol=0.91 -> Ô£ô ACCEPTED
Contour #2016: Area=    65, Ratio=0.84, Circ=0.12, Sol=0.36 -> Ô£ù REJECTED
              Circularity too low (0.12 < 0.6)
Contour #2017: Area=   247, Ratio=0.84, Circ=0.86, Sol=0.99 -> Ô£ô ACCEPTED
Contour #2018: Area=   212, Ratio=0.74, Circ=0.77, Sol=0.97 -> Ô£ô ACCEPTED
Contour #2019: Area=    62, Ratio=0.84, Circ=0.11, Sol=0.35 -> Ô£ù REJECTED
              Circularity too low (0.11 < 0.6)
Contour #2020: Area=   247, Ratio=0.84, Circ=0.86, Sol=0.99 -> Ô£ô ACCEPTED
Contour #2021: Area=    80, Ratio=0.84, Circ=0.12, Sol=0.33 -> Ô£ù REJECTED
              Circularity too low (0.12 < 0.6)
Contour #2022: Area=   213, Ratio=0.79, Circ=0.74, Sol=0.93 -> Ô£ô ACCEPTED
Contour #2023: Area=    72, Ratio=0.84, Circ=0.12, Sol=0.39 -> Ô£ù REJECTED
              Circularity too low (0.12 < 0.6)
Contour #2024: Area=   248, Ratio=0.84, Circ=0.86, Sol=0.99 -> Ô£ô ACCEPTED
Contour #2025: Area=    83, Ratio=0.85, Circ=0.12, Sol=0.33 -> Ô£ù REJECTED
              Circularity too low (0.12 < 0.6)
Contour #2026: Area=   214, Ratio=0.79, Circ=0.74, Sol=0.93 -> Ô£ô ACCEPTED
Contour #2027: Area=   124, Ratio=0.79, Circ=0.51, Sol=0.76 -> Ô£ù REJECTED
              Circularity too low (0.51 < 0.6)
Contour #2028: Area=   249, Ratio=0.84, Circ=0.87, Sol=0.99 -> Ô£ô ACCEPTED
Contour #2029: Area=    85, Ratio=0.85, Circ=0.12, Sol=0.33 -> Ô£ù REJECTED
              Circularity too low (0.12 < 0.6)
Contour #2030: Area=   212, Ratio=0.74, Circ=0.76, Sol=0.96 -> Ô£ô ACCEPTED
Contour #2031: Area=    67, Ratio=0.89, Circ=0.12, Sol=0.37 -> Ô£ù REJECTED
              Circularity too low (0.12 < 0.6)
Contour #2032: Area=   125, Ratio=0.75, Circ=0.48, Sol=0.75 -> Ô£ù REJECTED
              Circularity too low (0.48 < 0.6)
Contour #2033: Area=   244, Ratio=0.84, Circ=0.87, Sol=0.99 -> Ô£ô ACCEPTED
Contour #2034: Area=    82, Ratio=0.85, Circ=0.12, Sol=0.32 -> Ô£ù REJECTED
              Circularity too low (0.12 < 0.6)
Contour #2035: Area=   127, Ratio=0.75, Circ=0.49, Sol=0.76 -> Ô£ù REJECTED
              Circularity too low (0.49 < 0.6)
Contour #2036: Area=    88, Ratio=0.80, Circ=0.13, Sol=0.35 -> Ô£ù REJECTED
              Circularity too low (0.13 < 0.6)
Contour #2037: Area=   129, Ratio=0.70, Circ=0.51, Sol=0.79 -> Ô£ù REJECTED
              Circularity too low (0.51 < 0.6)
Contour #2038: Area=    82, Ratio=0.80, Circ=0.12, Sol=0.33 -> Ô£ù REJECTED
              Circularity too low (0.12 < 0.6)
Contour #2039: Area=   128, Ratio=0.70, Circ=0.50, Sol=0.79 -> Ô£ù REJECTED
              Circularity too low (0.50 < 0.6)
Contour #2040: Area=   118, Ratio=0.70, Circ=0.49, Sol=0.75 -> Ô£ù REJECTED
              Circularity too low (0.49 < 0.6)
Contour #2041: Area=   328, Ratio=0.72, Circ=0.83, Sol=0.96 -> Ô£ô ACCEPTED
Contour #2042: Area=   536, Ratio=0.77, Circ=0.88, Sol=0.98 -> Ô£ô ACCEPTED
Contour #2043: Area=   960, Ratio=1.03, Circ=0.92, Sol=0.99 -> Ô£ù REJECTED
              Area too large (960 ÔëÑ 600)
Contour #2044: Area=   944, Ratio=1.03, Circ=0.89, Sol=0.98 -> Ô£ù REJECTED
              Area too large (944 ÔëÑ 600)
Contour #2045: Area=   956, Ratio=1.03, Circ=0.92, Sol=0.99 -> Ô£ù REJECTED
              Area too large (956 ÔëÑ 600)
Contour #2046: Area=   947, Ratio=1.03, Circ=0.91, Sol=0.98 -> Ô£ù REJECTED
              Area too large (947 ÔëÑ 600)
Contour #2047: Area=   954, Ratio=1.00, Circ=0.90, Sol=0.98 -> Ô£ù REJECTED
              Area too large (954 ÔëÑ 600)
Contour #2048: Area=   953, Ratio=1.00, Circ=0.90, Sol=0.98 -> Ô£ù REJECTED
              Area too large (953 ÔëÑ 600)
Contour #2049: Area=   958, Ratio=1.00, Circ=0.90, Sol=0.98 -> Ô£ù REJECTED
              Area too large (958 ÔëÑ 600)
Contour #2050: Area=   957, Ratio=1.00, Circ=0.90, Sol=0.98 -> Ô£ù REJECTED
              Area too large (957 ÔëÑ 600)
Contour #2051: Area=   957, Ratio=1.00, Circ=0.90, Sol=0.98 -> Ô£ù REJECTED
              Area too large (957 ÔëÑ 600)
Contour #2052: Area=   960, Ratio=1.00, Circ=0.90, Sol=0.98 -> Ô£ù REJECTED
              Area too large (960 ÔëÑ 600)
Contour #2053: Area=   959, Ratio=1.00, Circ=0.90, Sol=0.99 -> Ô£ù REJECTED
              Area too large (959 ÔëÑ 600)
Contour #2054: Area=   963, Ratio=1.00, Circ=0.91, Sol=0.99 -> Ô£ù REJECTED
              Area too large (963 ÔëÑ 600)
Contour #2055: Area=   957, Ratio=1.00, Circ=0.90, Sol=0.98 -> Ô£ù REJECTED
              Area too large (957 ÔëÑ 600)
Contour #2056: Area=   589, Ratio=0.97, Circ=0.28, Sol=0.60 -> Ô£ù REJECTED
              Circularity too low (0.28 < 0.6)
Contour #2057: Area=   957, Ratio=1.03, Circ=0.89, Sol=0.98 -> Ô£ù REJECTED
              Area too large (957 ÔëÑ 600)
Contour #2058: Area=   957, Ratio=1.00, Circ=0.90, Sol=0.98 -> Ô£ù REJECTED
              Area too large (957 ÔëÑ 600)
Contour #2059: Area=   958, Ratio=1.03, Circ=0.89, Sol=0.98 -> Ô£ù REJECTED
              Area too large (958 ÔëÑ 600)
Contour #2060: Area=   956, Ratio=1.00, Circ=0.90, Sol=0.99 -> Ô£ù REJECTED
              Area too large (956 ÔëÑ 600)
Contour #2061: Area=   956, Ratio=1.00, Circ=0.90, Sol=0.98 -> Ô£ù REJECTED
              Area too large (956 ÔëÑ 600)
Contour #2062: Area=   957, Ratio=1.00, Circ=0.90, Sol=0.99 -> Ô£ù REJECTED
              Area too large (957 ÔëÑ 600)
Contour #2063: Area=   952, Ratio=1.03, Circ=0.89, Sol=0.98 -> Ô£ù REJECTED
              Area too large (952 ÔëÑ 600)
Contour #2064: Area=   959, Ratio=1.00, Circ=0.90, Sol=0.98 -> Ô£ù REJECTED
              Area too large (959 ÔëÑ 600)
Contour #2065: Area=   954, Ratio=1.03, Circ=0.88, Sol=0.98 -> Ô£ù REJECTED
              Area too large (954 ÔëÑ 600)
Contour #2066: Area=  1018, Ratio=0.97, Circ=0.89, Sol=0.98 -> Ô£ù REJECTED
              Area too large (1018 ÔëÑ 600)
Contour #2067: Area=  1222, Ratio=1.00, Circ=0.90, Sol=0.98 -> Ô£ù REJECTED
              Area too large (1222 ÔëÑ 600)
Contour #2068: Area=  1230, Ratio=1.02, Circ=0.90, Sol=0.98 -> Ô£ù REJECTED
              Area too large (1230 ÔëÑ 600)
Contour #2069: Area=  1225, Ratio=1.00, Circ=0.91, Sol=0.99 -> Ô£ù REJECTED
              Area too large (1225 ÔëÑ 600)
Contour #2070: Area=  1214, Ratio=1.02, Circ=0.89, Sol=0.98 -> Ô£ù REJECTED
              Area too large (1214 ÔëÑ 600)
Contour #2071: Area=  1223, Ratio=1.00, Circ=0.91, Sol=0.99 -> Ô£ù REJECTED
              Area too large (1223 ÔëÑ 600)
Contour #2072: Area=  1228, Ratio=1.02, Circ=0.89, Sol=0.98 -> Ô£ù REJECTED
              Area too large (1228 ÔëÑ 600)
Contour #2073: Area=  1223, Ratio=1.00, Circ=0.91, Sol=0.99 -> Ô£ù REJECTED
              Area too large (1223 ÔëÑ 600)
Contour #2074: Area=  1228, Ratio=1.02, Circ=0.89, Sol=0.98 -> Ô£ù REJECTED
              Area too large (1228 ÔëÑ 600)
Contour #2075: Area=  1225, Ratio=1.00, Circ=0.91, Sol=0.99 -> Ô£ù REJECTED
              Area too large (1225 ÔëÑ 600)
Contour #2076: Area=  1229, Ratio=1.02, Circ=0.90, Sol=0.98 -> Ô£ù REJECTED
              Area too large (1229 ÔëÑ 600)
Contour #2077: Area=  1198, Ratio=0.97, Circ=0.91, Sol=0.99 -> Ô£ù REJECTED
              Area too large (1198 ÔëÑ 600)
Contour #2078: Area=  1228, Ratio=1.02, Circ=0.90, Sol=0.98 -> Ô£ù REJECTED
              Area too large (1228 ÔëÑ 600)
Contour #2079: Area=  1228, Ratio=1.00, Circ=0.91, Sol=0.99 -> Ô£ù REJECTED
              Area too large (1228 ÔëÑ 600)
Contour #2080: Area=  1230, Ratio=1.02, Circ=0.89, Sol=0.98 -> Ô£ù REJECTED
              Area too large (1230 ÔëÑ 600)
Contour #2081: Area=  1230, Ratio=1.00, Circ=0.91, Sol=0.99 -> Ô£ù REJECTED
              Area too large (1230 ÔëÑ 600)
Contour #2082: Area=  1230, Ratio=1.02, Circ=0.89, Sol=0.98 -> Ô£ù REJECTED
              Area too large (1230 ÔëÑ 600)
Contour #2083: Area=  1228, Ratio=1.00, Circ=0.90, Sol=0.98 -> Ô£ù REJECTED
              Area too large (1228 ÔëÑ 600)
Contour #2084: Area=  1230, Ratio=1.02, Circ=0.90, Sol=0.98 -> Ô£ù REJECTED
              Area too large (1230 ÔëÑ 600)
Contour #2085: Area=  1218, Ratio=1.00, Circ=0.90, Sol=0.99 -> Ô£ù REJECTED
              Area too large (1218 ÔëÑ 600)
Contour #2086: Area=  1225, Ratio=1.02, Circ=0.90, Sol=0.98 -> Ô£ù REJECTED
              Area too large (1225 ÔëÑ 600)
Contour #2087: Area=  1222, Ratio=0.98, Circ=0.89, Sol=0.98 -> Ô£ù REJECTED
              Area too large (1222 ÔëÑ 600)
Contour #2088: Area=  1229, Ratio=1.00, Circ=0.89, Sol=0.98 -> Ô£ù REJECTED
              Area too large (1229 ÔëÑ 600)
Contour #2089: Area=  1226, Ratio=0.98, Circ=0.89, Sol=0.98 -> Ô£ù REJECTED
              Area too large (1226 ÔëÑ 600)
Contour #2090: Area=  1232, Ratio=1.00, Circ=0.89, Sol=0.98 -> Ô£ù REJECTED
              Area too large (1232 ÔëÑ 600)
Contour #2091: Area=   290, Ratio=145.50, Circ=0.01, Sol=1.00 -> Ô£ù REJECTED
              Aspect ratio out of range (145.50)
Contour #2092: Area=   504, Ratio=102.33, Circ=0.02, Sol=0.83 -> Ô£ù REJECTED
              Aspect ratio out of range (102.33)
Contour #2093: Area=   535, Ratio=95.67, Circ=0.02, Sol=0.94 -> Ô£ù REJECTED
              Aspect ratio out of range (95.67)
Contour #2094: Area=   578, Ratio=97.00, Circ=0.02, Sol=1.00 -> Ô£ù REJECTED
              Aspect ratio out of range (97.00)
Contour #2095: Area=   577, Ratio=97.33, Circ=0.02, Sol=1.00 -> Ô£ù REJECTED
              Aspect ratio out of range (97.33)
Contour #2096: Area=   442, Ratio=97.33, Circ=0.02, Sol=0.80 -> Ô£ù REJECTED
              Aspect ratio out of range (97.33)
Contour #2097: Area=    62, Ratio=1.38, Circ=0.91, Sol=1.00 -> Ô£ô ACCEPTED
Contour #2098: Area=    62, Ratio=1.38, Circ=0.91, Sol=1.00 -> Ô£ô ACCEPTED
Contour #2099: Area=    64, Ratio=1.22, Circ=0.89, Sol=0.98 -> Ô£ô ACCEPTED
Contour #2100: Area=    66, Ratio=1.22, Circ=0.89, Sol=0.98 -> Ô£ô ACCEPTED
Contour #2101: Area=    65, Ratio=1.22, Circ=0.90, Sol=0.98 -> Ô£ô ACCEPTED
Contour #2102: Area=    63, Ratio=1.22, Circ=0.87, Sol=0.97 -> Ô£ô ACCEPTED
Contour #2103: Area=    33, Ratio=0.78, Circ=0.85, Sol=0.97 -> Ô£ô ACCEPTED
Contour #2104: Area=   446, Ratio=3.58, Circ=0.55, Sol=0.99 -> Ô£ù REJECTED
              Aspect ratio out of range (3.58)
Contour #2105: Area=    36, Ratio=0.78, Circ=0.86, Sol=0.97 -> Ô£ô ACCEPTED
Contour #2106: Area=    37, Ratio=0.78, Circ=0.86, Sol=0.97 -> Ô£ô ACCEPTED
Contour #2107: Area=    36, Ratio=0.78, Circ=0.86, Sol=0.99 -> Ô£ô ACCEPTED
Contour #2108: Area=   215, Ratio=0.89, Circ=0.91, Sol=0.98 -> Ô£ô ACCEPTED
Contour #2109: Area=   144, Ratio=0.75, Circ=0.85, Sol=0.98 -> Ô£ô ACCEPTED
Contour #2110: Area=    49, Ratio=1.43, Circ=0.88, Sol=1.00 -> Ô£ô ACCEPTED
Contour #2111: Area=   144, Ratio=0.75, Circ=0.87, Sol=0.99 -> Ô£ô ACCEPTED
Contour #2112: Area=    50, Ratio=1.25, Circ=0.87, Sol=0.97 -> Ô£ô ACCEPTED
Contour #2113: Area=   144, Ratio=0.75, Circ=0.87, Sol=0.99 -> Ô£ô ACCEPTED
Contour #2114: Area=    54, Ratio=1.25, Circ=0.91, Sol=0.99 -> Ô£ô ACCEPTED
Contour #2115: Area=   144, Ratio=0.75, Circ=0.87, Sol=0.99 -> Ô£ô ACCEPTED
Contour #2116: Area=    54, Ratio=1.25, Circ=0.91, Sol=0.99 -> Ô£ô ACCEPTED
Contour #2117: Area=   146, Ratio=0.75, Circ=0.86, Sol=0.99 -> Ô£ô ACCEPTED
Contour #2118: Area=    52, Ratio=1.38, Circ=0.87, Sol=0.98 -> Ô£ô ACCEPTED
Contour #2119: Area=   146, Ratio=0.71, Circ=0.83, Sol=0.97 -> Ô£ô ACCEPTED
Contour #2120: Area=    52, Ratio=1.38, Circ=0.87, Sol=0.98 -> Ô£ô ACCEPTED
Contour #2121: Area=   100, Ratio=0.74, Circ=0.18, Sol=0.49 -> Ô£ù REJECTED
              Circularity too low (0.18 < 0.6)
Contour #2122: Area=    99, Ratio=0.68, Circ=0.19, Sol=0.52 -> Ô£ù REJECTED
              Circularity too low (0.19 < 0.6)
Contour #2123: Area=   248, Ratio=0.84, Circ=0.84, Sol=0.99 -> Ô£ô ACCEPTED
Contour #2124: Area=   214, Ratio=0.79, Circ=0.76, Sol=0.93 -> Ô£ô ACCEPTED
Contour #2125: Area=   104, Ratio=0.68, Circ=0.19, Sol=0.52 -> Ô£ù REJECTED
              Circularity too low (0.19 < 0.6)
Contour #2126: Area=   250, Ratio=0.84, Circ=0.85, Sol=0.99 -> Ô£ô ACCEPTED
Contour #2127: Area=    86, Ratio=0.89, Circ=0.12, Sol=0.34 -> Ô£ù REJECTED
              Circularity too low (0.12 < 0.6)
Contour #2128: Area=   216, Ratio=0.74, Circ=0.75, Sol=0.97 -> Ô£ô ACCEPTED
Contour #2129: Area=   117, Ratio=0.95, Circ=0.32, Sol=0.61 -> Ô£ù REJECTED
              Circularity too low (0.32 < 0.6)
Contour #2130: Area=   102, Ratio=0.68, Circ=0.19, Sol=0.52 -> Ô£ù REJECTED
              Circularity too low (0.19 < 0.6)
Contour #2131: Area=   249, Ratio=0.84, Circ=0.87, Sol=0.99 -> Ô£ô ACCEPTED
Contour #2132: Area=    86, Ratio=0.89, Circ=0.12, Sol=0.34 -> Ô£ù REJECTED
              Circularity too low (0.12 < 0.6)
Contour #2133: Area=   216, Ratio=0.74, Circ=0.74, Sol=0.96 -> Ô£ô ACCEPTED
Contour #2134: Area=   182, Ratio=1.00, Circ=0.92, Sol=0.98 -> Ô£ô ACCEPTED
Contour #2135: Area=   106, Ratio=0.65, Circ=0.20, Sol=0.52 -> Ô£ù REJECTED
              Circularity too low (0.20 < 0.6)
Contour #2136: Area=   868, Ratio=2.63, Circ=0.61, Sol=0.99 -> Ô£ù REJECTED
              Area too large (868 ÔëÑ 600)
Contour #2137: Area=   250, Ratio=0.80, Circ=0.83, Sol=0.97 -> Ô£ô ACCEPTED
Contour #2138: Area=    94, Ratio=0.85, Circ=0.13, Sol=0.36 -> Ô£ù REJECTED
              Circularity too low (0.13 < 0.6)
Contour #2139: Area=   222, Ratio=0.79, Circ=0.73, Sol=0.93 -> Ô£ô ACCEPTED
Contour #2140: Area=   116, Ratio=0.89, Circ=0.32, Sol=0.61 -> Ô£ù REJECTED
              Circularity too low (0.32 < 0.6)
Contour #2141: Area=   102, Ratio=0.70, Circ=0.18, Sol=0.48 -> Ô£ù REJECTED
              Circularity too low (0.18 < 0.6)
Contour #2142: Area=   257, Ratio=0.80, Circ=0.84, Sol=0.98 -> Ô£ô ACCEPTED
Contour #2143: Area=    94, Ratio=0.80, Circ=0.14, Sol=0.37 -> Ô£ù REJECTED
              Circularity too low (0.14 < 0.6)
Contour #2144: Area=   220, Ratio=0.70, Circ=0.78, Sol=0.97 -> Ô£ô ACCEPTED
Contour #2145: Area=   110, Ratio=0.85, Circ=0.30, Sol=0.59 -> Ô£ù REJECTED
              Circularity too low (0.30 < 0.6)
Contour #2146: Area=   254, Ratio=0.80, Circ=0.83, Sol=0.98 -> Ô£ô ACCEPTED
Contour #2147: Area=    91, Ratio=0.80, Circ=0.13, Sol=0.36 -> Ô£ù REJECTED
              Circularity too low (0.13 < 0.6)
Contour #2148: Area=   222, Ratio=0.75, Circ=0.75, Sol=0.93 -> Ô£ô ACCEPTED
Contour #2149: Area=   118, Ratio=0.85, Circ=0.31, Sol=0.61 -> Ô£ù REJECTED
              Circularity too low (0.31 < 0.6)
Contour #2150: Area=    90, Ratio=0.85, Circ=0.13, Sol=0.35 -> Ô£ù REJECTED
              Circularity too low (0.13 < 0.6)
Contour #2151: Area=   419, Ratio=0.92, Circ=0.89, Sol=0.98 -> Ô£ô ACCEPTED
Contour #2152: Area=   381, Ratio=1.05, Circ=0.90, Sol=0.98 -> Ô£ô ACCEPTED
Contour #2153: Area=   946, Ratio=1.03, Circ=0.90, Sol=0.98 -> Ô£ù REJECTED
              Area too large (946 ÔëÑ 600)
Contour #2154: Area=   950, Ratio=1.03, Circ=0.91, Sol=0.99 -> Ô£ù REJECTED
              Area too large (950 ÔëÑ 600)
Contour #2155: Area=   946, Ratio=1.03, Circ=0.90, Sol=0.98 -> Ô£ù REJECTED
              Area too large (946 ÔëÑ 600)
Contour #2156: Area=   954, Ratio=1.00, Circ=0.90, Sol=0.98 -> Ô£ù REJECTED
              Area too large (954 ÔëÑ 600)
Contour #2157: Area=   948, Ratio=1.00, Circ=0.89, Sol=0.98 -> Ô£ù REJECTED
              Area too large (948 ÔëÑ 600)
Contour #2158: Area=   956, Ratio=1.00, Circ=0.90, Sol=0.98 -> Ô£ù REJECTED
              Area too large (956 ÔëÑ 600)
Contour #2159: Area=   955, Ratio=1.00, Circ=0.90, Sol=0.99 -> Ô£ù REJECTED
              Area too large (955 ÔëÑ 600)
Contour #2160: Area=   949, Ratio=0.97, Circ=0.91, Sol=0.99 -> Ô£ù REJECTED
              Area too large (949 ÔëÑ 600)
Contour #2161: Area=   957, Ratio=1.00, Circ=0.90, Sol=0.98 -> Ô£ù REJECTED
              Area too large (957 ÔëÑ 600)
Contour #2162: Area=   957, Ratio=1.00, Circ=0.90, Sol=0.98 -> Ô£ù REJECTED
              Area too large (957 ÔëÑ 600)
Contour #2163: Area=   954, Ratio=1.00, Circ=0.90, Sol=0.98 -> Ô£ù REJECTED
              Area too large (954 ÔëÑ 600)
Contour #2164: Area=   953, Ratio=1.00, Circ=0.90, Sol=0.98 -> Ô£ù REJECTED
              Area too large (953 ÔëÑ 600)
Contour #2165: Area=   954, Ratio=1.00, Circ=0.90, Sol=0.98 -> Ô£ù REJECTED
              Area too large (954 ÔëÑ 600)
Contour #2166: Area=   954, Ratio=1.00, Circ=0.90, Sol=0.98 -> Ô£ù REJECTED
              Area too large (954 ÔëÑ 600)
Contour #2167: Area=   955, Ratio=1.00, Circ=0.90, Sol=0.98 -> Ô£ù REJECTED
              Area too large (955 ÔëÑ 600)
Contour #2168: Area=   958, Ratio=1.00, Circ=0.90, Sol=0.98 -> Ô£ù REJECTED
              Area too large (958 ÔëÑ 600)
Contour #2169: Area=   954, Ratio=1.00, Circ=0.90, Sol=0.98 -> Ô£ù REJECTED
              Area too large (954 ÔëÑ 600)
Contour #2170: Area=   952, Ratio=1.00, Circ=0.90, Sol=0.98 -> Ô£ù REJECTED
              Area too large (952 ÔëÑ 600)
Contour #2171: Area=   956, Ratio=1.00, Circ=0.90, Sol=0.99 -> Ô£ù REJECTED
              Area too large (956 ÔëÑ 600)
Contour #2172: Area=   950, Ratio=0.97, Circ=0.91, Sol=0.99 -> Ô£ù REJECTED
              Area too large (950 ÔëÑ 600)
Contour #2173: Area=   954, Ratio=1.00, Circ=0.90, Sol=0.98 -> Ô£ù REJECTED
              Area too large (954 ÔëÑ 600)
Contour #2174: Area=   988, Ratio=1.00, Circ=0.89, Sol=0.98 -> Ô£ù REJECTED
              Area too large (988 ÔëÑ 600)
Contour #2175: Area=   954, Ratio=1.00, Circ=0.90, Sol=0.98 -> Ô£ù REJECTED
              Area too large (954 ÔëÑ 600)
Contour #2176: Area=   982, Ratio=1.00, Circ=0.88, Sol=0.98 -> Ô£ù REJECTED
              Area too large (982 ÔëÑ 600)
Contour #2177: Area=  1233, Ratio=1.02, Circ=0.90, Sol=0.99 -> Ô£ù REJECTED
              Area too large (1233 ÔëÑ 600)
Contour #2178: Area=  1232, Ratio=1.00, Circ=0.91, Sol=0.99 -> Ô£ù REJECTED
              Area too large (1232 ÔëÑ 600)
Contour #2179: Area=  1232, Ratio=1.02, Circ=0.89, Sol=0.98 -> Ô£ù REJECTED
              Area too large (1232 ÔëÑ 600)
Contour #2180: Area=  1232, Ratio=1.00, Circ=0.91, Sol=0.99 -> Ô£ù REJECTED
              Area too large (1232 ÔëÑ 600)
Contour #2181: Area=  1234, Ratio=1.02, Circ=0.89, Sol=0.98 -> Ô£ù REJECTED
              Area too large (1234 ÔëÑ 600)
Contour #2182: Area=  1229, Ratio=1.00, Circ=0.91, Sol=0.99 -> Ô£ù REJECTED
              Area too large (1229 ÔëÑ 600)
Contour #2183: Area=  1230, Ratio=1.02, Circ=0.88, Sol=0.98 -> Ô£ù REJECTED
              Area too large (1230 ÔëÑ 600)
Contour #2184: Area=  1228, Ratio=1.00, Circ=0.91, Sol=0.99 -> Ô£ù REJECTED
              Area too large (1228 ÔëÑ 600)
Contour #2185: Area=  1234, Ratio=1.02, Circ=0.89, Sol=0.98 -> Ô£ù REJECTED
              Area too large (1234 ÔëÑ 600)
Contour #2186: Area=  1229, Ratio=1.00, Circ=0.91, Sol=0.99 -> Ô£ù REJECTED
              Area too large (1229 ÔëÑ 600)
Contour #2187: Area=  1228, Ratio=1.02, Circ=0.89, Sol=0.98 -> Ô£ù REJECTED
              Area too large (1228 ÔëÑ 600)
Contour #2188: Area=  1229, Ratio=1.00, Circ=0.91, Sol=0.99 -> Ô£ù REJECTED
              Area too large (1229 ÔëÑ 600)
Contour #2189: Area=  1232, Ratio=1.02, Circ=0.89, Sol=0.98 -> Ô£ù REJECTED
              Area too large (1232 ÔëÑ 600)
Contour #2190: Area=  1231, Ratio=1.00, Circ=0.91, Sol=0.99 -> Ô£ù REJECTED
              Area too large (1231 ÔëÑ 600)
Contour #2191: Area=  1235, Ratio=1.02, Circ=0.90, Sol=0.99 -> Ô£ù REJECTED
              Area too large (1235 ÔëÑ 600)
Contour #2192: Area=  1229, Ratio=1.00, Circ=0.91, Sol=0.99 -> Ô£ù REJECTED
              Area too large (1229 ÔëÑ 600)
Contour #2193: Area=  1231, Ratio=1.02, Circ=0.90, Sol=0.98 -> Ô£ù REJECTED
              Area too large (1231 ÔëÑ 600)
Contour #2194: Area=  1226, Ratio=1.00, Circ=0.90, Sol=0.99 -> Ô£ù REJECTED
              Area too large (1226 ÔëÑ 600)
Contour #2195: Area=  1232, Ratio=1.00, Circ=0.89, Sol=0.98 -> Ô£ù REJECTED
              Area too large (1232 ÔëÑ 600)
Contour #2196: Area=  1230, Ratio=0.98, Circ=0.88, Sol=0.98 -> Ô£ù REJECTED
              Area too large (1230 ÔëÑ 600)
Contour #2197: Area=  1237, Ratio=1.00, Circ=0.89, Sol=0.98 -> Ô£ù REJECTED
              Area too large (1237 ÔëÑ 600)
Contour #2198: Area=  1234, Ratio=0.98, Circ=0.89, Sol=0.98 -> Ô£ù REJECTED
              Area too large (1234 ÔëÑ 600)
Contour #2199: Area=  1233, Ratio=1.00, Circ=0.89, Sol=0.98 -> Ô£ù REJECTED
              Area too large (1233 ÔëÑ 600)
Contour #2200: Area=  1232, Ratio=0.98, Circ=0.89, Sol=0.98 -> Ô£ù REJECTED
              Area too large (1232 ÔëÑ 600)
Contour #2201: Area=   198, Ratio=103.00, Circ=0.01, Sol=0.99 -> Ô£ù REJECTED
              Aspect ratio out of range (103.00)
Contour #2202: Area=    78, Ratio=41.50, Circ=0.04, Sol=0.98 -> Ô£ù REJECTED
              Aspect ratio out of range (41.50)
Contour #2203: Area=   384, Ratio=96.67, Circ=0.01, Sol=0.72 -> Ô£ù REJECTED
              Aspect ratio out of range (96.67)
Contour #2204: Area=   563, Ratio=96.67, Circ=0.02, Sol=0.98 -> Ô£ù REJECTED
              Aspect ratio out of range (96.67)
Contour #2205: Area=   595, Ratio=101.67, Circ=0.02, Sol=0.98 -> Ô£ù REJECTED
              Aspect ratio out of range (101.67)
Contour #2206: Area=   420, Ratio=95.00, Circ=0.02, Sol=0.77 -> Ô£ù REJECTED
              Aspect ratio out of range (95.00)
Contour #2207: Area=   292, Ratio=96.33, Circ=0.01, Sol=0.59 -> Ô£ù REJECTED
              Aspect ratio out of range (96.33)
Contour #2208: Area=    64, Ratio=1.22, Circ=0.89, Sol=0.98 -> Ô£ô ACCEPTED
Contour #2209: Area=    68, Ratio=1.22, Circ=0.91, Sol=0.99 -> Ô£ô ACCEPTED
Contour #2210: Area=    69, Ratio=1.22, Circ=0.88, Sol=0.98 -> Ô£ô ACCEPTED
Contour #2211: Area=    68, Ratio=1.22, Circ=0.90, Sol=0.99 -> Ô£ô ACCEPTED
Contour #2212: Area=    64, Ratio=1.22, Circ=0.89, Sol=0.98 -> Ô£ô ACCEPTED
Contour #2213: Area=    66, Ratio=1.10, Circ=0.86, Sol=0.96 -> Ô£ô ACCEPTED
Contour #2214: Area=   323, Ratio=0.75, Circ=0.87, Sol=0.97 -> Ô£ô ACCEPTED
Contour #2215: Area=    38, Ratio=0.78, Circ=0.88, Sol=0.99 -> Ô£ô ACCEPTED
Contour #2216: Area=   444, Ratio=3.58, Circ=0.55, Sol=0.99 -> Ô£ù REJECTED
              Aspect ratio out of range (3.58)
Contour #2217: Area=   144, Ratio=0.75, Circ=0.87, Sol=0.99 -> Ô£ô ACCEPTED
Contour #2218: Area=    54, Ratio=1.38, Circ=0.86, Sol=0.97 -> Ô£ô ACCEPTED
Contour #2219: Area=   146, Ratio=0.75, Circ=0.89, Sol=0.99 -> Ô£ô ACCEPTED
Contour #2220: Area=    56, Ratio=1.38, Circ=0.89, Sol=0.99 -> Ô£ô ACCEPTED
Contour #2221: Area=   148, Ratio=0.75, Circ=0.87, Sol=0.99 -> Ô£ô ACCEPTED
Contour #2222: Area=    57, Ratio=1.38, Circ=0.90, Sol=1.00 -> Ô£ô ACCEPTED
Contour #2223: Area=   145, Ratio=0.75, Circ=0.86, Sol=0.98 -> Ô£ô ACCEPTED
Contour #2224: Area=    55, Ratio=1.38, Circ=0.87, Sol=0.98 -> Ô£ô ACCEPTED
Contour #2225: Area=   148, Ratio=0.71, Circ=0.84, Sol=0.97 -> Ô£ô ACCEPTED
Contour #2226: Area=    58, Ratio=1.22, Circ=0.83, Sol=0.94 -> Ô£ô ACCEPTED
Contour #2227: Area=   148, Ratio=0.71, Circ=0.84, Sol=0.97 -> Ô£ô ACCEPTED
Contour #2228: Area=    56, Ratio=1.11, Circ=0.82, Sol=0.93 -> Ô£ô ACCEPTED
Contour #2229: Area=    64, Ratio=0.89, Circ=0.12, Sol=0.37 -> Ô£ù REJECTED
              Circularity too low (0.12 < 0.6)
Contour #2230: Area=   243, Ratio=0.84, Circ=0.82, Sol=0.98 -> Ô£ô ACCEPTED
Contour #2231: Area=   210, Ratio=0.74, Circ=0.77, Sol=0.96 -> Ô£ô ACCEPTED
Contour #2232: Area=   188, Ratio=1.00, Circ=0.86, Sol=0.96 -> Ô£ô ACCEPTED
Contour #2233: Area=   824, Ratio=2.63, Circ=0.58, Sol=0.94 -> Ô£ù REJECTED
              Area too large (824 ÔëÑ 600)
Contour #2234: Area=   246, Ratio=0.84, Circ=0.85, Sol=0.99 -> Ô£ô ACCEPTED
Contour #2235: Area=   214, Ratio=0.74, Circ=0.76, Sol=0.97 -> Ô£ô ACCEPTED
Contour #2236: Area=    66, Ratio=0.84, Circ=0.12, Sol=0.37 -> Ô£ù REJECTED
              Circularity too low (0.12 < 0.6)
Contour #2237: Area=   247, Ratio=0.84, Circ=0.86, Sol=0.99 -> Ô£ô ACCEPTED
Contour #2238: Area=    80, Ratio=0.84, Circ=0.12, Sol=0.33 -> Ô£ù REJECTED
              Circularity too low (0.12 < 0.6)
Contour #2239: Area=   213, Ratio=0.74, Circ=0.76, Sol=0.97 -> Ô£ô ACCEPTED
Contour #2240: Area=    62, Ratio=0.84, Circ=0.12, Sol=0.35 -> Ô£ù REJECTED
              Circularity too low (0.12 < 0.6)
Contour #2241: Area=   104, Ratio=0.74, Circ=0.19, Sol=0.49 -> Ô£ù REJECTED
              Circularity too low (0.19 < 0.6)
Contour #2242: Area=   244, Ratio=0.84, Circ=0.85, Sol=0.99 -> Ô£ô ACCEPTED
Contour #2243: Area=    81, Ratio=0.80, Circ=0.11, Sol=0.33 -> Ô£ù REJECTED
              Circularity too low (0.11 < 0.6)
Contour #2244: Area=   212, Ratio=0.79, Circ=0.74, Sol=0.93 -> Ô£ô ACCEPTED
Contour #2245: Area=   108, Ratio=0.84, Circ=0.31, Sol=0.61 -> Ô£ù REJECTED
              Circularity too low (0.31 < 0.6)
Contour #2246: Area=   104, Ratio=0.74, Circ=0.19, Sol=0.48 -> Ô£ù REJECTED
              Circularity too low (0.19 < 0.6)
Contour #2247: Area=   248, Ratio=0.84, Circ=0.84, Sol=0.99 -> Ô£ô ACCEPTED
Contour #2248: Area=    88, Ratio=0.80, Circ=0.13, Sol=0.35 -> Ô£ù REJECTED
              Circularity too low (0.13 < 0.6)
Contour #2249: Area=   211, Ratio=0.74, Circ=0.75, Sol=0.96 -> Ô£ô ACCEPTED
Contour #2250: Area=   101, Ratio=0.74, Circ=0.18, Sol=0.47 -> Ô£ù REJECTED
              Circularity too low (0.18 < 0.6)
Contour #2251: Area=   245, Ratio=0.80, Circ=0.83, Sol=0.97 -> Ô£ô ACCEPTED
Contour #2252: Area=    88, Ratio=0.85, Circ=0.13, Sol=0.34 -> Ô£ù REJECTED
              Circularity too low (0.13 < 0.6)
Contour #2253: Area=   210, Ratio=0.70, Circ=0.74, Sol=0.94 -> Ô£ô ACCEPTED
Contour #2254: Area=   104, Ratio=0.70, Circ=0.18, Sol=0.46 -> Ô£ù REJECTED
              Circularity too low (0.18 < 0.6)
Contour #2255: Area=    82, Ratio=0.85, Circ=0.12, Sol=0.32 -> Ô£ù REJECTED
              Circularity too low (0.12 < 0.6)
Contour #2256: Area=   110, Ratio=0.70, Circ=0.19, Sol=0.49 -> Ô£ù REJECTED
              Circularity too low (0.19 < 0.6)
Contour #2257: Area=    84, Ratio=0.85, Circ=0.12, Sol=0.33 -> Ô£ù REJECTED
              Circularity too low (0.12 < 0.6)
Contour #2258: Area=   114, Ratio=0.70, Circ=0.20, Sol=0.51 -> Ô£ù REJECTED
              Circularity too low (0.20 < 0.6)
Contour #2259: Area=   382, Ratio=1.00, Circ=0.89, Sol=0.97 -> Ô£ô ACCEPTED
Contour #2260: Area=   953, Ratio=1.06, Circ=0.88, Sol=0.98 -> Ô£ù REJECTED
              Area too large (953 ÔëÑ 600)
Contour #2261: Area=   957, Ratio=1.03, Circ=0.92, Sol=0.99 -> Ô£ù REJECTED
              Area too large (957 ÔëÑ 600)
Contour #2262: Area=   953, Ratio=1.03, Circ=0.89, Sol=0.98 -> Ô£ù REJECTED
              Area too large (953 ÔëÑ 600)
Contour #2263: Area=   959, Ratio=1.00, Circ=0.90, Sol=0.98 -> Ô£ù REJECTED
              Area too large (959 ÔëÑ 600)
Contour #2264: Area=   958, Ratio=1.00, Circ=0.90, Sol=0.98 -> Ô£ù REJECTED
              Area too large (958 ÔëÑ 600)
Contour #2265: Area=   959, Ratio=1.00, Circ=0.90, Sol=0.98 -> Ô£ù REJECTED
              Area too large (959 ÔëÑ 600)
Contour #2266: Area=   956, Ratio=1.00, Circ=0.90, Sol=0.98 -> Ô£ù REJECTED
              Area too large (956 ÔëÑ 600)
Contour #2267: Area=   960, Ratio=1.00, Circ=0.91, Sol=0.99 -> Ô£ù REJECTED
              Area too large (960 ÔëÑ 600)
Contour #2268: Area=   958, Ratio=1.03, Circ=0.89, Sol=0.98 -> Ô£ù REJECTED
              Area too large (958 ÔëÑ 600)
Contour #2269: Area=   955, Ratio=1.00, Circ=0.90, Sol=0.98 -> Ô£ù REJECTED
              Area too large (955 ÔëÑ 600)
Contour #2270: Area=   498, Ratio=1.12, Circ=0.29, Sol=0.54 -> Ô£ù REJECTED
              Circularity too low (0.29 < 0.6)
Contour #2271: Area=   958, Ratio=1.00, Circ=0.90, Sol=0.98 -> Ô£ù REJECTED
              Area too large (958 ÔëÑ 600)
Contour #2272: Area=   958, Ratio=1.00, Circ=0.90, Sol=0.98 -> Ô£ù REJECTED
              Area too large (958 ÔëÑ 600)
Contour #2273: Area=   959, Ratio=1.00, Circ=0.90, Sol=0.99 -> Ô£ù REJECTED
              Area too large (959 ÔëÑ 600)
Contour #2274: Area=   961, Ratio=1.03, Circ=0.89, Sol=0.98 -> Ô£ù REJECTED
              Area too large (961 ÔëÑ 600)
Contour #2275: Area=   959, Ratio=1.00, Circ=0.90, Sol=0.98 -> Ô£ù REJECTED
              Area too large (959 ÔëÑ 600)
Contour #2276: Area=   959, Ratio=1.00, Circ=0.90, Sol=0.98 -> Ô£ù REJECTED
              Area too large (959 ÔëÑ 600)
Contour #2277: Area=   962, Ratio=1.00, Circ=0.90, Sol=0.98 -> Ô£ù REJECTED
              Area too large (962 ÔëÑ 600)
Contour #2278: Area=   970, Ratio=1.03, Circ=0.90, Sol=0.98 -> Ô£ù REJECTED
              Area too large (970 ÔëÑ 600)
Contour #2279: Area=   956, Ratio=1.00, Circ=0.90, Sol=0.98 -> Ô£ù REJECTED
              Area too large (956 ÔëÑ 600)
Contour #2280: Area=   954, Ratio=1.00, Circ=0.90, Sol=0.98 -> Ô£ù REJECTED
              Area too large (954 ÔëÑ 600)
Contour #2281: Area=   954, Ratio=1.00, Circ=0.90, Sol=0.98 -> Ô£ù REJECTED
              Area too large (954 ÔëÑ 600)
Contour #2282: Area=   952, Ratio=1.00, Circ=0.90, Sol=0.98 -> Ô£ù REJECTED
              Area too large (952 ÔëÑ 600)
Contour #2283: Area=   957, Ratio=1.00, Circ=0.90, Sol=0.98 -> Ô£ù REJECTED
              Area too large (957 ÔëÑ 600)
Contour #2284: Area=  1222, Ratio=1.00, Circ=0.90, Sol=0.98 -> Ô£ù REJECTED
              Area too large (1222 ÔëÑ 600)
Contour #2285: Area=  1224, Ratio=1.00, Circ=0.91, Sol=0.99 -> Ô£ù REJECTED
              Area too large (1224 ÔëÑ 600)
Contour #2286: Area=  1228, Ratio=1.02, Circ=0.89, Sol=0.98 -> Ô£ù REJECTED
              Area too large (1228 ÔëÑ 600)
Contour #2287: Area=  1224, Ratio=1.00, Circ=0.91, Sol=0.99 -> Ô£ù REJECTED
              Area too large (1224 ÔëÑ 600)
Contour #2288: Area=  1226, Ratio=1.02, Circ=0.89, Sol=0.98 -> Ô£ù REJECTED
              Area too large (1226 ÔëÑ 600)
Contour #2289: Area=  1228, Ratio=1.00, Circ=0.91, Sol=0.99 -> Ô£ù REJECTED
              Area too large (1228 ÔëÑ 600)
Contour #2290: Area=  1254, Ratio=0.98, Circ=0.89, Sol=0.98 -> Ô£ù REJECTED
              Area too large (1254 ÔëÑ 600)
Contour #2291: Area=  1226, Ratio=1.00, Circ=0.91, Sol=0.99 -> Ô£ù REJECTED
              Area too large (1226 ÔëÑ 600)
Contour #2292: Area=  1234, Ratio=1.02, Circ=0.89, Sol=0.98 -> Ô£ù REJECTED
              Area too large (1234 ÔëÑ 600)
Contour #2293: Area=  1225, Ratio=1.00, Circ=0.91, Sol=0.99 -> Ô£ù REJECTED
              Area too large (1225 ÔëÑ 600)
Contour #2294: Area=  1228, Ratio=1.02, Circ=0.88, Sol=0.98 -> Ô£ù REJECTED
              Area too large (1228 ÔëÑ 600)
Contour #2295: Area=  1227, Ratio=1.00, Circ=0.91, Sol=0.99 -> Ô£ù REJECTED
              Area too large (1227 ÔëÑ 600)
Contour #2296: Area=  1228, Ratio=1.02, Circ=0.89, Sol=0.98 -> Ô£ù REJECTED
              Area too large (1228 ÔëÑ 600)
Contour #2297: Area=  1224, Ratio=1.00, Circ=0.91, Sol=0.99 -> Ô£ù REJECTED
              Area too large (1224 ÔëÑ 600)
Contour #2298: Area=  1226, Ratio=1.02, Circ=0.90, Sol=0.98 -> Ô£ù REJECTED
              Area too large (1226 ÔëÑ 600)
Contour #2299: Area=  1230, Ratio=1.00, Circ=0.90, Sol=0.98 -> Ô£ù REJECTED
              Area too large (1230 ÔëÑ 600)
Contour #2300: Area=  1235, Ratio=1.00, Circ=0.89, Sol=0.98 -> Ô£ù REJECTED
              Area too large (1235 ÔëÑ 600)
Contour #2301: Area=  1228, Ratio=1.00, Circ=0.90, Sol=0.98 -> Ô£ù REJECTED
              Area too large (1228 ÔëÑ 600)
Contour #2302: Area=  1230, Ratio=1.02, Circ=0.90, Sol=0.98 -> Ô£ù REJECTED
              Area too large (1230 ÔëÑ 600)
Contour #2303: Area=  1232, Ratio=0.98, Circ=0.89, Sol=0.98 -> Ô£ù REJECTED
              Area too large (1232 ÔëÑ 600)
Contour #2304: Area=  1233, Ratio=1.00, Circ=0.89, Sol=0.98 -> Ô£ù REJECTED
              Area too large (1233 ÔëÑ 600)
Contour #2305: Area=  1224, Ratio=0.98, Circ=0.89, Sol=0.98 -> Ô£ù REJECTED
              Area too large (1224 ÔëÑ 600)
Contour #2306: Area=  1225, Ratio=1.00, Circ=0.89, Sol=0.98 -> Ô£ù REJECTED
              Area too large (1225 ÔëÑ 600)
Contour #2307: Area=  1228, Ratio=1.00, Circ=0.89, Sol=0.98 -> Ô£ù REJECTED
              Area too large (1228 ÔëÑ 600)
Contour #2308: Area=   288, Ratio=144.50, Circ=0.01, Sol=1.00 -> Ô£ù REJECTED
              Aspect ratio out of range (144.50)
Contour #2309: Area=   366, Ratio=102.00, Circ=0.01, Sol=0.67 -> Ô£ù REJECTED
              Aspect ratio out of range (102.00)
Contour #2310: Area=   488, Ratio=95.33, Circ=0.02, Sol=0.86 -> Ô£ù REJECTED
              Aspect ratio out of range (95.33)
Contour #2311: Area=   560, Ratio=96.67, Circ=0.02, Sol=0.97 -> Ô£ù REJECTED
              Aspect ratio out of range (96.67)
Contour #2312: Area=   570, Ratio=96.67, Circ=0.02, Sol=0.99 -> Ô£ù REJECTED
              Aspect ratio out of range (96.67)
Contour #2313: Area=   364, Ratio=96.67, Circ=0.01, Sol=0.67 -> Ô£ù REJECTED
              Aspect ratio out of range (96.67)
Contour #2314: Area=     6, Ratio=1.00, Circ=0.84, Sol=1.00 -> Ô£ù REJECTED
              Area too small (6 Ôëñ 30)
Contour #2315: Area=    62, Ratio=1.38, Circ=0.91, Sol=1.00 -> Ô£ô ACCEPTED
Contour #2316: Area=    62, Ratio=1.38, Circ=0.91, Sol=1.00 -> Ô£ô ACCEPTED
Contour #2317: Area=    61, Ratio=1.38, Circ=0.89, Sol=0.99 -> Ô£ô ACCEPTED
Contour #2318: Area=    64, Ratio=1.22, Circ=0.89, Sol=0.98 -> Ô£ô ACCEPTED
Contour #2319: Area=    66, Ratio=1.22, Circ=0.87, Sol=0.97 -> Ô£ô ACCEPTED
Contour #2320: Area=    64, Ratio=1.22, Circ=0.86, Sol=0.96 -> Ô£ô ACCEPTED
Contour #2321: Area=    32, Ratio=0.88, Circ=0.85, Sol=0.96 -> Ô£ô ACCEPTED
Contour #2322: Area=    36, Ratio=0.78, Circ=0.86, Sol=0.97 -> Ô£ô ACCEPTED
Contour #2323: Area=   452, Ratio=3.58, Circ=0.54, Sol=0.99 -> Ô£ù REJECTED
              Aspect ratio out of range (3.58)
Contour #2324: Area=    36, Ratio=0.78, Circ=0.86, Sol=0.99 -> Ô£ô ACCEPTED
Contour #2325: Area=    36, Ratio=0.78, Circ=0.86, Sol=0.99 -> Ô£ô ACCEPTED
Contour #2326: Area=   146, Ratio=0.75, Circ=0.86, Sol=0.99 -> Ô£ô ACCEPTED
Contour #2327: Area=    48, Ratio=1.43, Circ=0.89, Sol=1.00 -> Ô£ô ACCEPTED
Contour #2328: Area=   144, Ratio=0.75, Circ=0.87, Sol=0.99 -> Ô£ô ACCEPTED
Contour #2329: Area=    51, Ratio=1.25, Circ=0.86, Sol=0.96 -> Ô£ô ACCEPTED
Contour #2330: Area=   142, Ratio=0.75, Circ=0.86, Sol=0.99 -> Ô£ô ACCEPTED
Contour #2331: Area=    54, Ratio=1.25, Circ=0.91, Sol=0.99 -> Ô£ô ACCEPTED
Contour #2332: Area=   144, Ratio=0.75, Circ=0.87, Sol=0.99 -> Ô£ô ACCEPTED
Contour #2333: Area=    54, Ratio=1.25, Circ=0.91, Sol=0.99 -> Ô£ô ACCEPTED
Contour #2334: Area=   145, Ratio=0.71, Circ=0.83, Sol=0.97 -> Ô£ô ACCEPTED
Contour #2335: Area=    52, Ratio=1.25, Circ=0.91, Sol=0.99 -> Ô£ô ACCEPTED
Contour #2336: Area=   185, Ratio=1.00, Circ=0.91, Sol=0.98 -> Ô£ô ACCEPTED
Contour #2337: Area=   146, Ratio=0.71, Circ=0.83, Sol=0.97 -> Ô£ô ACCEPTED
Contour #2338: Area=    52, Ratio=1.38, Circ=0.83, Sol=0.95 -> Ô£ô ACCEPTED
Contour #2339: Area=   221, Ratio=0.79, Circ=0.75, Sol=0.93 -> Ô£ô ACCEPTED
Contour #2340: Area=   114, Ratio=0.89, Circ=0.31, Sol=0.62 -> Ô£ù REJECTED
              Circularity too low (0.31 < 0.6)
Contour #2341: Area=    72, Ratio=0.45, Circ=0.35, Sol=0.69 -> Ô£ù REJECTED
              Aspect ratio out of range (0.45)
Contour #2342: Area=   251, Ratio=0.84, Circ=0.84, Sol=0.99 -> Ô£ô ACCEPTED
Contour #2343: Area=   216, Ratio=0.79, Circ=0.72, Sol=0.91 -> Ô£ô ACCEPTED
Contour #2344: Area=    76, Ratio=0.50, Circ=0.33, Sol=0.65 -> Ô£ù REJECTED
              Aspect ratio out of range (0.50)
Contour #2345: Area=   250, Ratio=0.84, Circ=0.85, Sol=0.99 -> Ô£ô ACCEPTED
Contour #2346: Area=    88, Ratio=0.85, Circ=0.12, Sol=0.34 -> Ô£ù REJECTED
              Circularity too low (0.12 < 0.6)
Contour #2347: Area=   216, Ratio=0.79, Circ=0.73, Sol=0.93 -> Ô£ô ACCEPTED
Contour #2348: Area=   112, Ratio=0.89, Circ=0.31, Sol=0.62 -> Ô£ù REJECTED
              Circularity too low (0.31 < 0.6)
Contour #2349: Area=    73, Ratio=0.45, Circ=0.35, Sol=0.68 -> Ô£ù REJECTED
              Aspect ratio out of range (0.45)
Contour #2350: Area=   250, Ratio=0.84, Circ=0.85, Sol=0.99 -> Ô£ô ACCEPTED
Contour #2351: Area=    89, Ratio=0.85, Circ=0.13, Sol=0.35 -> Ô£ù REJECTED
              Circularity too low (0.13 < 0.6)
Contour #2352: Area=   216, Ratio=0.70, Circ=0.75, Sol=0.95 -> Ô£ô ACCEPTED
Contour #2353: Area=    72, Ratio=0.45, Circ=0.33, Sol=0.67 -> Ô£ù REJECTED
              Aspect ratio out of range (0.45)
Contour #2354: Area=   826, Ratio=2.63, Circ=0.57, Sol=0.94 -> Ô£ù REJECTED
              Area too large (826 ÔëÑ 600)
Contour #2355: Area=   254, Ratio=0.80, Circ=0.84, Sol=0.98 -> Ô£ô ACCEPTED
Contour #2356: Area=    97, Ratio=0.90, Circ=0.14, Sol=0.36 -> Ô£ù REJECTED
              Circularity too low (0.14 < 0.6)
Contour #2357: Area=   234, Ratio=0.75, Circ=0.73, Sol=0.94 -> Ô£ô ACCEPTED
Contour #2358: Area=   112, Ratio=0.85, Circ=0.30, Sol=0.59 -> Ô£ù REJECTED
              Circularity too low (0.30 < 0.6)
Contour #2359: Area=    70, Ratio=0.50, Circ=0.30, Sol=0.60 -> Ô£ù REJECTED
              Aspect ratio out of range (0.50)
Contour #2360: Area=   255, Ratio=0.80, Circ=0.83, Sol=0.98 -> Ô£ô ACCEPTED
Contour #2361: Area=    96, Ratio=0.85, Circ=0.14, Sol=0.37 -> Ô£ù REJECTED
              Circularity too low (0.14 < 0.6)
Contour #2362: Area=   220, Ratio=0.75, Circ=0.74, Sol=0.93 -> Ô£ô ACCEPTED
Contour #2363: Area=   110, Ratio=0.90, Circ=0.28, Sol=0.57 -> Ô£ù REJECTED
              Circularity too low (0.28 < 0.6)
Contour #2364: Area=    67, Ratio=0.48, Circ=0.27, Sol=0.57 -> Ô£ù REJECTED
              Aspect ratio out of range (0.48)
Contour #2365: Area=   246, Ratio=0.80, Circ=0.82, Sol=0.97 -> Ô£ô ACCEPTED
Contour #2366: Area=    90, Ratio=0.80, Circ=0.13, Sol=0.36 -> Ô£ù REJECTED
              Circularity too low (0.13 < 0.6)
Contour #2367: Area=    88, Ratio=0.85, Circ=0.12, Sol=0.35 -> Ô£ù REJECTED
              Circularity too low (0.12 < 0.6)
Contour #2368: Area=   390, Ratio=1.00, Circ=0.88, Sol=0.98 -> Ô£ô ACCEPTED
Contour #2369: Area=   196, Ratio=1.00, Circ=0.90, Sol=0.98 -> Ô£ô ACCEPTED
Contour #2370: Area=   946, Ratio=1.03, Circ=0.90, Sol=0.98 -> Ô£ù REJECTED
              Area too large (946 ÔëÑ 600)
Contour #2371: Area=   952, Ratio=1.03, Circ=0.91, Sol=0.99 -> Ô£ù REJECTED
              Area too large (952 ÔëÑ 600)
Contour #2372: Area=   952, Ratio=1.03, Circ=0.89, Sol=0.98 -> Ô£ù REJECTED
              Area too large (952 ÔëÑ 600)
Contour #2373: Area=   955, Ratio=1.00, Circ=0.90, Sol=0.98 -> Ô£ù REJECTED
              Area too large (955 ÔëÑ 600)
Contour #2374: Area=   954, Ratio=1.00, Circ=0.90, Sol=0.98 -> Ô£ù REJECTED
              Area too large (954 ÔëÑ 600)
Contour #2375: Area=   956, Ratio=1.00, Circ=0.90, Sol=0.98 -> Ô£ù REJECTED
              Area too large (956 ÔëÑ 600)
Contour #2376: Area=   956, Ratio=1.00, Circ=0.89, Sol=0.98 -> Ô£ù REJECTED
              Area too large (956 ÔëÑ 600)
Contour #2377: Area=   953, Ratio=1.00, Circ=0.90, Sol=0.98 -> Ô£ù REJECTED
              Area too large (953 ÔëÑ 600)
Contour #2378: Area=   954, Ratio=1.00, Circ=0.90, Sol=0.98 -> Ô£ù REJECTED
              Area too large (954 ÔëÑ 600)
Contour #2379: Area=   954, Ratio=1.00, Circ=0.90, Sol=0.98 -> Ô£ù REJECTED
              Area too large (954 ÔëÑ 600)
Contour #2380: Area=   957, Ratio=1.00, Circ=0.90, Sol=0.98 -> Ô£ù REJECTED
              Area too large (957 ÔëÑ 600)
Contour #2381: Area=   951, Ratio=0.97, Circ=0.91, Sol=0.99 -> Ô£ù REJECTED
              Area too large (951 ÔëÑ 600)
Contour #2382: Area=   960, Ratio=1.00, Circ=0.90, Sol=0.98 -> Ô£ù REJECTED
              Area too large (960 ÔëÑ 600)
Contour #2383: Area=   957, Ratio=1.00, Circ=0.90, Sol=0.99 -> Ô£ù REJECTED
              Area too large (957 ÔëÑ 600)
Contour #2384: Area=   960, Ratio=1.00, Circ=0.91, Sol=0.99 -> Ô£ù REJECTED
              Area too large (960 ÔëÑ 600)
Contour #2385: Area=   958, Ratio=1.00, Circ=0.90, Sol=0.98 -> Ô£ù REJECTED
              Area too large (958 ÔëÑ 600)
Contour #2386: Area=   957, Ratio=1.00, Circ=0.90, Sol=0.98 -> Ô£ù REJECTED
              Area too large (957 ÔëÑ 600)
Contour #2387: Area=   956, Ratio=1.00, Circ=0.90, Sol=0.98 -> Ô£ù REJECTED
              Area too large (956 ÔëÑ 600)
Contour #2388: Area=   960, Ratio=1.00, Circ=0.91, Sol=0.99 -> Ô£ù REJECTED
              Area too large (960 ÔëÑ 600)
Contour #2389: Area=   948, Ratio=0.97, Circ=0.91, Sol=0.98 -> Ô£ù REJECTED
              Area too large (948 ÔëÑ 600)
Contour #2390: Area=   959, Ratio=1.00, Circ=0.90, Sol=0.99 -> Ô£ù REJECTED
              Area too large (959 ÔëÑ 600)
Contour #2391: Area=   966, Ratio=1.03, Circ=0.89, Sol=0.98 -> Ô£ù REJECTED
              Area too large (966 ÔëÑ 600)
Contour #2392: Area=   957, Ratio=1.00, Circ=0.90, Sol=0.98 -> Ô£ù REJECTED
              Area too large (957 ÔëÑ 600)
Contour #2393: Area=  1213, Ratio=1.03, Circ=0.91, Sol=0.99 -> Ô£ù REJECTED
              Area too large (1213 ÔëÑ 600)
Contour #2394: Area=  1217, Ratio=1.05, Circ=0.89, Sol=0.98 -> Ô£ù REJECTED
              Area too large (1217 ÔëÑ 600)
Contour #2395: Area=  1212, Ratio=1.03, Circ=0.91, Sol=0.99 -> Ô£ù REJECTED
              Area too large (1212 ÔëÑ 600)
Contour #2396: Area=  1218, Ratio=1.05, Circ=0.89, Sol=0.98 -> Ô£ù REJECTED
              Area too large (1218 ÔëÑ 600)
Contour #2397: Area=  1213, Ratio=1.03, Circ=0.91, Sol=0.99 -> Ô£ù REJECTED
              Area too large (1213 ÔëÑ 600)
Contour #2398: Area=  1217, Ratio=1.05, Circ=0.90, Sol=0.99 -> Ô£ù REJECTED
              Area too large (1217 ÔëÑ 600)
Contour #2399: Area=  1216, Ratio=1.03, Circ=0.90, Sol=0.99 -> Ô£ù REJECTED
              Area too large (1216 ÔëÑ 600)
Contour #2400: Area=  1219, Ratio=1.05, Circ=0.90, Sol=0.99 -> Ô£ù REJECTED
              Area too large (1219 ÔëÑ 600)
Contour #2401: Area=  1218, Ratio=1.00, Circ=0.89, Sol=0.98 -> Ô£ù REJECTED
              Area too large (1218 ÔëÑ 600)
Contour #2402: Area=  1224, Ratio=1.02, Circ=0.90, Sol=0.98 -> Ô£ù REJECTED
              Area too large (1224 ÔëÑ 600)
Contour #2403: Area=  1216, Ratio=1.00, Circ=0.89, Sol=0.98 -> Ô£ù REJECTED
              Area too large (1216 ÔëÑ 600)
Contour #2404: Area=  1226, Ratio=1.02, Circ=0.90, Sol=0.98 -> Ô£ù REJECTED
              Area too large (1226 ÔëÑ 600)
Contour #2405: Area=  1222, Ratio=1.00, Circ=0.90, Sol=0.98 -> Ô£ù REJECTED
              Area too large (1222 ÔëÑ 600)
Contour #2406: Area=  1226, Ratio=1.02, Circ=0.90, Sol=0.98 -> Ô£ù REJECTED
              Area too large (1226 ÔëÑ 600)
Contour #2407: Area=  1221, Ratio=1.00, Circ=0.89, Sol=0.98 -> Ô£ù REJECTED
              Area too large (1221 ÔëÑ 600)
Contour #2408: Area=  1231, Ratio=1.02, Circ=0.90, Sol=0.98 -> Ô£ù REJECTED
              Area too large (1231 ÔëÑ 600)
Contour #2409: Area=  1222, Ratio=1.00, Circ=0.90, Sol=0.98 -> Ô£ù REJECTED
              Area too large (1222 ÔëÑ 600)
Contour #2410: Area=  1224, Ratio=1.02, Circ=0.90, Sol=0.98 -> Ô£ù REJECTED
              Area too large (1224 ÔëÑ 600)
Contour #2411: Area=  1220, Ratio=1.00, Circ=0.90, Sol=0.99 -> Ô£ù REJECTED
              Area too large (1220 ÔëÑ 600)
Contour #2412: Area=   602, Ratio=1.02, Circ=0.10, Sol=0.49 -> Ô£ù REJECTED
              Area too large (602 ÔëÑ 600)
Contour #2413: Area=  1220, Ratio=1.00, Circ=0.90, Sol=0.99 -> Ô£ù REJECTED
              Area too large (1220 ÔëÑ 600)
Contour #2414: Area=  1220, Ratio=1.02, Circ=0.88, Sol=0.98 -> Ô£ù REJECTED
              Area too large (1220 ÔëÑ 600)
Contour #2415: Area=  1219, Ratio=1.00, Circ=0.90, Sol=0.98 -> Ô£ù REJECTED
              Area too large (1219 ÔëÑ 600)
Contour #2416: Area=  1225, Ratio=1.02, Circ=0.88, Sol=0.98 -> Ô£ù REJECTED
              Area too large (1225 ÔëÑ 600)
Contour #2417: Area=305996, Ratio=0.28, Circ=0.36, Sol=1.00 -> Ô£ù REJECTED
              Area too large (305996 ÔëÑ 600)
Contour #2418: Area=309916, Ratio=0.29, Circ=0.35, Sol=0.99 -> Ô£ù REJECTED
              Area too large (309916 ÔëÑ 600)
Contour #2419: Area= 67866, Ratio=0.07, Circ=0.17, Sol=0.98 -> Ô£ù REJECTED
              Area too large (67866 ÔëÑ 600)
Contour #2420: Area= 76843, Ratio=1.15, Circ=0.76, Sol=0.99 -> Ô£ù REJECTED
              Area too large (76843 ÔëÑ 600)
Contour #2421: Area= 67874, Ratio=0.07, Circ=0.17, Sol=0.98 -> Ô£ù REJECTED
              Area too large (67874 ÔëÑ 600)
Contour #2422: Area= 76672, Ratio=1.15, Circ=0.76, Sol=0.99 -> Ô£ù REJECTED
              Area too large (76672 ÔëÑ 600)
Contour #2423: Area= 68146, Ratio=0.07, Circ=0.17, Sol=0.98 -> Ô£ù REJECTED
              Area too large (68146 ÔëÑ 600)
Contour #2424: Area=309052, Ratio=0.29, Circ=0.19, Sol=0.99 -> Ô£ù REJECTED
              Area too large (309052 ÔëÑ 600)
Contour #2425: Area=325042, Ratio=0.30, Circ=0.19, Sol=0.99 -> Ô£ù REJECTED
              Area too large (325042 ÔëÑ 600)
Contour #2426: Area= 49056, Ratio=0.05, Circ=0.13, Sol=0.99 -> Ô£ù REJECTED
              Area too large (49056 ÔëÑ 600)
Contour #2427: Area=1486591, Ratio=1.35, Circ=0.76, Sol=1.00 -> Ô£ù REJECTED
              Area too large (1486591 ÔëÑ 600)
Contour #2428: Area=     7, Ratio=0.80, Circ=0.80, Sol=1.00 -> Ô£ù REJECTED
              Area too small (7 Ôëñ 30)
Contour #2429: Area=     7, Ratio=0.80, Circ=0.65, Sol=0.88 -> Ô£ù REJECTED
              Area too small (7 Ôëñ 30)
Contour #2430: Area=     7, Ratio=0.60, Circ=0.75, Sol=1.00 -> Ô£ù REJECTED
              Area too small (7 Ôëñ 30)
Contour #2431: Area=    10, Ratio=1.25, Circ=0.88, Sol=1.00 -> Ô£ù REJECTED
              Area too small (10 Ôëñ 30)
Contour #2432: Area=   236, Ratio=0.76, Circ=0.48, Sol=0.86 -> Ô£ù REJECTED
              Circularity too low (0.48 < 0.6)
Contour #2433: Area=   210, Ratio=0.90, Circ=0.52, Sol=0.82 -> Ô£ù REJECTED
              Circularity too low (0.52 < 0.6)
Contour #2434: Area=   158, Ratio=0.81, Circ=0.47, Sol=0.73 -> Ô£ù REJECTED
              Circularity too low (0.47 < 0.6)
Contour #2435: Area=   217, Ratio=0.90, Circ=0.53, Sol=0.82 -> Ô£ù REJECTED
              Circularity too low (0.53 < 0.6)
Contour #2436: Area=    70, Ratio=0.38, Circ=0.62, Sol=0.98 -> Ô£ù REJECTED
              Aspect ratio out of range (0.38)
Contour #2437: Area=    68, Ratio=0.38, Circ=0.58, Sol=0.95 -> Ô£ù REJECTED
              Aspect ratio out of range (0.38)
Contour #2438: Area=   211, Ratio=0.73, Circ=0.28, Sol=0.69 -> Ô£ù REJECTED
              Circularity too low (0.28 < 0.6)
Contour #2439: Area=    71, Ratio=0.38, Circ=0.63, Sol=0.99 -> Ô£ù REJECTED
              Aspect ratio out of range (0.38)
Contour #2440: Area=    27, Ratio=1.17, Circ=0.88, Sol=0.98 -> Ô£ù REJECTED
              Area too small (27 Ôëñ 30)
Contour #2441: Area=   417, Ratio=3.50, Circ=0.52, Sol=0.97 -> Ô£ù REJECTED
              Aspect ratio out of range (3.50)
Contour #2442: Area=     8, Ratio=3.00, Circ=0.32, Sol=0.74 -> Ô£ù REJECTED
              Area too small (8 Ôëñ 30)
Contour #2443: Area=     9, Ratio=3.00, Circ=0.36, Sol=0.78 -> Ô£ù REJECTED
              Area too small (9 Ôëñ 30)
Contour #2444: Area=     8, Ratio=2.33, Circ=0.46, Sol=0.88 -> Ô£ù REJECTED
              Area too small (8 Ôëñ 30)
Contour #2445: Area=   824, Ratio=2.63, Circ=0.58, Sol=0.94 -> Ô£ù REJECTED
              Area too large (824 ÔëÑ 600)
Contour #2446: Area=    18, Ratio=0.71, Circ=0.66, Sol=0.90 -> Ô£ù REJECTED
              Area too small (18 Ôëñ 30)
Contour #2447: Area=    18, Ratio=0.71, Circ=0.66, Sol=0.90 -> Ô£ù REJECTED
              Area too small (18 Ôëñ 30)
Contour #2448: Area=    21, Ratio=1.00, Circ=0.85, Sol=0.95 -> Ô£ù REJECTED
              Area too small (21 Ôëñ 30)
Contour #2449: Area=    52, Ratio=0.43, Circ=0.25, Sol=0.59 -> Ô£ù REJECTED
              Aspect ratio out of range (0.43)
Contour #2450: Area=   274, Ratio=0.65, Circ=0.30, Sol=0.75 -> Ô£ù REJECTED
              Circularity too low (0.30 < 0.6)
Contour #2451: Area=   352, Ratio=0.85, Circ=0.24, Sol=0.77 -> Ô£ù REJECTED
              Circularity too low (0.24 < 0.6)
Contour #2452: Area=   395, Ratio=0.73, Circ=0.79, Sol=0.96 -> Ô£ô ACCEPTED
Contour #2453: Area=   326, Ratio=0.92, Circ=0.48, Sol=0.81 -> Ô£ù REJECTED
              Circularity too low (0.48 < 0.6)
Contour #2454: Area=   191, Ratio=0.59, Circ=0.41, Sol=0.67 -> Ô£ù REJECTED
              Aspect ratio out of range (0.59)
Contour #2455: Area=   513, Ratio=1.33, Circ=0.26, Sol=0.63 -> Ô£ù REJECTED
              Circularity too low (0.26 < 0.6)
Contour #2456: Area=   358, Ratio=0.78, Circ=0.27, Sol=0.71 -> Ô£ù REJECTED
              Circularity too low (0.27 < 0.6)
Contour #2457: Area=  2032, Ratio=3.37, Circ=0.18, Sol=0.73 -> Ô£ù REJECTED
              Area too large (2032 ÔëÑ 600)
Contour #2458: Area=    17, Ratio=2.00, Circ=0.60, Sol=0.92 -> Ô£ù REJECTED
              Area too small (17 Ôëñ 30)
Contour #2459: Area=   211, Ratio=0.30, Circ=0.40, Sol=0.84 -> Ô£ù REJECTED
              Aspect ratio out of range (0.30)
Contour #2460: Area=   198, Ratio=0.27, Circ=0.39, Sol=0.85 -> Ô£ù REJECTED
              Aspect ratio out of range (0.27)
Contour #2461: Area=    30, Ratio=1.00, Circ=0.90, Sol=0.98 -> Ô£ù REJECTED
              Area too small (30 Ôëñ 30)
Contour #2462: Area=  2712, Ratio=2.89, Circ=0.24, Sol=0.78 -> Ô£ù REJECTED
              Area too large (2712 ÔëÑ 600)
Contour #2463: Area=     8, Ratio=0.80, Circ=0.74, Sol=0.94 -> Ô£ù REJECTED
              Area too small (8 Ôëñ 30)
Contour #2464: Area=     7, Ratio=0.60, Circ=0.75, Sol=1.00 -> Ô£ù REJECTED
              Area too small (7 Ôëñ 30)
Contour #2465: Area=    54, Ratio=1.00, Circ=0.94, Sol=1.00 -> Ô£ô ACCEPTED
Contour #2466: Area=    16, Ratio=2.00, Circ=0.52, Sol=0.86 -> Ô£ù REJECTED
              Area too small (16 Ôëñ 30)
Contour #2467: Area=    10, Ratio=1.25, Circ=0.92, Sol=1.00 -> Ô£ù REJECTED
              Area too small (10 Ôëñ 30)
Contour #2468: Area=    12, Ratio=0.80, Circ=0.80, Sol=1.00 -> Ô£ù REJECTED
              Area too small (12 Ôëñ 30)
Contour #2469: Area=    22, Ratio=0.75, Circ=0.66, Sol=0.86 -> Ô£ù REJECTED
              Area too small (22 Ôëñ 30)
Contour #2470: Area=    20, Ratio=0.62, Circ=0.63, Sol=0.89 -> Ô£ù REJECTED
              Area too small (20 Ôëñ 30)
Contour #2471: Area=    36, Ratio=0.85, Circ=0.22, Sol=0.43 -> Ô£ù REJECTED
              Circularity too low (0.22 < 0.6)
Contour #2472: Area=   237, Ratio=0.76, Circ=0.44, Sol=0.84 -> Ô£ù REJECTED
              Circularity too low (0.44 < 0.6)
Contour #2473: Area=   214, Ratio=0.90, Circ=0.51, Sol=0.83 -> Ô£ù REJECTED
              Circularity too low (0.51 < 0.6)
Contour #2474: Area=   206, Ratio=0.71, Circ=0.67, Sol=0.92 -> Ô£ô ACCEPTED
Contour #2475: Area=    50, Ratio=0.89, Circ=0.93, Sol=1.00 -> Ô£ô ACCEPTED
Contour #2476: Area=    26, Ratio=1.00, Circ=0.81, Sol=0.93 -> Ô£ù REJECTED
              Area too small (26 Ôëñ 30)
Contour #2477: Area=    22, Ratio=1.00, Circ=0.93, Sol=1.00 -> Ô£ù REJECTED
              Area too small (22 Ôëñ 30)
Contour #2478: Area=   241, Ratio=0.77, Circ=0.30, Sol=0.74 -> Ô£ù REJECTED
              Circularity too low (0.30 < 0.6)
Contour #2479: Area=   103, Ratio=0.32, Circ=0.51, Sol=0.88 -> Ô£ù REJECTED
              Aspect ratio out of range (0.32)
Contour #2480: Area=   264, Ratio=0.78, Circ=0.29, Sol=0.78 -> Ô£ù REJECTED
              Circularity too low (0.29 < 0.6)
Contour #2481: Area=    55, Ratio=0.38, Circ=0.22, Sol=0.55 -> Ô£ù REJECTED
              Aspect ratio out of range (0.38)
Contour #2482: Area=   309, Ratio=1.08, Circ=0.19, Sol=0.75 -> Ô£ù REJECTED
              Circularity too low (0.19 < 0.6)
Contour #2483: Area=    41, Ratio=3.00, Circ=0.53, Sol=0.95 -> Ô£ù REJECTED
              Aspect ratio out of range (3.00)
Contour #2484: Area=    14, Ratio=2.00, Circ=0.58, Sol=0.87 -> Ô£ù REJECTED
              Area too small (14 Ôëñ 30)
Contour #2485: Area=    67, Ratio=4.17, Circ=0.30, Sol=0.80 -> Ô£ù REJECTED
              Aspect ratio out of range (4.17)
Contour #2486: Area=   224, Ratio=1.12, Circ=0.25, Sol=0.58 -> Ô£ù REJECTED
              Circularity too low (0.25 < 0.6)
Contour #2487: Area=   620, Ratio=2.92, Circ=0.10, Sol=0.52 -> Ô£ù REJECTED
              Area too large (620 ÔëÑ 600)
Contour #2488: Area=     2, Ratio=1.00, Circ=0.79, Sol=1.00 -> Ô£ù REJECTED
              Area too small (2 Ôëñ 30)
Contour #2489: Area=    28, Ratio=2.00, Circ=0.52, Sol=0.83 -> Ô£ù REJECTED
              Area too small (28 Ôëñ 30)
Contour #2490: Area=    24, Ratio=1.00, Circ=0.89, Sol=1.00 -> Ô£ù REJECTED
              Area too small (24 Ôëñ 30)
Contour #2491: Area=   521, Ratio=1.11, Circ=0.18, Sol=0.71 -> Ô£ù REJECTED
              Circularity too low (0.18 < 0.6)
Contour #2492: Area=   511, Ratio=1.11, Circ=0.17, Sol=0.70 -> Ô£ù REJECTED
              Circularity too low (0.17 < 0.6)
Contour #2493: Area=   536, Ratio=1.11, Circ=0.18, Sol=0.73 -> Ô£ù REJECTED
              Circularity too low (0.18 < 0.6)
Contour #2494: Area=   296, Ratio=0.63, Circ=0.26, Sol=0.74 -> Ô£ù REJECTED
              Circularity too low (0.26 < 0.6)
Contour #2495: Area=   265, Ratio=0.70, Circ=0.32, Sol=0.64 -> Ô£ù REJECTED
              Circularity too low (0.32 < 0.6)
Contour #2496: Area=   277, Ratio=0.67, Circ=0.30, Sol=0.66 -> Ô£ù REJECTED
              Circularity too low (0.30 < 0.6)
Contour #2497: Area=   192, Ratio=0.58, Circ=0.41, Sol=0.72 -> Ô£ù REJECTED
              Aspect ratio out of range (0.58)
Contour #2498: Area=   364, Ratio=0.81, Circ=0.24, Sol=0.76 -> Ô£ù REJECTED
              Circularity too low (0.24 < 0.6)
Contour #2499: Area=   394, Ratio=0.81, Circ=0.23, Sol=0.73 -> Ô£ù REJECTED
              Circularity too low (0.23 < 0.6)
Contour #2500: Area=  9886, Ratio=4.98, Circ=0.07, Sol=0.59 -> Ô£ù REJECTED
              Area too large (9886 ÔëÑ 600)
Contour #2501: Area=   146, Ratio=0.30, Circ=0.49, Sol=0.92 -> Ô£ù REJECTED
              Aspect ratio out of range (0.30)
Contour #2502: Area=   128, Ratio=0.31, Circ=0.46, Sol=0.87 -> Ô£ù REJECTED
              Aspect ratio out of range (0.31)
Contour #2503: Area=   140, Ratio=0.30, Circ=0.44, Sol=0.82 -> Ô£ù REJECTED
              Aspect ratio out of range (0.30)
Contour #2504: Area=   363, Ratio=0.71, Circ=0.41, Sol=0.79 -> Ô£ù REJECTED
              Circularity too low (0.41 < 0.6)
Contour #2505: Area=   292, Ratio=0.63, Circ=0.28, Sol=0.74 -> Ô£ù REJECTED
              Circularity too low (0.28 < 0.6)
Contour #2506: Area=   202, Ratio=0.59, Circ=0.41, Sol=0.69 -> Ô£ù REJECTED
              Aspect ratio out of range (0.59)
Contour #2507: Area=   202, Ratio=0.59, Circ=0.42, Sol=0.70 -> Ô£ù REJECTED
              Aspect ratio out of range (0.59)
Contour #2508: Area=   395, Ratio=0.70, Circ=0.73, Sol=0.93 -> Ô£ô ACCEPTED
Contour #2509: Area=   296, Ratio=0.59, Circ=0.29, Sol=0.78 -> Ô£ù REJECTED
              Aspect ratio out of range (0.59)
Contour #2510: Area=   246, Ratio=0.57, Circ=0.34, Sol=0.73 -> Ô£ù REJECTED
              Aspect ratio out of range (0.57)
Contour #2511: Area=   238, Ratio=0.75, Circ=0.35, Sol=0.66 -> Ô£ù REJECTED
              Circularity too low (0.35 < 0.6)
Contour #2512: Area=   341, Ratio=0.82, Circ=0.47, Sol=0.82 -> Ô£ù REJECTED
              Circularity too low (0.47 < 0.6)
Contour #2513: Area=   299, Ratio=0.63, Circ=0.28, Sol=0.76 -> Ô£ù REJECTED
              Circularity too low (0.28 < 0.6)
Contour #2514: Area=   230, Ratio=0.71, Circ=0.37, Sol=0.64 -> Ô£ù REJECTED
              Circularity too low (0.37 < 0.6)
Contour #2515: Area=   340, Ratio=0.82, Circ=0.47, Sol=0.81 -> Ô£ù REJECTED
              Circularity too low (0.47 < 0.6)
Contour #2516: Area=     2, Ratio=2.00, Circ=0.54, Sol=1.00 -> Ô£ù REJECTED
              Area too small (2 Ôëñ 30)
Contour #2517: Area= 18272, Ratio=4.69, Circ=0.36, Sol=0.98 -> Ô£ù REJECTED
              Area too large (18272 ÔëÑ 600)
Contour #2518: Area=   364, Ratio=0.77, Circ=0.43, Sol=0.83 -> Ô£ù REJECTED
              Circularity too low (0.43 < 0.6)
Contour #2519: Area=   328, Ratio=0.81, Circ=0.29, Sol=0.70 -> Ô£ù REJECTED
              Circularity too low (0.29 < 0.6)
Contour #2520: Area=  1164, Ratio=1.94, Circ=0.14, Sol=0.69 -> Ô£ù REJECTED
              Area too large (1164 ÔëÑ 600)
Contour #2521: Area=   333, Ratio=0.70, Circ=0.26, Sol=0.71 -> Ô£ù REJECTED
              Circularity too low (0.26 < 0.6)
Contour #2522: Area=   198, Ratio=0.26, Circ=0.38, Sol=0.87 -> Ô£ù REJECTED
              Aspect ratio out of range (0.26)
Contour #2523: Area=   207, Ratio=0.29, Circ=0.37, Sol=0.81 -> Ô£ù REJECTED
              Aspect ratio out of range (0.29)
Contour #2524: Area=   198, Ratio=0.26, Circ=0.37, Sol=0.83 -> Ô£ù REJECTED
              Aspect ratio out of range (0.26)
Contour #2525: Area=   208, Ratio=0.26, Circ=0.39, Sol=0.85 -> Ô£ù REJECTED
              Aspect ratio out of range (0.26)
Contour #2526: Area=   208, Ratio=0.26, Circ=0.38, Sol=0.85 -> Ô£ù REJECTED
              Aspect ratio out of range (0.26)
Contour #2527: Area=  3898, Ratio=4.11, Circ=0.17, Sol=0.77 -> Ô£ù REJECTED
              Area too large (3898 ÔëÑ 600)
Contour #2528: Area=  4347, Ratio=5.06, Circ=0.14, Sol=0.76 -> Ô£ù REJECTED
              Area too large (4347 ÔëÑ 600)
Contour #2529: Area=  4042, Ratio=3.89, Circ=0.28, Sol=0.82 -> Ô£ù REJECTED
              Area too large (4042 ÔëÑ 600)
Contour #2530: Area=     2, Ratio=1.00, Circ=0.79, Sol=1.00 -> Ô£ù REJECTED
              Area too small (2 Ôëñ 30)
Contour #2531: Area=     2, Ratio=1.00, Circ=0.79, Sol=1.00 -> Ô£ù REJECTED
              Area too small (2 Ôëñ 30)
Contour #2532: Area=    48, Ratio=1.00, Circ=0.91, Sol=0.99 -> Ô£ô ACCEPTED
Contour #2533: Area=     2, Ratio=1.00, Circ=0.79, Sol=1.00 -> Ô£ù REJECTED
              Area too small (2 Ôëñ 30)
Contour #2534: Area=     2, Ratio=1.00, Circ=0.79, Sol=1.00 -> Ô£ù REJECTED
              Area too small (2 Ôëñ 30)
Contour #2535: Area=    12, Ratio=1.50, Circ=0.85, Sol=1.00 -> Ô£ù REJECTED
              Area too small (12 Ôëñ 30)
Contour #2536: Area=  2244, Ratio=2.81, Circ=0.09, Sol=0.57 -> Ô£ù REJECTED
              Area too large (2244 ÔëÑ 600)
Contour #2537: Area=    36, Ratio=0.67, Circ=0.86, Sol=1.00 -> Ô£ô ACCEPTED
Contour #2538: Area=    45, Ratio=3.20, Circ=0.45, Sol=0.89 -> Ô£ù REJECTED
              Aspect ratio out of range (3.20)
Contour #2539: Area=    21, Ratio=1.80, Circ=0.71, Sol=0.95 -> Ô£ù REJECTED
              Area too small (21 Ôëñ 30)
Contour #2540: Area=    28, Ratio=2.00, Circ=0.72, Sol=0.98 -> Ô£ù REJECTED
              Area too small (28 Ôëñ 30)
Contour #2541: Area=    17, Ratio=1.17, Circ=0.82, Sol=1.00 -> Ô£ù REJECTED
              Area too small (17 Ôëñ 30)
Contour #2542: Area=   100, Ratio=5.00, Circ=0.30, Sol=0.78 -> Ô£ù REJECTED
              Aspect ratio out of range (5.00)
Contour #2543: Area=    22, Ratio=1.00, Circ=0.85, Sol=1.00 -> Ô£ù REJECTED
              Area too small (22 Ôëñ 30)
Contour #2544: Area=    98, Ratio=0.60, Circ=0.78, Sol=0.98 -> Ô£ù REJECTED
              Aspect ratio out of range (0.60)
Contour #2545: Area=   447, Ratio=3.58, Circ=0.55, Sol=0.99 -> Ô£ù REJECTED
              Aspect ratio out of range (3.58)
Contour #2546: Area=   328, Ratio=0.85, Circ=0.30, Sol=0.69 -> Ô£ù REJECTED
              Circularity too low (0.30 < 0.6)
Contour #2547: Area=   360, Ratio=0.77, Circ=0.44, Sol=0.83 -> Ô£ù REJECTED
              Circularity too low (0.44 < 0.6)
Contour #2548: Area=   322, Ratio=0.81, Circ=0.29, Sol=0.69 -> Ô£ù REJECTED
              Circularity too low (0.29 < 0.6)
Contour #2549: Area=   236, Ratio=0.81, Circ=0.40, Sol=0.69 -> Ô£ù REJECTED
              Circularity too low (0.40 < 0.6)
Contour #2550: Area=   312, Ratio=0.81, Circ=0.28, Sol=0.67 -> Ô£ù REJECTED
              Circularity too low (0.28 < 0.6)
Contour #2551: Area=   438, Ratio=0.81, Circ=0.85, Sol=0.98 -> Ô£ô ACCEPTED
Contour #2552: Area=   293, Ratio=0.85, Circ=0.29, Sol=0.71 -> Ô£ù REJECTED
              Circularity too low (0.29 < 0.6)
Contour #2553: Area=   192, Ratio=0.59, Circ=0.41, Sol=0.72 -> Ô£ù REJECTED
              Aspect ratio out of range (0.59)
Contour #2554: Area=   317, Ratio=0.70, Circ=0.26, Sol=0.69 -> Ô£ù REJECTED
              Circularity too low (0.26 < 0.6)
Contour #2555: Area=   382, Ratio=0.81, Circ=0.24, Sol=0.72 -> Ô£ù REJECTED
              Circularity too low (0.24 < 0.6)
Contour #2556: Area=    13, Ratio=1.00, Circ=0.88, Sol=0.96 -> Ô£ù REJECTED
              Area too small (13 Ôëñ 30)
Contour #2557: Area=   826, Ratio=2.50, Circ=0.57, Sol=0.91 -> Ô£ù REJECTED
              Area too large (826 ÔëÑ 600)
Contour #2558: Area=   680, Ratio=1.40, Circ=0.13, Sol=0.62 -> Ô£ù REJECTED
              Area too large (680 ÔëÑ 600)
Contour #2559: Area=     8, Ratio=0.80, Circ=0.71, Sol=0.89 -> Ô£ù REJECTED
              Area too small (8 Ôëñ 30)
Contour #2560: Area=     8, Ratio=0.80, Circ=0.74, Sol=0.94 -> Ô£ù REJECTED
              Area too small (8 Ôëñ 30)
Contour #2561: Area=     7, Ratio=0.60, Circ=0.75, Sol=1.00 -> Ô£ù REJECTED
              Area too small (7 Ôëñ 30)
Contour #2562: Area=    42, Ratio=1.00, Circ=0.94, Sol=1.00 -> Ô£ô ACCEPTED
Contour #2563: Area=    42, Ratio=1.00, Circ=0.91, Sol=0.99 -> Ô£ô ACCEPTED
Contour #2564: Area=    42, Ratio=1.00, Circ=0.94, Sol=1.00 -> Ô£ô ACCEPTED
Contour #2565: Area=    42, Ratio=1.12, Circ=0.87, Sol=0.97 -> Ô£ô ACCEPTED
Contour #2566: Area=    43, Ratio=1.12, Circ=0.93, Sol=1.00 -> Ô£ô ACCEPTED
Contour #2567: Area=    44, Ratio=1.12, Circ=0.89, Sol=0.98 -> Ô£ô ACCEPTED
Contour #2568: Area=   202, Ratio=0.30, Circ=0.39, Sol=0.82 -> Ô£ù REJECTED
              Aspect ratio out of range (0.30)
Contour #2569: Area=  3998, Ratio=3.89, Circ=0.35, Sol=0.85 -> Ô£ù REJECTED
              Area too large (3998 ÔëÑ 600)
Contour #2570: Area=  1542, Ratio=1.61, Circ=0.59, Sol=0.89 -> Ô£ù REJECTED
              Area too large (1542 ÔëÑ 600)
Contour #2571: Area=     8, Ratio=1.00, Circ=0.86, Sol=1.00 -> Ô£ù REJECTED
              Area too small (8 Ôëñ 30)
Contour #2572: Area=    58, Ratio=0.67, Circ=0.78, Sol=0.94 -> Ô£ô ACCEPTED
Contour #2573: Area=   257, Ratio=0.68, Circ=0.79, Sol=0.97 -> Ô£ô ACCEPTED
Contour #2574: Area=   222, Ratio=0.83, Circ=0.49, Sol=0.82 -> Ô£ù REJECTED
              Circularity too low (0.49 < 0.6)
Contour #2575: Area=   169, Ratio=0.77, Circ=0.38, Sol=0.73 -> Ô£ù REJECTED
              Circularity too low (0.38 < 0.6)
Contour #2576: Area=   216, Ratio=0.86, Circ=0.49, Sol=0.81 -> Ô£ù REJECTED
              Circularity too low (0.49 < 0.6)
Contour #2577: Area=   222, Ratio=0.83, Circ=0.48, Sol=0.81 -> Ô£ù REJECTED
              Circularity too low (0.48 < 0.6)
Contour #2578: Area=   358, Ratio=1.27, Circ=0.20, Sol=0.70 -> Ô£ù REJECTED
              Circularity too low (0.20 < 0.6)
Contour #2579: Area=   312, Ratio=0.86, Circ=0.89, Sol=0.98 -> Ô£ô ACCEPTED
Contour #2580: Area= 28248, Ratio=3.00, Circ=0.61, Sol=1.00 -> Ô£ù REJECTED
              Area too large (28248 ÔëÑ 600)
Contour #2581: Area= 28246, Ratio=3.00, Circ=0.61, Sol=1.00 -> Ô£ù REJECTED
              Area too large (28246 ÔëÑ 600)
Contour #2582: Area=  1362, Ratio=1.68, Circ=0.34, Sol=0.94 -> Ô£ù REJECTED
              Area too large (1362 ÔëÑ 600)
Contour #2583: Area=   141, Ratio=0.33, Circ=0.42, Sol=0.81 -> Ô£ù REJECTED
              Aspect ratio out of range (0.33)
Contour #2584: Area=  1560, Ratio=3.61, Circ=0.04, Sol=0.51 -> Ô£ù REJECTED
              Area too large (1560 ÔëÑ 600)
Contour #2585: Area=  1941, Ratio=4.23, Circ=0.10, Sol=0.55 -> Ô£ù REJECTED
              Area too large (1941 ÔëÑ 600)
Contour #2586: Area= 28238, Ratio=2.97, Circ=0.61, Sol=0.99 -> Ô£ù REJECTED
              Area too large (28238 ÔëÑ 600)
Contour #2587: Area= 28291, Ratio=2.98, Circ=0.59, Sol=0.99 -> Ô£ù REJECTED
              Area too large (28291 ÔëÑ 600)
Contour #2588: Area= 28391, Ratio=2.97, Circ=0.61, Sol=1.00 -> Ô£ù REJECTED
              Area too large (28391 ÔëÑ 600)
Contour #2589: Area= 30206, Ratio=2.90, Circ=0.62, Sol=1.00 -> Ô£ù REJECTED
              Area too large (30206 ÔëÑ 600)
Contour #2590: Area= 30279, Ratio=2.88, Circ=0.62, Sol=0.99 -> Ô£ù REJECTED
              Area too large (30279 ÔëÑ 600)
Contour #2591: Area= 30342, Ratio=2.88, Circ=0.62, Sol=0.99 -> Ô£ù REJECTED
              Area too large (30342 ÔëÑ 600)
Contour #2592: Area= 10330, Ratio=8.11, Circ=0.30, Sol=0.97 -> Ô£ù REJECTED
              Area too large (10330 ÔëÑ 600)
Contour #2593: Area= 30407, Ratio=2.87, Circ=0.63, Sol=1.00 -> Ô£ù REJECTED
              Area too large (30407 ÔëÑ 600)
Contour #2594: Area= 30216, Ratio=2.88, Circ=0.62, Sol=0.99 -> Ô£ù REJECTED
              Area too large (30216 ÔëÑ 600)
Contour #2595: Area=   464, Ratio=3.23, Circ=0.57, Sol=0.98 -> Ô£ù REJECTED
              Aspect ratio out of range (3.23)
Contour #2596: Area=   847, Ratio=2.63, Circ=0.57, Sol=0.96 -> Ô£ù REJECTED
              Area too large (847 ÔëÑ 600)
Contour #2597: Area=     6, Ratio=1.00, Circ=0.84, Sol=1.00 -> Ô£ù REJECTED
              Area too small (6 Ôëñ 30)
Contour #2598: Area=     8, Ratio=1.00, Circ=0.79, Sol=1.00 -> Ô£ù REJECTED
              Area too small (8 Ôëñ 30)
Contour #2599: Area=   104, Ratio=1.18, Circ=0.77, Sol=0.95 -> Ô£ô ACCEPTED
Contour #2600: Area=   105, Ratio=1.00, Circ=0.81, Sol=0.97 -> Ô£ô ACCEPTED
Contour #2601: Area=    82, Ratio=1.15, Circ=0.52, Sol=0.80 -> Ô£ù REJECTED
              Circularity too low (0.52 < 0.6)
Contour #2602: Area=   134, Ratio=0.65, Circ=0.62, Sol=0.94 -> Ô£ô ACCEPTED
Contour #2603: Area=   220, Ratio=0.67, Circ=0.86, Sol=0.98 -> Ô£ô ACCEPTED
Contour #2604: Area=    79, Ratio=0.71, Circ=0.69, Sol=0.95 -> Ô£ô ACCEPTED
Contour #2605: Area=   217, Ratio=0.67, Circ=0.85, Sol=0.98 -> Ô£ô ACCEPTED
Contour #2606: Area=   216, Ratio=0.64, Circ=0.84, Sol=0.97 -> Ô£ô ACCEPTED
Contour #2607: Area=    81, Ratio=0.46, Circ=0.35, Sol=0.86 -> Ô£ù REJECTED
              Aspect ratio out of range (0.46)
Contour #2608: Area=    80, Ratio=0.69, Circ=0.51, Sol=0.84 -> Ô£ù REJECTED
              Circularity too low (0.51 < 0.6)
Contour #2609: Area=    82, Ratio=0.69, Circ=0.50, Sol=0.84 -> Ô£ù REJECTED
              Circularity too low (0.50 < 0.6)
Contour #2610: Area=   158, Ratio=0.60, Circ=0.29, Sol=0.56 -> Ô£ù REJECTED
              Aspect ratio out of range (0.60)
Contour #2611: Area=     4, Ratio=0.75, Circ=0.86, Sol=1.00 -> Ô£ù REJECTED
              Area too small (4 Ôëñ 30)
Contour #2612: Area=   423, Ratio=0.74, Circ=0.87, Sol=0.98 -> Ô£ô ACCEPTED
Contour #2613: Area=    80, Ratio=1.10, Circ=0.78, Sol=0.96 -> Ô£ô ACCEPTED
Contour #2614: Area=   423, Ratio=0.74, Circ=0.87, Sol=0.98 -> Ô£ô ACCEPTED
Contour #2615: Area=   425, Ratio=0.71, Circ=0.85, Sol=0.97 -> Ô£ô ACCEPTED
Contour #2616: Area=    80, Ratio=0.91, Circ=0.82, Sol=0.98 -> Ô£ô ACCEPTED
Contour #2617: Area=  1300, Ratio=1.14, Circ=0.15, Sol=0.68 -> Ô£ù REJECTED
              Area too large (1300 ÔëÑ 600)
Contour #2618: Area=   788, Ratio=0.83, Circ=0.25, Sol=0.61 -> Ô£ù REJECTED
              Area too large (788 ÔëÑ 600)
Contour #2619: Area=   496, Ratio=0.57, Circ=0.38, Sol=0.70 -> Ô£ù REJECTED
              Aspect ratio out of range (0.57)
Contour #2620: Area=  1311, Ratio=0.93, Circ=0.91, Sol=0.99 -> Ô£ù REJECTED
              Area too large (1311 ÔëÑ 600)
Contour #2621: Area=  1070, Ratio=0.76, Circ=0.73, Sol=0.94 -> Ô£ù REJECTED
              Area too large (1070 ÔëÑ 600)
Contour #2622: Area=   486, Ratio=0.60, Circ=0.38, Sol=0.67 -> Ô£ù REJECTED
              Aspect ratio out of range (0.60)
Contour #2623: Area=   864, Ratio=0.91, Circ=0.44, Sol=0.80 -> Ô£ù REJECTED
              Area too large (864 ÔëÑ 600)
Contour #2624: Area=   672, Ratio=0.67, Circ=0.25, Sol=0.66 -> Ô£ù REJECTED
              Area too large (672 ÔëÑ 600)
Contour #2625: Area=   371, Ratio=0.26, Circ=0.47, Sol=0.92 -> Ô£ù REJECTED
              Aspect ratio out of range (0.26)
Contour #2626: Area=   866, Ratio=0.91, Circ=0.44, Sol=0.79 -> Ô£ù REJECTED
              Area too large (866 ÔëÑ 600)
Contour #2627: Area=   675, Ratio=0.65, Circ=0.26, Sol=0.67 -> Ô£ù REJECTED
              Area too large (675 ÔëÑ 600)
Contour #2628: Area=  1279, Ratio=1.14, Circ=0.14, Sol=0.64 -> Ô£ù REJECTED
              Area too large (1279 ÔëÑ 600)
Contour #2629: Area=   824, Ratio=0.81, Circ=0.26, Sol=0.63 -> Ô£ù REJECTED
              Area too large (824 ÔëÑ 600)
Contour #2630: Area=   483, Ratio=0.58, Circ=0.37, Sol=0.65 -> Ô£ù REJECTED
              Aspect ratio out of range (0.58)
Contour #2631: Area=  1319, Ratio=0.91, Circ=0.89, Sol=0.98 -> Ô£ù REJECTED
              Area too large (1319 ÔëÑ 600)
Contour #2632: Area=  1054, Ratio=0.74, Circ=0.71, Sol=0.94 -> Ô£ù REJECTED
              Area too large (1054 ÔëÑ 600)
Contour #2633: Area=   484, Ratio=0.58, Circ=0.37, Sol=0.66 -> Ô£ù REJECTED
              Aspect ratio out of range (0.58)
Contour #2634: Area=   690, Ratio=0.63, Circ=0.23, Sol=0.65 -> Ô£ù REJECTED
              Area too large (690 ÔëÑ 600)
Contour #2635: Area=   674, Ratio=0.70, Circ=0.24, Sol=0.57 -> Ô£ù REJECTED
              Area too large (674 ÔëÑ 600)
Contour #2636: Area=  1316, Ratio=0.91, Circ=0.89, Sol=0.98 -> Ô£ù REJECTED
              Area too large (1316 ÔëÑ 600)
Contour #2637: Area=   686, Ratio=0.67, Circ=0.26, Sol=0.67 -> Ô£ù REJECTED
              Area too large (686 ÔëÑ 600)
Contour #2638: Area=   587, Ratio=0.79, Circ=0.29, Sol=0.63 -> Ô£ù REJECTED
              Circularity too low (0.29 < 0.6)
Contour #2639: Area=   286, Ratio=0.33, Circ=0.59, Sol=0.97 -> Ô£ù REJECTED
              Aspect ratio out of range (0.33)
Contour #2640: Area=   268, Ratio=0.30, Circ=0.59, Sol=0.99 -> Ô£ù REJECTED
              Aspect ratio out of range (0.30)
Contour #2641: Area=  7269, Ratio=4.29, Circ=0.16, Sol=0.79 -> Ô£ù REJECTED
              Area too large (7269 ÔëÑ 600)
Contour #2642: Area=   446, Ratio=3.50, Circ=0.56, Sol=1.00 -> Ô£ù REJECTED
              Aspect ratio out of range (3.50)
Contour #2643: Area=   822, Ratio=2.63, Circ=0.56, Sol=0.93 -> Ô£ù REJECTED
              Area too large (822 ÔëÑ 600)
Contour #2644: Area=    78, Ratio=1.20, Circ=0.84, Sol=0.95 -> Ô£ô ACCEPTED
Contour #2645: Area=    77, Ratio=1.10, Circ=0.94, Sol=1.00 -> Ô£ô ACCEPTED
Contour #2646: Area=    80, Ratio=1.00, Circ=0.90, Sol=0.98 -> Ô£ô ACCEPTED
Contour #2647: Area=    82, Ratio=1.09, Circ=0.84, Sol=0.95 -> Ô£ô ACCEPTED
Contour #2648: Area=    77, Ratio=1.10, Circ=0.94, Sol=1.00 -> Ô£ô ACCEPTED
Contour #2649: Area=    81, Ratio=1.10, Circ=0.92, Sol=0.99 -> Ô£ô ACCEPTED
Contour #2650: Area=    84, Ratio=1.09, Circ=0.82, Sol=0.95 -> Ô£ô ACCEPTED
Contour #2651: Area=    82, Ratio=1.00, Circ=0.84, Sol=0.96 -> Ô£ô ACCEPTED
Contour #2652: Area=    77, Ratio=1.00, Circ=0.89, Sol=0.97 -> Ô£ô ACCEPTED
Contour #2653: Area=    78, Ratio=1.00, Circ=0.88, Sol=0.96 -> Ô£ô ACCEPTED
Contour #2654: Area=  8148, Ratio=3.34, Circ=0.22, Sol=0.79 -> Ô£ù REJECTED
              Area too large (8148 ÔëÑ 600)
Contour #2655: Area=  6558, Ratio=2.74, Circ=0.31, Sol=0.84 -> Ô£ù REJECTED
              Area too large (6558 ÔëÑ 600)
Contour #2656: Area=  8135, Ratio=3.34, Circ=0.22, Sol=0.79 -> Ô£ù REJECTED
              Area too large (8135 ÔëÑ 600)
Contour #2657: Area= 51813, Ratio=8.21, Circ=0.30, Sol=1.00 -> Ô£ù REJECTED
              Area too large (51813 ÔëÑ 600)
Contour #2658: Area=109895, Ratio=17.27, Circ=0.16, Sol=0.99 -> Ô£ù REJECTED
              Area too large (109895 ÔëÑ 600)
Contour #2659: Area= 55850, Ratio=7.71, Circ=0.31, Sol=0.99 -> Ô£ù REJECTED
              Area too large (55850 ÔëÑ 600)
Contour #2660: Area=117896, Ratio=16.15, Circ=0.17, Sol=0.99 -> Ô£ù REJECTED
              Area too large (117896 ÔëÑ 600)
Contour #2661: Area=   446, Ratio=3.50, Circ=0.56, Sol=1.00 -> Ô£ù REJECTED
              Aspect ratio out of range (3.50)
Contour #2662: Area=   820, Ratio=2.63, Circ=0.56, Sol=0.93 -> Ô£ù REJECTED
              Area too large (820 ÔëÑ 600)
Contour #2663: Area=    10, Ratio=1.25, Circ=0.76, Sol=0.95 -> Ô£ù REJECTED
              Area too small (10 Ôëñ 30)
Contour #2664: Area=    10, Ratio=1.25, Circ=0.80, Sol=0.95 -> Ô£ù REJECTED
              Area too small (10 Ôëñ 30)
Contour #2665: Area=    10, Ratio=1.25, Circ=0.80, Sol=0.95 -> Ô£ù REJECTED
              Area too small (10 Ôëñ 30)
Contour #2666: Area=    70, Ratio=1.00, Circ=0.94, Sol=1.00 -> Ô£ô ACCEPTED
Contour #2667: Area=    77, Ratio=0.92, Circ=0.85, Sol=0.95 -> Ô£ô ACCEPTED
Contour #2668: Area=    48, Ratio=0.73, Circ=0.79, Sol=0.96 -> Ô£ô ACCEPTED
Contour #2669: Area=   194, Ratio=0.71, Circ=0.35, Sol=0.81 -> Ô£ù REJECTED
              Circularity too low (0.35 < 0.6)
Contour #2670: Area=   408, Ratio=1.33, Circ=0.28, Sol=0.78 -> Ô£ù REJECTED
              Circularity too low (0.28 < 0.6)
Contour #2671: Area=   248, Ratio=0.81, Circ=0.46, Sol=0.86 -> Ô£ù REJECTED
              Circularity too low (0.46 < 0.6)
Contour #2672: Area=   400, Ratio=1.33, Circ=0.24, Sol=0.77 -> Ô£ù REJECTED
              Circularity too low (0.24 < 0.6)
Contour #2673: Area=   253, Ratio=0.81, Circ=0.45, Sol=0.87 -> Ô£ù REJECTED
              Circularity too low (0.45 < 0.6)
Contour #2674: Area=   251, Ratio=0.86, Circ=0.35, Sol=0.79 -> Ô£ù REJECTED
              Circularity too low (0.35 < 0.6)
Contour #2675: Area=   130, Ratio=0.36, Circ=0.61, Sol=0.96 -> Ô£ù REJECTED
              Aspect ratio out of range (0.36)
Contour #2676: Area=   258, Ratio=0.82, Circ=0.33, Sol=0.77 -> Ô£ù REJECTED
              Circularity too low (0.33 < 0.6)
Contour #2677: Area=   120, Ratio=0.36, Circ=0.55, Sol=0.88 -> Ô£ù REJECTED
              Aspect ratio out of range (0.36)
Contour #2678: Area=    49, Ratio=1.00, Circ=0.90, Sol=0.98 -> Ô£ô ACCEPTED
Contour #2679: Area=   232, Ratio=0.68, Circ=0.71, Sol=0.91 -> Ô£ô ACCEPTED
Contour #2680: Area=    74, Ratio=0.64, Circ=0.18, Sol=0.42 -> Ô£ù REJECTED
              Circularity too low (0.18 < 0.6)
Contour #2681: Area=   188, Ratio=0.68, Circ=0.33, Sol=0.73 -> Ô£ù REJECTED
              Circularity too low (0.33 < 0.6)
Contour #2682: Area=   102, Ratio=0.68, Circ=0.11, Sol=0.40 -> Ô£ù REJECTED
              Circularity too low (0.11 < 0.6)
Contour #2683: Area=   130, Ratio=0.68, Circ=0.42, Sol=0.71 -> Ô£ù REJECTED
              Circularity too low (0.42 < 0.6)
Contour #2684: Area=    93, Ratio=0.68, Circ=0.11, Sol=0.35 -> Ô£ù REJECTED
              Circularity too low (0.11 < 0.6)
Contour #2685: Area=    96, Ratio=0.68, Circ=0.12, Sol=0.36 -> Ô£ù REJECTED
              Circularity too low (0.12 < 0.6)
Contour #2686: Area=    64, Ratio=0.41, Circ=0.24, Sol=0.57 -> Ô£ù REJECTED
              Aspect ratio out of range (0.41)
Contour #2687: Area=   400, Ratio=0.81, Circ=0.26, Sol=0.77 -> Ô£ù REJECTED
              Circularity too low (0.26 < 0.6)
Contour #2688: Area=  3120, Ratio=4.93, Circ=0.32, Sol=0.87 -> Ô£ù REJECTED
              Area too large (3120 ÔëÑ 600)
Contour #2689: Area=  1240, Ratio=2.73, Circ=0.10, Sol=0.61 -> Ô£ù REJECTED
              Area too large (1240 ÔëÑ 600)
Contour #2690: Area=   954, Ratio=1.00, Circ=0.90, Sol=0.98 -> Ô£ù REJECTED
              Area too large (954 ÔëÑ 600)
Contour #2691: Area=   954, Ratio=1.00, Circ=0.90, Sol=0.98 -> Ô£ù REJECTED
              Area too large (954 ÔëÑ 600)
Contour #2692: Area=   954, Ratio=1.00, Circ=0.90, Sol=0.98 -> Ô£ù REJECTED
              Area too large (954 ÔëÑ 600)
Contour #2693: Area=   955, Ratio=1.00, Circ=0.90, Sol=0.98 -> Ô£ù REJECTED
              Area too large (955 ÔëÑ 600)
Contour #2694: Area=   955, Ratio=1.00, Circ=0.90, Sol=0.98 -> Ô£ù REJECTED
              Area too large (955 ÔëÑ 600)
Contour #2695: Area=   956, Ratio=1.00, Circ=0.90, Sol=0.98 -> Ô£ù REJECTED
              Area too large (956 ÔëÑ 600)
Contour #2696: Area=   956, Ratio=1.00, Circ=0.89, Sol=0.98 -> Ô£ù REJECTED
              Area too large (956 ÔëÑ 600)
Contour #2697: Area=   951, Ratio=1.00, Circ=0.90, Sol=0.98 -> Ô£ù REJECTED
              Area too large (951 ÔëÑ 600)
Contour #2698: Area=  1226, Ratio=1.02, Circ=0.89, Sol=0.98 -> Ô£ù REJECTED
              Area too large (1226 ÔëÑ 600)
Contour #2699: Area=  1228, Ratio=1.02, Circ=0.89, Sol=0.98 -> Ô£ù REJECTED
              Area too large (1228 ÔëÑ 600)
Contour #2700: Area=  1225, Ratio=1.00, Circ=0.91, Sol=0.99 -> Ô£ù REJECTED
              Area too large (1225 ÔëÑ 600)
Contour #2701: Area=  1229, Ratio=1.02, Circ=0.90, Sol=0.98 -> Ô£ù REJECTED
              Area too large (1229 ÔëÑ 600)
Contour #2702: Area=  1225, Ratio=1.02, Circ=0.88, Sol=0.98 -> Ô£ù REJECTED
              Area too large (1225 ÔëÑ 600)
Contour #2703: Area=  1223, Ratio=1.00, Circ=0.91, Sol=0.99 -> Ô£ù REJECTED
              Area too large (1223 ÔëÑ 600)
Contour #2704: Area=  1223, Ratio=1.00, Circ=0.91, Sol=0.99 -> Ô£ù REJECTED
              Area too large (1223 ÔëÑ 600)
Contour #2705: Area=  1225, Ratio=1.02, Circ=0.90, Sol=0.98 -> Ô£ù REJECTED
              Area too large (1225 ÔëÑ 600)
Contour #2706: Area= 14668, Ratio=6.81, Circ=0.35, Sol=1.00 -> Ô£ù REJECTED
              Area too large (14668 ÔëÑ 600)
Contour #2707: Area= 20638, Ratio=8.52, Circ=0.29, Sol=0.99 -> Ô£ù REJECTED
              Area too large (20638 ÔëÑ 600)
Contour #2708: Area= 39212, Ratio=13.96, Circ=0.19, Sol=0.99 -> Ô£ù REJECTED
              Area too large (39212 ÔëÑ 600)
Contour #2709: Area=   408, Ratio=3.82, Circ=0.52, Sol=1.00 -> Ô£ù REJECTED
              Aspect ratio out of range (3.82)
Contour #2710: Area=   818, Ratio=2.63, Circ=0.57, Sol=0.93 -> Ô£ù REJECTED
              Area too large (818 ÔëÑ 600)
Contour #2711: Area=   449, Ratio=3.50, Circ=0.55, Sol=1.00 -> Ô£ù REJECTED
              Aspect ratio out of range (3.50)
Contour #2712: Area=    77, Ratio=0.91, Circ=0.94, Sol=1.00 -> Ô£ô ACCEPTED
Contour #2713: Area=    76, Ratio=0.91, Circ=0.92, Sol=0.99 -> Ô£ô ACCEPTED
Contour #2714: Area=    79, Ratio=1.00, Circ=0.91, Sol=0.98 -> Ô£ô ACCEPTED
Contour #2715: Area=    78, Ratio=1.00, Circ=0.90, Sol=0.97 -> Ô£ô ACCEPTED
Contour #2716: Area=    77, Ratio=0.91, Circ=0.94, Sol=1.00 -> Ô£ô ACCEPTED
Contour #2717: Area=    78, Ratio=1.00, Circ=0.88, Sol=0.96 -> Ô£ô ACCEPTED
Contour #2718: Area=    74, Ratio=0.91, Circ=0.94, Sol=1.00 -> Ô£ô ACCEPTED
Contour #2719: Area=    76, Ratio=0.91, Circ=0.92, Sol=0.99 -> Ô£ô ACCEPTED
Contour #2720: Area=    80, Ratio=0.83, Circ=0.89, Sol=0.98 -> Ô£ô ACCEPTED
Contour #2721: Area=    82, Ratio=0.92, Circ=0.87, Sol=0.96 -> Ô£ô ACCEPTED
Contour #2722: Area=    82, Ratio=0.92, Circ=0.87, Sol=0.96 -> Ô£ô ACCEPTED
Contour #2723: Area=    81, Ratio=0.73, Circ=0.10, Sol=0.27 -> Ô£ù REJECTED
              Circularity too low (0.10 < 0.6)
Contour #2724: Area=    99, Ratio=0.73, Circ=0.12, Sol=0.32 -> Ô£ù REJECTED
              Circularity too low (0.12 < 0.6)
Contour #2725: Area=    85, Ratio=0.73, Circ=0.10, Sol=0.28 -> Ô£ù REJECTED
              Circularity too low (0.10 < 0.6)
Contour #2726: Area=    98, Ratio=0.77, Circ=0.12, Sol=0.31 -> Ô£ù REJECTED
              Circularity too low (0.12 < 0.6)
Contour #2727: Area=    82, Ratio=0.73, Circ=0.10, Sol=0.27 -> Ô£ù REJECTED
              Circularity too low (0.10 < 0.6)
Contour #2728: Area=    98, Ratio=0.73, Circ=0.12, Sol=0.32 -> Ô£ù REJECTED
              Circularity too low (0.12 < 0.6)
Contour #2729: Area=    86, Ratio=0.73, Circ=0.11, Sol=0.29 -> Ô£ù REJECTED
              Circularity too low (0.11 < 0.6)
Contour #2730: Area=   102, Ratio=0.73, Circ=0.12, Sol=0.32 -> Ô£ù REJECTED
              Circularity too low (0.12 < 0.6)
Contour #2731: Area=    85, Ratio=0.73, Circ=0.10, Sol=0.28 -> Ô£ù REJECTED
              Circularity too low (0.10 < 0.6)
Contour #2732: Area=   102, Ratio=0.77, Circ=0.12, Sol=0.32 -> Ô£ù REJECTED
              Circularity too low (0.12 < 0.6)
Contour #2733: Area=    80, Ratio=0.77, Circ=0.09, Sol=0.26 -> Ô£ù REJECTED
              Circularity too low (0.09 < 0.6)
Contour #2734: Area=   102, Ratio=0.77, Circ=0.12, Sol=0.33 -> Ô£ù REJECTED
              Circularity too low (0.12 < 0.6)
Contour #2735: Area=    86, Ratio=0.73, Circ=0.11, Sol=0.28 -> Ô£ù REJECTED
              Circularity too low (0.11 < 0.6)
Contour #2736: Area=    96, Ratio=0.73, Circ=0.12, Sol=0.31 -> Ô£ù REJECTED
              Circularity too low (0.12 < 0.6)
Contour #2737: Area=    80, Ratio=0.73, Circ=0.10, Sol=0.27 -> Ô£ù REJECTED
              Circularity too low (0.10 < 0.6)
Contour #2738: Area=    96, Ratio=0.77, Circ=0.11, Sol=0.30 -> Ô£ù REJECTED
              Circularity too low (0.11 < 0.6)
Contour #2739: Area=    76, Ratio=0.77, Circ=0.09, Sol=0.25 -> Ô£ù REJECTED
              Circularity too low (0.09 < 0.6)
Contour #2740: Area=    94, Ratio=0.77, Circ=0.11, Sol=0.30 -> Ô£ù REJECTED
              Circularity too low (0.11 < 0.6)
Contour #2741: Area=    82, Ratio=0.73, Circ=0.10, Sol=0.27 -> Ô£ù REJECTED
              Circularity too low (0.10 < 0.6)
Contour #2742: Area=    92, Ratio=0.77, Circ=0.11, Sol=0.29 -> Ô£ù REJECTED
              Circularity too low (0.11 < 0.6)
Contour #2743: Area=    79, Ratio=0.71, Circ=0.08, Sol=0.32 -> Ô£ù REJECTED
              Circularity too low (0.08 < 0.6)
Contour #2744: Area=   819, Ratio=2.50, Circ=0.56, Sol=0.90 -> Ô£ù REJECTED
              Area too large (819 ÔëÑ 600)
Contour #2745: Area=   180, Ratio=0.64, Circ=0.32, Sol=0.73 -> Ô£ù REJECTED
              Circularity too low (0.32 < 0.6)
Contour #2746: Area=   184, Ratio=0.64, Circ=0.32, Sol=0.74 -> Ô£ù REJECTED
              Circularity too low (0.32 < 0.6)
Contour #2747: Area=    95, Ratio=0.68, Circ=0.09, Sol=0.37 -> Ô£ù REJECTED
              Circularity too low (0.09 < 0.6)
Contour #2748: Area=   188, Ratio=0.65, Circ=0.32, Sol=0.72 -> Ô£ù REJECTED
              Circularity too low (0.32 < 0.6)
Contour #2749: Area=   176, Ratio=0.68, Circ=0.31, Sol=0.70 -> Ô£ù REJECTED
              Circularity too low (0.31 < 0.6)
Contour #2750: Area=   190, Ratio=0.65, Circ=0.32, Sol=0.72 -> Ô£ù REJECTED
              Circularity too low (0.32 < 0.6)
Contour #2751: Area=   176, Ratio=0.64, Circ=0.31, Sol=0.71 -> Ô£ù REJECTED
              Circularity too low (0.31 < 0.6)
Contour #2752: Area=   192, Ratio=0.65, Circ=0.32, Sol=0.73 -> Ô£ù REJECTED
              Circularity too low (0.32 < 0.6)
Contour #2753: Area=   177, Ratio=0.64, Circ=0.30, Sol=0.71 -> Ô£ù REJECTED
              Circularity too low (0.30 < 0.6)
Contour #2754: Area=   188, Ratio=0.65, Circ=0.31, Sol=0.71 -> Ô£ù REJECTED
              Circularity too low (0.31 < 0.6)
Contour #2755: Area=    96, Ratio=0.68, Circ=0.09, Sol=0.38 -> Ô£ù REJECTED
              Circularity too low (0.09 < 0.6)
Contour #2756: Area=   182, Ratio=0.65, Circ=0.31, Sol=0.71 -> Ô£ù REJECTED
              Circularity too low (0.31 < 0.6)
Contour #2757: Area=    84, Ratio=0.65, Circ=0.08, Sol=0.33 -> Ô£ù REJECTED
              Circularity too low (0.08 < 0.6)
Contour #2758: Area=   184, Ratio=0.65, Circ=0.31, Sol=0.71 -> Ô£ù REJECTED
              Circularity too low (0.31 < 0.6)
Contour #2759: Area=    82, Ratio=0.64, Circ=0.08, Sol=0.34 -> Ô£ù REJECTED
              Circularity too low (0.08 < 0.6)
Contour #2760: Area=   107, Ratio=0.65, Circ=0.10, Sol=0.41 -> Ô£ù REJECTED
              Circularity too low (0.10 < 0.6)
Contour #2761: Area=   957, Ratio=1.00, Circ=0.90, Sol=0.98 -> Ô£ù REJECTED
              Area too large (957 ÔëÑ 600)
Contour #2762: Area=   963, Ratio=1.00, Circ=0.91, Sol=0.99 -> Ô£ù REJECTED
              Area too large (963 ÔëÑ 600)
Contour #2763: Area=   966, Ratio=1.00, Circ=0.90, Sol=0.98 -> Ô£ù REJECTED
              Area too large (966 ÔëÑ 600)
Contour #2764: Area=   957, Ratio=1.00, Circ=0.90, Sol=0.98 -> Ô£ù REJECTED
              Area too large (957 ÔëÑ 600)
Contour #2765: Area=   959, Ratio=1.00, Circ=0.90, Sol=0.99 -> Ô£ù REJECTED
              Area too large (959 ÔëÑ 600)
Contour #2766: Area=   956, Ratio=1.00, Circ=0.90, Sol=0.98 -> Ô£ù REJECTED
              Area too large (956 ÔëÑ 600)
Contour #2767: Area=   959, Ratio=1.00, Circ=0.90, Sol=0.99 -> Ô£ù REJECTED
              Area too large (959 ÔëÑ 600)
Contour #2768: Area=   958, Ratio=1.00, Circ=0.90, Sol=0.99 -> Ô£ù REJECTED
              Area too large (958 ÔëÑ 600)
Contour #2769: Area=   955, Ratio=1.00, Circ=0.90, Sol=0.98 -> Ô£ù REJECTED
              Area too large (955 ÔëÑ 600)
Contour #2770: Area=   959, Ratio=1.00, Circ=0.90, Sol=0.99 -> Ô£ù REJECTED
              Area too large (959 ÔëÑ 600)
Contour #2771: Area=   949, Ratio=0.97, Circ=0.91, Sol=0.98 -> Ô£ù REJECTED
              Area too large (949 ÔëÑ 600)
Contour #2772: Area=   955, Ratio=1.00, Circ=0.90, Sol=0.98 -> Ô£ù REJECTED
              Area too large (955 ÔëÑ 600)
Contour #2773: Area=   953, Ratio=1.00, Circ=0.90, Sol=0.98 -> Ô£ù REJECTED
              Area too large (953 ÔëÑ 600)
Contour #2774: Area=   958, Ratio=1.00, Circ=0.90, Sol=0.98 -> Ô£ù REJECTED
              Area too large (958 ÔëÑ 600)
Contour #2775: Area=   954, Ratio=1.00, Circ=0.90, Sol=0.98 -> Ô£ù REJECTED
              Area too large (954 ÔëÑ 600)
Contour #2776: Area=   957, Ratio=1.00, Circ=0.90, Sol=0.98 -> Ô£ù REJECTED
              Area too large (957 ÔëÑ 600)
Contour #2777: Area=   956, Ratio=1.00, Circ=0.90, Sol=0.98 -> Ô£ù REJECTED
              Area too large (956 ÔëÑ 600)
Contour #2778: Area=   959, Ratio=1.00, Circ=0.90, Sol=0.99 -> Ô£ù REJECTED
              Area too large (959 ÔëÑ 600)
Contour #2779: Area=   956, Ratio=1.00, Circ=0.90, Sol=0.98 -> Ô£ù REJECTED
              Area too large (956 ÔëÑ 600)
Contour #2780: Area=   954, Ratio=1.00, Circ=0.90, Sol=0.98 -> Ô£ù REJECTED
              Area too large (954 ÔëÑ 600)
Contour #2781: Area=   961, Ratio=1.00, Circ=0.91, Sol=0.99 -> Ô£ù REJECTED
              Area too large (961 ÔëÑ 600)
Contour #2782: Area=   958, Ratio=1.00, Circ=0.90, Sol=0.98 -> Ô£ù REJECTED
              Area too large (958 ÔëÑ 600)
Contour #2783: Area=   958, Ratio=1.00, Circ=0.90, Sol=0.98 -> Ô£ù REJECTED
              Area too large (958 ÔëÑ 600)
Contour #2784: Area=   956, Ratio=1.00, Circ=0.90, Sol=0.98 -> Ô£ù REJECTED
              Area too large (956 ÔëÑ 600)
Contour #2785: Area=   961, Ratio=1.00, Circ=0.91, Sol=0.98 -> Ô£ù REJECTED
              Area too large (961 ÔëÑ 600)
Contour #2786: Area=   958, Ratio=1.00, Circ=0.89, Sol=0.98 -> Ô£ù REJECTED
              Area too large (958 ÔëÑ 600)
Contour #2787: Area=   961, Ratio=1.00, Circ=0.91, Sol=0.99 -> Ô£ù REJECTED
              Area too large (961 ÔëÑ 600)
Contour #2788: Area=   956, Ratio=1.03, Circ=0.89, Sol=0.98 -> Ô£ù REJECTED
              Area too large (956 ÔëÑ 600)
Contour #2789: Area=   960, Ratio=1.00, Circ=0.90, Sol=0.98 -> Ô£ù REJECTED
              Area too large (960 ÔëÑ 600)
Contour #2790: Area=   956, Ratio=1.00, Circ=0.90, Sol=0.98 -> Ô£ù REJECTED
              Area too large (956 ÔëÑ 600)
Contour #2791: Area=   960, Ratio=1.00, Circ=0.91, Sol=0.99 -> Ô£ù REJECTED
              Area too large (960 ÔëÑ 600)
Contour #2792: Area=   954, Ratio=1.00, Circ=0.90, Sol=0.98 -> Ô£ù REJECTED
              Area too large (954 ÔëÑ 600)
Contour #2793: Area=   964, Ratio=0.97, Circ=0.89, Sol=0.98 -> Ô£ù REJECTED
              Area too large (964 ÔëÑ 600)
Contour #2794: Area=   950, Ratio=0.95, Circ=0.89, Sol=0.98 -> Ô£ù REJECTED
              Area too large (950 ÔëÑ 600)
Contour #2795: Area=   962, Ratio=1.00, Circ=0.87, Sol=0.97 -> Ô£ù REJECTED
              Area too large (962 ÔëÑ 600)
Contour #2796: Area=   964, Ratio=0.97, Circ=0.88, Sol=0.98 -> Ô£ù REJECTED
              Area too large (964 ÔëÑ 600)
Contour #2797: Area=   964, Ratio=0.97, Circ=0.90, Sol=0.98 -> Ô£ù REJECTED
              Area too large (964 ÔëÑ 600)
Contour #2798: Area=  1220, Ratio=1.00, Circ=0.90, Sol=0.98 -> Ô£ù REJECTED
              Area too large (1220 ÔëÑ 600)
Contour #2799: Area=  1228, Ratio=1.02, Circ=0.90, Sol=0.98 -> Ô£ù REJECTED
              Area too large (1228 ÔëÑ 600)
Contour #2800: Area=  1220, Ratio=1.00, Circ=0.90, Sol=0.98 -> Ô£ù REJECTED
              Area too large (1220 ÔëÑ 600)
Contour #2801: Area=  1226, Ratio=1.00, Circ=0.90, Sol=0.99 -> Ô£ù REJECTED
              Area too large (1226 ÔëÑ 600)
Contour #2802: Area=  1220, Ratio=1.02, Circ=0.89, Sol=0.98 -> Ô£ù REJECTED
              Area too large (1220 ÔëÑ 600)
Contour #2803: Area=  1224, Ratio=1.00, Circ=0.90, Sol=0.98 -> Ô£ù REJECTED
              Area too large (1224 ÔëÑ 600)
Contour #2804: Area=  1218, Ratio=1.02, Circ=0.88, Sol=0.98 -> Ô£ù REJECTED
              Area too large (1218 ÔëÑ 600)
Contour #2805: Area=  1226, Ratio=1.02, Circ=0.88, Sol=0.98 -> Ô£ù REJECTED
              Area too large (1226 ÔëÑ 600)
Contour #2806: Area=  1219, Ratio=1.00, Circ=0.90, Sol=0.98 -> Ô£ù REJECTED
              Area too large (1219 ÔëÑ 600)
Contour #2807: Area=  1224, Ratio=1.00, Circ=0.91, Sol=0.99 -> Ô£ù REJECTED
              Area too large (1224 ÔëÑ 600)
Contour #2808: Area=  1215, Ratio=1.00, Circ=0.90, Sol=0.98 -> Ô£ù REJECTED
              Area too large (1215 ÔëÑ 600)
Contour #2809: Area=  1220, Ratio=1.02, Circ=0.88, Sol=0.98 -> Ô£ù REJECTED
              Area too large (1220 ÔëÑ 600)
Contour #2810: Area=  1227, Ratio=1.02, Circ=0.88, Sol=0.98 -> Ô£ù REJECTED
              Area too large (1227 ÔëÑ 600)
Contour #2811: Area=  1218, Ratio=1.00, Circ=0.90, Sol=0.98 -> Ô£ù REJECTED
              Area too large (1218 ÔëÑ 600)
Contour #2812: Area=  1221, Ratio=1.00, Circ=0.90, Sol=0.99 -> Ô£ù REJECTED
              Area too large (1221 ÔëÑ 600)
Contour #2813: Area=  1217, Ratio=1.00, Circ=0.90, Sol=0.98 -> Ô£ù REJECTED
              Area too large (1217 ÔëÑ 600)
Contour #2814: Area=  1222, Ratio=1.00, Circ=0.90, Sol=0.98 -> Ô£ù REJECTED
              Area too large (1222 ÔëÑ 600)
Contour #2815: Area=  1216, Ratio=1.02, Circ=0.88, Sol=0.98 -> Ô£ù REJECTED
              Area too large (1216 ÔëÑ 600)
Contour #2816: Area=  1223, Ratio=1.02, Circ=0.89, Sol=0.98 -> Ô£ù REJECTED
              Area too large (1223 ÔëÑ 600)
Contour #2817: Area=  1220, Ratio=1.02, Circ=0.89, Sol=0.98 -> Ô£ù REJECTED
              Area too large (1220 ÔëÑ 600)
Contour #2818: Area=  1224, Ratio=1.00, Circ=0.90, Sol=0.98 -> Ô£ù REJECTED
              Area too large (1224 ÔëÑ 600)
Contour #2819: Area=  1219, Ratio=1.00, Circ=0.90, Sol=0.99 -> Ô£ù REJECTED
              Area too large (1219 ÔëÑ 600)
Contour #2820: Area=  1218, Ratio=1.00, Circ=0.89, Sol=0.98 -> Ô£ù REJECTED
              Area too large (1218 ÔëÑ 600)
Contour #2821: Area=  1215, Ratio=1.00, Circ=0.90, Sol=0.99 -> Ô£ù REJECTED
              Area too large (1215 ÔëÑ 600)
Contour #2822: Area=  1219, Ratio=1.02, Circ=0.89, Sol=0.98 -> Ô£ù REJECTED
              Area too large (1219 ÔëÑ 600)
Contour #2823: Area=  1219, Ratio=1.02, Circ=0.89, Sol=0.98 -> Ô£ù REJECTED
              Area too large (1219 ÔëÑ 600)
Contour #2824: Area=  1215, Ratio=1.00, Circ=0.90, Sol=0.99 -> Ô£ù REJECTED
              Area too large (1215 ÔëÑ 600)
Contour #2825: Area=  1214, Ratio=1.00, Circ=0.89, Sol=0.98 -> Ô£ù REJECTED
              Area too large (1214 ÔëÑ 600)
Contour #2826: Area=  1216, Ratio=1.00, Circ=0.89, Sol=0.98 -> Ô£ù REJECTED
              Area too large (1216 ÔëÑ 600)
Contour #2827: Area=  1214, Ratio=1.00, Circ=0.90, Sol=0.98 -> Ô£ù REJECTED
              Area too large (1214 ÔëÑ 600)
Contour #2828: Area=  1214, Ratio=1.00, Circ=0.90, Sol=0.98 -> Ô£ù REJECTED
              Area too large (1214 ÔëÑ 600)
Contour #2829: Area=  1222, Ratio=0.98, Circ=0.89, Sol=0.98 -> Ô£ù REJECTED
              Area too large (1222 ÔëÑ 600)
Contour #2830: Area=  1218, Ratio=1.00, Circ=0.88, Sol=0.98 -> Ô£ù REJECTED
              Area too large (1218 ÔëÑ 600)
Contour #2831: Area=  1222, Ratio=0.98, Circ=0.89, Sol=0.98 -> Ô£ù REJECTED
              Area too large (1222 ÔëÑ 600)
Contour #2832: Area=  1221, Ratio=0.98, Circ=0.89, Sol=0.98 -> Ô£ù REJECTED
              Area too large (1221 ÔëÑ 600)
Contour #2833: Area=  1221, Ratio=0.98, Circ=0.89, Sol=0.98 -> Ô£ù REJECTED
              Area too large (1221 ÔëÑ 600)
Contour #2834: Area=  1229, Ratio=1.00, Circ=0.89, Sol=0.98 -> Ô£ù REJECTED
              Area too large (1229 ÔëÑ 600)
Contour #2835: Area=    70, Ratio=1.00, Circ=0.94, Sol=1.00 -> Ô£ô ACCEPTED
Contour #2836: Area=    73, Ratio=1.00, Circ=0.91, Sol=0.99 -> Ô£ô ACCEPTED
Contour #2837: Area=    70, Ratio=1.00, Circ=0.94, Sol=1.00 -> Ô£ô ACCEPTED
Contour #2838: Area=    71, Ratio=1.10, Circ=0.93, Sol=0.99 -> Ô£ô ACCEPTED
Contour #2839: Area=    71, Ratio=1.10, Circ=0.93, Sol=0.99 -> Ô£ô ACCEPTED
Contour #2840: Area=    74, Ratio=0.91, Circ=0.90, Sol=0.98 -> Ô£ô ACCEPTED
Contour #2841: Area=    70, Ratio=1.10, Circ=0.92, Sol=0.99 -> Ô£ô ACCEPTED
Contour #2842: Area=    74, Ratio=0.91, Circ=0.90, Sol=0.98 -> Ô£ô ACCEPTED
Contour #2843: Area=    70, Ratio=0.91, Circ=0.89, Sol=0.97 -> Ô£ô ACCEPTED
Contour #2844: Area=    76, Ratio=1.00, Circ=0.90, Sol=0.98 -> Ô£ô ACCEPTED
Contour #2845: Area=    74, Ratio=1.00, Circ=0.88, Sol=0.97 -> Ô£ô ACCEPTED
Contour #2846: Area=    79, Ratio=1.00, Circ=0.91, Sol=0.98 -> Ô£ô ACCEPTED
Contour #2847: Area=    77, Ratio=1.00, Circ=0.89, Sol=0.97 -> Ô£ô ACCEPTED
Contour #2848: Area=    79, Ratio=1.00, Circ=0.91, Sol=0.98 -> Ô£ô ACCEPTED
Contour #2849: Area=    76, Ratio=1.00, Circ=0.88, Sol=0.96 -> Ô£ô ACCEPTED
Contour #2850: Area=    79, Ratio=1.00, Circ=0.91, Sol=0.98 -> Ô£ô ACCEPTED
Contour #2851: Area=    75, Ratio=1.00, Circ=0.87, Sol=0.96 -> Ô£ô ACCEPTED
Contour #2852: Area=   408, Ratio=3.82, Circ=0.52, Sol=1.00 -> Ô£ù REJECTED
              Aspect ratio out of range (3.82)
Contour #2853: Area=    50, Ratio=1.00, Circ=0.92, Sol=0.99 -> Ô£ô ACCEPTED
Contour #2854: Area=    47, Ratio=1.00, Circ=0.86, Sol=0.96 -> Ô£ô ACCEPTED
Contour #2855: Area=    52, Ratio=1.00, Circ=0.91, Sol=0.98 -> Ô£ô ACCEPTED
Contour #2856: Area=    50, Ratio=1.00, Circ=0.92, Sol=0.99 -> Ô£ô ACCEPTED
Contour #2857: Area=    50, Ratio=1.00, Circ=0.92, Sol=0.99 -> Ô£ô ACCEPTED
Contour #2858: Area=    46, Ratio=1.00, Circ=0.93, Sol=1.00 -> Ô£ô ACCEPTED
Contour #2859: Area=    49, Ratio=1.00, Circ=0.90, Sol=0.98 -> Ô£ô ACCEPTED
Contour #2860: Area=    46, Ratio=1.00, Circ=0.93, Sol=1.00 -> Ô£ô ACCEPTED
Contour #2861: Area=    49, Ratio=1.00, Circ=0.90, Sol=0.98 -> Ô£ô ACCEPTED
Contour #2862: Area=    49, Ratio=1.00, Circ=0.90, Sol=0.98 -> Ô£ô ACCEPTED
Contour #2863: Area=    50, Ratio=1.00, Circ=0.92, Sol=0.99 -> Ô£ô ACCEPTED
Contour #2864: Area=    50, Ratio=1.00, Circ=0.92, Sol=0.99 -> Ô£ô ACCEPTED
Contour #2865: Area=    54, Ratio=1.00, Circ=0.94, Sol=1.00 -> Ô£ô ACCEPTED
Contour #2866: Area=    50, Ratio=1.00, Circ=0.92, Sol=0.99 -> Ô£ô ACCEPTED
Contour #2867: Area=    54, Ratio=0.90, Circ=0.89, Sol=0.97 -> Ô£ô ACCEPTED
Contour #2868: Area=    50, Ratio=1.00, Circ=0.89, Sol=0.97 -> Ô£ô ACCEPTED
Contour #2869: Area=    54, Ratio=0.90, Circ=0.89, Sol=0.97 -> Ô£ô ACCEPTED
Contour #2870: Area=    73, Ratio=0.86, Circ=0.16, Sol=0.36 -> Ô£ù REJECTED
              Circularity too low (0.16 < 0.6)
Contour #2871: Area=    72, Ratio=0.86, Circ=0.15, Sol=0.36 -> Ô£ù REJECTED
              Circularity too low (0.15 < 0.6)
Contour #2872: Area=    80, Ratio=0.86, Circ=0.16, Sol=0.38 -> Ô£ù REJECTED
              Circularity too low (0.16 < 0.6)
Contour #2873: Area=    74, Ratio=0.86, Circ=0.15, Sol=0.35 -> Ô£ù REJECTED
              Circularity too low (0.15 < 0.6)
Contour #2874: Area=    86, Ratio=0.82, Circ=0.17, Sol=0.40 -> Ô£ù REJECTED
              Circularity too low (0.17 < 0.6)
Contour #2875: Area=    74, Ratio=0.82, Circ=0.15, Sol=0.36 -> Ô£ù REJECTED
              Circularity too low (0.15 < 0.6)
Contour #2876: Area=    80, Ratio=0.86, Circ=0.16, Sol=0.37 -> Ô£ù REJECTED
              Circularity too low (0.16 < 0.6)
Contour #2877: Area=    75, Ratio=0.86, Circ=0.15, Sol=0.36 -> Ô£ù REJECTED
              Circularity too low (0.15 < 0.6)
Contour #2878: Area=    80, Ratio=0.82, Circ=0.16, Sol=0.38 -> Ô£ù REJECTED
              Circularity too low (0.16 < 0.6)
Contour #2879: Area=    77, Ratio=0.82, Circ=0.15, Sol=0.36 -> Ô£ù REJECTED
              Circularity too low (0.15 < 0.6)
Contour #2880: Area=    82, Ratio=0.82, Circ=0.17, Sol=0.38 -> Ô£ù REJECTED
              Circularity too low (0.17 < 0.6)
Contour #2881: Area=    76, Ratio=0.82, Circ=0.15, Sol=0.36 -> Ô£ù REJECTED
              Circularity too low (0.15 < 0.6)
Contour #2882: Area=    76, Ratio=0.86, Circ=0.15, Sol=0.36 -> Ô£ù REJECTED
              Circularity too low (0.15 < 0.6)
Contour #2883: Area=    72, Ratio=0.82, Circ=0.15, Sol=0.35 -> Ô£ù REJECTED
              Circularity too low (0.15 < 0.6)
Contour #2884: Area=    86, Ratio=0.82, Circ=0.18, Sol=0.40 -> Ô£ù REJECTED
              Circularity too low (0.18 < 0.6)
Contour #2885: Area=   784, Ratio=2.63, Circ=0.53, Sol=0.89 -> Ô£ù REJECTED
              Area too large (784 ÔëÑ 600)
Contour #2886: Area=    74, Ratio=0.82, Circ=0.15, Sol=0.35 -> Ô£ù REJECTED
              Circularity too low (0.15 < 0.6)
Contour #2887: Area=    83, Ratio=0.82, Circ=0.17, Sol=0.37 -> Ô£ù REJECTED
              Circularity too low (0.17 < 0.6)
Contour #2888: Area=    84, Ratio=0.78, Circ=0.17, Sol=0.39 -> Ô£ù REJECTED
              Circularity too low (0.17 < 0.6)
Contour #2889: Area=    72, Ratio=0.82, Circ=0.15, Sol=0.34 -> Ô£ù REJECTED
              Circularity too low (0.15 < 0.6)
Contour #2890: Area=    83, Ratio=0.78, Circ=0.17, Sol=0.37 -> Ô£ù REJECTED
              Circularity too low (0.17 < 0.6)
Contour #2891: Area=   225, Ratio=0.64, Circ=0.68, Sol=0.91 -> Ô£ô ACCEPTED
Contour #2892: Area=   229, Ratio=0.64, Circ=0.73, Sol=0.93 -> Ô£ô ACCEPTED
Contour #2893: Area=   236, Ratio=0.68, Circ=0.67, Sol=0.91 -> Ô£ô ACCEPTED
Contour #2894: Area=   229, Ratio=0.64, Circ=0.73, Sol=0.93 -> Ô£ô ACCEPTED
Contour #2895: Area=   233, Ratio=0.68, Circ=0.71, Sol=0.91 -> Ô£ô ACCEPTED
Contour #2896: Area=   226, Ratio=0.68, Circ=0.67, Sol=0.89 -> Ô£ô ACCEPTED
Contour #2897: Area=   230, Ratio=0.68, Circ=0.68, Sol=0.90 -> Ô£ô ACCEPTED
Contour #2898: Area=   222, Ratio=0.68, Circ=0.68, Sol=0.89 -> Ô£ô ACCEPTED
Contour #2899: Area=   230, Ratio=0.68, Circ=0.68, Sol=0.89 -> Ô£ô ACCEPTED
Contour #2900: Area=   221, Ratio=0.68, Circ=0.66, Sol=0.88 -> Ô£ô ACCEPTED
Contour #2901: Area=   233, Ratio=0.68, Circ=0.71, Sol=0.91 -> Ô£ô ACCEPTED
Contour #2902: Area=   221, Ratio=0.68, Circ=0.66, Sol=0.88 -> Ô£ô ACCEPTED
Contour #2903: Area=   230, Ratio=0.61, Circ=0.72, Sol=0.93 -> Ô£ô ACCEPTED
Contour #2904: Area=   228, Ratio=0.65, Circ=0.66, Sol=0.88 -> Ô£ô ACCEPTED
Contour #2905: Area=   233, Ratio=0.65, Circ=0.69, Sol=0.90 -> Ô£ô ACCEPTED
Contour #2906: Area=   226, Ratio=0.65, Circ=0.67, Sol=0.89 -> Ô£ô ACCEPTED
Contour #2907: Area=   236, Ratio=0.65, Circ=0.67, Sol=0.89 -> Ô£ô ACCEPTED
Contour #2908: Area=   951, Ratio=1.03, Circ=0.91, Sol=0.99 -> Ô£ù REJECTED
              Area too large (951 ÔëÑ 600)
Contour #2909: Area=   952, Ratio=1.03, Circ=0.91, Sol=0.99 -> Ô£ù REJECTED
              Area too large (952 ÔëÑ 600)
Contour #2910: Area=   955, Ratio=1.00, Circ=0.90, Sol=0.98 -> Ô£ù REJECTED
              Area too large (955 ÔëÑ 600)
Contour #2911: Area=   940, Ratio=1.03, Circ=0.90, Sol=0.98 -> Ô£ù REJECTED
              Area too large (940 ÔëÑ 600)
Contour #2912: Area=   953, Ratio=1.03, Circ=0.91, Sol=0.99 -> Ô£ù REJECTED
              Area too large (953 ÔëÑ 600)
Contour #2913: Area=   955, Ratio=1.00, Circ=0.90, Sol=0.98 -> Ô£ù REJECTED
              Area too large (955 ÔëÑ 600)
Contour #2914: Area=   950, Ratio=1.00, Circ=0.90, Sol=0.98 -> Ô£ù REJECTED
              Area too large (950 ÔëÑ 600)
Contour #2915: Area=   956, Ratio=1.00, Circ=0.90, Sol=0.98 -> Ô£ù REJECTED
              Area too large (956 ÔëÑ 600)
Contour #2916: Area=   953, Ratio=1.00, Circ=0.90, Sol=0.98 -> Ô£ù REJECTED
              Area too large (953 ÔëÑ 600)
Contour #2917: Area=   958, Ratio=1.00, Circ=0.89, Sol=0.98 -> Ô£ù REJECTED
              Area too large (958 ÔëÑ 600)
Contour #2918: Area=   952, Ratio=1.00, Circ=0.90, Sol=0.98 -> Ô£ù REJECTED
              Area too large (952 ÔëÑ 600)
Contour #2919: Area=   958, Ratio=1.00, Circ=0.90, Sol=0.98 -> Ô£ù REJECTED
              Area too large (958 ÔëÑ 600)
Contour #2920: Area=   953, Ratio=1.00, Circ=0.90, Sol=0.98 -> Ô£ù REJECTED
              Area too large (953 ÔëÑ 600)
Contour #2921: Area=   954, Ratio=1.00, Circ=0.90, Sol=0.98 -> Ô£ù REJECTED
              Area too large (954 ÔëÑ 600)
Contour #2922: Area=   951, Ratio=1.00, Circ=0.90, Sol=0.98 -> Ô£ù REJECTED
              Area too large (951 ÔëÑ 600)
Contour #2923: Area=   953, Ratio=1.00, Circ=0.90, Sol=0.98 -> Ô£ù REJECTED
              Area too large (953 ÔëÑ 600)
Contour #2924: Area=   955, Ratio=1.00, Circ=0.90, Sol=0.98 -> Ô£ù REJECTED
              Area too large (955 ÔëÑ 600)
Contour #2925: Area=   962, Ratio=1.00, Circ=0.89, Sol=0.98 -> Ô£ù REJECTED
              Area too large (962 ÔëÑ 600)
Contour #2926: Area=   957, Ratio=1.00, Circ=0.90, Sol=0.98 -> Ô£ù REJECTED
              Area too large (957 ÔëÑ 600)
Contour #2927: Area=   955, Ratio=1.00, Circ=0.90, Sol=0.98 -> Ô£ù REJECTED
              Area too large (955 ÔëÑ 600)
Contour #2928: Area=   954, Ratio=1.00, Circ=0.90, Sol=0.98 -> Ô£ù REJECTED
              Area too large (954 ÔëÑ 600)
Contour #2929: Area=   958, Ratio=1.00, Circ=0.90, Sol=0.98 -> Ô£ù REJECTED
              Area too large (958 ÔëÑ 600)
Contour #2930: Area=   953, Ratio=1.00, Circ=0.90, Sol=0.98 -> Ô£ù REJECTED
              Area too large (953 ÔëÑ 600)
Contour #2931: Area=   962, Ratio=1.00, Circ=0.90, Sol=0.98 -> Ô£ù REJECTED
              Area too large (962 ÔëÑ 600)
Contour #2932: Area=   954, Ratio=1.00, Circ=0.90, Sol=0.98 -> Ô£ù REJECTED
              Area too large (954 ÔëÑ 600)
Contour #2933: Area=   960, Ratio=1.00, Circ=0.90, Sol=0.98 -> Ô£ù REJECTED
              Area too large (960 ÔëÑ 600)
Contour #2934: Area=   956, Ratio=1.00, Circ=0.90, Sol=0.98 -> Ô£ù REJECTED
              Area too large (956 ÔëÑ 600)
Contour #2935: Area=   956, Ratio=1.00, Circ=0.90, Sol=0.98 -> Ô£ù REJECTED
              Area too large (956 ÔëÑ 600)
Contour #2936: Area=   956, Ratio=1.00, Circ=0.89, Sol=0.98 -> Ô£ù REJECTED
              Area too large (956 ÔëÑ 600)
Contour #2937: Area=   955, Ratio=1.00, Circ=0.90, Sol=0.98 -> Ô£ù REJECTED
              Area too large (955 ÔëÑ 600)
Contour #2938: Area=   943, Ratio=0.97, Circ=0.90, Sol=0.98 -> Ô£ù REJECTED
              Area too large (943 ÔëÑ 600)
Contour #2939: Area=   949, Ratio=1.00, Circ=0.90, Sol=0.98 -> Ô£ù REJECTED
              Area too large (949 ÔëÑ 600)
Contour #2940: Area=   956, Ratio=1.00, Circ=0.89, Sol=0.98 -> Ô£ù REJECTED
              Area too large (956 ÔëÑ 600)
Contour #2941: Area=   947, Ratio=0.97, Circ=0.91, Sol=0.98 -> Ô£ù REJECTED
              Area too large (947 ÔëÑ 600)
Contour #2942: Area=   958, Ratio=1.00, Circ=0.89, Sol=0.98 -> Ô£ù REJECTED
              Area too large (958 ÔëÑ 600)
Contour #2943: Area=   952, Ratio=1.00, Circ=0.90, Sol=0.98 -> Ô£ù REJECTED
              Area too large (952 ÔëÑ 600)
Contour #2944: Area=   950, Ratio=1.00, Circ=0.90, Sol=0.98 -> Ô£ù REJECTED
              Area too large (950 ÔëÑ 600)
Contour #2945: Area=  1224, Ratio=1.02, Circ=0.90, Sol=0.98 -> Ô£ù REJECTED
              Area too large (1224 ÔëÑ 600)
Contour #2946: Area=  1232, Ratio=1.02, Circ=0.89, Sol=0.98 -> Ô£ù REJECTED
              Area too large (1232 ÔëÑ 600)
Contour #2947: Area=  1227, Ratio=1.00, Circ=0.91, Sol=0.99 -> Ô£ù REJECTED
              Area too large (1227 ÔëÑ 600)
Contour #2948: Area=  1231, Ratio=1.00, Circ=0.91, Sol=0.99 -> Ô£ù REJECTED
              Area too large (1231 ÔëÑ 600)
Contour #2949: Area=  1228, Ratio=1.00, Circ=0.91, Sol=0.99 -> Ô£ù REJECTED
              Area too large (1228 ÔëÑ 600)
Contour #2950: Area=  1232, Ratio=1.00, Circ=0.91, Sol=0.99 -> Ô£ù REJECTED
              Area too large (1232 ÔëÑ 600)
Contour #2951: Area=  1226, Ratio=1.02, Circ=0.89, Sol=0.98 -> Ô£ù REJECTED
              Area too large (1226 ÔëÑ 600)
Contour #2952: Area=  1239, Ratio=1.02, Circ=0.89, Sol=0.98 -> Ô£ù REJECTED
              Area too large (1239 ÔëÑ 600)
Contour #2953: Area=  1232, Ratio=1.02, Circ=0.89, Sol=0.98 -> Ô£ù REJECTED
              Area too large (1232 ÔëÑ 600)
Contour #2954: Area=  1230, Ratio=1.00, Circ=0.91, Sol=0.99 -> Ô£ù REJECTED
              Area too large (1230 ÔëÑ 600)
Contour #2955: Area=  1225, Ratio=1.00, Circ=0.91, Sol=0.99 -> Ô£ù REJECTED
              Area too large (1225 ÔëÑ 600)
Contour #2956: Area=  1226, Ratio=1.00, Circ=0.91, Sol=0.99 -> Ô£ù REJECTED
              Area too large (1226 ÔëÑ 600)
Contour #2957: Area=  1227, Ratio=1.00, Circ=0.91, Sol=0.99 -> Ô£ù REJECTED
              Area too large (1227 ÔëÑ 600)
Contour #2958: Area=  1230, Ratio=1.02, Circ=0.88, Sol=0.98 -> Ô£ù REJECTED
              Area too large (1230 ÔëÑ 600)
Contour #2959: Area=  1224, Ratio=1.02, Circ=0.89, Sol=0.98 -> Ô£ù REJECTED
              Area too large (1224 ÔëÑ 600)
Contour #2960: Area=  1228, Ratio=1.02, Circ=0.89, Sol=0.98 -> Ô£ù REJECTED
              Area too large (1228 ÔëÑ 600)
Contour #2961: Area=  1224, Ratio=1.00, Circ=0.91, Sol=0.99 -> Ô£ù REJECTED
              Area too large (1224 ÔëÑ 600)
Contour #2962: Area=  1223, Ratio=1.00, Circ=0.91, Sol=0.99 -> Ô£ù REJECTED
              Area too large (1223 ÔëÑ 600)
Contour #2963: Area=  1221, Ratio=1.00, Circ=0.90, Sol=0.99 -> Ô£ù REJECTED
              Area too large (1221 ÔëÑ 600)
Contour #2964: Area=  1224, Ratio=0.98, Circ=0.90, Sol=0.98 -> Ô£ù REJECTED
              Area too large (1224 ÔëÑ 600)
Contour #2965: Area=  1217, Ratio=1.00, Circ=0.90, Sol=0.99 -> Ô£ù REJECTED
              Area too large (1217 ÔëÑ 600)
Contour #2966: Area=  1224, Ratio=1.00, Circ=0.90, Sol=0.98 -> Ô£ù REJECTED
              Area too large (1224 ÔëÑ 600)
Contour #2967: Area=  1220, Ratio=1.00, Circ=0.90, Sol=0.99 -> Ô£ù REJECTED
              Area too large (1220 ÔëÑ 600)
Contour #2968: Area=  1226, Ratio=0.98, Circ=0.89, Sol=0.98 -> Ô£ù REJECTED
              Area too large (1226 ÔëÑ 600)
Contour #2969: Area=  1223, Ratio=1.00, Circ=0.88, Sol=0.98 -> Ô£ù REJECTED
              Area too large (1223 ÔëÑ 600)
Contour #2970: Area=  1235, Ratio=1.00, Circ=0.89, Sol=0.98 -> Ô£ù REJECTED
              Area too large (1235 ÔëÑ 600)
Contour #2971: Area=  1226, Ratio=0.98, Circ=0.89, Sol=0.98 -> Ô£ù REJECTED
              Area too large (1226 ÔëÑ 600)
Contour #2972: Area=  1233, Ratio=1.00, Circ=0.89, Sol=0.98 -> Ô£ù REJECTED
              Area too large (1233 ÔëÑ 600)
Contour #2973: Area=  1230, Ratio=0.98, Circ=0.88, Sol=0.98 -> Ô£ù REJECTED
              Area too large (1230 ÔëÑ 600)
Contour #2974: Area=  1232, Ratio=0.98, Circ=0.89, Sol=0.98 -> Ô£ù REJECTED
              Area too large (1232 ÔëÑ 600)
Contour #2975: Area=  1230, Ratio=1.00, Circ=0.89, Sol=0.98 -> Ô£ù REJECTED
              Area too large (1230 ÔëÑ 600)
Contour #2976: Area=  1228, Ratio=1.00, Circ=0.90, Sol=0.98 -> Ô£ù REJECTED
              Area too large (1228 ÔëÑ 600)
Contour #2977: Area=  1226, Ratio=1.02, Circ=0.90, Sol=0.98 -> Ô£ù REJECTED
              Area too large (1226 ÔëÑ 600)
Contour #2978: Area=  1235, Ratio=1.00, Circ=0.89, Sol=0.98 -> Ô£ù REJECTED
              Area too large (1235 ÔëÑ 600)
Contour #2979: Area=  1226, Ratio=1.00, Circ=0.89, Sol=0.98 -> Ô£ù REJECTED
              Area too large (1226 ÔëÑ 600)
Contour #2980: Area=  1230, Ratio=0.98, Circ=0.89, Sol=0.98 -> Ô£ù REJECTED
              Area too large (1230 ÔëÑ 600)
Contour #2981: Area=  1222, Ratio=0.98, Circ=0.89, Sol=0.98 -> Ô£ù REJECTED
              Area too large (1222 ÔëÑ 600)
Contour #2982: Area=   446, Ratio=3.50, Circ=0.56, Sol=1.00 -> Ô£ù REJECTED
              Aspect ratio out of range (3.50)
Contour #2983: Area=   819, Ratio=2.63, Circ=0.56, Sol=0.93 -> Ô£ù REJECTED
              Area too large (819 ÔëÑ 600)
Contour #2984: Area=    84, Ratio=0.86, Circ=0.12, Sol=0.35 -> Ô£ù REJECTED
              Circularity too low (0.12 < 0.6)
Contour #2985: Area=    95, Ratio=0.91, Circ=0.13, Sol=0.39 -> Ô£ù REJECTED
              Circularity too low (0.13 < 0.6)
Contour #2986: Area=    82, Ratio=0.82, Circ=0.12, Sol=0.35 -> Ô£ù REJECTED
              Circularity too low (0.12 < 0.6)
Contour #2987: Area=    96, Ratio=0.86, Circ=0.14, Sol=0.39 -> Ô£ù REJECTED
              Circularity too low (0.14 < 0.6)
Contour #2988: Area=    84, Ratio=0.86, Circ=0.12, Sol=0.35 -> Ô£ù REJECTED
              Circularity too low (0.12 < 0.6)
Contour #2989: Area=    96, Ratio=0.86, Circ=0.13, Sol=0.39 -> Ô£ù REJECTED
              Circularity too low (0.13 < 0.6)
Contour #2990: Area=    82, Ratio=0.86, Circ=0.12, Sol=0.34 -> Ô£ù REJECTED
              Circularity too low (0.12 < 0.6)
Contour #2991: Area=    95, Ratio=0.86, Circ=0.14, Sol=0.38 -> Ô£ù REJECTED
              Circularity too low (0.14 < 0.6)
Contour #2992: Area=    83, Ratio=0.82, Circ=0.12, Sol=0.35 -> Ô£ù REJECTED
              Circularity too low (0.12 < 0.6)
Contour #2993: Area=    98, Ratio=0.86, Circ=0.14, Sol=0.40 -> Ô£ù REJECTED
              Circularity too low (0.14 < 0.6)
Contour #2994: Area=    84, Ratio=0.86, Circ=0.12, Sol=0.35 -> Ô£ù REJECTED
              Circularity too low (0.12 < 0.6)
Contour #2995: Area=    95, Ratio=0.86, Circ=0.13, Sol=0.38 -> Ô£ù REJECTED
              Circularity too low (0.13 < 0.6)
Contour #2996: Area=    86, Ratio=0.86, Circ=0.12, Sol=0.35 -> Ô£ù REJECTED
              Circularity too low (0.12 < 0.6)
Contour #2997: Area=    94, Ratio=0.86, Circ=0.13, Sol=0.38 -> Ô£ù REJECTED
              Circularity too low (0.13 < 0.6)
Contour #2998: Area=    82, Ratio=0.82, Circ=0.11, Sol=0.34 -> Ô£ù REJECTED
              Circularity too low (0.11 < 0.6)
Contour #2999: Area=    92, Ratio=0.86, Circ=0.13, Sol=0.37 -> Ô£ù REJECTED
              Circularity too low (0.13 < 0.6)
Contour #3000: Area=    81, Ratio=0.86, Circ=0.12, Sol=0.34 -> Ô£ù REJECTED
              Circularity too low (0.12 < 0.6)
Contour #3001: Area=    90, Ratio=0.86, Circ=0.13, Sol=0.36 -> Ô£ù REJECTED
              Circularity too low (0.13 < 0.6)
Contour #3002: Area=    80, Ratio=0.86, Circ=0.11, Sol=0.34 -> Ô£ù REJECTED
              Circularity too low (0.11 < 0.6)
Contour #3003: Area=    85, Ratio=0.86, Circ=0.12, Sol=0.35 -> Ô£ù REJECTED
              Circularity too low (0.12 < 0.6)
Contour #3004: Area=    68, Ratio=0.68, Circ=0.17, Sol=0.38 -> Ô£ù REJECTED
              Circularity too low (0.17 < 0.6)
Contour #3005: Area=    71, Ratio=0.64, Circ=0.18, Sol=0.42 -> Ô£ù REJECTED
              Circularity too low (0.18 < 0.6)
Contour #3006: Area=    69, Ratio=0.64, Circ=0.17, Sol=0.39 -> Ô£ù REJECTED
              Circularity too low (0.17 < 0.6)
Contour #3007: Area=    73, Ratio=0.64, Circ=0.18, Sol=0.43 -> Ô£ù REJECTED
              Circularity too low (0.18 < 0.6)
Contour #3008: Area=    68, Ratio=0.64, Circ=0.17, Sol=0.39 -> Ô£ù REJECTED
              Circularity too low (0.17 < 0.6)
Contour #3009: Area=    74, Ratio=0.68, Circ=0.17, Sol=0.39 -> Ô£ù REJECTED
              Circularity too low (0.17 < 0.6)
Contour #3010: Area=    70, Ratio=0.64, Circ=0.18, Sol=0.42 -> Ô£ù REJECTED
              Circularity too low (0.18 < 0.6)
Contour #3011: Area=    74, Ratio=0.68, Circ=0.17, Sol=0.40 -> Ô£ù REJECTED
              Circularity too low (0.17 < 0.6)
Contour #3012: Area=    68, Ratio=0.64, Circ=0.17, Sol=0.39 -> Ô£ù REJECTED
              Circularity too low (0.17 < 0.6)
Contour #3013: Area=    76, Ratio=0.64, Circ=0.19, Sol=0.43 -> Ô£ù REJECTED
              Circularity too low (0.19 < 0.6)
Contour #3014: Area=    64, Ratio=0.64, Circ=0.16, Sol=0.37 -> Ô£ù REJECTED
              Circularity too low (0.16 < 0.6)
Contour #3015: Area=    74, Ratio=0.64, Circ=0.18, Sol=0.42 -> Ô£ù REJECTED
              Circularity too low (0.18 < 0.6)
Contour #3016: Area=    58, Ratio=0.64, Circ=0.14, Sol=0.34 -> Ô£ù REJECTED
              Circularity too low (0.14 < 0.6)
Contour #3017: Area=    74, Ratio=0.68, Circ=0.18, Sol=0.40 -> Ô£ù REJECTED
              Circularity too low (0.18 < 0.6)
Contour #3018: Area=    55, Ratio=0.64, Circ=0.14, Sol=0.34 -> Ô£ù REJECTED
              Circularity too low (0.14 < 0.6)
Contour #3019: Area=    70, Ratio=0.64, Circ=0.17, Sol=0.41 -> Ô£ù REJECTED
              Circularity too low (0.17 < 0.6)
Contour #3020: Area=    55, Ratio=0.64, Circ=0.14, Sol=0.34 -> Ô£ù REJECTED
              Circularity too low (0.14 < 0.6)
Contour #3021: Area=   950, Ratio=1.03, Circ=0.91, Sol=0.99 -> Ô£ù REJECTED
              Area too large (950 ÔëÑ 600)
Contour #3022: Area=   945, Ratio=1.03, Circ=0.90, Sol=0.98 -> Ô£ù REJECTED
              Area too large (945 ÔëÑ 600)
Contour #3023: Area=   950, Ratio=1.03, Circ=0.88, Sol=0.97 -> Ô£ù REJECTED
              Area too large (950 ÔëÑ 600)
Contour #3024: Area=   951, Ratio=1.00, Circ=0.90, Sol=0.98 -> Ô£ù REJECTED
              Area too large (951 ÔëÑ 600)
Contour #3025: Area=   958, Ratio=1.00, Circ=0.90, Sol=0.98 -> Ô£ù REJECTED
              Area too large (958 ÔëÑ 600)
Contour #3026: Area=   958, Ratio=1.00, Circ=0.90, Sol=0.98 -> Ô£ù REJECTED
              Area too large (958 ÔëÑ 600)
Contour #3027: Area=   958, Ratio=1.00, Circ=0.90, Sol=0.98 -> Ô£ù REJECTED
              Area too large (958 ÔëÑ 600)
Contour #3028: Area=   957, Ratio=1.00, Circ=0.90, Sol=0.98 -> Ô£ù REJECTED
              Area too large (957 ÔëÑ 600)
Contour #3029: Area=   959, Ratio=1.00, Circ=0.90, Sol=0.98 -> Ô£ù REJECTED
              Area too large (959 ÔëÑ 600)
Contour #3030: Area=   956, Ratio=1.00, Circ=0.90, Sol=0.98 -> Ô£ù REJECTED
              Area too large (956 ÔëÑ 600)
Contour #3031: Area=   960, Ratio=1.00, Circ=0.91, Sol=0.98 -> Ô£ù REJECTED
              Area too large (960 ÔëÑ 600)
Contour #3032: Area=   953, Ratio=1.00, Circ=0.90, Sol=0.98 -> Ô£ù REJECTED
              Area too large (953 ÔëÑ 600)
Contour #3033: Area=   957, Ratio=1.00, Circ=0.90, Sol=0.98 -> Ô£ù REJECTED
              Area too large (957 ÔëÑ 600)
Contour #3034: Area=   954, Ratio=0.97, Circ=0.91, Sol=0.99 -> Ô£ù REJECTED
              Area too large (954 ÔëÑ 600)
Contour #3035: Area=   956, Ratio=1.00, Circ=0.90, Sol=0.98 -> Ô£ù REJECTED
              Area too large (956 ÔëÑ 600)
Contour #3036: Area=   953, Ratio=0.97, Circ=0.91, Sol=0.99 -> Ô£ù REJECTED
              Area too large (953 ÔëÑ 600)
Contour #3037: Area=   956, Ratio=1.00, Circ=0.90, Sol=0.98 -> Ô£ù REJECTED
              Area too large (956 ÔëÑ 600)
Contour #3038: Area=   954, Ratio=1.00, Circ=0.91, Sol=0.99 -> Ô£ù REJECTED
              Area too large (954 ÔëÑ 600)
Contour #3039: Area=   956, Ratio=1.00, Circ=0.90, Sol=0.98 -> Ô£ù REJECTED
              Area too large (956 ÔëÑ 600)
Contour #3040: Area=   953, Ratio=1.00, Circ=0.90, Sol=0.98 -> Ô£ù REJECTED
              Area too large (953 ÔëÑ 600)
Contour #3041: Area=   959, Ratio=1.00, Circ=0.90, Sol=0.99 -> Ô£ù REJECTED
              Area too large (959 ÔëÑ 600)
Contour #3042: Area=   949, Ratio=0.97, Circ=0.91, Sol=0.98 -> Ô£ù REJECTED
              Area too large (949 ÔëÑ 600)
Contour #3043: Area=   958, Ratio=1.00, Circ=0.90, Sol=0.98 -> Ô£ù REJECTED
              Area too large (958 ÔëÑ 600)
Contour #3044: Area=   952, Ratio=1.00, Circ=0.90, Sol=0.98 -> Ô£ù REJECTED
              Area too large (952 ÔëÑ 600)
Contour #3045: Area=   957, Ratio=1.00, Circ=0.90, Sol=0.98 -> Ô£ù REJECTED
              Area too large (957 ÔëÑ 600)
Contour #3046: Area=   951, Ratio=1.00, Circ=0.90, Sol=0.98 -> Ô£ù REJECTED
              Area too large (951 ÔëÑ 600)
Contour #3047: Area=   950, Ratio=1.00, Circ=0.90, Sol=0.98 -> Ô£ù REJECTED
              Area too large (950 ÔëÑ 600)
Contour #3048: Area=   956, Ratio=1.00, Circ=0.89, Sol=0.98 -> Ô£ù REJECTED
              Area too large (956 ÔëÑ 600)
Contour #3049: Area=   948, Ratio=1.00, Circ=0.90, Sol=0.98 -> Ô£ù REJECTED
              Area too large (948 ÔëÑ 600)
Contour #3050: Area=   955, Ratio=1.00, Circ=0.90, Sol=0.98 -> Ô£ù REJECTED
              Area too large (955 ÔëÑ 600)
Contour #3051: Area=   950, Ratio=1.00, Circ=0.91, Sol=0.98 -> Ô£ù REJECTED
              Area too large (950 ÔëÑ 600)
Contour #3052: Area=   954, Ratio=1.00, Circ=0.90, Sol=0.98 -> Ô£ù REJECTED
              Area too large (954 ÔëÑ 600)
Contour #3053: Area=   946, Ratio=1.00, Circ=0.89, Sol=0.98 -> Ô£ù REJECTED
              Area too large (946 ÔëÑ 600)
Contour #3054: Area=   954, Ratio=1.00, Circ=0.89, Sol=0.98 -> Ô£ù REJECTED
              Area too large (954 ÔëÑ 600)
Contour #3055: Area=   955, Ratio=1.00, Circ=0.90, Sol=0.98 -> Ô£ù REJECTED
              Area too large (955 ÔëÑ 600)
Contour #3056: Area=   950, Ratio=1.00, Circ=0.90, Sol=0.98 -> Ô£ù REJECTED
              Area too large (950 ÔëÑ 600)
Contour #3057: Area=   955, Ratio=0.97, Circ=0.89, Sol=0.98 -> Ô£ù REJECTED
              Area too large (955 ÔëÑ 600)
Contour #3058: Area=  1224, Ratio=1.00, Circ=0.91, Sol=0.99 -> Ô£ù REJECTED
              Area too large (1224 ÔëÑ 600)
Contour #3059: Area=  1218, Ratio=1.00, Circ=0.90, Sol=0.98 -> Ô£ù REJECTED
              Area too large (1218 ÔëÑ 600)
Contour #3060: Area=  1223, Ratio=1.00, Circ=0.91, Sol=0.99 -> Ô£ù REJECTED
              Area too large (1223 ÔëÑ 600)
Contour #3061: Area=  1222, Ratio=1.00, Circ=0.90, Sol=0.98 -> Ô£ù REJECTED
              Area too large (1222 ÔëÑ 600)
Contour #3062: Area=  1228, Ratio=1.00, Circ=0.91, Sol=0.99 -> Ô£ù REJECTED
              Area too large (1228 ÔëÑ 600)
Contour #3063: Area=  1228, Ratio=1.02, Circ=0.89, Sol=0.98 -> Ô£ù REJECTED
              Area too large (1228 ÔëÑ 600)
Contour #3064: Area=  1228, Ratio=1.02, Circ=0.89, Sol=0.98 -> Ô£ù REJECTED
              Area too large (1228 ÔëÑ 600)
Contour #3065: Area=  1226, Ratio=1.00, Circ=0.91, Sol=0.99 -> Ô£ù REJECTED
              Area too large (1226 ÔëÑ 600)
Contour #3066: Area=  1230, Ratio=1.02, Circ=0.89, Sol=0.98 -> Ô£ù REJECTED
              Area too large (1230 ÔëÑ 600)
Contour #3067: Area=  1226, Ratio=1.00, Circ=0.91, Sol=0.99 -> Ô£ù REJECTED
              Area too large (1226 ÔëÑ 600)
Contour #3068: Area=  1228, Ratio=1.00, Circ=0.91, Sol=0.99 -> Ô£ù REJECTED
              Area too large (1228 ÔëÑ 600)
Contour #3069: Area=  1226, Ratio=1.02, Circ=0.89, Sol=0.98 -> Ô£ù REJECTED
              Area too large (1226 ÔëÑ 600)
Contour #3070: Area=  1226, Ratio=1.00, Circ=0.90, Sol=0.98 -> Ô£ù REJECTED
              Area too large (1226 ÔëÑ 600)
Contour #3071: Area=  1224, Ratio=1.02, Circ=0.89, Sol=0.98 -> Ô£ù REJECTED
              Area too large (1224 ÔëÑ 600)
Contour #3072: Area=  1231, Ratio=1.02, Circ=0.90, Sol=0.98 -> Ô£ù REJECTED
              Area too large (1231 ÔëÑ 600)
Contour #3073: Area=  1228, Ratio=1.02, Circ=0.89, Sol=0.98 -> Ô£ù REJECTED
              Area too large (1228 ÔëÑ 600)
Contour #3074: Area=  1229, Ratio=1.00, Circ=0.91, Sol=0.99 -> Ô£ù REJECTED
              Area too large (1229 ÔëÑ 600)
Contour #3075: Area=  1218, Ratio=1.00, Circ=0.89, Sol=0.98 -> Ô£ù REJECTED
              Area too large (1218 ÔëÑ 600)
Contour #3076: Area=  1228, Ratio=1.02, Circ=0.90, Sol=0.98 -> Ô£ù REJECTED
              Area too large (1228 ÔëÑ 600)
Contour #3077: Area=  1233, Ratio=1.02, Circ=0.90, Sol=0.99 -> Ô£ù REJECTED
              Area too large (1233 ÔëÑ 600)
Contour #3078: Area=  1226, Ratio=1.00, Circ=0.90, Sol=0.98 -> Ô£ù REJECTED
              Area too large (1226 ÔëÑ 600)
Contour #3079: Area=  1232, Ratio=1.00, Circ=0.90, Sol=0.99 -> Ô£ù REJECTED
              Area too large (1232 ÔëÑ 600)
Contour #3080: Area=  1228, Ratio=1.00, Circ=0.91, Sol=0.99 -> Ô£ù REJECTED
              Area too large (1228 ÔëÑ 600)
Contour #3081: Area=  1228, Ratio=1.00, Circ=0.90, Sol=0.99 -> Ô£ù REJECTED
              Area too large (1228 ÔëÑ 600)
Contour #3082: Area=  1224, Ratio=1.00, Circ=0.91, Sol=0.99 -> Ô£ù REJECTED
              Area too large (1224 ÔëÑ 600)
Contour #3083: Area=  1239, Ratio=1.00, Circ=0.90, Sol=0.98 -> Ô£ù REJECTED
              Area too large (1239 ÔëÑ 600)
Contour #3084: Area=  1230, Ratio=1.00, Circ=0.89, Sol=0.98 -> Ô£ù REJECTED
              Area too large (1230 ÔëÑ 600)
Contour #3085: Area=  1230, Ratio=0.98, Circ=0.90, Sol=0.99 -> Ô£ù REJECTED
              Area too large (1230 ÔëÑ 600)
Contour #3086: Area=  1228, Ratio=0.98, Circ=0.89, Sol=0.98 -> Ô£ù REJECTED
              Area too large (1228 ÔëÑ 600)
Contour #3087: Area=  1236, Ratio=0.98, Circ=0.89, Sol=0.98 -> Ô£ù REJECTED
              Area too large (1236 ÔëÑ 600)
Contour #3088: Area=  1226, Ratio=0.98, Circ=0.90, Sol=0.98 -> Ô£ù REJECTED
              Area too large (1226 ÔëÑ 600)
Contour #3089: Area=  1233, Ratio=1.00, Circ=0.89, Sol=0.98 -> Ô£ù REJECTED
              Area too large (1233 ÔëÑ 600)
Contour #3090: Area=  1229, Ratio=1.00, Circ=0.89, Sol=0.98 -> Ô£ù REJECTED
              Area too large (1229 ÔëÑ 600)
Contour #3091: Area=  1230, Ratio=1.00, Circ=0.89, Sol=0.98 -> Ô£ù REJECTED
              Area too large (1230 ÔëÑ 600)
Contour #3092: Area=  1224, Ratio=0.98, Circ=0.89, Sol=0.98 -> Ô£ù REJECTED
              Area too large (1224 ÔëÑ 600)
Contour #3093: Area=  1232, Ratio=0.98, Circ=0.89, Sol=0.98 -> Ô£ù REJECTED
              Area too large (1232 ÔëÑ 600)
Contour #3094: Area=  1220, Ratio=0.98, Circ=0.89, Sol=0.98 -> Ô£ù REJECTED
              Area too large (1220 ÔëÑ 600)
Contour #3095: Area=    76, Ratio=1.00, Circ=0.90, Sol=0.98 -> Ô£ô ACCEPTED
Contour #3096: Area=    74, Ratio=0.91, Circ=0.94, Sol=1.00 -> Ô£ô ACCEPTED
Contour #3097: Area=    80, Ratio=1.00, Circ=0.90, Sol=0.98 -> Ô£ô ACCEPTED
Contour #3098: Area=    74, Ratio=0.91, Circ=0.94, Sol=1.00 -> Ô£ô ACCEPTED
Contour #3099: Area=    80, Ratio=1.00, Circ=0.89, Sol=0.97 -> Ô£ô ACCEPTED
Contour #3100: Area=    77, Ratio=1.00, Circ=0.89, Sol=0.97 -> Ô£ô ACCEPTED
Contour #3101: Area=    77, Ratio=0.91, Circ=0.94, Sol=1.00 -> Ô£ô ACCEPTED
Contour #3102: Area=    78, Ratio=1.00, Circ=0.90, Sol=0.97 -> Ô£ô ACCEPTED
Contour #3103: Area=    77, Ratio=0.91, Circ=0.94, Sol=1.00 -> Ô£ô ACCEPTED
Contour #3104: Area=    75, Ratio=0.91, Circ=0.91, Sol=0.99 -> Ô£ô ACCEPTED
Contour #3105: Area=    80, Ratio=1.00, Circ=0.90, Sol=0.98 -> Ô£ô ACCEPTED
Contour #3106: Area=    78, Ratio=1.00, Circ=0.88, Sol=0.96 -> Ô£ô ACCEPTED
Contour #3107: Area=    77, Ratio=1.00, Circ=0.89, Sol=0.97 -> Ô£ô ACCEPTED
Contour #3108: Area=    77, Ratio=0.83, Circ=0.89, Sol=0.98 -> Ô£ô ACCEPTED
Contour #3109: Area=   444, Ratio=3.50, Circ=0.55, Sol=1.00 -> Ô£ù REJECTED
              Aspect ratio out of range (3.50)
Contour #3110: Area=    97, Ratio=0.86, Circ=0.11, Sol=0.30 -> Ô£ù REJECTED
              Circularity too low (0.11 < 0.6)
Contour #3111: Area=   101, Ratio=0.86, Circ=0.12, Sol=0.31 -> Ô£ù REJECTED
              Circularity too low (0.12 < 0.6)
Contour #3112: Area=    90, Ratio=0.77, Circ=0.10, Sol=0.29 -> Ô£ù REJECTED
              Circularity too low (0.10 < 0.6)
Contour #3113: Area=   109, Ratio=0.86, Circ=0.12, Sol=0.32 -> Ô£ù REJECTED
              Circularity too low (0.12 < 0.6)
Contour #3114: Area=   102, Ratio=0.86, Circ=0.12, Sol=0.32 -> Ô£ù REJECTED
              Circularity too low (0.12 < 0.6)
Contour #3115: Area=   118, Ratio=0.82, Circ=0.13, Sol=0.36 -> Ô£ù REJECTED
              Circularity too low (0.13 < 0.6)
Contour #3116: Area=   106, Ratio=0.82, Circ=0.12, Sol=0.32 -> Ô£ù REJECTED
              Circularity too low (0.12 < 0.6)
Contour #3117: Area=   111, Ratio=0.82, Circ=0.13, Sol=0.34 -> Ô£ù REJECTED
              Circularity too low (0.13 < 0.6)
Contour #3118: Area=    96, Ratio=0.82, Circ=0.11, Sol=0.30 -> Ô£ù REJECTED
              Circularity too low (0.11 < 0.6)
Contour #3119: Area=    99, Ratio=0.82, Circ=0.11, Sol=0.30 -> Ô£ù REJECTED
              Circularity too low (0.11 < 0.6)
Contour #3120: Area=   106, Ratio=0.82, Circ=0.12, Sol=0.32 -> Ô£ù REJECTED
              Circularity too low (0.12 < 0.6)
Contour #3121: Area=   112, Ratio=0.82, Circ=0.13, Sol=0.34 -> Ô£ù REJECTED
              Circularity too low (0.13 < 0.6)
Contour #3122: Area=    94, Ratio=0.82, Circ=0.11, Sol=0.29 -> Ô£ù REJECTED
              Circularity too low (0.11 < 0.6)
Contour #3123: Area=   113, Ratio=0.82, Circ=0.13, Sol=0.34 -> Ô£ù REJECTED
              Circularity too low (0.13 < 0.6)
Contour #3124: Area=   100, Ratio=0.82, Circ=0.11, Sol=0.31 -> Ô£ù REJECTED
              Circularity too low (0.11 < 0.6)
Contour #3125: Area=   100, Ratio=0.82, Circ=0.11, Sol=0.31 -> Ô£ù REJECTED
              Circularity too low (0.11 < 0.6)
Contour #3126: Area=    96, Ratio=0.82, Circ=0.11, Sol=0.30 -> Ô£ù REJECTED
              Circularity too low (0.11 < 0.6)
Contour #3127: Area=   112, Ratio=0.82, Circ=0.13, Sol=0.33 -> Ô£ù REJECTED
              Circularity too low (0.13 < 0.6)
Contour #3128: Area=   824, Ratio=2.63, Circ=0.57, Sol=0.94 -> Ô£ù REJECTED
              Area too large (824 ÔëÑ 600)
Contour #3129: Area=   120, Ratio=0.82, Circ=0.14, Sol=0.36 -> Ô£ù REJECTED
              Circularity too low (0.14 < 0.6)
Contour #3130: Area=   114, Ratio=0.78, Circ=0.13, Sol=0.34 -> Ô£ù REJECTED
              Circularity too low (0.13 < 0.6)
Contour #3131: Area=   183, Ratio=0.68, Circ=0.32, Sol=0.71 -> Ô£ù REJECTED
              Circularity too low (0.32 < 0.6)
Contour #3132: Area=    92, Ratio=0.68, Circ=0.09, Sol=0.36 -> Ô£ù REJECTED
              Circularity too low (0.09 < 0.6)
Contour #3133: Area=   186, Ratio=0.68, Circ=0.33, Sol=0.72 -> Ô£ù REJECTED
              Circularity too low (0.33 < 0.6)
Contour #3134: Area=    87, Ratio=0.68, Circ=0.08, Sol=0.35 -> Ô£ù REJECTED
              Circularity too low (0.08 < 0.6)
Contour #3135: Area=   183, Ratio=0.68, Circ=0.32, Sol=0.71 -> Ô£ù REJECTED
              Circularity too low (0.32 < 0.6)
Contour #3136: Area=    82, Ratio=0.68, Circ=0.08, Sol=0.33 -> Ô£ù REJECTED
              Circularity too low (0.08 < 0.6)
Contour #3137: Area=   180, Ratio=0.65, Circ=0.31, Sol=0.70 -> Ô£ù REJECTED
              Circularity too low (0.31 < 0.6)
Contour #3138: Area=   190, Ratio=0.61, Circ=0.31, Sol=0.73 -> Ô£ù REJECTED
              Circularity too low (0.31 < 0.6)
Contour #3139: Area=   190, Ratio=0.65, Circ=0.32, Sol=0.73 -> Ô£ù REJECTED
              Circularity too low (0.32 < 0.6)
Contour #3140: Area=   190, Ratio=0.65, Circ=0.31, Sol=0.71 -> Ô£ù REJECTED
              Circularity too low (0.31 < 0.6)
Contour #3141: Area=   183, Ratio=0.65, Circ=0.30, Sol=0.70 -> Ô£ù REJECTED
              Circularity too low (0.30 < 0.6)
Contour #3142: Area=   192, Ratio=0.65, Circ=0.33, Sol=0.73 -> Ô£ù REJECTED
              Circularity too low (0.33 < 0.6)
Contour #3143: Area=   182, Ratio=0.61, Circ=0.30, Sol=0.71 -> Ô£ù REJECTED
              Circularity too low (0.30 < 0.6)
Contour #3144: Area=   193, Ratio=0.65, Circ=0.32, Sol=0.73 -> Ô£ù REJECTED
              Circularity too low (0.32 < 0.6)
Contour #3145: Area=   180, Ratio=0.61, Circ=0.30, Sol=0.70 -> Ô£ù REJECTED
              Circularity too low (0.30 < 0.6)
Contour #3146: Area=   186, Ratio=0.65, Circ=0.30, Sol=0.71 -> Ô£ù REJECTED
              Circularity too low (0.30 < 0.6)
Contour #3147: Area=   180, Ratio=0.65, Circ=0.31, Sol=0.70 -> Ô£ù REJECTED
              Circularity too low (0.31 < 0.6)
Contour #3148: Area=     2, Ratio=1.50, Circ=0.64, Sol=1.00 -> Ô£ù REJECTED
              Area too small (2 Ôëñ 30)
Contour #3149: Area=     1, Ratio=1.00, Circ=0.79, Sol=1.00 -> Ô£ù REJECTED
              Area too small (1 Ôëñ 30)
Contour #3150: Area=     2, Ratio=1.50, Circ=0.70, Sol=1.00 -> Ô£ù REJECTED
              Area too small (2 Ôëñ 30)
Contour #3151: Area=     2, Ratio=1.50, Circ=0.70, Sol=1.00 -> Ô£ù REJECTED
              Area too small (2 Ôëñ 30)
Contour #3152: Area=     1, Ratio=1.00, Circ=0.79, Sol=1.00 -> Ô£ù REJECTED
              Area too small (1 Ôëñ 30)
Contour #3153: Area=     2, Ratio=1.50, Circ=0.70, Sol=1.00 -> Ô£ù REJECTED
              Area too small (2 Ôëñ 30)
Contour #3154: Area=     2, Ratio=1.00, Circ=0.81, Sol=1.00 -> Ô£ù REJECTED
              Area too small (2 Ôëñ 30)
Contour #3155: Area=     2, Ratio=1.50, Circ=0.70, Sol=1.00 -> Ô£ù REJECTED
              Area too small (2 Ôëñ 30)
Contour #3156: Area=     1, Ratio=1.00, Circ=0.79, Sol=1.00 -> Ô£ù REJECTED
              Area too small (1 Ôëñ 30)
Contour #3157: Area=     2, Ratio=1.50, Circ=0.64, Sol=1.00 -> Ô£ù REJECTED
              Area too small (2 Ôëñ 30)
Contour #3158: Area=     3, Ratio=1.00, Circ=0.81, Sol=1.00 -> Ô£ù REJECTED
              Area too small (3 Ôëñ 30)
Contour #3159: Area=     4, Ratio=1.33, Circ=0.65, Sol=0.88 -> Ô£ù REJECTED
              Area too small (4 Ôëñ 30)
Contour #3160: Area=     2, Ratio=1.50, Circ=0.64, Sol=1.00 -> Ô£ù REJECTED
              Area too small (2 Ôëñ 30)
Contour #3161: Area=     1, Ratio=1.00, Circ=0.79, Sol=1.00 -> Ô£ù REJECTED
              Area too small (1 Ôëñ 30)
Contour #3162: Area=     3, Ratio=1.00, Circ=0.81, Sol=1.00 -> Ô£ù REJECTED
              Area too small (3 Ôëñ 30)
Contour #3163: Area=     3, Ratio=1.00, Circ=0.81, Sol=1.00 -> Ô£ù REJECTED
              Area too small (3 Ôëñ 30)
Contour #3164: Area=     2, Ratio=1.50, Circ=0.64, Sol=1.00 -> Ô£ù REJECTED
              Area too small (2 Ôëñ 30)
Contour #3165: Area=     3, Ratio=1.00, Circ=0.81, Sol=1.00 -> Ô£ù REJECTED
              Area too small (3 Ôëñ 30)
Contour #3166: Area=     3, Ratio=1.00, Circ=0.81, Sol=1.00 -> Ô£ù REJECTED
              Area too small (3 Ôëñ 30)
Contour #3167: Area=     3, Ratio=1.00, Circ=0.81, Sol=1.00 -> Ô£ù REJECTED
              Area too small (3 Ôëñ 30)
Contour #3168: Area=     2, Ratio=1.00, Circ=0.81, Sol=1.00 -> Ô£ù REJECTED
              Area too small (2 Ôëñ 30)
Contour #3169: Area=     3, Ratio=1.00, Circ=0.81, Sol=1.00 -> Ô£ù REJECTED
              Area too small (3 Ôëñ 30)
Contour #3170: Area=     4, Ratio=1.00, Circ=0.80, Sol=1.00 -> Ô£ù REJECTED
              Area too small (4 Ôëñ 30)
Contour #3171: Area=     3, Ratio=1.00, Circ=0.81, Sol=1.00 -> Ô£ù REJECTED
              Area too small (3 Ôëñ 30)
Contour #3172: Area=     3, Ratio=1.00, Circ=0.81, Sol=1.00 -> Ô£ù REJECTED
              Area too small (3 Ôëñ 30)
Contour #3173: Area=     3, Ratio=1.00, Circ=0.81, Sol=1.00 -> Ô£ù REJECTED
              Area too small (3 Ôëñ 30)
Contour #3174: Area=     3, Ratio=1.00, Circ=0.81, Sol=1.00 -> Ô£ù REJECTED
              Area too small (3 Ôëñ 30)
Contour #3175: Area=     4, Ratio=1.33, Circ=0.86, Sol=1.00 -> Ô£ù REJECTED
              Area too small (4 Ôëñ 30)
Contour #3176: Area=     2, Ratio=1.00, Circ=0.81, Sol=1.00 -> Ô£ù REJECTED
              Area too small (2 Ôëñ 30)
Contour #3177: Area=     3, Ratio=1.00, Circ=0.81, Sol=1.00 -> Ô£ù REJECTED
              Area too small (3 Ôëñ 30)
Contour #3178: Area=     3, Ratio=1.00, Circ=0.81, Sol=1.00 -> Ô£ù REJECTED
              Area too small (3 Ôëñ 30)
Contour #3179: Area=     4, Ratio=1.00, Circ=0.80, Sol=1.00 -> Ô£ù REJECTED
              Area too small (4 Ôëñ 30)
Contour #3180: Area=     2, Ratio=0.67, Circ=0.70, Sol=1.00 -> Ô£ù REJECTED
              Area too small (2 Ôëñ 30)
Contour #3181: Area=     4, Ratio=1.00, Circ=0.80, Sol=1.00 -> Ô£ù REJECTED
              Area too small (4 Ôëñ 30)
Contour #3182: Area=     4, Ratio=1.00, Circ=0.80, Sol=1.00 -> Ô£ù REJECTED
              Area too small (4 Ôëñ 30)
Contour #3183: Area=     4, Ratio=1.00, Circ=0.80, Sol=1.00 -> Ô£ù REJECTED
              Area too small (4 Ôëñ 30)
Contour #3184: Area=     3, Ratio=1.00, Circ=0.81, Sol=1.00 -> Ô£ù REJECTED
              Area too small (3 Ôëñ 30)
Contour #3185: Area=     2, Ratio=1.00, Circ=0.81, Sol=1.00 -> Ô£ù REJECTED
              Area too small (2 Ôëñ 30)
Contour #3186: Area=     3, Ratio=1.00, Circ=0.81, Sol=1.00 -> Ô£ù REJECTED
              Area too small (3 Ôëñ 30)
Contour #3187: Area=     4, Ratio=1.00, Circ=0.80, Sol=1.00 -> Ô£ù REJECTED
              Area too small (4 Ôëñ 30)
Contour #3188: Area=   944, Ratio=1.03, Circ=0.91, Sol=0.99 -> Ô£ù REJECTED
              Area too large (944 ÔëÑ 600)
Contour #3189: Area=   952, Ratio=1.03, Circ=0.91, Sol=0.99 -> Ô£ù REJECTED
              Area too large (952 ÔëÑ 600)
Contour #3190: Area=   946, Ratio=1.03, Circ=0.91, Sol=0.99 -> Ô£ù REJECTED
              Area too large (946 ÔëÑ 600)
Contour #3191: Area=   955, Ratio=1.00, Circ=0.90, Sol=0.98 -> Ô£ù REJECTED
              Area too large (955 ÔëÑ 600)
Contour #3192: Area=   952, Ratio=1.00, Circ=0.90, Sol=0.98 -> Ô£ù REJECTED
              Area too large (952 ÔëÑ 600)
Contour #3193: Area=   960, Ratio=1.00, Circ=0.90, Sol=0.98 -> Ô£ù REJECTED
              Area too large (960 ÔëÑ 600)
Contour #3194: Area=   954, Ratio=1.00, Circ=0.90, Sol=0.98 -> Ô£ù REJECTED
              Area too large (954 ÔëÑ 600)
Contour #3195: Area=   959, Ratio=1.00, Circ=0.90, Sol=0.98 -> Ô£ù REJECTED
              Area too large (959 ÔëÑ 600)
Contour #3196: Area=   952, Ratio=1.00, Circ=0.91, Sol=0.99 -> Ô£ù REJECTED
              Area too large (952 ÔëÑ 600)
Contour #3197: Area=   959, Ratio=1.00, Circ=0.90, Sol=0.99 -> Ô£ù REJECTED
              Area too large (959 ÔëÑ 600)
Contour #3198: Area=   957, Ratio=1.00, Circ=0.90, Sol=0.98 -> Ô£ù REJECTED
              Area too large (957 ÔëÑ 600)
Contour #3199: Area=   957, Ratio=1.00, Circ=0.90, Sol=0.98 -> Ô£ù REJECTED
              Area too large (957 ÔëÑ 600)
Contour #3200: Area=   958, Ratio=1.00, Circ=0.90, Sol=0.98 -> Ô£ù REJECTED
              Area too large (958 ÔëÑ 600)
Contour #3201: Area=   961, Ratio=1.00, Circ=0.91, Sol=0.99 -> Ô£ù REJECTED
              Area too large (961 ÔëÑ 600)
Contour #3202: Area=   962, Ratio=1.00, Circ=0.90, Sol=0.98 -> Ô£ù REJECTED
              Area too large (962 ÔëÑ 600)
Contour #3203: Area=   962, Ratio=1.00, Circ=0.91, Sol=0.99 -> Ô£ù REJECTED
              Area too large (962 ÔëÑ 600)
Contour #3204: Area=   955, Ratio=1.00, Circ=0.90, Sol=0.98 -> Ô£ù REJECTED
              Area too large (955 ÔëÑ 600)
Contour #3205: Area=   963, Ratio=1.03, Circ=0.90, Sol=0.98 -> Ô£ù REJECTED
              Area too large (963 ÔëÑ 600)
Contour #3206: Area=   960, Ratio=1.00, Circ=0.91, Sol=0.98 -> Ô£ù REJECTED
              Area too large (960 ÔëÑ 600)
Contour #3207: Area=   961, Ratio=1.00, Circ=0.91, Sol=0.99 -> Ô£ù REJECTED
              Area too large (961 ÔëÑ 600)
Contour #3208: Area=   962, Ratio=1.00, Circ=0.90, Sol=0.98 -> Ô£ù REJECTED
              Area too large (962 ÔëÑ 600)
Contour #3209: Area=   965, Ratio=1.00, Circ=0.91, Sol=0.99 -> Ô£ù REJECTED
              Area too large (965 ÔëÑ 600)
Contour #3210: Area=   958, Ratio=0.97, Circ=0.89, Sol=0.98 -> Ô£ù REJECTED
              Area too large (958 ÔëÑ 600)
Contour #3211: Area=   961, Ratio=1.00, Circ=0.91, Sol=0.99 -> Ô£ù REJECTED
              Area too large (961 ÔëÑ 600)
Contour #3212: Area=   957, Ratio=1.00, Circ=0.90, Sol=0.98 -> Ô£ù REJECTED
              Area too large (957 ÔëÑ 600)
Contour #3213: Area=   959, Ratio=1.00, Circ=0.90, Sol=0.98 -> Ô£ù REJECTED
              Area too large (959 ÔëÑ 600)
Contour #3214: Area=   954, Ratio=1.00, Circ=0.91, Sol=0.99 -> Ô£ù REJECTED
              Area too large (954 ÔëÑ 600)
Contour #3215: Area=   954, Ratio=1.00, Circ=0.90, Sol=0.98 -> Ô£ù REJECTED
              Area too large (954 ÔëÑ 600)
Contour #3216: Area=   949, Ratio=1.00, Circ=0.90, Sol=0.98 -> Ô£ù REJECTED
              Area too large (949 ÔëÑ 600)
Contour #3217: Area=   956, Ratio=1.00, Circ=0.90, Sol=0.98 -> Ô£ù REJECTED
              Area too large (956 ÔëÑ 600)
Contour #3218: Area=   955, Ratio=1.00, Circ=0.90, Sol=0.98 -> Ô£ù REJECTED
              Area too large (955 ÔëÑ 600)
Contour #3219: Area=   950, Ratio=1.00, Circ=0.91, Sol=0.98 -> Ô£ù REJECTED
              Area too large (950 ÔëÑ 600)
Contour #3220: Area=   957, Ratio=1.00, Circ=0.90, Sol=0.98 -> Ô£ù REJECTED
              Area too large (957 ÔëÑ 600)
Contour #3221: Area=   950, Ratio=1.00, Circ=0.90, Sol=0.98 -> Ô£ù REJECTED
              Area too large (950 ÔëÑ 600)
Contour #3222: Area=   959, Ratio=1.00, Circ=0.90, Sol=0.98 -> Ô£ù REJECTED
              Area too large (959 ÔëÑ 600)
Contour #3223: Area=   952, Ratio=1.00, Circ=0.90, Sol=0.98 -> Ô£ù REJECTED
              Area too large (952 ÔëÑ 600)
Contour #3224: Area=   954, Ratio=1.00, Circ=0.90, Sol=0.98 -> Ô£ù REJECTED
              Area too large (954 ÔëÑ 600)
Contour #3225: Area=  1227, Ratio=1.02, Circ=0.90, Sol=0.98 -> Ô£ù REJECTED
              Area too large (1227 ÔëÑ 600)
Contour #3226: Area=  1230, Ratio=1.02, Circ=0.90, Sol=0.98 -> Ô£ù REJECTED
              Area too large (1230 ÔëÑ 600)
Contour #3227: Area=  1226, Ratio=1.02, Circ=0.89, Sol=0.98 -> Ô£ù REJECTED
              Area too large (1226 ÔëÑ 600)
Contour #3228: Area=  1232, Ratio=1.00, Circ=0.91, Sol=0.99 -> Ô£ù REJECTED
              Area too large (1232 ÔëÑ 600)
Contour #3229: Area=  1227, Ratio=1.00, Circ=0.91, Sol=0.99 -> Ô£ù REJECTED
              Area too large (1227 ÔëÑ 600)
Contour #3230: Area=  1230, Ratio=1.00, Circ=0.90, Sol=0.98 -> Ô£ù REJECTED
              Area too large (1230 ÔëÑ 600)
Contour #3231: Area=  1224, Ratio=1.00, Circ=0.90, Sol=0.99 -> Ô£ù REJECTED
              Area too large (1224 ÔëÑ 600)
Contour #3232: Area=  1234, Ratio=1.02, Circ=0.89, Sol=0.98 -> Ô£ù REJECTED
              Area too large (1234 ÔëÑ 600)
Contour #3233: Area=  1228, Ratio=1.02, Circ=0.89, Sol=0.98 -> Ô£ù REJECTED
              Area too large (1228 ÔëÑ 600)
Contour #3234: Area=  1232, Ratio=1.02, Circ=0.89, Sol=0.98 -> Ô£ù REJECTED
              Area too large (1232 ÔëÑ 600)
Contour #3235: Area=  1225, Ratio=1.00, Circ=0.91, Sol=0.99 -> Ô£ù REJECTED
              Area too large (1225 ÔëÑ 600)
Contour #3236: Area=  1231, Ratio=1.00, Circ=0.91, Sol=0.99 -> Ô£ù REJECTED
              Area too large (1231 ÔëÑ 600)
Contour #3237: Area=  1227, Ratio=1.00, Circ=0.91, Sol=0.99 -> Ô£ù REJECTED
              Area too large (1227 ÔëÑ 600)
Contour #3238: Area=  1232, Ratio=1.02, Circ=0.89, Sol=0.98 -> Ô£ù REJECTED
              Area too large (1232 ÔëÑ 600)
Contour #3239: Area=  1228, Ratio=1.02, Circ=0.88, Sol=0.98 -> Ô£ù REJECTED
              Area too large (1228 ÔëÑ 600)
Contour #3240: Area=  1230, Ratio=1.02, Circ=0.90, Sol=0.98 -> Ô£ù REJECTED
              Area too large (1230 ÔëÑ 600)
Contour #3241: Area=  1222, Ratio=1.00, Circ=0.91, Sol=0.99 -> Ô£ù REJECTED
              Area too large (1222 ÔëÑ 600)
Contour #3242: Area=  1226, Ratio=1.00, Circ=0.91, Sol=0.99 -> Ô£ù REJECTED
              Area too large (1226 ÔëÑ 600)
Contour #3243: Area=  1222, Ratio=1.00, Circ=0.91, Sol=0.99 -> Ô£ù REJECTED
              Area too large (1222 ÔëÑ 600)
Contour #3244: Area=  1221, Ratio=0.98, Circ=0.89, Sol=0.98 -> Ô£ù REJECTED
              Area too large (1221 ÔëÑ 600)
Contour #3245: Area=  1222, Ratio=1.02, Circ=0.89, Sol=0.98 -> Ô£ù REJECTED
              Area too large (1222 ÔëÑ 600)
Contour #3246: Area=  1224, Ratio=1.00, Circ=0.90, Sol=0.98 -> Ô£ù REJECTED
              Area too large (1224 ÔëÑ 600)
Contour #3247: Area=  1224, Ratio=1.00, Circ=0.90, Sol=0.98 -> Ô£ù REJECTED
              Area too large (1224 ÔëÑ 600)
Contour #3248: Area=  1224, Ratio=0.98, Circ=0.89, Sol=0.98 -> Ô£ù REJECTED
              Area too large (1224 ÔëÑ 600)
Contour #3249: Area=  1224, Ratio=1.00, Circ=0.90, Sol=0.99 -> Ô£ù REJECTED
              Area too large (1224 ÔëÑ 600)
Contour #3250: Area=  1234, Ratio=1.00, Circ=0.89, Sol=0.98 -> Ô£ù REJECTED
              Area too large (1234 ÔëÑ 600)
Contour #3251: Area=  1226, Ratio=0.98, Circ=0.89, Sol=0.98 -> Ô£ù REJECTED
              Area too large (1226 ÔëÑ 600)
Contour #3252: Area=  1234, Ratio=1.00, Circ=0.89, Sol=0.98 -> Ô£ù REJECTED
              Area too large (1234 ÔëÑ 600)
Contour #3253: Area=  1230, Ratio=0.98, Circ=0.89, Sol=0.98 -> Ô£ù REJECTED
              Area too large (1230 ÔëÑ 600)
Contour #3254: Area=  1236, Ratio=0.98, Circ=0.89, Sol=0.98 -> Ô£ù REJECTED
              Area too large (1236 ÔëÑ 600)
Contour #3255: Area=  1228, Ratio=1.00, Circ=0.89, Sol=0.98 -> Ô£ù REJECTED
              Area too large (1228 ÔëÑ 600)
Contour #3256: Area=  1229, Ratio=1.00, Circ=0.91, Sol=0.99 -> Ô£ù REJECTED
              Area too large (1229 ÔëÑ 600)
Contour #3257: Area=  1226, Ratio=1.02, Circ=0.90, Sol=0.98 -> Ô£ù REJECTED
              Area too large (1226 ÔëÑ 600)
Contour #3258: Area=  1231, Ratio=1.02, Circ=0.90, Sol=0.99 -> Ô£ù REJECTED
              Area too large (1231 ÔëÑ 600)
Contour #3259: Area=  1226, Ratio=1.02, Circ=0.89, Sol=0.98 -> Ô£ù REJECTED
              Area too large (1226 ÔëÑ 600)
Contour #3260: Area=  1230, Ratio=1.00, Circ=0.90, Sol=0.99 -> Ô£ù REJECTED
              Area too large (1230 ÔëÑ 600)
Contour #3261: Area=  1221, Ratio=1.00, Circ=0.90, Sol=0.99 -> Ô£ù REJECTED
              Area too large (1221 ÔëÑ 600)
Contour #3262: Area=   445, Ratio=3.50, Circ=0.55, Sol=1.00 -> Ô£ù REJECTED
              Aspect ratio out of range (3.50)
Contour #3263: Area=   823, Ratio=2.63, Circ=0.56, Sol=0.93 -> Ô£ù REJECTED
              Area too large (823 ÔëÑ 600)
Contour #3264: Area=   108, Ratio=0.82, Circ=0.12, Sol=0.32 -> Ô£ù REJECTED
              Circularity too low (0.12 < 0.6)
Contour #3265: Area=   124, Ratio=0.82, Circ=0.14, Sol=0.37 -> Ô£ù REJECTED
              Circularity too low (0.14 < 0.6)
Contour #3266: Area=   108, Ratio=0.82, Circ=0.12, Sol=0.32 -> Ô£ù REJECTED
              Circularity too low (0.12 < 0.6)
Contour #3267: Area=   116, Ratio=0.82, Circ=0.13, Sol=0.34 -> Ô£ù REJECTED
              Circularity too low (0.13 < 0.6)
Contour #3268: Area=   100, Ratio=0.82, Circ=0.11, Sol=0.30 -> Ô£ù REJECTED
              Circularity too low (0.11 < 0.6)
Contour #3269: Area=   112, Ratio=0.82, Circ=0.13, Sol=0.33 -> Ô£ù REJECTED
              Circularity too low (0.13 < 0.6)
Contour #3270: Area=   106, Ratio=0.82, Circ=0.12, Sol=0.32 -> Ô£ù REJECTED
              Circularity too low (0.12 < 0.6)
Contour #3271: Area=   119, Ratio=0.82, Circ=0.13, Sol=0.35 -> Ô£ù REJECTED
              Circularity too low (0.13 < 0.6)
Contour #3272: Area=   109, Ratio=0.82, Circ=0.12, Sol=0.32 -> Ô£ù REJECTED
              Circularity too low (0.12 < 0.6)
Contour #3273: Area=   112, Ratio=0.82, Circ=0.12, Sol=0.33 -> Ô£ù REJECTED
              Circularity too low (0.12 < 0.6)
Contour #3274: Area=    96, Ratio=0.82, Circ=0.11, Sol=0.29 -> Ô£ù REJECTED
              Circularity too low (0.11 < 0.6)
Contour #3275: Area=   103, Ratio=0.82, Circ=0.11, Sol=0.31 -> Ô£ù REJECTED
              Circularity too low (0.11 < 0.6)
Contour #3276: Area=   100, Ratio=0.82, Circ=0.11, Sol=0.30 -> Ô£ù REJECTED
              Circularity too low (0.11 < 0.6)
Contour #3277: Area=   111, Ratio=0.82, Circ=0.13, Sol=0.33 -> Ô£ù REJECTED
              Circularity too low (0.13 < 0.6)
Contour #3278: Area=    98, Ratio=0.82, Circ=0.11, Sol=0.29 -> Ô£ù REJECTED
              Circularity too low (0.11 < 0.6)
Contour #3279: Area=   114, Ratio=0.82, Circ=0.13, Sol=0.34 -> Ô£ù REJECTED
              Circularity too low (0.13 < 0.6)
Contour #3280: Area=    98, Ratio=0.82, Circ=0.11, Sol=0.29 -> Ô£ù REJECTED
              Circularity too low (0.11 < 0.6)
Contour #3281: Area=    98, Ratio=0.82, Circ=0.11, Sol=0.30 -> Ô£ù REJECTED
              Circularity too low (0.11 < 0.6)
Contour #3282: Area=    93, Ratio=0.77, Circ=0.11, Sol=0.29 -> Ô£ù REJECTED
              Circularity too low (0.11 < 0.6)
Contour #3283: Area=   114, Ratio=0.78, Circ=0.13, Sol=0.33 -> Ô£ù REJECTED
              Circularity too low (0.13 < 0.6)
Contour #3284: Area=    95, Ratio=0.64, Circ=0.10, Sol=0.38 -> Ô£ù REJECTED
              Circularity too low (0.10 < 0.6)
Contour #3285: Area=   100, Ratio=0.64, Circ=0.11, Sol=0.40 -> Ô£ù REJECTED
              Circularity too low (0.11 < 0.6)
Contour #3286: Area=    98, Ratio=0.68, Circ=0.11, Sol=0.38 -> Ô£ù REJECTED
              Circularity too low (0.11 < 0.6)
Contour #3287: Area=   102, Ratio=0.64, Circ=0.11, Sol=0.40 -> Ô£ù REJECTED
              Circularity too low (0.11 < 0.6)
Contour #3288: Area=    97, Ratio=0.68, Circ=0.11, Sol=0.38 -> Ô£ù REJECTED
              Circularity too low (0.11 < 0.6)
Contour #3289: Area=   104, Ratio=0.68, Circ=0.11, Sol=0.40 -> Ô£ù REJECTED
              Circularity too low (0.11 < 0.6)
Contour #3290: Area=    98, Ratio=0.64, Circ=0.11, Sol=0.39 -> Ô£ù REJECTED
              Circularity too low (0.11 < 0.6)
Contour #3291: Area=   102, Ratio=0.68, Circ=0.11, Sol=0.39 -> Ô£ù REJECTED
              Circularity too low (0.11 < 0.6)
Contour #3292: Area=    96, Ratio=0.64, Circ=0.11, Sol=0.38 -> Ô£ù REJECTED
              Circularity too low (0.11 < 0.6)
Contour #3293: Area=   105, Ratio=0.65, Circ=0.11, Sol=0.39 -> Ô£ù REJECTED
              Circularity too low (0.11 < 0.6)
Contour #3294: Area=    96, Ratio=0.68, Circ=0.11, Sol=0.37 -> Ô£ù REJECTED
              Circularity too low (0.11 < 0.6)
Contour #3295: Area=   100, Ratio=0.65, Circ=0.11, Sol=0.38 -> Ô£ù REJECTED
              Circularity too low (0.11 < 0.6)
Contour #3296: Area=    86, Ratio=0.68, Circ=0.09, Sol=0.34 -> Ô£ù REJECTED
              Circularity too low (0.09 < 0.6)
Contour #3297: Area=   101, Ratio=0.65, Circ=0.11, Sol=0.39 -> Ô£ù REJECTED
              Circularity too low (0.11 < 0.6)
Contour #3298: Area=    84, Ratio=0.64, Circ=0.09, Sol=0.33 -> Ô£ù REJECTED
              Circularity too low (0.09 < 0.6)
Contour #3299: Area=   104, Ratio=0.65, Circ=0.11, Sol=0.39 -> Ô£ù REJECTED
              Circularity too low (0.11 < 0.6)
Contour #3300: Area=    83, Ratio=0.65, Circ=0.09, Sol=0.32 -> Ô£ù REJECTED
              Circularity too low (0.09 < 0.6)
Contour #3301: Area=   950, Ratio=1.03, Circ=0.90, Sol=0.98 -> Ô£ù REJECTED
              Area too large (950 ÔëÑ 600)
Contour #3302: Area=   937, Ratio=1.00, Circ=0.91, Sol=0.99 -> Ô£ù REJECTED
              Area too large (937 ÔëÑ 600)
Contour #3303: Area=   951, Ratio=1.03, Circ=0.91, Sol=0.99 -> Ô£ù REJECTED
              Area too large (951 ÔëÑ 600)
Contour #3304: Area=   952, Ratio=1.03, Circ=0.91, Sol=0.99 -> Ô£ù REJECTED
              Area too large (952 ÔëÑ 600)
Contour #3305: Area=   957, Ratio=1.03, Circ=0.92, Sol=0.99 -> Ô£ù REJECTED
              Area too large (957 ÔëÑ 600)
Contour #3306: Area=   951, Ratio=1.03, Circ=0.91, Sol=0.99 -> Ô£ù REJECTED
              Area too large (951 ÔëÑ 600)
Contour #3307: Area=   953, Ratio=1.00, Circ=0.90, Sol=0.98 -> Ô£ù REJECTED
              Area too large (953 ÔëÑ 600)
Contour #3308: Area=   950, Ratio=1.00, Circ=0.89, Sol=0.98 -> Ô£ù REJECTED
              Area too large (950 ÔëÑ 600)
Contour #3309: Area=   948, Ratio=1.00, Circ=0.89, Sol=0.98 -> Ô£ù REJECTED
              Area too large (948 ÔëÑ 600)
Contour #3310: Area=   954, Ratio=1.00, Circ=0.90, Sol=0.98 -> Ô£ù REJECTED
              Area too large (954 ÔëÑ 600)
Contour #3311: Area=   954, Ratio=1.00, Circ=0.90, Sol=0.98 -> Ô£ù REJECTED
              Area too large (954 ÔëÑ 600)
Contour #3312: Area=   952, Ratio=1.00, Circ=0.90, Sol=0.98 -> Ô£ù REJECTED
              Area too large (952 ÔëÑ 600)
Contour #3313: Area=   960, Ratio=1.00, Circ=0.90, Sol=0.98 -> Ô£ù REJECTED
              Area too large (960 ÔëÑ 600)
Contour #3314: Area=   954, Ratio=1.00, Circ=0.89, Sol=0.98 -> Ô£ù REJECTED
              Area too large (954 ÔëÑ 600)
Contour #3315: Area=   956, Ratio=1.03, Circ=0.89, Sol=0.98 -> Ô£ù REJECTED
              Area too large (956 ÔëÑ 600)
Contour #3316: Area=   958, Ratio=1.00, Circ=0.89, Sol=0.98 -> Ô£ù REJECTED
              Area too large (958 ÔëÑ 600)
Contour #3317: Area=   960, Ratio=1.00, Circ=0.90, Sol=0.98 -> Ô£ù REJECTED
              Area too large (960 ÔëÑ 600)
Contour #3318: Area=   962, Ratio=1.00, Circ=0.91, Sol=0.99 -> Ô£ù REJECTED
              Area too large (962 ÔëÑ 600)
Contour #3319: Area=   966, Ratio=1.00, Circ=0.90, Sol=0.98 -> Ô£ù REJECTED
              Area too large (966 ÔëÑ 600)
Contour #3320: Area=   960, Ratio=1.00, Circ=0.91, Sol=0.99 -> Ô£ù REJECTED
              Area too large (960 ÔëÑ 600)
Contour #3321: Area=   960, Ratio=1.00, Circ=0.91, Sol=0.99 -> Ô£ù REJECTED
              Area too large (960 ÔëÑ 600)
Contour #3322: Area=   959, Ratio=1.00, Circ=0.90, Sol=0.99 -> Ô£ù REJECTED
              Area too large (959 ÔëÑ 600)
Contour #3323: Area=   958, Ratio=1.00, Circ=0.90, Sol=0.98 -> Ô£ù REJECTED
              Area too large (958 ÔëÑ 600)
Contour #3324: Area=   958, Ratio=1.00, Circ=0.90, Sol=0.98 -> Ô£ù REJECTED
              Area too large (958 ÔëÑ 600)
Contour #3325: Area=   960, Ratio=1.00, Circ=0.91, Sol=0.99 -> Ô£ù REJECTED
              Area too large (960 ÔëÑ 600)
Contour #3326: Area=   952, Ratio=1.00, Circ=0.90, Sol=0.98 -> Ô£ù REJECTED
              Area too large (952 ÔëÑ 600)
Contour #3327: Area=   955, Ratio=1.00, Circ=0.90, Sol=0.98 -> Ô£ù REJECTED
              Area too large (955 ÔëÑ 600)
Contour #3328: Area=   951, Ratio=1.00, Circ=0.90, Sol=0.98 -> Ô£ù REJECTED
              Area too large (951 ÔëÑ 600)
Contour #3329: Area=   960, Ratio=1.00, Circ=0.90, Sol=0.98 -> Ô£ù REJECTED
              Area too large (960 ÔëÑ 600)
Contour #3330: Area=   954, Ratio=1.00, Circ=0.90, Sol=0.98 -> Ô£ù REJECTED
              Area too large (954 ÔëÑ 600)
Contour #3331: Area=   957, Ratio=1.00, Circ=0.90, Sol=0.98 -> Ô£ù REJECTED
              Area too large (957 ÔëÑ 600)
Contour #3332: Area=   954, Ratio=1.00, Circ=0.90, Sol=0.98 -> Ô£ù REJECTED
              Area too large (954 ÔëÑ 600)
Contour #3333: Area=   956, Ratio=1.00, Circ=0.89, Sol=0.98 -> Ô£ù REJECTED
              Area too large (956 ÔëÑ 600)
Contour #3334: Area=   945, Ratio=0.97, Circ=0.90, Sol=0.98 -> Ô£ù REJECTED
              Area too large (945 ÔëÑ 600)
Contour #3335: Area=   960, Ratio=1.00, Circ=0.90, Sol=0.98 -> Ô£ù REJECTED
              Area too large (960 ÔëÑ 600)
Contour #3336: Area=   954, Ratio=1.00, Circ=0.90, Sol=0.98 -> Ô£ù REJECTED
              Area too large (954 ÔëÑ 600)
Contour #3337: Area=   954, Ratio=1.00, Circ=0.90, Sol=0.98 -> Ô£ù REJECTED
              Area too large (954 ÔëÑ 600)
Contour #3338: Area=  1224, Ratio=1.00, Circ=0.90, Sol=0.98 -> Ô£ù REJECTED
              Area too large (1224 ÔëÑ 600)
Contour #3339: Area=  1227, Ratio=1.02, Circ=0.90, Sol=0.98 -> Ô£ù REJECTED
              Area too large (1227 ÔëÑ 600)
Contour #3340: Area=  1228, Ratio=1.02, Circ=0.90, Sol=0.98 -> Ô£ù REJECTED
              Area too large (1228 ÔëÑ 600)
Contour #3341: Area=  1228, Ratio=1.02, Circ=0.89, Sol=0.98 -> Ô£ù REJECTED
              Area too large (1228 ÔëÑ 600)
Contour #3342: Area=  1225, Ratio=1.00, Circ=0.91, Sol=0.99 -> Ô£ù REJECTED
              Area too large (1225 ÔëÑ 600)
Contour #3343: Area=  1229, Ratio=1.00, Circ=0.91, Sol=0.99 -> Ô£ù REJECTED
              Area too large (1229 ÔëÑ 600)
Contour #3344: Area=  1221, Ratio=1.00, Circ=0.90, Sol=0.99 -> Ô£ù REJECTED
              Area too large (1221 ÔëÑ 600)
Contour #3345: Area=  1222, Ratio=1.00, Circ=0.90, Sol=0.98 -> Ô£ù REJECTED
              Area too large (1222 ÔëÑ 600)
Contour #3346: Area=  1221, Ratio=1.02, Circ=0.89, Sol=0.98 -> Ô£ù REJECTED
              Area too large (1221 ÔëÑ 600)
Contour #3347: Area=  1226, Ratio=1.00, Circ=0.91, Sol=0.99 -> Ô£ù REJECTED
              Area too large (1226 ÔëÑ 600)
Contour #3348: Area=  1222, Ratio=1.00, Circ=0.91, Sol=0.99 -> Ô£ù REJECTED
              Area too large (1222 ÔëÑ 600)
Contour #3349: Area=  1222, Ratio=1.00, Circ=0.91, Sol=0.99 -> Ô£ù REJECTED
              Area too large (1222 ÔëÑ 600)
Contour #3350: Area=  1224, Ratio=1.00, Circ=0.91, Sol=0.99 -> Ô£ù REJECTED
              Area too large (1224 ÔëÑ 600)
Contour #3351: Area=  1233, Ratio=1.02, Circ=0.89, Sol=0.98 -> Ô£ù REJECTED
              Area too large (1233 ÔëÑ 600)
Contour #3352: Area=  1225, Ratio=1.00, Circ=0.91, Sol=0.99 -> Ô£ù REJECTED
              Area too large (1225 ÔëÑ 600)
Contour #3353: Area=  1230, Ratio=1.02, Circ=0.89, Sol=0.98 -> Ô£ù REJECTED
              Area too large (1230 ÔëÑ 600)
Contour #3354: Area=  1226, Ratio=1.00, Circ=0.91, Sol=0.99 -> Ô£ù REJECTED
              Area too large (1226 ÔëÑ 600)
Contour #3355: Area=  1228, Ratio=1.00, Circ=0.91, Sol=0.99 -> Ô£ù REJECTED
              Area too large (1228 ÔëÑ 600)
Contour #3356: Area=  1224, Ratio=1.02, Circ=0.89, Sol=0.98 -> Ô£ù REJECTED
              Area too large (1224 ÔëÑ 600)
Contour #3357: Area=  1227, Ratio=1.02, Circ=0.90, Sol=0.98 -> Ô£ù REJECTED
              Area too large (1227 ÔëÑ 600)
Contour #3358: Area=  1230, Ratio=1.02, Circ=0.90, Sol=0.98 -> Ô£ù REJECTED
              Area too large (1230 ÔëÑ 600)
Contour #3359: Area=  1223, Ratio=1.02, Circ=0.89, Sol=0.98 -> Ô£ù REJECTED
              Area too large (1223 ÔëÑ 600)
Contour #3360: Area=  1228, Ratio=1.00, Circ=0.90, Sol=0.98 -> Ô£ù REJECTED
              Area too large (1228 ÔëÑ 600)
Contour #3361: Area=  1223, Ratio=1.00, Circ=0.91, Sol=0.99 -> Ô£ù REJECTED
              Area too large (1223 ÔëÑ 600)
Contour #3362: Area=  1228, Ratio=1.00, Circ=0.89, Sol=0.98 -> Ô£ù REJECTED
              Area too large (1228 ÔëÑ 600)
Contour #3363: Area=  1240, Ratio=1.00, Circ=0.90, Sol=0.98 -> Ô£ù REJECTED
              Area too large (1240 ÔëÑ 600)
Contour #3364: Area=  1231, Ratio=1.00, Circ=0.89, Sol=0.98 -> Ô£ù REJECTED
              Area too large (1231 ÔëÑ 600)
Contour #3365: Area=  1231, Ratio=0.98, Circ=0.88, Sol=0.98 -> Ô£ù REJECTED
              Area too large (1231 ÔëÑ 600)
Contour #3366: Area=  1230, Ratio=0.98, Circ=0.88, Sol=0.98 -> Ô£ù REJECTED
              Area too large (1230 ÔëÑ 600)
Contour #3367: Area=  1232, Ratio=0.98, Circ=0.89, Sol=0.98 -> Ô£ù REJECTED
              Area too large (1232 ÔëÑ 600)
Contour #3368: Area=  1228, Ratio=0.98, Circ=0.90, Sol=0.98 -> Ô£ù REJECTED
              Area too large (1228 ÔëÑ 600)
Contour #3369: Area=  1240, Ratio=1.00, Circ=0.90, Sol=0.98 -> Ô£ù REJECTED
              Area too large (1240 ÔëÑ 600)
Contour #3370: Area=  1232, Ratio=1.00, Circ=0.89, Sol=0.98 -> Ô£ù REJECTED
              Area too large (1232 ÔëÑ 600)
Contour #3371: Area=  1234, Ratio=1.00, Circ=0.88, Sol=0.98 -> Ô£ù REJECTED
              Area too large (1234 ÔëÑ 600)
Contour #3372: Area=  1230, Ratio=0.98, Circ=0.89, Sol=0.98 -> Ô£ù REJECTED
              Area too large (1230 ÔëÑ 600)
Contour #3373: Area=  1234, Ratio=0.98, Circ=0.90, Sol=0.98 -> Ô£ù REJECTED
              Area too large (1234 ÔëÑ 600)
Contour #3374: Area=  1230, Ratio=0.98, Circ=0.89, Sol=0.98 -> Ô£ù REJECTED
              Area too large (1230 ÔëÑ 600)
Contour #3375: Area=    48, Ratio=0.90, Circ=0.80, Sol=0.95 -> Ô£ô ACCEPTED
Contour #3376: Area=    44, Ratio=0.80, Circ=0.81, Sol=0.95 -> Ô£ô ACCEPTED
Contour #3377: Area=    46, Ratio=0.80, Circ=0.82, Sol=0.97 -> Ô£ô ACCEPTED
Contour #3378: Area=    42, Ratio=0.70, Circ=0.80, Sol=0.98 -> Ô£ô ACCEPTED
Contour #3379: Area=    46, Ratio=0.80, Circ=0.82, Sol=0.99 -> Ô£ô ACCEPTED
Contour #3380: Area=    44, Ratio=0.80, Circ=0.78, Sol=0.98 -> Ô£ô ACCEPTED
Contour #3381: Area=    48, Ratio=0.80, Circ=0.85, Sol=0.98 -> Ô£ô ACCEPTED
Contour #3382: Area=    44, Ratio=0.80, Circ=0.81, Sol=0.98 -> Ô£ô ACCEPTED
Contour #3383: Area=    48, Ratio=0.80, Circ=0.85, Sol=0.98 -> Ô£ô ACCEPTED
Contour #3384: Area=    46, Ratio=0.80, Circ=0.82, Sol=0.97 -> Ô£ô ACCEPTED
Contour #3385: Area=    50, Ratio=0.90, Circ=0.82, Sol=0.96 -> Ô£ô ACCEPTED
Contour #3386: Area=    48, Ratio=0.80, Circ=0.81, Sol=0.99 -> Ô£ô ACCEPTED
Contour #3387: Area=    56, Ratio=0.82, Circ=0.80, Sol=0.94 -> Ô£ô ACCEPTED
Contour #3388: Area=    46, Ratio=0.73, Circ=0.77, Sol=0.96 -> Ô£ô ACCEPTED
Contour #3389: Area=    54, Ratio=0.82, Circ=0.83, Sol=0.97 -> Ô£ô ACCEPTED
Contour #3390: Area=    48, Ratio=0.73, Circ=0.79, Sol=0.96 -> Ô£ô ACCEPTED
Contour #3391: Area=    56, Ratio=0.82, Circ=0.84, Sol=0.97 -> Ô£ô ACCEPTED
Contour #3392: Area=   447, Ratio=3.58, Circ=0.55, Sol=0.99 -> Ô£ù REJECTED
              Aspect ratio out of range (3.58)
Contour #3393: Area=    68, Ratio=0.77, Circ=0.15, Sol=0.33 -> Ô£ù REJECTED
              Circularity too low (0.15 < 0.6)
Contour #3394: Area=    66, Ratio=0.77, Circ=0.15, Sol=0.34 -> Ô£ù REJECTED
              Circularity too low (0.15 < 0.6)
Contour #3395: Area=    72, Ratio=0.82, Circ=0.16, Sol=0.34 -> Ô£ù REJECTED
              Circularity too low (0.16 < 0.6)
Contour #3396: Area=   829, Ratio=2.63, Circ=0.58, Sol=0.94 -> Ô£ù REJECTED
              Area too large (829 ÔëÑ 600)
Contour #3397: Area=    74, Ratio=0.82, Circ=0.16, Sol=0.34 -> Ô£ù REJECTED
              Circularity too low (0.16 < 0.6)
Contour #3398: Area=    86, Ratio=0.82, Circ=0.18, Sol=0.39 -> Ô£ù REJECTED
              Circularity too low (0.18 < 0.6)
Contour #3399: Area=    70, Ratio=0.82, Circ=0.15, Sol=0.32 -> Ô£ù REJECTED
              Circularity too low (0.15 < 0.6)
Contour #3400: Area=    80, Ratio=0.82, Circ=0.17, Sol=0.37 -> Ô£ù REJECTED
              Circularity too low (0.17 < 0.6)
Contour #3401: Area=    68, Ratio=0.77, Circ=0.16, Sol=0.34 -> Ô£ù REJECTED
              Circularity too low (0.16 < 0.6)
Contour #3402: Area=    74, Ratio=0.77, Circ=0.17, Sol=0.35 -> Ô£ù REJECTED
              Circularity too low (0.17 < 0.6)
Contour #3403: Area=    72, Ratio=0.77, Circ=0.16, Sol=0.34 -> Ô£ù REJECTED
              Circularity too low (0.16 < 0.6)
Contour #3404: Area=    92, Ratio=0.78, Circ=0.19, Sol=0.41 -> Ô£ù REJECTED
              Circularity too low (0.19 < 0.6)
Contour #3405: Area=    76, Ratio=0.82, Circ=0.16, Sol=0.35 -> Ô£ù REJECTED
              Circularity too low (0.16 < 0.6)
Contour #3406: Area=    82, Ratio=0.78, Circ=0.17, Sol=0.37 -> Ô£ù REJECTED
              Circularity too low (0.17 < 0.6)
Contour #3407: Area=    68, Ratio=0.77, Circ=0.16, Sol=0.33 -> Ô£ù REJECTED
              Circularity too low (0.16 < 0.6)
Contour #3408: Area=    74, Ratio=0.74, Circ=0.17, Sol=0.35 -> Ô£ù REJECTED
              Circularity too low (0.17 < 0.6)
Contour #3409: Area=    70, Ratio=0.77, Circ=0.16, Sol=0.33 -> Ô£ù REJECTED
              Circularity too low (0.16 < 0.6)
Contour #3410: Area=    86, Ratio=0.78, Circ=0.18, Sol=0.39 -> Ô£ù REJECTED
              Circularity too low (0.18 < 0.6)
Contour #3411: Area=    76, Ratio=0.78, Circ=0.16, Sol=0.35 -> Ô£ù REJECTED
              Circularity too low (0.16 < 0.6)
Contour #3412: Area=    76, Ratio=0.78, Circ=0.16, Sol=0.34 -> Ô£ù REJECTED
              Circularity too low (0.16 < 0.6)
Contour #3413: Area=    70, Ratio=0.78, Circ=0.15, Sol=0.32 -> Ô£ù REJECTED
              Circularity too low (0.15 < 0.6)
Contour #3414: Area=   122, Ratio=0.71, Circ=0.40, Sol=0.69 -> Ô£ù REJECTED
              Circularity too low (0.40 < 0.6)
Contour #3415: Area=   124, Ratio=0.71, Circ=0.44, Sol=0.70 -> Ô£ù REJECTED
              Circularity too low (0.44 < 0.6)
Contour #3416: Area=   125, Ratio=0.68, Circ=0.43, Sol=0.70 -> Ô£ù REJECTED
              Circularity too low (0.43 < 0.6)
Contour #3417: Area=   130, Ratio=0.68, Circ=0.45, Sol=0.74 -> Ô£ù REJECTED
              Circularity too low (0.45 < 0.6)
Contour #3418: Area=   128, Ratio=0.71, Circ=0.43, Sol=0.71 -> Ô£ù REJECTED
              Circularity too low (0.43 < 0.6)
Contour #3419: Area=   118, Ratio=0.71, Circ=0.40, Sol=0.69 -> Ô£ù REJECTED
              Circularity too low (0.40 < 0.6)
Contour #3420: Area=   134, Ratio=0.68, Circ=0.45, Sol=0.74 -> Ô£ù REJECTED
              Circularity too low (0.45 < 0.6)
Contour #3421: Area=   126, Ratio=0.68, Circ=0.41, Sol=0.72 -> Ô£ù REJECTED
              Circularity too low (0.41 < 0.6)
Contour #3422: Area=   128, Ratio=0.68, Circ=0.39, Sol=0.69 -> Ô£ù REJECTED
              Circularity too low (0.39 < 0.6)
Contour #3423: Area=   118, Ratio=0.71, Circ=0.38, Sol=0.68 -> Ô£ù REJECTED
              Circularity too low (0.38 < 0.6)
Contour #3424: Area=   128, Ratio=0.70, Circ=0.41, Sol=0.71 -> Ô£ù REJECTED
              Circularity too low (0.41 < 0.6)
Contour #3425: Area=   128, Ratio=0.68, Circ=0.42, Sol=0.71 -> Ô£ù REJECTED
              Circularity too low (0.42 < 0.6)
Contour #3426: Area=   126, Ratio=0.68, Circ=0.40, Sol=0.70 -> Ô£ù REJECTED
              Circularity too low (0.40 < 0.6)
Contour #3427: Area=   132, Ratio=0.70, Circ=0.42, Sol=0.71 -> Ô£ù REJECTED
              Circularity too low (0.42 < 0.6)
Contour #3428: Area=   136, Ratio=0.65, Circ=0.46, Sol=0.74 -> Ô£ù REJECTED
              Circularity too low (0.46 < 0.6)
Contour #3429: Area=   138, Ratio=0.65, Circ=0.45, Sol=0.74 -> Ô£ù REJECTED
              Circularity too low (0.45 < 0.6)
Contour #3430: Area=   130, Ratio=0.65, Circ=0.40, Sol=0.69 -> Ô£ù REJECTED
              Circularity too low (0.40 < 0.6)
Contour #3431: Area=   956, Ratio=1.00, Circ=0.90, Sol=0.98 -> Ô£ù REJECTED
              Area too large (956 ÔëÑ 600)
Contour #3432: Area=   953, Ratio=1.03, Circ=0.91, Sol=0.99 -> Ô£ù REJECTED
              Area too large (953 ÔëÑ 600)
Contour #3433: Area=   953, Ratio=1.03, Circ=0.91, Sol=0.99 -> Ô£ù REJECTED
              Area too large (953 ÔëÑ 600)
Contour #3434: Area=   952, Ratio=1.03, Circ=0.91, Sol=0.99 -> Ô£ù REJECTED
              Area too large (952 ÔëÑ 600)
Contour #3435: Area=   950, Ratio=1.03, Circ=0.91, Sol=0.99 -> Ô£ù REJECTED
              Area too large (950 ÔëÑ 600)
Contour #3436: Area=   941, Ratio=1.03, Circ=0.92, Sol=0.99 -> Ô£ù REJECTED
              Area too large (941 ÔëÑ 600)
Contour #3437: Area=   953, Ratio=1.03, Circ=0.91, Sol=0.99 -> Ô£ù REJECTED
              Area too large (953 ÔëÑ 600)
Contour #3438: Area=   944, Ratio=1.03, Circ=0.91, Sol=0.99 -> Ô£ù REJECTED
              Area too large (944 ÔëÑ 600)
Contour #3439: Area=   955, Ratio=1.00, Circ=0.90, Sol=0.98 -> Ô£ù REJECTED
              Area too large (955 ÔëÑ 600)
Contour #3440: Area=   952, Ratio=1.00, Circ=0.90, Sol=0.98 -> Ô£ù REJECTED
              Area too large (952 ÔëÑ 600)
Contour #3441: Area=   948, Ratio=1.00, Circ=0.89, Sol=0.98 -> Ô£ù REJECTED
              Area too large (948 ÔëÑ 600)
Contour #3442: Area=   956, Ratio=1.00, Circ=0.90, Sol=0.98 -> Ô£ù REJECTED
              Area too large (956 ÔëÑ 600)
Contour #3443: Area=   949, Ratio=0.97, Circ=0.91, Sol=0.98 -> Ô£ù REJECTED
              Area too large (949 ÔëÑ 600)
Contour #3444: Area=   955, Ratio=1.00, Circ=0.90, Sol=0.98 -> Ô£ù REJECTED
              Area too large (955 ÔëÑ 600)
Contour #3445: Area=   950, Ratio=1.00, Circ=0.91, Sol=0.99 -> Ô£ù REJECTED
              Area too large (950 ÔëÑ 600)
Contour #3446: Area=   952, Ratio=1.00, Circ=0.91, Sol=0.99 -> Ô£ù REJECTED
              Area too large (952 ÔëÑ 600)
Contour #3447: Area=   954, Ratio=1.00, Circ=0.90, Sol=0.98 -> Ô£ù REJECTED
              Area too large (954 ÔëÑ 600)
Contour #3448: Area=   953, Ratio=1.00, Circ=0.90, Sol=0.98 -> Ô£ù REJECTED
              Area too large (953 ÔëÑ 600)
Contour #3449: Area=   950, Ratio=1.00, Circ=0.90, Sol=0.98 -> Ô£ù REJECTED
              Area too large (950 ÔëÑ 600)
Contour #3450: Area=   954, Ratio=1.00, Circ=0.90, Sol=0.98 -> Ô£ù REJECTED
              Area too large (954 ÔëÑ 600)
Contour #3451: Area=   954, Ratio=1.00, Circ=0.90, Sol=0.98 -> Ô£ù REJECTED
              Area too large (954 ÔëÑ 600)
Contour #3452: Area=   956, Ratio=1.00, Circ=0.89, Sol=0.98 -> Ô£ù REJECTED
              Area too large (956 ÔëÑ 600)
Contour #3453: Area=   952, Ratio=1.00, Circ=0.90, Sol=0.98 -> Ô£ù REJECTED
              Area too large (952 ÔëÑ 600)
Contour #3454: Area=   954, Ratio=1.00, Circ=0.90, Sol=0.98 -> Ô£ù REJECTED
              Area too large (954 ÔëÑ 600)
Contour #3455: Area=   953, Ratio=1.00, Circ=0.90, Sol=0.98 -> Ô£ù REJECTED
              Area too large (953 ÔëÑ 600)
Contour #3456: Area=   957, Ratio=1.03, Circ=0.89, Sol=0.98 -> Ô£ù REJECTED
              Area too large (957 ÔëÑ 600)
Contour #3457: Area=   954, Ratio=1.00, Circ=0.90, Sol=0.98 -> Ô£ù REJECTED
              Area too large (954 ÔëÑ 600)
Contour #3458: Area=   958, Ratio=1.00, Circ=0.89, Sol=0.98 -> Ô£ù REJECTED
              Area too large (958 ÔëÑ 600)
Contour #3459: Area=   956, Ratio=1.00, Circ=0.90, Sol=0.98 -> Ô£ù REJECTED
              Area too large (956 ÔëÑ 600)
Contour #3460: Area=   957, Ratio=1.00, Circ=0.90, Sol=0.98 -> Ô£ù REJECTED
              Area too large (957 ÔëÑ 600)
Contour #3461: Area=   952, Ratio=1.00, Circ=0.90, Sol=0.98 -> Ô£ù REJECTED
              Area too large (952 ÔëÑ 600)
Contour #3462: Area=   954, Ratio=1.00, Circ=0.90, Sol=0.98 -> Ô£ù REJECTED
              Area too large (954 ÔëÑ 600)
Contour #3463: Area=   954, Ratio=1.00, Circ=0.90, Sol=0.98 -> Ô£ù REJECTED
              Area too large (954 ÔëÑ 600)
Contour #3464: Area=   952, Ratio=0.97, Circ=0.91, Sol=0.99 -> Ô£ù REJECTED
              Area too large (952 ÔëÑ 600)
Contour #3465: Area=   956, Ratio=1.00, Circ=0.90, Sol=0.98 -> Ô£ù REJECTED
              Area too large (956 ÔëÑ 600)
Contour #3466: Area=   950, Ratio=1.00, Circ=0.91, Sol=0.98 -> Ô£ù REJECTED
              Area too large (950 ÔëÑ 600)
Contour #3467: Area=   954, Ratio=1.00, Circ=0.90, Sol=0.98 -> Ô£ù REJECTED
              Area too large (954 ÔëÑ 600)
Contour #3468: Area=  1224, Ratio=1.00, Circ=0.90, Sol=0.98 -> Ô£ù REJECTED
              Area too large (1224 ÔëÑ 600)
Contour #3469: Area=  1228, Ratio=1.00, Circ=0.90, Sol=0.98 -> Ô£ù REJECTED
              Area too large (1228 ÔëÑ 600)
Contour #3470: Area=  1235, Ratio=1.02, Circ=0.89, Sol=0.98 -> Ô£ù REJECTED
              Area too large (1235 ÔëÑ 600)
Contour #3471: Area=  1234, Ratio=1.02, Circ=0.90, Sol=0.98 -> Ô£ù REJECTED
              Area too large (1234 ÔëÑ 600)
Contour #3472: Area=  1232, Ratio=1.00, Circ=0.91, Sol=0.99 -> Ô£ù REJECTED
              Area too large (1232 ÔëÑ 600)
Contour #3473: Area=  1227, Ratio=1.00, Circ=0.91, Sol=0.99 -> Ô£ù REJECTED
              Area too large (1227 ÔëÑ 600)
Contour #3474: Area=  1231, Ratio=1.00, Circ=0.91, Sol=0.99 -> Ô£ù REJECTED
              Area too large (1231 ÔëÑ 600)
Contour #3475: Area=  1229, Ratio=1.00, Circ=0.91, Sol=0.99 -> Ô£ù REJECTED
              Area too large (1229 ÔëÑ 600)
Contour #3476: Area=  1238, Ratio=1.02, Circ=0.89, Sol=0.98 -> Ô£ù REJECTED
              Area too large (1238 ÔëÑ 600)
Contour #3477: Area=  1232, Ratio=1.02, Circ=0.89, Sol=0.98 -> Ô£ù REJECTED
              Area too large (1232 ÔëÑ 600)
Contour #3478: Area=  1233, Ratio=1.02, Circ=0.90, Sol=0.98 -> Ô£ù REJECTED
              Area too large (1233 ÔëÑ 600)
Contour #3479: Area=  1227, Ratio=1.00, Circ=0.91, Sol=0.99 -> Ô£ù REJECTED
              Area too large (1227 ÔëÑ 600)
Contour #3480: Area=  1227, Ratio=1.00, Circ=0.91, Sol=0.99 -> Ô£ù REJECTED
              Area too large (1227 ÔëÑ 600)
Contour #3481: Area=  1228, Ratio=1.00, Circ=0.91, Sol=0.99 -> Ô£ù REJECTED
              Area too large (1228 ÔëÑ 600)
Contour #3482: Area=  1230, Ratio=1.02, Circ=0.89, Sol=0.98 -> Ô£ù REJECTED
              Area too large (1230 ÔëÑ 600)
Contour #3483: Area=  1226, Ratio=1.02, Circ=0.90, Sol=0.98 -> Ô£ù REJECTED
              Area too large (1226 ÔëÑ 600)
Contour #3484: Area=  1228, Ratio=1.02, Circ=0.90, Sol=0.98 -> Ô£ù REJECTED
              Area too large (1228 ÔëÑ 600)
Contour #3485: Area=  1224, Ratio=1.00, Circ=0.91, Sol=0.99 -> Ô£ù REJECTED
              Area too large (1224 ÔëÑ 600)
Contour #3486: Area=  1226, Ratio=1.00, Circ=0.91, Sol=0.99 -> Ô£ù REJECTED
              Area too large (1226 ÔëÑ 600)
Contour #3487: Area=  1223, Ratio=1.00, Circ=0.91, Sol=0.99 -> Ô£ù REJECTED
              Area too large (1223 ÔëÑ 600)
Contour #3488: Area=  1227, Ratio=1.00, Circ=0.89, Sol=0.98 -> Ô£ù REJECTED
              Area too large (1227 ÔëÑ 600)
Contour #3489: Area=  1226, Ratio=0.98, Circ=0.89, Sol=0.98 -> Ô£ù REJECTED
              Area too large (1226 ÔëÑ 600)
Contour #3490: Area=  1224, Ratio=0.98, Circ=0.90, Sol=0.98 -> Ô£ù REJECTED
              Area too large (1224 ÔëÑ 600)
Contour #3491: Area=  1227, Ratio=0.98, Circ=0.90, Sol=0.98 -> Ô£ù REJECTED
              Area too large (1227 ÔëÑ 600)
Contour #3492: Area=  1225, Ratio=1.00, Circ=0.89, Sol=0.98 -> Ô£ù REJECTED
              Area too large (1225 ÔëÑ 600)
Contour #3493: Area=  1235, Ratio=1.00, Circ=0.89, Sol=0.98 -> Ô£ù REJECTED
              Area too large (1235 ÔëÑ 600)
Contour #3494: Area=  1228, Ratio=0.98, Circ=0.90, Sol=0.98 -> Ô£ù REJECTED
              Area too large (1228 ÔëÑ 600)
Contour #3495: Area=  1236, Ratio=1.00, Circ=0.89, Sol=0.98 -> Ô£ù REJECTED
              Area too large (1236 ÔëÑ 600)
Contour #3496: Area=  1223, Ratio=0.98, Circ=0.89, Sol=0.98 -> Ô£ù REJECTED
              Area too large (1223 ÔëÑ 600)
Contour #3497: Area=  1236, Ratio=0.98, Circ=0.89, Sol=0.98 -> Ô£ù REJECTED
              Area too large (1236 ÔëÑ 600)
Contour #3498: Area=  1230, Ratio=1.00, Circ=0.89, Sol=0.98 -> Ô£ù REJECTED
              Area too large (1230 ÔëÑ 600)
Contour #3499: Area=  1229, Ratio=1.00, Circ=0.91, Sol=0.99 -> Ô£ù REJECTED
              Area too large (1229 ÔëÑ 600)
Contour #3500: Area=  1223, Ratio=1.00, Circ=0.91, Sol=0.99 -> Ô£ù REJECTED
              Area too large (1223 ÔëÑ 600)
Contour #3501: Area=  1231, Ratio=1.02, Circ=0.88, Sol=0.98 -> Ô£ù REJECTED
              Area too large (1231 ÔëÑ 600)
Contour #3502: Area=  1228, Ratio=1.02, Circ=0.89, Sol=0.98 -> Ô£ù REJECTED
              Area too large (1228 ÔëÑ 600)
Contour #3503: Area=  1230, Ratio=1.00, Circ=0.91, Sol=0.99 -> Ô£ù REJECTED
              Area too large (1230 ÔëÑ 600)
Contour #3504: Area=  1220, Ratio=1.00, Circ=0.90, Sol=0.99 -> Ô£ù REJECTED
              Area too large (1220 ÔëÑ 600)
Contour #3505: Area=   409, Ratio=3.91, Circ=0.51, Sol=0.99 -> Ô£ù REJECTED
              Aspect ratio out of range (3.91)
Contour #3506: Area=   832, Ratio=2.63, Circ=0.58, Sol=0.94 -> Ô£ù REJECTED
              Area too large (832 ÔëÑ 600)
Contour #3507: Area=   110, Ratio=0.82, Circ=0.09, Sol=0.35 -> Ô£ù REJECTED
              Circularity too low (0.09 < 0.6)
Contour #3508: Area=   106, Ratio=0.82, Circ=0.09, Sol=0.34 -> Ô£ù REJECTED
              Circularity too low (0.09 < 0.6)
Contour #3509: Area=   122, Ratio=0.78, Circ=0.10, Sol=0.38 -> Ô£ù REJECTED
              Circularity too low (0.10 < 0.6)
Contour #3510: Area=   114, Ratio=0.77, Circ=0.09, Sol=0.36 -> Ô£ù REJECTED
              Circularity too low (0.09 < 0.6)
Contour #3511: Area=   124, Ratio=0.78, Circ=0.10, Sol=0.39 -> Ô£ù REJECTED
              Circularity too low (0.10 < 0.6)
Contour #3512: Area=   114, Ratio=0.82, Circ=0.09, Sol=0.36 -> Ô£ù REJECTED
              Circularity too low (0.09 < 0.6)
Contour #3513: Area=   120, Ratio=0.78, Circ=0.10, Sol=0.38 -> Ô£ù REJECTED
              Circularity too low (0.10 < 0.6)
Contour #3514: Area=   111, Ratio=0.82, Circ=0.09, Sol=0.36 -> Ô£ù REJECTED
              Circularity too low (0.09 < 0.6)
Contour #3515: Area=   125, Ratio=0.78, Circ=0.10, Sol=0.39 -> Ô£ù REJECTED
              Circularity too low (0.10 < 0.6)
Contour #3516: Area=   110, Ratio=0.74, Circ=0.09, Sol=0.35 -> Ô£ù REJECTED
              Circularity too low (0.09 < 0.6)
Contour #3517: Area=   122, Ratio=0.78, Circ=0.10, Sol=0.38 -> Ô£ù REJECTED
              Circularity too low (0.10 < 0.6)
Contour #3518: Area=   110, Ratio=0.78, Circ=0.09, Sol=0.35 -> Ô£ù REJECTED
              Circularity too low (0.09 < 0.6)
Contour #3519: Area=   122, Ratio=0.78, Circ=0.10, Sol=0.38 -> Ô£ù REJECTED
              Circularity too low (0.10 < 0.6)
Contour #3520: Area=   112, Ratio=0.78, Circ=0.09, Sol=0.35 -> Ô£ù REJECTED
              Circularity too low (0.09 < 0.6)
Contour #3521: Area=   121, Ratio=0.78, Circ=0.10, Sol=0.38 -> Ô£ù REJECTED
              Circularity too low (0.10 < 0.6)
Contour #3522: Area=   108, Ratio=0.74, Circ=0.09, Sol=0.34 -> Ô£ù REJECTED
              Circularity too low (0.09 < 0.6)
Contour #3523: Area=   120, Ratio=0.74, Circ=0.10, Sol=0.38 -> Ô£ù REJECTED
              Circularity too low (0.10 < 0.6)
Contour #3524: Area=   114, Ratio=0.78, Circ=0.09, Sol=0.36 -> Ô£ù REJECTED
              Circularity too low (0.09 < 0.6)
Contour #3525: Area=   122, Ratio=0.78, Circ=0.10, Sol=0.38 -> Ô£ù REJECTED
              Circularity too low (0.10 < 0.6)
Contour #3526: Area=   124, Ratio=0.75, Circ=0.10, Sol=0.38 -> Ô£ù REJECTED
              Circularity too low (0.10 < 0.6)
Contour #3527: Area=    92, Ratio=0.68, Circ=0.11, Sol=0.36 -> Ô£ù REJECTED
              Circularity too low (0.11 < 0.6)
Contour #3528: Area=    95, Ratio=0.64, Circ=0.12, Sol=0.38 -> Ô£ù REJECTED
              Circularity too low (0.12 < 0.6)
Contour #3529: Area=    95, Ratio=0.68, Circ=0.12, Sol=0.37 -> Ô£ù REJECTED
              Circularity too low (0.12 < 0.6)
Contour #3530: Area=    96, Ratio=0.64, Circ=0.12, Sol=0.38 -> Ô£ù REJECTED
              Circularity too low (0.12 < 0.6)
Contour #3531: Area=    94, Ratio=0.68, Circ=0.12, Sol=0.36 -> Ô£ù REJECTED
              Circularity too low (0.12 < 0.6)
Contour #3532: Area=   101, Ratio=0.68, Circ=0.12, Sol=0.38 -> Ô£ù REJECTED
              Circularity too low (0.12 < 0.6)
Contour #3533: Area=    93, Ratio=0.64, Circ=0.12, Sol=0.38 -> Ô£ù REJECTED
              Circularity too low (0.12 < 0.6)
Contour #3534: Area=   100, Ratio=0.68, Circ=0.12, Sol=0.39 -> Ô£ù REJECTED
              Circularity too low (0.12 < 0.6)
Contour #3535: Area=    92, Ratio=0.64, Circ=0.12, Sol=0.37 -> Ô£ù REJECTED
              Circularity too low (0.12 < 0.6)
Contour #3536: Area=    98, Ratio=0.64, Circ=0.13, Sol=0.39 -> Ô£ù REJECTED
              Circularity too low (0.13 < 0.6)
Contour #3537: Area=    91, Ratio=0.68, Circ=0.11, Sol=0.35 -> Ô£ù REJECTED
              Circularity too low (0.11 < 0.6)
Contour #3538: Area=    98, Ratio=0.68, Circ=0.13, Sol=0.38 -> Ô£ù REJECTED
              Circularity too low (0.13 < 0.6)
Contour #3539: Area=    81, Ratio=0.68, Circ=0.10, Sol=0.32 -> Ô£ù REJECTED
              Circularity too low (0.10 < 0.6)
Contour #3540: Area=    97, Ratio=0.65, Circ=0.12, Sol=0.36 -> Ô£ù REJECTED
              Circularity too low (0.12 < 0.6)
Contour #3541: Area=    84, Ratio=0.68, Circ=0.10, Sol=0.33 -> Ô£ù REJECTED
              Circularity too low (0.10 < 0.6)
Contour #3542: Area=    96, Ratio=0.65, Circ=0.12, Sol=0.37 -> Ô£ù REJECTED
              Circularity too low (0.12 < 0.6)
Contour #3543: Area=    82, Ratio=0.68, Circ=0.10, Sol=0.32 -> Ô£ù REJECTED
              Circularity too low (0.10 < 0.6)
Contour #3544: Area=   946, Ratio=1.00, Circ=0.87, Sol=0.98 -> Ô£ù REJECTED
              Area too large (946 ÔëÑ 600)
Contour #3545: Area=   946, Ratio=1.00, Circ=0.88, Sol=0.98 -> Ô£ù REJECTED
              Area too large (946 ÔëÑ 600)
Contour #3546: Area=   948, Ratio=1.00, Circ=0.88, Sol=0.98 -> Ô£ù REJECTED
              Area too large (948 ÔëÑ 600)
Contour #3547: Area=   955, Ratio=1.00, Circ=0.90, Sol=0.98 -> Ô£ù REJECTED
              Area too large (955 ÔëÑ 600)
Contour #3548: Area=   952, Ratio=1.00, Circ=0.90, Sol=0.98 -> Ô£ù REJECTED
              Area too large (952 ÔëÑ 600)
Contour #3549: Area=   957, Ratio=1.00, Circ=0.90, Sol=0.98 -> Ô£ù REJECTED
              Area too large (957 ÔëÑ 600)
Contour #3550: Area=   956, Ratio=1.00, Circ=0.89, Sol=0.98 -> Ô£ù REJECTED
              Area too large (956 ÔëÑ 600)
Contour #3551: Area=   948, Ratio=0.97, Circ=0.91, Sol=0.98 -> Ô£ù REJECTED
              Area too large (948 ÔëÑ 600)
Contour #3552: Area=   948, Ratio=1.00, Circ=0.90, Sol=0.98 -> Ô£ù REJECTED
              Area too large (948 ÔëÑ 600)
Contour #3553: Area=   955, Ratio=1.00, Circ=0.90, Sol=0.98 -> Ô£ù REJECTED
              Area too large (955 ÔëÑ 600)
Contour #3554: Area=   956, Ratio=1.00, Circ=0.90, Sol=0.98 -> Ô£ù REJECTED
              Area too large (956 ÔëÑ 600)
Contour #3555: Area=   956, Ratio=1.00, Circ=0.90, Sol=0.98 -> Ô£ù REJECTED
              Area too large (956 ÔëÑ 600)
Contour #3556: Area=   951, Ratio=1.00, Circ=0.88, Sol=0.98 -> Ô£ù REJECTED
              Area too large (951 ÔëÑ 600)
Contour #3557: Area=   955, Ratio=1.00, Circ=0.90, Sol=0.98 -> Ô£ù REJECTED
              Area too large (955 ÔëÑ 600)
Contour #3558: Area=   955, Ratio=1.00, Circ=0.90, Sol=0.98 -> Ô£ù REJECTED
              Area too large (955 ÔëÑ 600)
Contour #3559: Area=   958, Ratio=1.00, Circ=0.90, Sol=0.99 -> Ô£ù REJECTED
              Area too large (958 ÔëÑ 600)
Contour #3560: Area=   952, Ratio=1.00, Circ=0.90, Sol=0.98 -> Ô£ù REJECTED
              Area too large (952 ÔëÑ 600)
Contour #3561: Area=   956, Ratio=1.00, Circ=0.90, Sol=0.98 -> Ô£ù REJECTED
              Area too large (956 ÔëÑ 600)
Contour #3562: Area=   951, Ratio=1.00, Circ=0.90, Sol=0.98 -> Ô£ù REJECTED
              Area too large (951 ÔëÑ 600)
Contour #3563: Area=   957, Ratio=1.00, Circ=0.90, Sol=0.98 -> Ô£ù REJECTED
              Area too large (957 ÔëÑ 600)
Contour #3564: Area=   950, Ratio=1.00, Circ=0.90, Sol=0.98 -> Ô£ù REJECTED
              Area too large (950 ÔëÑ 600)
Contour #3565: Area=   958, Ratio=1.00, Circ=0.90, Sol=0.99 -> Ô£ù REJECTED
              Area too large (958 ÔëÑ 600)
Contour #3566: Area=   954, Ratio=1.00, Circ=0.91, Sol=0.99 -> Ô£ù REJECTED
              Area too large (954 ÔëÑ 600)
Contour #3567: Area=   956, Ratio=1.00, Circ=0.90, Sol=0.98 -> Ô£ù REJECTED
              Area too large (956 ÔëÑ 600)
Contour #3568: Area=   952, Ratio=1.03, Circ=0.91, Sol=0.99 -> Ô£ù REJECTED
              Area too large (952 ÔëÑ 600)
Contour #3569: Area=   950, Ratio=1.03, Circ=0.91, Sol=0.99 -> Ô£ù REJECTED
              Area too large (950 ÔëÑ 600)
Contour #3570: Area=   938, Ratio=1.03, Circ=0.90, Sol=0.98 -> Ô£ù REJECTED
              Area too large (938 ÔëÑ 600)
Contour #3571: Area=   947, Ratio=1.00, Circ=0.89, Sol=0.98 -> Ô£ù REJECTED
              Area too large (947 ÔëÑ 600)
Contour #3572: Area=   953, Ratio=1.00, Circ=0.90, Sol=0.98 -> Ô£ù REJECTED
              Area too large (953 ÔëÑ 600)
Contour #3573: Area=   950, Ratio=1.00, Circ=0.90, Sol=0.98 -> Ô£ù REJECTED
              Area too large (950 ÔëÑ 600)
Contour #3574: Area=   954, Ratio=1.00, Circ=0.89, Sol=0.98 -> Ô£ù REJECTED
              Area too large (954 ÔëÑ 600)
Contour #3575: Area=   944, Ratio=0.97, Circ=0.89, Sol=0.98 -> Ô£ù REJECTED
              Area too large (944 ÔëÑ 600)
Contour #3576: Area=   953, Ratio=0.97, Circ=0.89, Sol=0.98 -> Ô£ù REJECTED
              Area too large (953 ÔëÑ 600)
Contour #3577: Area=   953, Ratio=1.00, Circ=0.89, Sol=0.98 -> Ô£ù REJECTED
              Area too large (953 ÔëÑ 600)
Contour #3578: Area=   959, Ratio=0.97, Circ=0.89, Sol=0.98 -> Ô£ù REJECTED
              Area too large (959 ÔëÑ 600)
Contour #3579: Area=   954, Ratio=1.00, Circ=0.89, Sol=0.98 -> Ô£ù REJECTED
              Area too large (954 ÔëÑ 600)
Contour #3580: Area=   955, Ratio=0.97, Circ=0.89, Sol=0.98 -> Ô£ù REJECTED
              Area too large (955 ÔëÑ 600)
Contour #3581: Area=  1222, Ratio=1.00, Circ=0.90, Sol=0.98 -> Ô£ù REJECTED
              Area too large (1222 ÔëÑ 600)
Contour #3582: Area=  1224, Ratio=1.00, Circ=0.90, Sol=0.98 -> Ô£ù REJECTED
              Area too large (1224 ÔëÑ 600)
Contour #3583: Area=  1220, Ratio=1.00, Circ=0.90, Sol=0.99 -> Ô£ù REJECTED
              Area too large (1220 ÔëÑ 600)
Contour #3584: Area=  1222, Ratio=1.02, Circ=0.89, Sol=0.98 -> Ô£ù REJECTED
              Area too large (1222 ÔëÑ 600)
Contour #3585: Area=  1226, Ratio=1.02, Circ=0.89, Sol=0.98 -> Ô£ù REJECTED
              Area too large (1226 ÔëÑ 600)
Contour #3586: Area=  1227, Ratio=1.00, Circ=0.91, Sol=0.99 -> Ô£ù REJECTED
              Area too large (1227 ÔëÑ 600)
Contour #3587: Area=  1221, Ratio=1.00, Circ=0.90, Sol=0.99 -> Ô£ù REJECTED
              Area too large (1221 ÔëÑ 600)
Contour #3588: Area=  1225, Ratio=1.00, Circ=0.91, Sol=0.99 -> Ô£ù REJECTED
              Area too large (1225 ÔëÑ 600)
Contour #3589: Area=  1225, Ratio=1.00, Circ=0.91, Sol=0.99 -> Ô£ù REJECTED
              Area too large (1225 ÔëÑ 600)
Contour #3590: Area=  1232, Ratio=1.02, Circ=0.89, Sol=0.98 -> Ô£ù REJECTED
              Area too large (1232 ÔëÑ 600)
Contour #3591: Area=  1226, Ratio=1.00, Circ=0.91, Sol=0.99 -> Ô£ù REJECTED
              Area too large (1226 ÔëÑ 600)
Contour #3592: Area=  1232, Ratio=1.02, Circ=0.89, Sol=0.98 -> Ô£ù REJECTED
              Area too large (1232 ÔëÑ 600)
Contour #3593: Area=  1227, Ratio=1.00, Circ=0.91, Sol=0.99 -> Ô£ù REJECTED
              Area too large (1227 ÔëÑ 600)
Contour #3594: Area=  1229, Ratio=1.00, Circ=0.91, Sol=0.99 -> Ô£ù REJECTED
              Area too large (1229 ÔëÑ 600)
Contour #3595: Area=  1228, Ratio=1.02, Circ=0.89, Sol=0.98 -> Ô£ù REJECTED
              Area too large (1228 ÔëÑ 600)
Contour #3596: Area=  1223, Ratio=1.00, Circ=0.91, Sol=0.99 -> Ô£ù REJECTED
              Area too large (1223 ÔëÑ 600)
Contour #3597: Area=  1226, Ratio=1.00, Circ=0.91, Sol=0.99 -> Ô£ù REJECTED
              Area too large (1226 ÔëÑ 600)
Contour #3598: Area=  1233, Ratio=1.02, Circ=0.90, Sol=0.98 -> Ô£ù REJECTED
              Area too large (1233 ÔëÑ 600)
Contour #3599: Area=  1228, Ratio=1.02, Circ=0.90, Sol=0.98 -> Ô£ù REJECTED
              Area too large (1228 ÔëÑ 600)
Contour #3600: Area=  1230, Ratio=1.00, Circ=0.90, Sol=0.99 -> Ô£ù REJECTED
              Area too large (1230 ÔëÑ 600)
Contour #3601: Area=  1226, Ratio=1.00, Circ=0.90, Sol=0.98 -> Ô£ù REJECTED
              Area too large (1226 ÔëÑ 600)
Contour #3602: Area=  1234, Ratio=1.00, Circ=0.91, Sol=0.99 -> Ô£ù REJECTED
              Area too large (1234 ÔëÑ 600)
Contour #3603: Area=  1226, Ratio=1.00, Circ=0.91, Sol=0.99 -> Ô£ù REJECTED
              Area too large (1226 ÔëÑ 600)
Contour #3604: Area=  1237, Ratio=1.02, Circ=0.91, Sol=0.99 -> Ô£ù REJECTED
              Area too large (1237 ÔëÑ 600)
Contour #3605: Area=  1228, Ratio=1.02, Circ=0.90, Sol=0.98 -> Ô£ù REJECTED
              Area too large (1228 ÔëÑ 600)
Contour #3606: Area=  1228, Ratio=1.02, Circ=0.90, Sol=0.98 -> Ô£ù REJECTED
              Area too large (1228 ÔëÑ 600)
Contour #3607: Area=  1224, Ratio=1.00, Circ=0.89, Sol=0.98 -> Ô£ù REJECTED
              Area too large (1224 ÔëÑ 600)
Contour #3608: Area=  1230, Ratio=0.98, Circ=0.88, Sol=0.98 -> Ô£ù REJECTED
              Area too large (1230 ÔëÑ 600)
Contour #3609: Area=  1224, Ratio=0.98, Circ=0.90, Sol=0.98 -> Ô£ù REJECTED
              Area too large (1224 ÔëÑ 600)
Contour #3610: Area=  1228, Ratio=0.98, Circ=0.90, Sol=0.98 -> Ô£ù REJECTED
              Area too large (1228 ÔëÑ 600)
Contour #3611: Area=  1232, Ratio=1.00, Circ=0.89, Sol=0.98 -> Ô£ù REJECTED
              Area too large (1232 ÔëÑ 600)
Contour #3612: Area=  1232, Ratio=1.00, Circ=0.89, Sol=0.98 -> Ô£ù REJECTED
              Area too large (1232 ÔëÑ 600)
Contour #3613: Area=  1228, Ratio=0.98, Circ=0.89, Sol=0.98 -> Ô£ù REJECTED
              Area too large (1228 ÔëÑ 600)
Contour #3614: Area=  1229, Ratio=1.00, Circ=0.89, Sol=0.98 -> Ô£ù REJECTED
              Area too large (1229 ÔëÑ 600)
Contour #3615: Area=  1238, Ratio=1.00, Circ=0.89, Sol=0.98 -> Ô£ù REJECTED
              Area too large (1238 ÔëÑ 600)
Contour #3616: Area=  1230, Ratio=1.00, Circ=0.89, Sol=0.98 -> Ô£ù REJECTED
              Area too large (1230 ÔëÑ 600)
Contour #3617: Area=  1232, Ratio=0.98, Circ=0.89, Sol=0.98 -> Ô£ù REJECTED
              Area too large (1232 ÔëÑ 600)
Contour #3618: Area=   449, Ratio=3.50, Circ=0.55, Sol=1.00 -> Ô£ù REJECTED
              Aspect ratio out of range (3.50)
Contour #3619: Area=   831, Ratio=2.50, Circ=0.56, Sol=0.89 -> Ô£ù REJECTED
              Area too large (831 ÔëÑ 600)
Contour #3620: Area=   112, Ratio=0.82, Circ=0.09, Sol=0.36 -> Ô£ù REJECTED
              Circularity too low (0.09 < 0.6)
Contour #3621: Area=   126, Ratio=0.78, Circ=0.10, Sol=0.39 -> Ô£ù REJECTED
              Circularity too low (0.10 < 0.6)
Contour #3622: Area=   114, Ratio=0.82, Circ=0.09, Sol=0.36 -> Ô£ù REJECTED
              Circularity too low (0.09 < 0.6)
Contour #3623: Area=   125, Ratio=0.78, Circ=0.10, Sol=0.39 -> Ô£ù REJECTED
              Circularity too low (0.10 < 0.6)
Contour #3624: Area=   118, Ratio=0.78, Circ=0.10, Sol=0.38 -> Ô£ù REJECTED
              Circularity too low (0.10 < 0.6)
Contour #3625: Area=   127, Ratio=0.74, Circ=0.11, Sol=0.40 -> Ô£ù REJECTED
              Circularity too low (0.11 < 0.6)
Contour #3626: Area=   116, Ratio=0.74, Circ=0.10, Sol=0.38 -> Ô£ù REJECTED
              Circularity too low (0.10 < 0.6)
Contour #3627: Area=   126, Ratio=0.78, Circ=0.10, Sol=0.39 -> Ô£ù REJECTED
              Circularity too low (0.10 < 0.6)
Contour #3628: Area=   120, Ratio=0.78, Circ=0.10, Sol=0.38 -> Ô£ù REJECTED
              Circularity too low (0.10 < 0.6)
Contour #3629: Area=   129, Ratio=0.78, Circ=0.10, Sol=0.40 -> Ô£ù REJECTED
              Circularity too low (0.10 < 0.6)
Contour #3630: Area=   118, Ratio=0.78, Circ=0.10, Sol=0.37 -> Ô£ù REJECTED
              Circularity too low (0.10 < 0.6)
Contour #3631: Area=   128, Ratio=0.78, Circ=0.11, Sol=0.40 -> Ô£ù REJECTED
              Circularity too low (0.11 < 0.6)
Contour #3632: Area=   118, Ratio=0.74, Circ=0.10, Sol=0.38 -> Ô£ù REJECTED
              Circularity too low (0.10 < 0.6)
Contour #3633: Area=   126, Ratio=0.78, Circ=0.10, Sol=0.39 -> Ô£ù REJECTED
              Circularity too low (0.10 < 0.6)
Contour #3634: Area=   122, Ratio=0.78, Circ=0.10, Sol=0.38 -> Ô£ù REJECTED
              Circularity too low (0.10 < 0.6)
Contour #3635: Area=   128, Ratio=0.78, Circ=0.10, Sol=0.39 -> Ô£ù REJECTED
              Circularity too low (0.10 < 0.6)
Contour #3636: Area=   120, Ratio=0.78, Circ=0.10, Sol=0.37 -> Ô£ù REJECTED
              Circularity too low (0.10 < 0.6)
Contour #3637: Area=   128, Ratio=0.78, Circ=0.10, Sol=0.39 -> Ô£ù REJECTED
              Circularity too low (0.10 < 0.6)
Contour #3638: Area=   116, Ratio=0.74, Circ=0.10, Sol=0.37 -> Ô£ù REJECTED
              Circularity too low (0.10 < 0.6)
Contour #3639: Area=   124, Ratio=0.78, Circ=0.10, Sol=0.39 -> Ô£ù REJECTED
              Circularity too low (0.10 < 0.6)
Contour #3640: Area=    77, Ratio=0.64, Circ=0.10, Sol=0.30 -> Ô£ù REJECTED
              Circularity too low (0.10 < 0.6)
Contour #3641: Area=    78, Ratio=0.64, Circ=0.10, Sol=0.31 -> Ô£ù REJECTED
              Circularity too low (0.10 < 0.6)
Contour #3642: Area=    93, Ratio=0.68, Circ=0.12, Sol=0.35 -> Ô£ù REJECTED
              Circularity too low (0.12 < 0.6)
Contour #3643: Area=   106, Ratio=0.61, Circ=0.13, Sol=0.39 -> Ô£ù REJECTED
              Circularity too low (0.13 < 0.6)
Contour #3644: Area=    94, Ratio=0.61, Circ=0.12, Sol=0.35 -> Ô£ù REJECTED
              Circularity too low (0.12 < 0.6)
Contour #3645: Area=   106, Ratio=0.65, Circ=0.13, Sol=0.38 -> Ô£ù REJECTED
              Circularity too low (0.13 < 0.6)
Contour #3646: Area=    90, Ratio=0.61, Circ=0.11, Sol=0.34 -> Ô£ù REJECTED
              Circularity too low (0.11 < 0.6)
Contour #3647: Area=    99, Ratio=0.65, Circ=0.12, Sol=0.35 -> Ô£ù REJECTED
              Circularity too low (0.12 < 0.6)
Contour #3648: Area=    94, Ratio=0.61, Circ=0.12, Sol=0.35 -> Ô£ù REJECTED
              Circularity too low (0.12 < 0.6)
Contour #3649: Area=    98, Ratio=0.61, Circ=0.12, Sol=0.36 -> Ô£ù REJECTED
              Circularity too low (0.12 < 0.6)
Contour #3650: Area=    97, Ratio=0.65, Circ=0.12, Sol=0.35 -> Ô£ù REJECTED
              Circularity too low (0.12 < 0.6)
Contour #3651: Area=    98, Ratio=0.61, Circ=0.13, Sol=0.36 -> Ô£ù REJECTED
              Circularity too low (0.13 < 0.6)
Contour #3652: Area=    90, Ratio=0.65, Circ=0.11, Sol=0.34 -> Ô£ù REJECTED
              Circularity too low (0.11 < 0.6)
Contour #3653: Area=    97, Ratio=0.61, Circ=0.12, Sol=0.36 -> Ô£ù REJECTED
              Circularity too low (0.12 < 0.6)
Contour #3654: Area=    82, Ratio=0.61, Circ=0.11, Sol=0.31 -> Ô£ù REJECTED
              Circularity too low (0.11 < 0.6)
Contour #3655: Area=   101, Ratio=0.65, Circ=0.13, Sol=0.37 -> Ô£ù REJECTED
              Circularity too low (0.13 < 0.6)
Contour #3656: Area=    97, Ratio=0.61, Circ=0.12, Sol=0.36 -> Ô£ù REJECTED
              Circularity too low (0.12 < 0.6)
Contour #3657: Area=   946, Ratio=1.03, Circ=0.91, Sol=0.98 -> Ô£ù REJECTED
              Area too large (946 ÔëÑ 600)
Contour #3658: Area=   955, Ratio=1.03, Circ=0.91, Sol=0.99 -> Ô£ù REJECTED
              Area too large (955 ÔëÑ 600)
Contour #3659: Area=   956, Ratio=1.00, Circ=0.90, Sol=0.98 -> Ô£ù REJECTED
              Area too large (956 ÔëÑ 600)
Contour #3660: Area=   954, Ratio=1.03, Circ=0.90, Sol=0.98 -> Ô£ù REJECTED
              Area too large (954 ÔëÑ 600)
Contour #3661: Area=   951, Ratio=1.03, Circ=0.91, Sol=0.99 -> Ô£ù REJECTED
              Area too large (951 ÔëÑ 600)
Contour #3662: Area=   954, Ratio=1.03, Circ=0.91, Sol=0.99 -> Ô£ù REJECTED
              Area too large (954 ÔëÑ 600)
Contour #3663: Area=   954, Ratio=1.00, Circ=0.89, Sol=0.98 -> Ô£ù REJECTED
              Area too large (954 ÔëÑ 600)
Contour #3664: Area=   954, Ratio=1.00, Circ=0.90, Sol=0.98 -> Ô£ù REJECTED
              Area too large (954 ÔëÑ 600)
Contour #3665: Area=   950, Ratio=1.00, Circ=0.90, Sol=0.98 -> Ô£ù REJECTED
              Area too large (950 ÔëÑ 600)
Contour #3666: Area=   953, Ratio=1.00, Circ=0.90, Sol=0.98 -> Ô£ù REJECTED
              Area too large (953 ÔëÑ 600)
Contour #3667: Area=   955, Ratio=1.00, Circ=0.90, Sol=0.98 -> Ô£ù REJECTED
              Area too large (955 ÔëÑ 600)
Contour #3668: Area=   955, Ratio=1.00, Circ=0.90, Sol=0.98 -> Ô£ù REJECTED
              Area too large (955 ÔëÑ 600)
Contour #3669: Area=   952, Ratio=1.00, Circ=0.90, Sol=0.98 -> Ô£ù REJECTED
              Area too large (952 ÔëÑ 600)
Contour #3670: Area=   957, Ratio=1.03, Circ=0.89, Sol=0.98 -> Ô£ù REJECTED
              Area too large (957 ÔëÑ 600)
Contour #3671: Area=   953, Ratio=1.00, Circ=0.90, Sol=0.98 -> Ô£ù REJECTED
              Area too large (953 ÔëÑ 600)
Contour #3672: Area=   952, Ratio=0.97, Circ=0.91, Sol=0.99 -> Ô£ù REJECTED
              Area too large (952 ÔëÑ 600)
Contour #3673: Area=   955, Ratio=1.00, Circ=0.90, Sol=0.98 -> Ô£ù REJECTED
              Area too large (955 ÔëÑ 600)
Contour #3674: Area=   950, Ratio=1.00, Circ=0.91, Sol=0.99 -> Ô£ù REJECTED
              Area too large (950 ÔëÑ 600)
Contour #3675: Area=   956, Ratio=1.00, Circ=0.90, Sol=0.98 -> Ô£ù REJECTED
              Area too large (956 ÔëÑ 600)
Contour #3676: Area=   954, Ratio=1.00, Circ=0.90, Sol=0.99 -> Ô£ù REJECTED
              Area too large (954 ÔëÑ 600)
Contour #3677: Area=   955, Ratio=1.00, Circ=0.90, Sol=0.98 -> Ô£ù REJECTED
              Area too large (955 ÔëÑ 600)
Contour #3678: Area=   956, Ratio=1.00, Circ=0.90, Sol=0.98 -> Ô£ù REJECTED
              Area too large (956 ÔëÑ 600)
Contour #3679: Area=   955, Ratio=1.00, Circ=0.90, Sol=0.98 -> Ô£ù REJECTED
              Area too large (955 ÔëÑ 600)
Contour #3680: Area=   955, Ratio=1.00, Circ=0.90, Sol=0.98 -> Ô£ù REJECTED
              Area too large (955 ÔëÑ 600)
Contour #3681: Area=   956, Ratio=1.00, Circ=0.90, Sol=0.98 -> Ô£ù REJECTED
              Area too large (956 ÔëÑ 600)
Contour #3682: Area=   957, Ratio=1.00, Circ=0.90, Sol=0.98 -> Ô£ù REJECTED
              Area too large (957 ÔëÑ 600)
Contour #3683: Area=   957, Ratio=1.00, Circ=0.90, Sol=0.98 -> Ô£ù REJECTED
              Area too large (957 ÔëÑ 600)
Contour #3684: Area=   950, Ratio=1.00, Circ=0.91, Sol=0.98 -> Ô£ù REJECTED
              Area too large (950 ÔëÑ 600)
Contour #3685: Area=   950, Ratio=1.00, Circ=0.90, Sol=0.98 -> Ô£ù REJECTED
              Area too large (950 ÔëÑ 600)
Contour #3686: Area=   956, Ratio=1.00, Circ=0.90, Sol=0.98 -> Ô£ù REJECTED
              Area too large (956 ÔëÑ 600)
Contour #3687: Area=   957, Ratio=1.00, Circ=0.90, Sol=0.99 -> Ô£ù REJECTED
              Area too large (957 ÔëÑ 600)
Contour #3688: Area=   956, Ratio=1.00, Circ=0.90, Sol=0.98 -> Ô£ù REJECTED
              Area too large (956 ÔëÑ 600)
Contour #3689: Area=   956, Ratio=1.00, Circ=0.90, Sol=0.98 -> Ô£ù REJECTED
              Area too large (956 ÔëÑ 600)
Contour #3690: Area=   953, Ratio=1.00, Circ=0.90, Sol=0.98 -> Ô£ù REJECTED
              Area too large (953 ÔëÑ 600)
Contour #3691: Area=   959, Ratio=1.00, Circ=0.90, Sol=0.99 -> Ô£ù REJECTED
              Area too large (959 ÔëÑ 600)
Contour #3692: Area=   954, Ratio=1.00, Circ=0.91, Sol=0.99 -> Ô£ù REJECTED
              Area too large (954 ÔëÑ 600)
Contour #3693: Area=   954, Ratio=0.97, Circ=0.91, Sol=0.99 -> Ô£ù REJECTED
              Area too large (954 ÔëÑ 600)
Contour #3694: Area=  1222, Ratio=1.00, Circ=0.91, Sol=0.99 -> Ô£ù REJECTED
              Area too large (1222 ÔëÑ 600)
Contour #3695: Area=  1224, Ratio=1.00, Circ=0.90, Sol=0.98 -> Ô£ù REJECTED
              Area too large (1224 ÔëÑ 600)
Contour #3696: Area=  1224, Ratio=1.02, Circ=0.90, Sol=0.98 -> Ô£ù REJECTED
              Area too large (1224 ÔëÑ 600)
Contour #3697: Area=  1224, Ratio=1.00, Circ=0.90, Sol=0.99 -> Ô£ù REJECTED
              Area too large (1224 ÔëÑ 600)
Contour #3698: Area=  1224, Ratio=1.00, Circ=0.90, Sol=0.98 -> Ô£ù REJECTED
              Area too large (1224 ÔëÑ 600)
Contour #3699: Area=  1228, Ratio=1.02, Circ=0.89, Sol=0.98 -> Ô£ù REJECTED
              Area too large (1228 ÔëÑ 600)
Contour #3700: Area=  1224, Ratio=1.00, Circ=0.91, Sol=0.99 -> Ô£ù REJECTED
              Area too large (1224 ÔëÑ 600)
Contour #3701: Area=  1228, Ratio=1.00, Circ=0.91, Sol=0.99 -> Ô£ù REJECTED
              Area too large (1228 ÔëÑ 600)
Contour #3702: Area=  1227, Ratio=1.02, Circ=0.90, Sol=0.98 -> Ô£ù REJECTED
              Area too large (1227 ÔëÑ 600)
Contour #3703: Area=  1228, Ratio=1.00, Circ=0.90, Sol=0.98 -> Ô£ù REJECTED
              Area too large (1228 ÔëÑ 600)
Contour #3704: Area=  1237, Ratio=1.02, Circ=0.89, Sol=0.98 -> Ô£ù REJECTED
              Area too large (1237 ÔëÑ 600)
Contour #3705: Area=  1232, Ratio=1.02, Circ=0.89, Sol=0.98 -> Ô£ù REJECTED
              Area too large (1232 ÔëÑ 600)
Contour #3706: Area=  1231, Ratio=1.00, Circ=0.91, Sol=0.99 -> Ô£ù REJECTED
              Area too large (1231 ÔëÑ 600)
Contour #3707: Area=  1229, Ratio=1.00, Circ=0.91, Sol=0.99 -> Ô£ù REJECTED
              Area too large (1229 ÔëÑ 600)
Contour #3708: Area=  1231, Ratio=1.00, Circ=0.91, Sol=0.99 -> Ô£ù REJECTED
              Area too large (1231 ÔëÑ 600)
Contour #3709: Area=  1230, Ratio=1.00, Circ=0.90, Sol=0.99 -> Ô£ù REJECTED
              Area too large (1230 ÔëÑ 600)
Contour #3710: Area=  1234, Ratio=1.02, Circ=0.89, Sol=0.98 -> Ô£ù REJECTED
              Area too large (1234 ÔëÑ 600)
Contour #3711: Area=  1231, Ratio=1.02, Circ=0.90, Sol=0.98 -> Ô£ù REJECTED
              Area too large (1231 ÔëÑ 600)
Contour #3712: Area=  1232, Ratio=1.02, Circ=0.89, Sol=0.98 -> Ô£ù REJECTED
              Area too large (1232 ÔëÑ 600)
Contour #3713: Area=  1226, Ratio=1.00, Circ=0.91, Sol=0.99 -> Ô£ù REJECTED
              Area too large (1226 ÔëÑ 600)
Contour #3714: Area=  1228, Ratio=0.98, Circ=0.90, Sol=0.98 -> Ô£ù REJECTED
              Area too large (1228 ÔëÑ 600)
Contour #3715: Area=  1226, Ratio=1.00, Circ=0.90, Sol=0.98 -> Ô£ù REJECTED
              Area too large (1226 ÔëÑ 600)
Contour #3716: Area=  1226, Ratio=1.00, Circ=0.91, Sol=0.99 -> Ô£ù REJECTED
              Area too large (1226 ÔëÑ 600)
Contour #3717: Area=  1233, Ratio=1.00, Circ=0.89, Sol=0.98 -> Ô£ù REJECTED
              Area too large (1233 ÔëÑ 600)
Contour #3718: Area=  1234, Ratio=1.00, Circ=0.89, Sol=0.98 -> Ô£ù REJECTED
              Area too large (1234 ÔëÑ 600)
Contour #3719: Area=  1220, Ratio=0.98, Circ=0.89, Sol=0.98 -> Ô£ù REJECTED
              Area too large (1220 ÔëÑ 600)
Contour #3720: Area=  1227, Ratio=0.98, Circ=0.88, Sol=0.98 -> Ô£ù REJECTED
              Area too large (1227 ÔëÑ 600)
Contour #3721: Area=  1224, Ratio=0.98, Circ=0.89, Sol=0.98 -> Ô£ù REJECTED
              Area too large (1224 ÔëÑ 600)
Contour #3722: Area=  1228, Ratio=1.00, Circ=0.89, Sol=0.98 -> Ô£ù REJECTED
              Area too large (1228 ÔëÑ 600)
Contour #3723: Area=  1225, Ratio=0.98, Circ=0.90, Sol=0.98 -> Ô£ù REJECTED
              Area too large (1225 ÔëÑ 600)
Contour #3724: Area=  1231, Ratio=1.00, Circ=0.89, Sol=0.98 -> Ô£ù REJECTED
              Area too large (1231 ÔëÑ 600)
Contour #3725: Area=  1227, Ratio=1.00, Circ=0.91, Sol=0.99 -> Ô£ù REJECTED
              Area too large (1227 ÔëÑ 600)
Contour #3726: Area=  1225, Ratio=1.02, Circ=0.90, Sol=0.98 -> Ô£ù REJECTED
              Area too large (1225 ÔëÑ 600)
Contour #3727: Area=  1235, Ratio=1.02, Circ=0.89, Sol=0.98 -> Ô£ù REJECTED
              Area too large (1235 ÔëÑ 600)
Contour #3728: Area=  1228, Ratio=1.02, Circ=0.89, Sol=0.98 -> Ô£ù REJECTED
              Area too large (1228 ÔëÑ 600)
Contour #3729: Area=  1229, Ratio=1.00, Circ=0.91, Sol=0.99 -> Ô£ù REJECTED
              Area too large (1229 ÔëÑ 600)
Contour #3730: Area=  1224, Ratio=1.00, Circ=0.89, Sol=0.98 -> Ô£ù REJECTED
              Area too large (1224 ÔëÑ 600)
Contour #3731: Area=   414, Ratio=3.58, Circ=0.51, Sol=0.96 -> Ô£ù REJECTED
              Aspect ratio out of range (3.58)
Contour #3732: Area=    92, Ratio=1.56, Circ=0.86, Sol=0.99 -> Ô£ô ACCEPTED
Contour #3733: Area=    87, Ratio=1.44, Circ=0.88, Sol=1.00 -> Ô£ô ACCEPTED
Contour #3734: Area=    88, Ratio=1.44, Circ=0.86, Sol=1.00 -> Ô£ô ACCEPTED
Contour #3735: Area=    88, Ratio=1.44, Circ=0.86, Sol=0.99 -> Ô£ô ACCEPTED
Contour #3736: Area=    91, Ratio=1.56, Circ=0.88, Sol=1.00 -> Ô£ô ACCEPTED
Contour #3737: Area=    90, Ratio=1.56, Circ=0.87, Sol=0.99 -> Ô£ô ACCEPTED
Contour #3738: Area=    92, Ratio=1.56, Circ=0.86, Sol=0.99 -> Ô£ô ACCEPTED
Contour #3739: Area=    88, Ratio=1.44, Circ=0.86, Sol=1.00 -> Ô£ô ACCEPTED
Contour #3740: Area=    90, Ratio=1.44, Circ=0.85, Sol=0.99 -> Ô£ô ACCEPTED
Contour #3741: Area=    91, Ratio=1.56, Circ=0.88, Sol=1.00 -> Ô£ô ACCEPTED
Contour #3742: Area=    96, Ratio=1.40, Circ=0.86, Sol=0.98 -> Ô£ô ACCEPTED
Contour #3743: Area=    95, Ratio=1.40, Circ=0.82, Sol=0.95 -> Ô£ô ACCEPTED
Contour #3744: Area=   100, Ratio=1.40, Circ=0.86, Sol=0.98 -> Ô£ô ACCEPTED
Contour #3745: Area=    90, Ratio=1.40, Circ=0.79, Sol=0.94 -> Ô£ô ACCEPTED
Contour #3746: Area=    96, Ratio=1.40, Circ=0.81, Sol=0.95 -> Ô£ô ACCEPTED
Contour #3747: Area=    89, Ratio=1.30, Circ=0.86, Sol=0.97 -> Ô£ô ACCEPTED
Contour #3748: Area=    91, Ratio=1.30, Circ=0.88, Sol=0.98 -> Ô£ô ACCEPTED
Contour #3749: Area=    92, Ratio=1.40, Circ=0.82, Sol=0.95 -> Ô£ô ACCEPTED
Contour #3750: Area=    95, Ratio=1.40, Circ=0.82, Sol=0.95 -> Ô£ô ACCEPTED
Contour #3751: Area=    94, Ratio=1.40, Circ=0.83, Sol=0.96 -> Ô£ô ACCEPTED
Contour #3752: Area=   829, Ratio=2.63, Circ=0.58, Sol=0.94 -> Ô£ù REJECTED
              Area too large (829 ÔëÑ 600)
Contour #3753: Area=   214, Ratio=0.86, Circ=0.34, Sol=0.64 -> Ô£ù REJECTED
              Circularity too low (0.34 < 0.6)
Contour #3754: Area=   222, Ratio=0.86, Circ=0.34, Sol=0.66 -> Ô£ù REJECTED
              Circularity too low (0.34 < 0.6)
Contour #3755: Area=   220, Ratio=0.86, Circ=0.34, Sol=0.66 -> Ô£ù REJECTED
              Circularity too low (0.34 < 0.6)
Contour #3756: Area=   224, Ratio=0.82, Circ=0.33, Sol=0.65 -> Ô£ù REJECTED
              Circularity too low (0.33 < 0.6)
Contour #3757: Area=   206, Ratio=0.81, Circ=0.33, Sol=0.65 -> Ô£ù REJECTED
              Circularity too low (0.33 < 0.6)
Contour #3758: Area=   214, Ratio=0.82, Circ=0.33, Sol=0.64 -> Ô£ù REJECTED
              Circularity too low (0.33 < 0.6)
Contour #3759: Area=   216, Ratio=0.86, Circ=0.35, Sol=0.65 -> Ô£ù REJECTED
              Circularity too low (0.35 < 0.6)
Contour #3760: Area=   223, Ratio=0.86, Circ=0.35, Sol=0.67 -> Ô£ù REJECTED
              Circularity too low (0.35 < 0.6)
Contour #3761: Area=   222, Ratio=0.86, Circ=0.34, Sol=0.66 -> Ô£ù REJECTED
              Circularity too low (0.34 < 0.6)
Contour #3762: Area=   230, Ratio=0.82, Circ=0.35, Sol=0.67 -> Ô£ù REJECTED
              Circularity too low (0.35 < 0.6)
Contour #3763: Area=   214, Ratio=0.82, Circ=0.33, Sol=0.64 -> Ô£ù REJECTED
              Circularity too low (0.33 < 0.6)
Contour #3764: Area=   216, Ratio=0.82, Circ=0.32, Sol=0.63 -> Ô£ù REJECTED
              Circularity too low (0.32 < 0.6)
Contour #3765: Area=   213, Ratio=0.82, Circ=0.33, Sol=0.64 -> Ô£ù REJECTED
              Circularity too low (0.33 < 0.6)
Contour #3766: Area=   220, Ratio=0.82, Circ=0.34, Sol=0.64 -> Ô£ù REJECTED
              Circularity too low (0.34 < 0.6)
Contour #3767: Area=   221, Ratio=0.82, Circ=0.34, Sol=0.65 -> Ô£ù REJECTED
              Circularity too low (0.34 < 0.6)
Contour #3768: Area=   228, Ratio=0.82, Circ=0.34, Sol=0.67 -> Ô£ù REJECTED
              Circularity too low (0.34 < 0.6)
Contour #3769: Area=   210, Ratio=0.82, Circ=0.32, Sol=0.63 -> Ô£ù REJECTED
              Circularity too low (0.32 < 0.6)
Contour #3770: Area=   212, Ratio=0.77, Circ=0.32, Sol=0.64 -> Ô£ù REJECTED
              Circularity too low (0.32 < 0.6)
Contour #3771: Area=   211, Ratio=0.82, Circ=0.33, Sol=0.64 -> Ô£ù REJECTED
              Circularity too low (0.33 < 0.6)
Contour #3772: Area=   231, Ratio=0.82, Circ=0.34, Sol=0.66 -> Ô£ù REJECTED
              Circularity too low (0.34 < 0.6)
Contour #3773: Area=    58, Ratio=0.41, Circ=0.22, Sol=0.53 -> Ô£ù REJECTED
              Aspect ratio out of range (0.41)
Contour #3774: Area=    57, Ratio=0.41, Circ=0.22, Sol=0.53 -> Ô£ù REJECTED
              Aspect ratio out of range (0.41)
Contour #3775: Area=    48, Ratio=0.41, Circ=0.20, Sol=0.47 -> Ô£ù REJECTED
              Aspect ratio out of range (0.41)
Contour #3776: Area=    58, Ratio=0.41, Circ=0.23, Sol=0.53 -> Ô£ù REJECTED
              Aspect ratio out of range (0.41)
Contour #3777: Area=    51, Ratio=0.41, Circ=0.21, Sol=0.50 -> Ô£ù REJECTED
              Aspect ratio out of range (0.41)
Contour #3778: Area=    64, Ratio=0.41, Circ=0.26, Sol=0.57 -> Ô£ù REJECTED
              Aspect ratio out of range (0.41)
Contour #3779: Area=    52, Ratio=0.36, Circ=0.23, Sol=0.55 -> Ô£ù REJECTED
              Aspect ratio out of range (0.36)
Contour #3780: Area=    58, Ratio=0.41, Circ=0.22, Sol=0.50 -> Ô£ù REJECTED
              Aspect ratio out of range (0.41)
Contour #3781: Area=    54, Ratio=0.36, Circ=0.23, Sol=0.56 -> Ô£ù REJECTED
              Aspect ratio out of range (0.36)
Contour #3782: Area=    54, Ratio=0.36, Circ=0.24, Sol=0.57 -> Ô£ù REJECTED
              Aspect ratio out of range (0.36)
Contour #3783: Area=    52, Ratio=0.41, Circ=0.20, Sol=0.48 -> Ô£ù REJECTED
              Aspect ratio out of range (0.41)
Contour #3784: Area=    56, Ratio=0.41, Circ=0.23, Sol=0.52 -> Ô£ù REJECTED
              Aspect ratio out of range (0.41)
Contour #3785: Area=    44, Ratio=0.41, Circ=0.17, Sol=0.42 -> Ô£ù REJECTED
              Aspect ratio out of range (0.41)
Contour #3786: Area=    64, Ratio=0.41, Circ=0.24, Sol=0.57 -> Ô£ù REJECTED
              Aspect ratio out of range (0.41)
Contour #3787: Area=    50, Ratio=0.41, Circ=0.20, Sol=0.49 -> Ô£ù REJECTED
              Aspect ratio out of range (0.41)
Contour #3788: Area=    58, Ratio=0.45, Circ=0.22, Sol=0.51 -> Ô£ù REJECTED
              Aspect ratio out of range (0.45)
Contour #3789: Area=    50, Ratio=0.41, Circ=0.20, Sol=0.49 -> Ô£ù REJECTED
              Aspect ratio out of range (0.41)
Contour #3790: Area=   950, Ratio=1.03, Circ=0.90, Sol=0.98 -> Ô£ù REJECTED
              Area too large (950 ÔëÑ 600)
Contour #3791: Area=   949, Ratio=1.03, Circ=0.91, Sol=0.99 -> Ô£ù REJECTED
              Area too large (949 ÔëÑ 600)
Contour #3792: Area=   938, Ratio=1.00, Circ=0.91, Sol=0.99 -> Ô£ù REJECTED
              Area too large (938 ÔëÑ 600)
Contour #3793: Area=   947, Ratio=1.03, Circ=0.91, Sol=0.98 -> Ô£ù REJECTED
              Area too large (947 ÔëÑ 600)
Contour #3794: Area=   951, Ratio=1.03, Circ=0.91, Sol=0.99 -> Ô£ù REJECTED
              Area too large (951 ÔëÑ 600)
Contour #3795: Area=   951, Ratio=1.03, Circ=0.91, Sol=0.99 -> Ô£ù REJECTED
              Area too large (951 ÔëÑ 600)
Contour #3796: Area=   950, Ratio=1.03, Circ=0.91, Sol=0.99 -> Ô£ù REJECTED
              Area too large (950 ÔëÑ 600)
Contour #3797: Area=   954, Ratio=1.00, Circ=0.90, Sol=0.98 -> Ô£ù REJECTED
              Area too large (954 ÔëÑ 600)
Contour #3798: Area=   948, Ratio=1.03, Circ=0.91, Sol=0.99 -> Ô£ù REJECTED
              Area too large (948 ÔëÑ 600)
Contour #3799: Area=   951, Ratio=1.00, Circ=0.90, Sol=0.98 -> Ô£ù REJECTED
              Area too large (951 ÔëÑ 600)
Contour #3800: Area=   953, Ratio=1.00, Circ=0.90, Sol=0.98 -> Ô£ù REJECTED
              Area too large (953 ÔëÑ 600)
Contour #3801: Area=   956, Ratio=1.00, Circ=0.89, Sol=0.98 -> Ô£ù REJECTED
              Area too large (956 ÔëÑ 600)
Contour #3802: Area=   953, Ratio=1.00, Circ=0.90, Sol=0.98 -> Ô£ù REJECTED
              Area too large (953 ÔëÑ 600)
Contour #3803: Area=   955, Ratio=1.00, Circ=0.90, Sol=0.98 -> Ô£ù REJECTED
              Area too large (955 ÔëÑ 600)
Contour #3804: Area=   956, Ratio=1.00, Circ=0.89, Sol=0.98 -> Ô£ù REJECTED
              Area too large (956 ÔëÑ 600)
Contour #3805: Area=   957, Ratio=1.00, Circ=0.90, Sol=0.98 -> Ô£ù REJECTED
              Area too large (957 ÔëÑ 600)
Contour #3806: Area=   953, Ratio=1.00, Circ=0.90, Sol=0.98 -> Ô£ù REJECTED
              Area too large (953 ÔëÑ 600)
Contour #3807: Area=   960, Ratio=1.00, Circ=0.91, Sol=0.99 -> Ô£ù REJECTED
              Area too large (960 ÔëÑ 600)
Contour #3808: Area=   962, Ratio=1.00, Circ=0.90, Sol=0.98 -> Ô£ù REJECTED
              Area too large (962 ÔëÑ 600)
Contour #3809: Area=   961, Ratio=1.00, Circ=0.89, Sol=0.98 -> Ô£ù REJECTED
              Area too large (961 ÔëÑ 600)
Contour #3810: Area=   954, Ratio=1.00, Circ=0.90, Sol=0.98 -> Ô£ù REJECTED
              Area too large (954 ÔëÑ 600)
Contour #3811: Area=   955, Ratio=1.00, Circ=0.90, Sol=0.98 -> Ô£ù REJECTED
              Area too large (955 ÔëÑ 600)
Contour #3812: Area=   960, Ratio=1.00, Circ=0.91, Sol=0.98 -> Ô£ù REJECTED
              Area too large (960 ÔëÑ 600)
Contour #3813: Area=   953, Ratio=1.00, Circ=0.90, Sol=0.98 -> Ô£ù REJECTED
              Area too large (953 ÔëÑ 600)
Contour #3814: Area=   958, Ratio=1.00, Circ=0.90, Sol=0.98 -> Ô£ù REJECTED
              Area too large (958 ÔëÑ 600)
Contour #3815: Area=   953, Ratio=1.00, Circ=0.90, Sol=0.98 -> Ô£ù REJECTED
              Area too large (953 ÔëÑ 600)
Contour #3816: Area=   960, Ratio=1.00, Circ=0.90, Sol=0.98 -> Ô£ù REJECTED
              Area too large (960 ÔëÑ 600)
Contour #3817: Area=   952, Ratio=1.00, Circ=0.90, Sol=0.98 -> Ô£ù REJECTED
              Area too large (952 ÔëÑ 600)
Contour #3818: Area=   956, Ratio=1.00, Circ=0.90, Sol=0.98 -> Ô£ù REJECTED
              Area too large (956 ÔëÑ 600)
Contour #3819: Area=   953, Ratio=1.00, Circ=0.90, Sol=0.98 -> Ô£ù REJECTED
              Area too large (953 ÔëÑ 600)
Contour #3820: Area=   951, Ratio=1.00, Circ=0.90, Sol=0.98 -> Ô£ù REJECTED
              Area too large (951 ÔëÑ 600)
Contour #3821: Area=   948, Ratio=1.03, Circ=0.91, Sol=0.99 -> Ô£ù REJECTED
              Area too large (948 ÔëÑ 600)
Contour #3822: Area=   941, Ratio=1.03, Circ=0.90, Sol=0.98 -> Ô£ù REJECTED
              Area too large (941 ÔëÑ 600)
Contour #3823: Area=   948, Ratio=1.03, Circ=0.91, Sol=0.99 -> Ô£ù REJECTED
              Area too large (948 ÔëÑ 600)
Contour #3824: Area=   944, Ratio=1.06, Circ=0.89, Sol=0.98 -> Ô£ù REJECTED
              Area too large (944 ÔëÑ 600)
Contour #3825: Area=   955, Ratio=1.00, Circ=0.90, Sol=0.98 -> Ô£ù REJECTED
              Area too large (955 ÔëÑ 600)
Contour #3826: Area=   946, Ratio=1.00, Circ=0.89, Sol=0.98 -> Ô£ù REJECTED
              Area too large (946 ÔëÑ 600)
Contour #3827: Area=  1224, Ratio=1.00, Circ=0.90, Sol=0.98 -> Ô£ù REJECTED
              Area too large (1224 ÔëÑ 600)
Contour #3828: Area=  1230, Ratio=1.00, Circ=0.90, Sol=0.99 -> Ô£ù REJECTED
              Area too large (1230 ÔëÑ 600)
Contour #3829: Area=  1228, Ratio=1.00, Circ=0.90, Sol=0.98 -> Ô£ù REJECTED
              Area too large (1228 ÔëÑ 600)
Contour #3830: Area=  1228, Ratio=1.00, Circ=0.90, Sol=0.99 -> Ô£ù REJECTED
              Area too large (1228 ÔëÑ 600)
Contour #3831: Area=  1228, Ratio=1.02, Circ=0.90, Sol=0.98 -> Ô£ù REJECTED
              Area too large (1228 ÔëÑ 600)
Contour #3832: Area=  1230, Ratio=1.02, Circ=0.89, Sol=0.98 -> Ô£ù REJECTED
              Area too large (1230 ÔëÑ 600)
Contour #3833: Area=  1226, Ratio=1.02, Circ=0.90, Sol=0.98 -> Ô£ù REJECTED
              Area too large (1226 ÔëÑ 600)
Contour #3834: Area=  1227, Ratio=1.00, Circ=0.91, Sol=0.99 -> Ô£ù REJECTED
              Area too large (1227 ÔëÑ 600)
Contour #3835: Area=  1222, Ratio=1.00, Circ=0.91, Sol=0.99 -> Ô£ù REJECTED
              Area too large (1222 ÔëÑ 600)
Contour #3836: Area=  1226, Ratio=1.00, Circ=0.89, Sol=0.98 -> Ô£ù REJECTED
              Area too large (1226 ÔëÑ 600)
Contour #3837: Area=  1221, Ratio=1.02, Circ=0.89, Sol=0.98 -> Ô£ù REJECTED
              Area too large (1221 ÔëÑ 600)
Contour #3838: Area=  1230, Ratio=1.02, Circ=0.90, Sol=0.98 -> Ô£ù REJECTED
              Area too large (1230 ÔëÑ 600)
Contour #3839: Area=  1225, Ratio=1.00, Circ=0.91, Sol=0.99 -> Ô£ù REJECTED
              Area too large (1225 ÔëÑ 600)
Contour #3840: Area=  1226, Ratio=1.00, Circ=0.90, Sol=0.98 -> Ô£ù REJECTED
              Area too large (1226 ÔëÑ 600)
Contour #3841: Area=  1224, Ratio=1.00, Circ=0.91, Sol=0.99 -> Ô£ù REJECTED
              Area too large (1224 ÔëÑ 600)
Contour #3842: Area=  1226, Ratio=1.02, Circ=0.89, Sol=0.98 -> Ô£ù REJECTED
              Area too large (1226 ÔëÑ 600)
Contour #3843: Area=  1226, Ratio=1.00, Circ=0.91, Sol=0.99 -> Ô£ù REJECTED
              Area too large (1226 ÔëÑ 600)
Contour #3844: Area=  1232, Ratio=1.02, Circ=0.89, Sol=0.98 -> Ô£ù REJECTED
              Area too large (1232 ÔëÑ 600)
Contour #3845: Area=  1225, Ratio=1.00, Circ=0.91, Sol=0.99 -> Ô£ù REJECTED
              Area too large (1225 ÔëÑ 600)
Contour #3846: Area=  1227, Ratio=1.00, Circ=0.91, Sol=0.99 -> Ô£ù REJECTED
              Area too large (1227 ÔëÑ 600)
Contour #3847: Area=  1220, Ratio=1.02, Circ=0.89, Sol=0.98 -> Ô£ù REJECTED
              Area too large (1220 ÔëÑ 600)
Contour #3848: Area=  1230, Ratio=0.98, Circ=0.90, Sol=0.98 -> Ô£ù REJECTED
              Area too large (1230 ÔëÑ 600)
Contour #3849: Area=  1241, Ratio=1.00, Circ=0.90, Sol=0.98 -> Ô£ù REJECTED
              Area too large (1241 ÔëÑ 600)
Contour #3850: Area=  1234, Ratio=1.00, Circ=0.89, Sol=0.98 -> Ô£ù REJECTED
              Area too large (1234 ÔëÑ 600)
Contour #3851: Area=  1230, Ratio=0.98, Circ=0.90, Sol=0.98 -> Ô£ù REJECTED
              Area too large (1230 ÔëÑ 600)
Contour #3852: Area=  1230, Ratio=0.98, Circ=0.89, Sol=0.98 -> Ô£ù REJECTED
              Area too large (1230 ÔëÑ 600)
Contour #3853: Area=  1232, Ratio=0.98, Circ=0.89, Sol=0.98 -> Ô£ù REJECTED
              Area too large (1232 ÔëÑ 600)
Contour #3854: Area=  1229, Ratio=0.98, Circ=0.90, Sol=0.98 -> Ô£ù REJECTED
              Area too large (1229 ÔëÑ 600)
Contour #3855: Area=  1235, Ratio=1.00, Circ=0.89, Sol=0.98 -> Ô£ù REJECTED
              Area too large (1235 ÔëÑ 600)
Contour #3856: Area=  1232, Ratio=1.00, Circ=0.89, Sol=0.98 -> Ô£ù REJECTED
              Area too large (1232 ÔëÑ 600)
Contour #3857: Area=  1235, Ratio=1.00, Circ=0.89, Sol=0.98 -> Ô£ù REJECTED
              Area too large (1235 ÔëÑ 600)
Contour #3858: Area=  1230, Ratio=0.98, Circ=0.89, Sol=0.98 -> Ô£ù REJECTED
              Area too large (1230 ÔëÑ 600)
Contour #3859: Area=  1225, Ratio=0.98, Circ=0.90, Sol=0.98 -> Ô£ù REJECTED
              Area too large (1225 ÔëÑ 600)
Contour #3860: Area=  1235, Ratio=1.00, Circ=0.89, Sol=0.98 -> Ô£ù REJECTED
              Area too large (1235 ÔëÑ 600)
Contour #3861: Area=  1230, Ratio=1.00, Circ=0.89, Sol=0.98 -> Ô£ù REJECTED
              Area too large (1230 ÔëÑ 600)
Contour #3862: Area=  1234, Ratio=0.98, Circ=0.89, Sol=0.98 -> Ô£ù REJECTED
              Area too large (1234 ÔëÑ 600)
Contour #3863: Area=  1223, Ratio=0.98, Circ=0.89, Sol=0.98 -> Ô£ù REJECTED
              Area too large (1223 ÔëÑ 600)
Contour #3864: Area=   446, Ratio=3.50, Circ=0.56, Sol=1.00 -> Ô£ù REJECTED
              Aspect ratio out of range (3.50)
Contour #3865: Area=    90, Ratio=1.30, Circ=0.87, Sol=0.98 -> Ô£ô ACCEPTED
Contour #3866: Area=    88, Ratio=1.30, Circ=0.87, Sol=0.98 -> Ô£ô ACCEPTED
Contour #3867: Area=    92, Ratio=1.30, Circ=0.89, Sol=0.98 -> Ô£ô ACCEPTED
Contour #3868: Area=    91, Ratio=1.30, Circ=0.88, Sol=0.98 -> Ô£ô ACCEPTED
Contour #3869: Area=    93, Ratio=1.30, Circ=0.89, Sol=0.99 -> Ô£ô ACCEPTED
Contour #3870: Area=    90, Ratio=1.30, Circ=0.83, Sol=0.96 -> Ô£ô ACCEPTED
Contour #3871: Area=    90, Ratio=1.30, Circ=0.84, Sol=0.96 -> Ô£ô ACCEPTED
Contour #3872: Area=    88, Ratio=1.30, Circ=0.85, Sol=0.96 -> Ô£ô ACCEPTED
Contour #3873: Area=    93, Ratio=1.30, Circ=0.89, Sol=0.99 -> Ô£ô ACCEPTED
Contour #3874: Area=    94, Ratio=1.30, Circ=0.90, Sol=0.99 -> Ô£ô ACCEPTED
Contour #3875: Area=    94, Ratio=1.30, Circ=0.90, Sol=0.99 -> Ô£ô ACCEPTED
Contour #3876: Area=    92, Ratio=1.30, Circ=0.89, Sol=0.98 -> Ô£ô ACCEPTED
Contour #3877: Area=    92, Ratio=1.30, Circ=0.86, Sol=0.98 -> Ô£ô ACCEPTED
Contour #3878: Area=    90, Ratio=1.20, Circ=0.88, Sol=0.99 -> Ô£ô ACCEPTED
Contour #3879: Area=    94, Ratio=1.30, Circ=0.87, Sol=0.98 -> Ô£ô ACCEPTED
Contour #3880: Area=    94, Ratio=1.30, Circ=0.88, Sol=0.99 -> Ô£ô ACCEPTED
Contour #3881: Area=    94, Ratio=1.30, Circ=0.90, Sol=0.99 -> Ô£ô ACCEPTED
Contour #3882: Area=    92, Ratio=1.30, Circ=0.91, Sol=0.99 -> Ô£ô ACCEPTED
Contour #3883: Area=    94, Ratio=1.30, Circ=0.88, Sol=0.98 -> Ô£ô ACCEPTED
Contour #3884: Area=    94, Ratio=1.30, Circ=0.87, Sol=0.98 -> Ô£ô ACCEPTED
Contour #3885: Area=   148, Ratio=0.58, Circ=0.80, Sol=0.97 -> Ô£ù REJECTED
              Aspect ratio out of range (0.58)
Contour #3886: Area=   141, Ratio=0.53, Circ=0.80, Sol=0.99 -> Ô£ù REJECTED
              Aspect ratio out of range (0.53)
Contour #3887: Area=   144, Ratio=0.58, Circ=0.78, Sol=0.96 -> Ô£ù REJECTED
              Aspect ratio out of range (0.58)
Contour #3888: Area=   144, Ratio=0.58, Circ=0.78, Sol=0.96 -> Ô£ù REJECTED
              Aspect ratio out of range (0.58)
Contour #3889: Area=   141, Ratio=0.53, Circ=0.80, Sol=0.99 -> Ô£ù REJECTED
              Aspect ratio out of range (0.53)
Contour #3890: Area=   142, Ratio=0.58, Circ=0.80, Sol=0.97 -> Ô£ù REJECTED
              Aspect ratio out of range (0.58)
Contour #3891: Area=   142, Ratio=0.53, Circ=0.81, Sol=0.99 -> Ô£ù REJECTED
              Aspect ratio out of range (0.53)
Contour #3892: Area=   140, Ratio=0.53, Circ=0.80, Sol=0.99 -> Ô£ù REJECTED
              Aspect ratio out of range (0.53)
Contour #3893: Area=   144, Ratio=0.58, Circ=0.77, Sol=0.96 -> Ô£ù REJECTED
              Aspect ratio out of range (0.58)
Contour #3894: Area=   141, Ratio=0.53, Circ=0.80, Sol=0.99 -> Ô£ù REJECTED
              Aspect ratio out of range (0.53)
Contour #3895: Area=   151, Ratio=0.58, Circ=0.79, Sol=0.97 -> Ô£ù REJECTED
              Aspect ratio out of range (0.58)
Contour #3896: Area=   142, Ratio=0.53, Circ=0.81, Sol=0.99 -> Ô£ù REJECTED
              Aspect ratio out of range (0.53)
Contour #3897: Area=   148, Ratio=0.58, Circ=0.80, Sol=0.97 -> Ô£ù REJECTED
              Aspect ratio out of range (0.58)
Contour #3898: Area=   146, Ratio=0.58, Circ=0.79, Sol=0.96 -> Ô£ù REJECTED
              Aspect ratio out of range (0.58)
Contour #3899: Area=   151, Ratio=0.55, Circ=0.77, Sol=0.96 -> Ô£ù REJECTED
              Aspect ratio out of range (0.55)
Contour #3900: Area=   141, Ratio=0.53, Circ=0.80, Sol=0.99 -> Ô£ù REJECTED
              Aspect ratio out of range (0.53)
Contour #3901: Area=   150, Ratio=0.58, Circ=0.80, Sol=0.97 -> Ô£ù REJECTED
              Aspect ratio out of range (0.58)
Contour #3902: Area=   832, Ratio=2.63, Circ=0.57, Sol=0.94 -> Ô£ù REJECTED
              Area too large (832 ÔëÑ 600)
Contour #3903: Area=   197, Ratio=0.77, Circ=0.53, Sol=0.81 -> Ô£ù REJECTED
              Circularity too low (0.53 < 0.6)
Contour #3904: Area=   194, Ratio=0.77, Circ=0.53, Sol=0.81 -> Ô£ù REJECTED
              Circularity too low (0.53 < 0.6)
Contour #3905: Area=   200, Ratio=0.77, Circ=0.53, Sol=0.81 -> Ô£ù REJECTED
              Circularity too low (0.53 < 0.6)
Contour #3906: Area=   201, Ratio=0.77, Circ=0.52, Sol=0.81 -> Ô£ù REJECTED
              Circularity too low (0.52 < 0.6)
Contour #3907: Area=   206, Ratio=0.77, Circ=0.52, Sol=0.81 -> Ô£ù REJECTED
              Circularity too low (0.52 < 0.6)
Contour #3908: Area=   207, Ratio=0.77, Circ=0.52, Sol=0.81 -> Ô£ù REJECTED
              Circularity too low (0.52 < 0.6)
Contour #3909: Area=   208, Ratio=0.82, Circ=0.51, Sol=0.79 -> Ô£ù REJECTED
              Circularity too low (0.51 < 0.6)
Contour #3910: Area=   198, Ratio=0.77, Circ=0.52, Sol=0.81 -> Ô£ù REJECTED
              Circularity too low (0.52 < 0.6)
Contour #3911: Area=   200, Ratio=0.77, Circ=0.52, Sol=0.81 -> Ô£ù REJECTED
              Circularity too low (0.52 < 0.6)
Contour #3912: Area=   199, Ratio=0.77, Circ=0.53, Sol=0.81 -> Ô£ù REJECTED
              Circularity too low (0.53 < 0.6)
Contour #3913: Area=   208, Ratio=0.77, Circ=0.53, Sol=0.82 -> Ô£ù REJECTED
              Circularity too low (0.53 < 0.6)
Contour #3914: Area=   204, Ratio=0.77, Circ=0.52, Sol=0.80 -> Ô£ù REJECTED
              Circularity too low (0.52 < 0.6)
Contour #3915: Area=   216, Ratio=0.82, Circ=0.54, Sol=0.82 -> Ô£ù REJECTED
              Circularity too low (0.54 < 0.6)
Contour #3916: Area=   198, Ratio=0.77, Circ=0.52, Sol=0.81 -> Ô£ù REJECTED
              Circularity too low (0.52 < 0.6)
Contour #3917: Area=   203, Ratio=0.77, Circ=0.54, Sol=0.83 -> Ô£ù REJECTED
              Circularity too low (0.54 < 0.6)
Contour #3918: Area=   200, Ratio=0.77, Circ=0.54, Sol=0.82 -> Ô£ù REJECTED
              Circularity too low (0.54 < 0.6)
Contour #3919: Area=   206, Ratio=0.77, Circ=0.55, Sol=0.82 -> Ô£ù REJECTED
              Circularity too low (0.55 < 0.6)
Contour #3920: Area=   204, Ratio=0.77, Circ=0.54, Sol=0.82 -> Ô£ù REJECTED
              Circularity too low (0.54 < 0.6)
Contour #3921: Area=   208, Ratio=0.77, Circ=0.54, Sol=0.81 -> Ô£ù REJECTED
              Circularity too low (0.54 < 0.6)
Contour #3922: Area=   190, Ratio=0.82, Circ=0.48, Sol=0.76 -> Ô£ù REJECTED
              Circularity too low (0.48 < 0.6)
Contour #3923: Area=   246, Ratio=0.68, Circ=0.83, Sol=0.97 -> Ô£ô ACCEPTED
Contour #3924: Area=   250, Ratio=0.65, Circ=0.81, Sol=0.96 -> Ô£ô ACCEPTED
Contour #3925: Area=   244, Ratio=0.65, Circ=0.80, Sol=0.95 -> Ô£ô ACCEPTED
Contour #3926: Area=   252, Ratio=0.65, Circ=0.82, Sol=0.97 -> Ô£ô ACCEPTED
Contour #3927: Area=   241, Ratio=0.61, Circ=0.82, Sol=0.98 -> Ô£ô ACCEPTED
Contour #3928: Area=   253, Ratio=0.65, Circ=0.81, Sol=0.97 -> Ô£ô ACCEPTED
Contour #3929: Area=   243, Ratio=0.61, Circ=0.83, Sol=0.98 -> Ô£ô ACCEPTED
Contour #3930: Area=   252, Ratio=0.65, Circ=0.81, Sol=0.96 -> Ô£ô ACCEPTED
Contour #3931: Area=   244, Ratio=0.61, Circ=0.83, Sol=0.98 -> Ô£ô ACCEPTED
Contour #3932: Area=   246, Ratio=0.61, Circ=0.84, Sol=0.98 -> Ô£ô ACCEPTED
Contour #3933: Area=   246, Ratio=0.65, Circ=0.82, Sol=0.96 -> Ô£ô ACCEPTED
Contour #3934: Area=   247, Ratio=0.61, Circ=0.84, Sol=0.99 -> Ô£ô ACCEPTED
Contour #3935: Area=   238, Ratio=0.65, Circ=0.81, Sol=0.96 -> Ô£ô ACCEPTED
Contour #3936: Area=   254, Ratio=0.65, Circ=0.83, Sol=0.97 -> Ô£ô ACCEPTED
Contour #3937: Area=   244, Ratio=0.65, Circ=0.83, Sol=0.97 -> Ô£ô ACCEPTED
Contour #3938: Area=   248, Ratio=0.65, Circ=0.83, Sol=0.97 -> Ô£ô ACCEPTED
Contour #3939: Area=   246, Ratio=0.65, Circ=0.82, Sol=0.96 -> Ô£ô ACCEPTED
Contour #3940: Area=   957, Ratio=1.00, Circ=0.90, Sol=0.98 -> Ô£ù REJECTED
              Area too large (957 ÔëÑ 600)
Contour #3941: Area=   948, Ratio=1.03, Circ=0.92, Sol=0.99 -> Ô£ù REJECTED
              Area too large (948 ÔëÑ 600)
Contour #3942: Area=   949, Ratio=1.03, Circ=0.91, Sol=0.98 -> Ô£ù REJECTED
              Area too large (949 ÔëÑ 600)
Contour #3943: Area=   954, Ratio=1.03, Circ=0.91, Sol=0.99 -> Ô£ù REJECTED
              Area too large (954 ÔëÑ 600)
Contour #3944: Area=   949, Ratio=1.03, Circ=0.91, Sol=0.98 -> Ô£ù REJECTED
              Area too large (949 ÔëÑ 600)
Contour #3945: Area=   954, Ratio=1.00, Circ=0.90, Sol=0.98 -> Ô£ù REJECTED
              Area too large (954 ÔëÑ 600)
Contour #3946: Area=   946, Ratio=1.03, Circ=0.91, Sol=0.98 -> Ô£ù REJECTED
              Area too large (946 ÔëÑ 600)
Contour #3947: Area=   958, Ratio=1.00, Circ=0.90, Sol=0.98 -> Ô£ù REJECTED
              Area too large (958 ÔëÑ 600)
Contour #3948: Area=   954, Ratio=1.00, Circ=0.90, Sol=0.98 -> Ô£ù REJECTED
              Area too large (954 ÔëÑ 600)
Contour #3949: Area=   957, Ratio=1.00, Circ=0.90, Sol=0.99 -> Ô£ù REJECTED
              Area too large (957 ÔëÑ 600)
Contour #3950: Area=   956, Ratio=1.00, Circ=0.90, Sol=0.98 -> Ô£ù REJECTED
              Area too large (956 ÔëÑ 600)
Contour #3951: Area=   957, Ratio=1.03, Circ=0.89, Sol=0.98 -> Ô£ù REJECTED
              Area too large (957 ÔëÑ 600)
Contour #3952: Area=   953, Ratio=1.00, Circ=0.90, Sol=0.98 -> Ô£ù REJECTED
              Area too large (953 ÔëÑ 600)
Contour #3953: Area=   951, Ratio=1.00, Circ=0.90, Sol=0.98 -> Ô£ù REJECTED
              Area too large (951 ÔëÑ 600)
Contour #3954: Area=   951, Ratio=1.00, Circ=0.90, Sol=0.98 -> Ô£ù REJECTED
              Area too large (951 ÔëÑ 600)
Contour #3955: Area=   951, Ratio=1.00, Circ=0.90, Sol=0.98 -> Ô£ù REJECTED
              Area too large (951 ÔëÑ 600)
Contour #3956: Area=   957, Ratio=1.00, Circ=0.90, Sol=0.98 -> Ô£ù REJECTED
              Area too large (957 ÔëÑ 600)
Contour #3957: Area=   954, Ratio=1.00, Circ=0.90, Sol=0.98 -> Ô£ù REJECTED
              Area too large (954 ÔëÑ 600)
Contour #3958: Area=   951, Ratio=1.00, Circ=0.90, Sol=0.98 -> Ô£ù REJECTED
              Area too large (951 ÔëÑ 600)
Contour #3959: Area=   953, Ratio=1.00, Circ=0.90, Sol=0.98 -> Ô£ù REJECTED
              Area too large (953 ÔëÑ 600)
Contour #3960: Area=   953, Ratio=0.97, Circ=0.91, Sol=0.99 -> Ô£ù REJECTED
              Area too large (953 ÔëÑ 600)
Contour #3961: Area=   952, Ratio=1.00, Circ=0.90, Sol=0.98 -> Ô£ù REJECTED
              Area too large (952 ÔëÑ 600)
Contour #3962: Area=   956, Ratio=1.00, Circ=0.89, Sol=0.98 -> Ô£ù REJECTED
              Area too large (956 ÔëÑ 600)
Contour #3963: Area=   955, Ratio=1.00, Circ=0.90, Sol=0.98 -> Ô£ù REJECTED
              Area too large (955 ÔëÑ 600)
Contour #3964: Area=   955, Ratio=1.00, Circ=0.90, Sol=0.99 -> Ô£ù REJECTED
              Area too large (955 ÔëÑ 600)
Contour #3965: Area=   952, Ratio=1.00, Circ=0.90, Sol=0.98 -> Ô£ù REJECTED
              Area too large (952 ÔëÑ 600)
Contour #3966: Area=   955, Ratio=1.00, Circ=0.90, Sol=0.98 -> Ô£ù REJECTED
              Area too large (955 ÔëÑ 600)
Contour #3967: Area=   952, Ratio=1.00, Circ=0.90, Sol=0.98 -> Ô£ù REJECTED
              Area too large (952 ÔëÑ 600)
Contour #3968: Area=   952, Ratio=1.00, Circ=0.91, Sol=0.99 -> Ô£ù REJECTED
              Area too large (952 ÔëÑ 600)
Contour #3969: Area=   955, Ratio=1.00, Circ=0.90, Sol=0.98 -> Ô£ù REJECTED
              Area too large (955 ÔëÑ 600)
Contour #3970: Area=   958, Ratio=1.00, Circ=0.90, Sol=0.98 -> Ô£ù REJECTED
              Area too large (958 ÔëÑ 600)
Contour #3971: Area=   954, Ratio=1.00, Circ=0.90, Sol=0.98 -> Ô£ù REJECTED
              Area too large (954 ÔëÑ 600)
Contour #3972: Area=   956, Ratio=1.00, Circ=0.90, Sol=0.98 -> Ô£ù REJECTED
              Area too large (956 ÔëÑ 600)
Contour #3973: Area=   955, Ratio=1.00, Circ=0.90, Sol=0.98 -> Ô£ù REJECTED
              Area too large (955 ÔëÑ 600)
Contour #3974: Area=   958, Ratio=1.00, Circ=0.90, Sol=0.98 -> Ô£ù REJECTED
              Area too large (958 ÔëÑ 600)
Contour #3975: Area=   954, Ratio=1.00, Circ=0.90, Sol=0.98 -> Ô£ù REJECTED
              Area too large (954 ÔëÑ 600)
Contour #3976: Area=   954, Ratio=0.97, Circ=0.91, Sol=0.99 -> Ô£ù REJECTED
              Area too large (954 ÔëÑ 600)
Contour #3977: Area=  1222, Ratio=1.02, Circ=0.89, Sol=0.98 -> Ô£ù REJECTED
              Area too large (1222 ÔëÑ 600)
Contour #3978: Area=  1220, Ratio=1.00, Circ=0.90, Sol=0.99 -> Ô£ù REJECTED
              Area too large (1220 ÔëÑ 600)
Contour #3979: Area=  1225, Ratio=1.02, Circ=0.90, Sol=0.98 -> Ô£ù REJECTED
              Area too large (1225 ÔëÑ 600)
Contour #3980: Area=  1230, Ratio=1.00, Circ=0.90, Sol=0.99 -> Ô£ù REJECTED
              Area too large (1230 ÔëÑ 600)
Contour #3981: Area=  1236, Ratio=1.02, Circ=0.89, Sol=0.98 -> Ô£ù REJECTED
              Area too large (1236 ÔëÑ 600)
Contour #3982: Area=  1235, Ratio=1.02, Circ=0.90, Sol=0.98 -> Ô£ù REJECTED
              Area too large (1235 ÔëÑ 600)
Contour #3983: Area=  1231, Ratio=1.00, Circ=0.91, Sol=0.99 -> Ô£ù REJECTED
              Area too large (1231 ÔëÑ 600)
Contour #3984: Area=  1228, Ratio=1.00, Circ=0.91, Sol=0.99 -> Ô£ù REJECTED
              Area too large (1228 ÔëÑ 600)
Contour #3985: Area=  1232, Ratio=1.00, Circ=0.91, Sol=0.99 -> Ô£ù REJECTED
              Area too large (1232 ÔëÑ 600)
Contour #3986: Area=  1227, Ratio=1.00, Circ=0.91, Sol=0.99 -> Ô£ù REJECTED
              Area too large (1227 ÔëÑ 600)
Contour #3987: Area=  1232, Ratio=1.02, Circ=0.89, Sol=0.98 -> Ô£ù REJECTED
              Area too large (1232 ÔëÑ 600)
Contour #3988: Area=  1228, Ratio=1.02, Circ=0.88, Sol=0.98 -> Ô£ù REJECTED
              Area too large (1228 ÔëÑ 600)
Contour #3989: Area=  1238, Ratio=1.02, Circ=0.90, Sol=0.98 -> Ô£ù REJECTED
              Area too large (1238 ÔëÑ 600)
Contour #3990: Area=  1227, Ratio=1.00, Circ=0.91, Sol=0.99 -> Ô£ù REJECTED
              Area too large (1227 ÔëÑ 600)
Contour #3991: Area=  1229, Ratio=1.00, Circ=0.91, Sol=0.99 -> Ô£ù REJECTED
              Area too large (1229 ÔëÑ 600)
Contour #3992: Area=  1228, Ratio=1.00, Circ=0.91, Sol=0.99 -> Ô£ù REJECTED
              Area too large (1228 ÔëÑ 600)
Contour #3993: Area=  1228, Ratio=1.00, Circ=0.90, Sol=0.99 -> Ô£ù REJECTED
              Area too large (1228 ÔëÑ 600)
Contour #3994: Area=  1230, Ratio=1.02, Circ=0.90, Sol=0.98 -> Ô£ù REJECTED
              Area too large (1230 ÔëÑ 600)
Contour #3995: Area=  1232, Ratio=1.02, Circ=0.90, Sol=0.98 -> Ô£ù REJECTED
              Area too large (1232 ÔëÑ 600)
Contour #3996: Area=  1224, Ratio=1.02, Circ=0.89, Sol=0.98 -> Ô£ù REJECTED
              Area too large (1224 ÔëÑ 600)
Contour #3997: Area=  1224, Ratio=1.00, Circ=0.90, Sol=0.98 -> Ô£ù REJECTED
              Area too large (1224 ÔëÑ 600)
Contour #3998: Area=  1225, Ratio=1.00, Circ=0.91, Sol=0.99 -> Ô£ù REJECTED
              Area too large (1225 ÔëÑ 600)
Contour #3999: Area=  1227, Ratio=1.00, Circ=0.89, Sol=0.98 -> Ô£ù REJECTED
              Area too large (1227 ÔëÑ 600)
Contour #4000: Area=  1225, Ratio=0.98, Circ=0.90, Sol=0.98 -> Ô£ù REJECTED
              Area too large (1225 ÔëÑ 600)
Contour #4001: Area=  1223, Ratio=0.98, Circ=0.89, Sol=0.98 -> Ô£ù REJECTED
              Area too large (1223 ÔëÑ 600)
Contour #4002: Area=  1230, Ratio=1.00, Circ=0.89, Sol=0.98 -> Ô£ù REJECTED
              Area too large (1230 ÔëÑ 600)
Contour #4003: Area=  1221, Ratio=0.98, Circ=0.89, Sol=0.98 -> Ô£ù REJECTED
              Area too large (1221 ÔëÑ 600)
Contour #4004: Area=  1231, Ratio=1.00, Circ=0.89, Sol=0.98 -> Ô£ù REJECTED
              Area too large (1231 ÔëÑ 600)
Contour #4005: Area=  1223, Ratio=0.98, Circ=0.89, Sol=0.98 -> Ô£ù REJECTED
              Area too large (1223 ÔëÑ 600)
Contour #4006: Area=  1227, Ratio=1.00, Circ=0.89, Sol=0.98 -> Ô£ù REJECTED
              Area too large (1227 ÔëÑ 600)
Contour #4007: Area=  1226, Ratio=0.98, Circ=0.90, Sol=0.98 -> Ô£ù REJECTED
              Area too large (1226 ÔëÑ 600)
Contour #4008: Area=  1226, Ratio=1.00, Circ=0.91, Sol=0.99 -> Ô£ù REJECTED
              Area too large (1226 ÔëÑ 600)
Contour #4009: Area=  1224, Ratio=1.00, Circ=0.90, Sol=0.98 -> Ô£ù REJECTED
              Area too large (1224 ÔëÑ 600)
Contour #4010: Area=  1228, Ratio=1.02, Circ=0.89, Sol=0.98 -> Ô£ù REJECTED
              Area too large (1228 ÔëÑ 600)
Contour #4011: Area=  1228, Ratio=1.02, Circ=0.89, Sol=0.98 -> Ô£ù REJECTED
              Area too large (1228 ÔëÑ 600)
Contour #4012: Area=  1227, Ratio=1.00, Circ=0.91, Sol=0.99 -> Ô£ù REJECTED
              Area too large (1227 ÔëÑ 600)
Contour #4013: Area=  1219, Ratio=1.00, Circ=0.89, Sol=0.98 -> Ô£ù REJECTED
              Area too large (1219 ÔëÑ 600)
Contour #4014: Area=   515, Ratio=0.00, Circ=0.01, Sol=1.00 -> Ô£ù REJECTED
              Aspect ratio out of range (0.00)
Contour #4015: Area=   676, Ratio=0.01, Circ=0.01, Sol=0.69 -> Ô£ù REJECTED
              Area too large (676 ÔëÑ 600)
Contour #4016: Area=   820, Ratio=0.01, Circ=0.01, Sol=0.81 -> Ô£ù REJECTED
              Area too large (820 ÔëÑ 600)
Contour #4017: Area=   530, Ratio=0.01, Circ=0.01, Sol=0.62 -> Ô£ù REJECTED
              Aspect ratio out of range (0.01)
Contour #4018: Area=   989, Ratio=0.01, Circ=0.01, Sol=0.97 -> Ô£ù REJECTED
              Area too large (989 ÔëÑ 600)
Contour #4019: Area=   722, Ratio=0.01, Circ=0.01, Sol=0.72 -> Ô£ù REJECTED
              Area too large (722 ÔëÑ 600)
Contour #4020: Area=   514, Ratio=0.00, Circ=0.01, Sol=1.00 -> Ô£ù REJECTED
              Aspect ratio out of range (0.00)
Contour #4021: Area=  1003, Ratio=0.01, Circ=0.01, Sol=0.98 -> Ô£ù REJECTED
              Area too large (1003 ÔëÑ 600)
Contour #4022: Area=   678, Ratio=0.01, Circ=0.01, Sol=0.72 -> Ô£ù REJECTED
              Area too large (678 ÔëÑ 600)
Contour #4023: Area=   597, Ratio=0.01, Circ=0.01, Sol=0.60 -> Ô£ù REJECTED
              Aspect ratio out of range (0.01)
Contour #4024: Area= 82117, Ratio=0.31, Circ=0.55, Sol=0.99 -> Ô£ù REJECTED
              Area too large (82117 ÔëÑ 600)
Contour #4025: Area=108827, Ratio=0.40, Circ=0.22, Sol=0.99 -> Ô£ù REJECTED
              Area too large (108827 ÔëÑ 600)
Contour #4026: Area=162774, Ratio=0.60, Circ=0.27, Sol=1.00 -> Ô£ù REJECTED
              Area too large (162774 ÔëÑ 600)
Contour #4027: Area=107784, Ratio=0.40, Circ=0.21, Sol=0.98 -> Ô£ù REJECTED
              Area too large (107784 ÔëÑ 600)
Contour #4028: Area=   448, Ratio=3.58, Circ=0.55, Sol=0.99 -> Ô£ù REJECTED
              Aspect ratio out of range (3.58)
Contour #4029: Area=   228, Ratio=0.89, Circ=0.88, Sol=0.97 -> Ô£ô ACCEPTED
Contour #4030: Area=   225, Ratio=0.84, Circ=0.92, Sol=0.99 -> Ô£ô ACCEPTED
Contour #4031: Area=   228, Ratio=0.84, Circ=0.91, Sol=0.99 -> Ô£ô ACCEPTED
Contour #4032: Area=   228, Ratio=0.89, Circ=0.88, Sol=0.97 -> Ô£ô ACCEPTED
Contour #4033: Area=   231, Ratio=0.89, Circ=0.92, Sol=0.99 -> Ô£ô ACCEPTED
Contour #4034: Area=   228, Ratio=0.89, Circ=0.90, Sol=0.98 -> Ô£ô ACCEPTED
Contour #4035: Area=   232, Ratio=0.89, Circ=0.90, Sol=0.98 -> Ô£ô ACCEPTED
Contour #4036: Area=   224, Ratio=0.84, Circ=0.92, Sol=0.99 -> Ô£ô ACCEPTED
Contour #4037: Area=   227, Ratio=0.84, Circ=0.93, Sol=1.00 -> Ô£ô ACCEPTED
Contour #4038: Area=   226, Ratio=0.84, Circ=0.92, Sol=0.99 -> Ô£ô ACCEPTED
Contour #4039: Area=   230, Ratio=0.89, Circ=0.90, Sol=0.98 -> Ô£ô ACCEPTED
Contour #4040: Area=   228, Ratio=0.89, Circ=0.89, Sol=0.97 -> Ô£ô ACCEPTED
Contour #4041: Area=   232, Ratio=0.89, Circ=0.90, Sol=0.98 -> Ô£ô ACCEPTED
Contour #4042: Area=   226, Ratio=0.80, Circ=0.90, Sol=0.98 -> Ô£ô ACCEPTED
Contour #4043: Area=   230, Ratio=0.80, Circ=0.91, Sol=0.99 -> Ô£ô ACCEPTED
Contour #4044: Area=   227, Ratio=0.80, Circ=0.90, Sol=0.98 -> Ô£ô ACCEPTED
Contour #4045: Area=   232, Ratio=0.85, Circ=0.88, Sol=0.97 -> Ô£ô ACCEPTED
Contour #4046: Area=   230, Ratio=0.85, Circ=0.85, Sol=0.96 -> Ô£ô ACCEPTED
Contour #4047: Area=   232, Ratio=0.85, Circ=0.88, Sol=0.97 -> Ô£ô ACCEPTED
Contour #4048: Area=   230, Ratio=0.80, Circ=0.91, Sol=0.99 -> Ô£ô ACCEPTED
Contour #4049: Area=   828, Ratio=2.63, Circ=0.57, Sol=0.94 -> Ô£ù REJECTED
              Area too large (828 ÔëÑ 600)
Contour #4050: Area=   350, Ratio=0.95, Circ=0.89, Sol=0.98 -> Ô£ô ACCEPTED
Contour #4051: Area=   353, Ratio=0.91, Circ=0.86, Sol=0.97 -> Ô£ô ACCEPTED
Contour #4052: Area=   354, Ratio=0.91, Circ=0.86, Sol=0.97 -> Ô£ô ACCEPTED
Contour #4053: Area=   354, Ratio=0.91, Circ=0.87, Sol=0.98 -> Ô£ô ACCEPTED
Contour #4054: Area=   352, Ratio=0.91, Circ=0.87, Sol=0.97 -> Ô£ô ACCEPTED
Contour #4055: Area=   357, Ratio=0.91, Circ=0.87, Sol=0.97 -> Ô£ô ACCEPTED
Contour #4056: Area=   356, Ratio=0.91, Circ=0.88, Sol=0.97 -> Ô£ô ACCEPTED
Contour #4057: Area=     0, Ratio=1.00, Circ=0.00, Sol=0.00 -> Ô£ù REJECTED
              Area too small (0 Ôëñ 30)
Contour #4058: Area=   362, Ratio=0.88, Circ=0.77, Sol=0.94 -> Ô£ô ACCEPTED
Contour #4059: Area=   366, Ratio=0.88, Circ=0.71, Sol=0.93 -> Ô£ô ACCEPTED
Contour #4060: Area=   361, Ratio=0.84, Circ=0.73, Sol=0.93 -> Ô£ô ACCEPTED
Contour #4061: Area=     0, Ratio=1.00, Circ=0.00, Sol=0.00 -> Ô£ù REJECTED
              Area too small (0 Ôëñ 30)
Contour #4062: Area=     0, Ratio=1.00, Circ=0.00, Sol=0.00 -> Ô£ù REJECTED
              Area too small (0 Ôëñ 30)
Contour #4063: Area=   358, Ratio=0.88, Circ=0.74, Sol=0.93 -> Ô£ô ACCEPTED
Contour #4064: Area=   360, Ratio=0.88, Circ=0.66, Sol=0.91 -> Ô£ô ACCEPTED
Contour #4065: Area=     0, Ratio=1.00, Circ=0.00, Sol=0.00 -> Ô£ù REJECTED
              Area too small (0 Ôëñ 30)
Contour #4066: Area=     0, Ratio=1.00, Circ=0.00, Sol=0.00 -> Ô£ù REJECTED
              Area too small (0 Ôëñ 30)
Contour #4067: Area=   362, Ratio=0.84, Circ=0.77, Sol=0.95 -> Ô£ô ACCEPTED
Contour #4068: Area=     0, Ratio=1.00, Circ=0.00, Sol=0.00 -> Ô£ù REJECTED
              Area too small (0 Ôëñ 30)
Contour #4069: Area=     0, Ratio=1.00, Circ=0.00, Sol=0.00 -> Ô£ù REJECTED
              Area too small (0 Ôëñ 30)
Contour #4070: Area=     0, Ratio=1.00, Circ=0.00, Sol=0.00 -> Ô£ù REJECTED
              Area too small (0 Ôëñ 30)
Contour #4071: Area=   362, Ratio=0.84, Circ=0.71, Sol=0.92 -> Ô£ô ACCEPTED
Contour #4072: Area=   351, Ratio=0.88, Circ=0.75, Sol=0.93 -> Ô£ô ACCEPTED
Contour #4073: Area=     0, Ratio=2.00, Circ=0.00, Sol=0.00 -> Ô£ù REJECTED
              Area too small (0 Ôëñ 30)
Contour #4074: Area=     0, Ratio=1.00, Circ=0.00, Sol=0.00 -> Ô£ù REJECTED
              Area too small (0 Ôëñ 30)
Contour #4075: Area=   352, Ratio=0.84, Circ=0.78, Sol=0.94 -> Ô£ô ACCEPTED
Contour #4076: Area=   360, Ratio=0.84, Circ=0.78, Sol=0.95 -> Ô£ô ACCEPTED
Contour #4077: Area=     0, Ratio=0.50, Circ=0.00, Sol=0.00 -> Ô£ù REJECTED
              Area too small (0 Ôëñ 30)
Contour #4078: Area=     0, Ratio=1.00, Circ=0.00, Sol=0.00 -> Ô£ù REJECTED
              Area too small (0 Ôëñ 30)
Contour #4079: Area=   358, Ratio=0.85, Circ=0.78, Sol=0.94 -> Ô£ô ACCEPTED
Contour #4080: Area=   362, Ratio=0.85, Circ=0.73, Sol=0.93 -> Ô£ô ACCEPTED
Contour #4081: Area=   358, Ratio=0.85, Circ=0.72, Sol=0.92 -> Ô£ô ACCEPTED
Contour #4082: Area=   954, Ratio=1.00, Circ=0.90, Sol=0.98 -> Ô£ù REJECTED
              Area too large (954 ÔëÑ 600)
Contour #4083: Area=   957, Ratio=1.00, Circ=0.90, Sol=0.98 -> Ô£ù REJECTED
              Area too large (957 ÔëÑ 600)
Contour #4084: Area=   950, Ratio=0.97, Circ=0.91, Sol=0.99 -> Ô£ù REJECTED
              Area too large (950 ÔëÑ 600)
Contour #4085: Area=   956, Ratio=1.00, Circ=0.90, Sol=0.98 -> Ô£ù REJECTED
              Area too large (956 ÔëÑ 600)
Contour #4086: Area=   955, Ratio=1.00, Circ=0.90, Sol=0.98 -> Ô£ù REJECTED
              Area too large (955 ÔëÑ 600)
Contour #4087: Area=   957, Ratio=1.00, Circ=0.90, Sol=0.98 -> Ô£ù REJECTED
              Area too large (957 ÔëÑ 600)
Contour #4088: Area=   952, Ratio=1.00, Circ=0.90, Sol=0.98 -> Ô£ù REJECTED
              Area too large (952 ÔëÑ 600)
Contour #4089: Area=   955, Ratio=1.00, Circ=0.90, Sol=0.98 -> Ô£ù REJECTED
              Area too large (955 ÔëÑ 600)
Contour #4090: Area=   956, Ratio=1.00, Circ=0.90, Sol=0.98 -> Ô£ù REJECTED
              Area too large (956 ÔëÑ 600)
Contour #4091: Area=   956, Ratio=0.97, Circ=0.92, Sol=0.99 -> Ô£ù REJECTED
              Area too large (956 ÔëÑ 600)
Contour #4092: Area=   955, Ratio=1.00, Circ=0.90, Sol=0.98 -> Ô£ù REJECTED
              Area too large (955 ÔëÑ 600)
Contour #4093: Area=   959, Ratio=1.00, Circ=0.90, Sol=0.98 -> Ô£ù REJECTED
              Area too large (959 ÔëÑ 600)
Contour #4094: Area=   952, Ratio=1.00, Circ=0.91, Sol=0.98 -> Ô£ù REJECTED
              Area too large (952 ÔëÑ 600)
Contour #4095: Area=   959, Ratio=1.00, Circ=0.90, Sol=0.99 -> Ô£ù REJECTED
              Area too large (959 ÔëÑ 600)
Contour #4096: Area=   957, Ratio=1.00, Circ=0.90, Sol=0.99 -> Ô£ù REJECTED
              Area too large (957 ÔëÑ 600)
Contour #4097: Area=   960, Ratio=1.00, Circ=0.91, Sol=0.98 -> Ô£ù REJECTED
              Area too large (960 ÔëÑ 600)
Contour #4098: Area=   954, Ratio=0.97, Circ=0.91, Sol=0.99 -> Ô£ù REJECTED
              Area too large (954 ÔëÑ 600)
Contour #4099: Area=   960, Ratio=1.00, Circ=0.91, Sol=0.98 -> Ô£ù REJECTED
              Area too large (960 ÔëÑ 600)
Contour #4100: Area=   960, Ratio=1.00, Circ=0.90, Sol=0.98 -> Ô£ù REJECTED
              Area too large (960 ÔëÑ 600)
Contour #4101: Area=   960, Ratio=1.00, Circ=0.90, Sol=0.98 -> Ô£ù REJECTED
              Area too large (960 ÔëÑ 600)
Contour #4102: Area=  1228, Ratio=1.02, Circ=0.90, Sol=0.98 -> Ô£ù REJECTED
              Area too large (1228 ÔëÑ 600)
Contour #4103: Area=  1230, Ratio=1.00, Circ=0.90, Sol=0.99 -> Ô£ù REJECTED
              Area too large (1230 ÔëÑ 600)
Contour #4104: Area=  1234, Ratio=1.02, Circ=0.89, Sol=0.98 -> Ô£ù REJECTED
              Area too large (1234 ÔëÑ 600)
Contour #4105: Area=  1232, Ratio=1.00, Circ=0.91, Sol=0.99 -> Ô£ù REJECTED
              Area too large (1232 ÔëÑ 600)
Contour #4106: Area=  1229, Ratio=1.00, Circ=0.91, Sol=0.99 -> Ô£ù REJECTED
              Area too large (1229 ÔëÑ 600)
Contour #4107: Area=  1229, Ratio=1.00, Circ=0.91, Sol=0.99 -> Ô£ù REJECTED
              Area too large (1229 ÔëÑ 600)
Contour #4108: Area=  1230, Ratio=1.00, Circ=0.91, Sol=0.99 -> Ô£ù REJECTED
              Area too large (1230 ÔëÑ 600)
Contour #4109: Area=  1234, Ratio=1.02, Circ=0.90, Sol=0.98 -> Ô£ù REJECTED
              Area too large (1234 ÔëÑ 600)
Contour #4110: Area=  1226, Ratio=1.02, Circ=0.89, Sol=0.98 -> Ô£ù REJECTED
              Area too large (1226 ÔëÑ 600)
Contour #4111: Area=  1236, Ratio=1.02, Circ=0.90, Sol=0.98 -> Ô£ù REJECTED
              Area too large (1236 ÔëÑ 600)
Contour #4112: Area=  1227, Ratio=1.00, Circ=0.91, Sol=0.99 -> Ô£ù REJECTED
              Area too large (1227 ÔëÑ 600)
Contour #4113: Area=  1227, Ratio=1.00, Circ=0.91, Sol=0.99 -> Ô£ù REJECTED
              Area too large (1227 ÔëÑ 600)
Contour #4114: Area=  1226, Ratio=1.00, Circ=0.91, Sol=0.99 -> Ô£ù REJECTED
              Area too large (1226 ÔëÑ 600)
Contour #4115: Area=  1228, Ratio=1.00, Circ=0.91, Sol=0.99 -> Ô£ù REJECTED
              Area too large (1228 ÔëÑ 600)
Contour #4116: Area=  1228, Ratio=1.02, Circ=0.89, Sol=0.98 -> Ô£ù REJECTED
              Area too large (1228 ÔëÑ 600)
Contour #4117: Area=  1228, Ratio=1.02, Circ=0.89, Sol=0.98 -> Ô£ù REJECTED
              Area too large (1228 ÔëÑ 600)
Contour #4118: Area=  1230, Ratio=1.02, Circ=0.89, Sol=0.98 -> Ô£ù REJECTED
              Area too large (1230 ÔëÑ 600)
Contour #4119: Area=  1229, Ratio=1.00, Circ=0.91, Sol=0.99 -> Ô£ù REJECTED
              Area too large (1229 ÔëÑ 600)
Contour #4120: Area=  1224, Ratio=1.00, Circ=0.91, Sol=0.99 -> Ô£ù REJECTED
              Area too large (1224 ÔëÑ 600)
Contour #4121: Area=  1236, Ratio=1.00, Circ=0.89, Sol=0.98 -> Ô£ù REJECTED
              Area too large (1236 ÔëÑ 600)
Contour #4122: Area=  2549, Ratio=1.00, Circ=0.80, Sol=0.99 -> Ô£ù REJECTED
              Area too large (2549 ÔëÑ 600)
Contour #4123: Area=  2550, Ratio=1.02, Circ=0.79, Sol=0.98 -> Ô£ù REJECTED
              Area too large (2550 ÔëÑ 600)
Contour #4124: Area=  2531, Ratio=1.02, Circ=0.76, Sol=0.96 -> Ô£ù REJECTED
              Area too large (2531 ÔëÑ 600)
Contour #4125: Area=  2512, Ratio=1.00, Circ=0.78, Sol=0.98 -> Ô£ù REJECTED
              Area too large (2512 ÔëÑ 600)
Contour #4126: Area=  2566, Ratio=1.02, Circ=0.77, Sol=0.97 -> Ô£ù REJECTED
              Area too large (2566 ÔëÑ 600)
Contour #4127: Area=  2605, Ratio=1.04, Circ=0.78, Sol=0.97 -> Ô£ù REJECTED
              Area too large (2605 ÔëÑ 600)
Contour #4128: Area=  2598, Ratio=1.02, Circ=0.80, Sol=0.99 -> Ô£ù REJECTED
              Area too large (2598 ÔëÑ 600)
Contour #4129: Area=  2538, Ratio=1.02, Circ=0.75, Sol=0.96 -> Ô£ù REJECTED
              Area too large (2538 ÔëÑ 600)
Contour #4130: Area=  2564, Ratio=1.02, Circ=0.78, Sol=0.97 -> Ô£ù REJECTED
              Area too large (2564 ÔëÑ 600)
Contour #4131: Area=  2614, Ratio=1.04, Circ=0.77, Sol=0.97 -> Ô£ù REJECTED
              Area too large (2614 ÔëÑ 600)
Contour #4132: Area=  2566, Ratio=1.02, Circ=0.78, Sol=0.97 -> Ô£ù REJECTED
              Area too large (2566 ÔëÑ 600)
Contour #4133: Area=  2633, Ratio=1.02, Circ=0.79, Sol=0.99 -> Ô£ù REJECTED
              Area too large (2633 ÔëÑ 600)
Contour #4134: Area=  2596, Ratio=1.02, Circ=0.79, Sol=0.99 -> Ô£ù REJECTED
              Area too large (2596 ÔëÑ 600)
Contour #4135: Area=  2526, Ratio=1.02, Circ=0.76, Sol=0.95 -> Ô£ù REJECTED
              Area too large (2526 ÔëÑ 600)
Contour #4136: Area=  2570, Ratio=1.04, Circ=0.76, Sol=0.96 -> Ô£ù REJECTED
              Area too large (2570 ÔëÑ 600)
Contour #4137: Area=  2520, Ratio=1.02, Circ=0.76, Sol=0.95 -> Ô£ù REJECTED
              Area too large (2520 ÔëÑ 600)
Contour #4138: Area=  2461, Ratio=0.98, Circ=0.78, Sol=0.97 -> Ô£ù REJECTED
              Area too large (2461 ÔëÑ 600)
Contour #4139: Area=     0, Ratio=4.00, Circ=0.00, Sol=0.00 -> Ô£ù REJECTED
              Area too small (0 Ôëñ 30)
Contour #4140: Area=     0, Ratio=0.25, Circ=0.00, Sol=0.00 -> Ô£ù REJECTED
              Area too small (0 Ôëñ 30)
Contour #4141: Area=   428, Ratio=3.31, Circ=0.51, Sol=0.90 -> Ô£ù REJECTED
              Aspect ratio out of range (3.31)
Contour #4142: Area=    58, Ratio=1.00, Circ=0.93, Sol=1.00 -> Ô£ô ACCEPTED
Contour #4143: Area=    58, Ratio=1.11, Circ=0.87, Sol=0.98 -> Ô£ô ACCEPTED
Contour #4144: Area=    58, Ratio=1.00, Circ=0.93, Sol=1.00 -> Ô£ô ACCEPTED
Contour #4145: Area=   224, Ratio=0.84, Circ=0.92, Sol=0.99 -> Ô£ô ACCEPTED
Contour #4146: Area=   225, Ratio=0.84, Circ=0.92, Sol=0.99 -> Ô£ô ACCEPTED
Contour #4147: Area=   226, Ratio=0.84, Circ=0.91, Sol=0.99 -> Ô£ô ACCEPTED
Contour #4148: Area=   226, Ratio=0.89, Circ=0.88, Sol=0.97 -> Ô£ô ACCEPTED
Contour #4149: Area=   232, Ratio=0.89, Circ=0.90, Sol=0.98 -> Ô£ô ACCEPTED
Contour #4150: Area=   227, Ratio=0.89, Circ=0.90, Sol=0.98 -> Ô£ô ACCEPTED
Contour #4151: Area=   230, Ratio=0.89, Circ=0.89, Sol=0.98 -> Ô£ô ACCEPTED
Contour #4152: Area=   224, Ratio=0.84, Circ=0.90, Sol=0.98 -> Ô£ô ACCEPTED
Contour #4153: Area=   224, Ratio=0.84, Circ=0.92, Sol=0.99 -> Ô£ô ACCEPTED
Contour #4154: Area=   224, Ratio=0.84, Circ=0.90, Sol=0.98 -> Ô£ô ACCEPTED
Contour #4155: Area=   228, Ratio=0.89, Circ=0.90, Sol=0.98 -> Ô£ô ACCEPTED
Contour #4156: Area=   229, Ratio=0.89, Circ=0.91, Sol=0.98 -> Ô£ô ACCEPTED
Contour #4157: Area=   230, Ratio=0.89, Circ=0.91, Sol=0.98 -> Ô£ô ACCEPTED
Contour #4158: Area=   224, Ratio=0.84, Circ=0.92, Sol=0.99 -> Ô£ô ACCEPTED
Contour #4159: Area=   228, Ratio=0.84, Circ=0.91, Sol=0.99 -> Ô£ô ACCEPTED
Contour #4160: Area=   228, Ratio=0.84, Circ=0.91, Sol=0.99 -> Ô£ô ACCEPTED
Contour #4161: Area=   230, Ratio=0.89, Circ=0.91, Sol=0.98 -> Ô£ô ACCEPTED
Contour #4162: Area=   230, Ratio=0.89, Circ=0.91, Sol=0.98 -> Ô£ô ACCEPTED
Contour #4163: Area=   231, Ratio=0.89, Circ=0.92, Sol=0.99 -> Ô£ô ACCEPTED
Contour #4164: Area=   228, Ratio=0.84, Circ=0.89, Sol=0.98 -> Ô£ô ACCEPTED
Contour #4165: Area=   868, Ratio=2.63, Circ=0.61, Sol=0.99 -> Ô£ù REJECTED
              Area too large (868 ÔëÑ 600)
Contour #4166: Area=   350, Ratio=0.95, Circ=0.89, Sol=0.98 -> Ô£ô ACCEPTED
Contour #4167: Area=   356, Ratio=1.00, Circ=0.90, Sol=0.98 -> Ô£ô ACCEPTED
Contour #4168: Area=   350, Ratio=0.95, Circ=0.90, Sol=0.98 -> Ô£ô ACCEPTED
Contour #4169: Area=   355, Ratio=0.95, Circ=0.90, Sol=0.98 -> Ô£ô ACCEPTED
Contour #4170: Area=   356, Ratio=0.95, Circ=0.91, Sol=0.98 -> Ô£ô ACCEPTED
Contour #4171: Area=   358, Ratio=0.91, Circ=0.89, Sol=0.98 -> Ô£ô ACCEPTED
Contour #4172: Area=   354, Ratio=0.95, Circ=0.90, Sol=0.98 -> Ô£ô ACCEPTED
Contour #4173: Area=   360, Ratio=0.96, Circ=0.89, Sol=0.97 -> Ô£ô ACCEPTED
Contour #4174: Area=   356, Ratio=0.96, Circ=0.88, Sol=0.97 -> Ô£ô ACCEPTED
Contour #4175: Area=   358, Ratio=0.91, Circ=0.89, Sol=0.98 -> Ô£ô ACCEPTED
Contour #4176: Area=   355, Ratio=0.91, Circ=0.88, Sol=0.97 -> Ô£ô ACCEPTED
Contour #4177: Area=   361, Ratio=0.91, Circ=0.90, Sol=0.98 -> Ô£ô ACCEPTED
Contour #4178: Area=   356, Ratio=0.91, Circ=0.90, Sol=0.98 -> Ô£ô ACCEPTED
Contour #4179: Area=   359, Ratio=0.96, Circ=0.87, Sol=0.97 -> Ô£ô ACCEPTED
Contour #4180: Area=   359, Ratio=0.96, Circ=0.87, Sol=0.97 -> Ô£ô ACCEPTED
Contour #4181: Area=   362, Ratio=0.96, Circ=0.88, Sol=0.97 -> Ô£ô ACCEPTED
Contour #4182: Area=   357, Ratio=0.91, Circ=0.89, Sol=0.98 -> Ô£ô ACCEPTED
Contour #4183: Area=   359, Ratio=0.91, Circ=0.89, Sol=0.98 -> Ô£ô ACCEPTED
Contour #4184: Area=   356, Ratio=0.91, Circ=0.91, Sol=0.98 -> Ô£ô ACCEPTED
Contour #4185: Area=   358, Ratio=0.91, Circ=0.89, Sol=0.98 -> Ô£ô ACCEPTED
Contour #4186: Area=    28, Ratio=0.75, Circ=0.90, Sol=1.00 -> Ô£ù REJECTED
              Area too small (28 Ôëñ 30)
Contour #4187: Area=    34, Ratio=1.12, Circ=0.76, Sol=0.94 -> Ô£ô ACCEPTED
Contour #4188: Area=    26, Ratio=0.62, Circ=0.85, Sol=1.00 -> Ô£ù REJECTED
              Area too small (26 Ôëñ 30)
Contour #4189: Area=   951, Ratio=1.03, Circ=0.91, Sol=0.99 -> Ô£ù REJECTED
              Area too large (951 ÔëÑ 600)
Contour #4190: Area=   954, Ratio=1.03, Circ=0.91, Sol=0.99 -> Ô£ù REJECTED
              Area too large (954 ÔëÑ 600)
Contour #4191: Area=   959, Ratio=1.00, Circ=0.90, Sol=0.99 -> Ô£ù REJECTED
              Area too large (959 ÔëÑ 600)
Contour #4192: Area=   953, Ratio=1.00, Circ=0.90, Sol=0.98 -> Ô£ù REJECTED
              Area too large (953 ÔëÑ 600)
Contour #4193: Area=    52, Ratio=0.80, Circ=0.88, Sol=0.97 -> Ô£ô ACCEPTED
Contour #4194: Area=    75, Ratio=1.50, Circ=0.60, Sol=0.84 -> Ô£ù REJECTED
              Circularity too low (0.60 < 0.6)
Contour #4195: Area=    50, Ratio=0.73, Circ=0.82, Sol=0.95 -> Ô£ô ACCEPTED
Contour #4196: Area=   955, Ratio=1.00, Circ=0.90, Sol=0.98 -> Ô£ù REJECTED
              Area too large (955 ÔëÑ 600)
Contour #4197: Area=   954, Ratio=1.00, Circ=0.90, Sol=0.98 -> Ô£ù REJECTED
              Area too large (954 ÔëÑ 600)
Contour #4198: Area=   958, Ratio=1.00, Circ=0.90, Sol=0.98 -> Ô£ù REJECTED
              Area too large (958 ÔëÑ 600)
Contour #4199: Area=   954, Ratio=1.00, Circ=0.90, Sol=0.98 -> Ô£ù REJECTED
              Area too large (954 ÔëÑ 600)
Contour #4200: Area=   955, Ratio=1.00, Circ=0.90, Sol=0.99 -> Ô£ù REJECTED
              Area too large (955 ÔëÑ 600)
Contour #4201: Area=   954, Ratio=1.00, Circ=0.90, Sol=0.99 -> Ô£ù REJECTED
              Area too large (954 ÔëÑ 600)
Contour #4202: Area=   955, Ratio=1.00, Circ=0.90, Sol=0.98 -> Ô£ù REJECTED
              Area too large (955 ÔëÑ 600)
Contour #4203: Area=   952, Ratio=1.00, Circ=0.90, Sol=0.98 -> Ô£ù REJECTED
              Area too large (952 ÔëÑ 600)
Contour #4204: Area=   954, Ratio=1.00, Circ=0.90, Sol=0.98 -> Ô£ù REJECTED
              Area too large (954 ÔëÑ 600)
Contour #4205: Area=   954, Ratio=1.00, Circ=0.89, Sol=0.98 -> Ô£ù REJECTED
              Area too large (954 ÔëÑ 600)
Contour #4206: Area=   956, Ratio=1.00, Circ=0.90, Sol=0.98 -> Ô£ù REJECTED
              Area too large (956 ÔëÑ 600)
Contour #4207: Area=   955, Ratio=1.00, Circ=0.90, Sol=0.98 -> Ô£ù REJECTED
              Area too large (955 ÔëÑ 600)
Contour #4208: Area=   959, Ratio=1.00, Circ=0.90, Sol=0.99 -> Ô£ù REJECTED
              Area too large (959 ÔëÑ 600)
Contour #4209: Area=   952, Ratio=1.00, Circ=0.89, Sol=0.98 -> Ô£ù REJECTED
              Area too large (952 ÔëÑ 600)
Contour #4210: Area=   946, Ratio=1.00, Circ=0.88, Sol=0.98 -> Ô£ù REJECTED
              Area too large (946 ÔëÑ 600)
Contour #4211: Area=   951, Ratio=1.00, Circ=0.90, Sol=0.98 -> Ô£ù REJECTED
              Area too large (951 ÔëÑ 600)
Contour #4212: Area=    19, Ratio=0.44, Circ=0.70, Sol=1.00 -> Ô£ù REJECTED
              Area too small (19 Ôëñ 30)
Contour #4213: Area=   125, Ratio=0.73, Circ=0.88, Sol=0.99 -> Ô£ô ACCEPTED
Contour #4214: Area=  1226, Ratio=1.00, Circ=0.89, Sol=0.98 -> Ô£ù REJECTED
              Area too large (1226 ÔëÑ 600)
Contour #4215: Area=   125, Ratio=0.80, Circ=0.85, Sol=0.96 -> Ô£ô ACCEPTED
Contour #4216: Area=    34, Ratio=1.50, Circ=0.72, Sol=0.93 -> Ô£ô ACCEPTED
Contour #4217: Area=  1228, Ratio=1.00, Circ=0.90, Sol=0.98 -> Ô£ù REJECTED
              Area too large (1228 ÔëÑ 600)
Contour #4218: Area=  1236, Ratio=1.02, Circ=0.90, Sol=0.98 -> Ô£ù REJECTED
              Area too large (1236 ÔëÑ 600)
Contour #4219: Area=  1230, Ratio=1.02, Circ=0.89, Sol=0.98 -> Ô£ù REJECTED
              Area too large (1230 ÔëÑ 600)
Contour #4220: Area=  1230, Ratio=1.00, Circ=0.90, Sol=0.99 -> Ô£ù REJECTED
              Area too large (1230 ÔëÑ 600)
Contour #4221: Area=  1229, Ratio=1.00, Circ=0.91, Sol=0.99 -> Ô£ù REJECTED
              Area too large (1229 ÔëÑ 600)
Contour #4222: Area=  1232, Ratio=1.00, Circ=0.91, Sol=0.99 -> Ô£ù REJECTED
              Area too large (1232 ÔëÑ 600)
Contour #4223: Area=  1226, Ratio=1.00, Circ=0.90, Sol=0.98 -> Ô£ù REJECTED
              Area too large (1226 ÔëÑ 600)
Contour #4224: Area=  1232, Ratio=1.02, Circ=0.89, Sol=0.98 -> Ô£ù REJECTED
              Area too large (1232 ÔëÑ 600)
Contour #4225: Area=  1233, Ratio=1.02, Circ=0.90, Sol=0.99 -> Ô£ù REJECTED
              Area too large (1233 ÔëÑ 600)
Contour #4226: Area=  1237, Ratio=1.00, Circ=0.89, Sol=0.98 -> Ô£ù REJECTED
              Area too large (1237 ÔëÑ 600)
Contour #4227: Area=  1222, Ratio=1.00, Circ=0.90, Sol=0.98 -> Ô£ù REJECTED
              Area too large (1222 ÔëÑ 600)
Contour #4228: Area=  1232, Ratio=0.98, Circ=0.89, Sol=0.98 -> Ô£ù REJECTED
              Area too large (1232 ÔëÑ 600)
Contour #4229: Area=  1226, Ratio=0.98, Circ=0.89, Sol=0.98 -> Ô£ù REJECTED
              Area too large (1226 ÔëÑ 600)
Contour #4230: Area=  1226, Ratio=0.98, Circ=0.89, Sol=0.98 -> Ô£ù REJECTED
              Area too large (1226 ÔëÑ 600)
Contour #4231: Area=  1232, Ratio=1.00, Circ=0.89, Sol=0.98 -> Ô£ù REJECTED
              Area too large (1232 ÔëÑ 600)
Contour #4232: Area=  1237, Ratio=1.00, Circ=0.89, Sol=0.98 -> Ô£ù REJECTED
              Area too large (1237 ÔëÑ 600)
Contour #4233: Area=  1226, Ratio=1.00, Circ=0.89, Sol=0.98 -> Ô£ù REJECTED
              Area too large (1226 ÔëÑ 600)
Contour #4234: Area=  1230, Ratio=0.98, Circ=0.88, Sol=0.98 -> Ô£ù REJECTED
              Area too large (1230 ÔëÑ 600)
Contour #4235: Area=  1228, Ratio=0.98, Circ=0.88, Sol=0.98 -> Ô£ù REJECTED
              Area too large (1228 ÔëÑ 600)
Contour #4236: Area=   174, Ratio=0.78, Circ=0.85, Sol=0.96 -> Ô£ô ACCEPTED
Contour #4237: Area=    46, Ratio=1.12, Circ=0.78, Sol=0.94 -> Ô£ô ACCEPTED
Contour #4238: Area=   170, Ratio=0.72, Circ=0.86, Sol=0.98 -> Ô£ô ACCEPTED
Contour #4239: Area=    70, Ratio=0.52, Circ=0.25, Sol=0.52 -> Ô£ù REJECTED
              Aspect ratio out of range (0.52)
Contour #4240: Area=   356, Ratio=0.81, Circ=0.25, Sol=0.75 -> Ô£ù REJECTED
              Circularity too low (0.25 < 0.6)
Contour #4241: Area=   416, Ratio=0.85, Circ=0.43, Sol=0.79 -> Ô£ù REJECTED
              Circularity too low (0.43 < 0.6)
Contour #4242: Area=   494, Ratio=0.86, Circ=0.89, Sol=0.98 -> Ô£ô ACCEPTED
Contour #4243: Area=   388, Ratio=0.75, Circ=0.25, Sol=0.75 -> Ô£ù REJECTED
              Circularity too low (0.25 < 0.6)
Contour #4244: Area=   317, Ratio=0.79, Circ=0.27, Sol=0.68 -> Ô£ù REJECTED
              Circularity too low (0.27 < 0.6)
Contour #4245: Area=   396, Ratio=0.75, Circ=0.26, Sol=0.76 -> Ô£ù REJECTED
              Circularity too low (0.26 < 0.6)
Contour #4246: Area=    54, Ratio=0.31, Circ=0.17, Sol=0.71 -> Ô£ù REJECTED
              Aspect ratio out of range (0.31)
Contour #4247: Area=   386, Ratio=0.77, Circ=0.26, Sol=0.65 -> Ô£ù REJECTED
              Circularity too low (0.26 < 0.6)
Contour #4248: Area=   477, Ratio=0.77, Circ=0.24, Sol=0.75 -> Ô£ù REJECTED
              Circularity too low (0.24 < 0.6)
Contour #4249: Area=   609, Ratio=0.90, Circ=0.90, Sol=0.98 -> Ô£ù REJECTED
              Area too large (609 ÔëÑ 600)
Contour #4250: Area=   340, Ratio=0.70, Circ=0.31, Sol=0.74 -> Ô£ù REJECTED
              Circularity too low (0.31 < 0.6)
Contour #4251: Area=   430, Ratio=0.77, Circ=0.22, Sol=0.70 -> Ô£ù REJECTED
              Circularity too low (0.22 < 0.6)
Contour #4252: Area=   274, Ratio=0.70, Circ=0.38, Sol=0.67 -> Ô£ù REJECTED
              Circularity too low (0.38 < 0.6)
Contour #4253: Area=   430, Ratio=0.77, Circ=0.23, Sol=0.71 -> Ô£ù REJECTED
              Circularity too low (0.23 < 0.6)
Contour #4254: Area=   294, Ratio=0.80, Circ=0.34, Sol=0.62 -> Ô£ù REJECTED
              Circularity too low (0.34 < 0.6)
Contour #4255: Area=   405, Ratio=0.77, Circ=0.56, Sol=0.85 -> Ô£ù REJECTED
              Circularity too low (0.56 < 0.6)
Contour #4256: Area=   448, Ratio=0.73, Circ=0.23, Sol=0.74 -> Ô£ù REJECTED
              Circularity too low (0.23 < 0.6)
Contour #4257: Area=   378, Ratio=0.80, Circ=0.27, Sol=0.66 -> Ô£ù REJECTED
              Circularity too low (0.27 < 0.6)
Contour #4258: Area=   613, Ratio=0.90, Circ=0.90, Sol=0.98 -> Ô£ù REJECTED
              Area too large (613 ÔëÑ 600)
Contour #4259: Area=   463, Ratio=0.80, Circ=0.23, Sol=0.70 -> Ô£ù REJECTED
              Circularity too low (0.23 < 0.6)
Contour #4260: Area=   284, Ratio=0.70, Circ=0.39, Sol=0.69 -> Ô£ù REJECTED
              Circularity too low (0.39 < 0.6)
Contour #4261: Area=   596, Ratio=0.90, Circ=0.18, Sol=0.79 -> Ô£ù REJECTED
              Circularity too low (0.18 < 0.6)
Contour #4262: Area=   432, Ratio=0.87, Circ=0.24, Sol=0.61 -> Ô£ù REJECTED
              Circularity too low (0.24 < 0.6)
Contour #4263: Area=   384, Ratio=0.83, Circ=0.27, Sol=0.66 -> Ô£ù REJECTED
              Circularity too low (0.27 < 0.6)
Contour #4264: Area=   298, Ratio=0.80, Circ=0.35, Sol=0.63 -> Ô£ù REJECTED
              Circularity too low (0.35 < 0.6)
Contour #4265: Area=  1288, Ratio=1.69, Circ=0.60, Sol=0.89 -> Ô£ù REJECTED
              Area too large (1288 ÔëÑ 600)
Contour #4266: Area=    61, Ratio=0.40, Circ=0.15, Sol=0.54 -> Ô£ù REJECTED
              Aspect ratio out of range (0.40)
Contour #4267: Area=  5328, Ratio=5.68, Circ=0.20, Sol=0.87 -> Ô£ù REJECTED
              Area too large (5328 ÔëÑ 600)
Contour #4268: Area=  2130, Ratio=2.26, Circ=0.63, Sol=0.95 -> Ô£ù REJECTED
              Area too large (2130 ÔëÑ 600)
Contour #4269: Area=  1682, Ratio=1.86, Circ=0.53, Sol=0.89 -> Ô£ù REJECTED
              Area too large (1682 ÔëÑ 600)
Contour #4270: Area=  1370, Ratio=1.86, Circ=0.24, Sol=0.75 -> Ô£ù REJECTED
              Area too large (1370 ÔëÑ 600)
Contour #4271: Area=   204, Ratio=0.26, Circ=0.43, Sol=0.85 -> Ô£ù REJECTED
              Aspect ratio out of range (0.26)
Contour #4272: Area=  3130, Ratio=4.14, Circ=0.11, Sol=0.65 -> Ô£ù REJECTED
              Area too large (3130 ÔëÑ 600)
Contour #4273: Area=     9, Ratio=1.25, Circ=0.83, Sol=1.00 -> Ô£ù REJECTED
              Area too small (9 Ôëñ 30)
Contour #4274: Area=    13, Ratio=0.88, Circ=0.25, Sol=0.46 -> Ô£ù REJECTED
              Area too small (13 Ôëñ 30)
Contour #4275: Area=   222, Ratio=0.24, Circ=0.40, Sol=0.88 -> Ô£ù REJECTED
              Aspect ratio out of range (0.24)
Contour #4276: Area=   243, Ratio=0.24, Circ=0.42, Sol=0.93 -> Ô£ù REJECTED
              Aspect ratio out of range (0.24)
Contour #4277: Area=  3086, Ratio=3.05, Circ=0.18, Sol=0.70 -> Ô£ù REJECTED
              Area too large (3086 ÔëÑ 600)
Contour #4278: Area= 44358, Ratio=7.41, Circ=0.33, Sol=1.00 -> Ô£ù REJECTED
              Area too large (44358 ÔëÑ 600)
Contour #4279: Area= 24014, Ratio=4.01, Circ=0.51, Sol=1.00 -> Ô£ù REJECTED
              Area too large (24014 ÔëÑ 600)
Contour #4280: Area=209073, Ratio=0.48, Circ=0.69, Sol=1.00 -> Ô£ù REJECTED
              Area too large (209073 ÔëÑ 600)
Contour #4281: Area=   454, Ratio=3.58, Circ=0.55, Sol=1.00 -> Ô£ù REJECTED
              Aspect ratio out of range (3.58)
Contour #4282: Area=385229, Ratio=0.89, Circ=0.78, Sol=1.00 -> Ô£ù REJECTED
              Area too large (385229 ÔëÑ 600)
Contour #4283: Area=   828, Ratio=2.50, Circ=0.56, Sol=0.89 -> Ô£ù REJECTED
              Area too large (828 ÔëÑ 600)
Contour #4284: Area=   109, Ratio=0.86, Circ=0.09, Sol=0.33 -> Ô£ù REJECTED
              Circularity too low (0.09 < 0.6)
Contour #4285: Area=   126, Ratio=0.86, Circ=0.11, Sol=0.38 -> Ô£ù REJECTED
              Circularity too low (0.11 < 0.6)
Contour #4286: Area=   122, Ratio=0.86, Circ=0.10, Sol=0.36 -> Ô£ù REJECTED
              Circularity too low (0.10 < 0.6)
Contour #4287: Area=   130, Ratio=0.86, Circ=0.11, Sol=0.38 -> Ô£ù REJECTED
              Circularity too low (0.11 < 0.6)
Contour #4288: Area=   119, Ratio=0.86, Circ=0.10, Sol=0.35 -> Ô£ù REJECTED
              Circularity too low (0.10 < 0.6)
Contour #4289: Area=   124, Ratio=0.86, Circ=0.11, Sol=0.37 -> Ô£ù REJECTED
              Circularity too low (0.11 < 0.6)
Contour #4290: Area=   113, Ratio=0.81, Circ=0.10, Sol=0.35 -> Ô£ù REJECTED
              Circularity too low (0.10 < 0.6)
Contour #4291: Area=   131, Ratio=0.86, Circ=0.11, Sol=0.39 -> Ô£ù REJECTED
              Circularity too low (0.11 < 0.6)
Contour #4292: Area=   124, Ratio=0.86, Circ=0.11, Sol=0.37 -> Ô£ù REJECTED
              Circularity too low (0.11 < 0.6)
Contour #4293: Area=   132, Ratio=0.86, Circ=0.11, Sol=0.39 -> Ô£ù REJECTED
              Circularity too low (0.11 < 0.6)
Contour #4294: Area=   124, Ratio=0.86, Circ=0.10, Sol=0.37 -> Ô£ù REJECTED
              Circularity too low (0.10 < 0.6)
Contour #4295: Area=   130, Ratio=0.82, Circ=0.11, Sol=0.38 -> Ô£ù REJECTED
              Circularity too low (0.11 < 0.6)
Contour #4296: Area=   111, Ratio=0.81, Circ=0.10, Sol=0.35 -> Ô£ù REJECTED
              Circularity too low (0.10 < 0.6)
Contour #4297: Area=   131, Ratio=0.82, Circ=0.11, Sol=0.38 -> Ô£ù REJECTED
              Circularity too low (0.11 < 0.6)
Contour #4298: Area=   120, Ratio=0.86, Circ=0.10, Sol=0.36 -> Ô£ù REJECTED
              Circularity too low (0.10 < 0.6)
Contour #4299: Area=   135, Ratio=0.82, Circ=0.12, Sol=0.39 -> Ô£ù REJECTED
              Circularity too low (0.12 < 0.6)
Contour #4300: Area=   120, Ratio=0.86, Circ=0.10, Sol=0.36 -> Ô£ù REJECTED
              Circularity too low (0.10 < 0.6)
Contour #4301: Area=   130, Ratio=0.82, Circ=0.11, Sol=0.38 -> Ô£ù REJECTED
              Circularity too low (0.11 < 0.6)
Contour #4302: Area=   108, Ratio=0.77, Circ=0.09, Sol=0.33 -> Ô£ù REJECTED
              Circularity too low (0.09 < 0.6)
Contour #4303: Area=   132, Ratio=0.82, Circ=0.11, Sol=0.37 -> Ô£ù REJECTED
              Circularity too low (0.11 < 0.6)
Contour #4304: Area=   956, Ratio=1.00, Circ=0.90, Sol=0.98 -> Ô£ù REJECTED
              Area too large (956 ÔëÑ 600)
Contour #4305: Area=   954, Ratio=1.03, Circ=0.90, Sol=0.98 -> Ô£ù REJECTED
              Area too large (954 ÔëÑ 600)
Contour #4306: Area=   946, Ratio=1.03, Circ=0.91, Sol=0.98 -> Ô£ù REJECTED
              Area too large (946 ÔëÑ 600)
Contour #4307: Area=   948, Ratio=1.03, Circ=0.90, Sol=0.98 -> Ô£ù REJECTED
              Area too large (948 ÔëÑ 600)
Contour #4308: Area=   952, Ratio=1.03, Circ=0.91, Sol=0.99 -> Ô£ù REJECTED
              Area too large (952 ÔëÑ 600)
Contour #4309: Area=   955, Ratio=1.00, Circ=0.90, Sol=0.98 -> Ô£ù REJECTED
              Area too large (955 ÔëÑ 600)
Contour #4310: Area=   951, Ratio=1.00, Circ=0.90, Sol=0.98 -> Ô£ù REJECTED
              Area too large (951 ÔëÑ 600)
Contour #4311: Area=   958, Ratio=1.00, Circ=0.89, Sol=0.98 -> Ô£ù REJECTED
              Area too large (958 ÔëÑ 600)
Contour #4312: Area=   954, Ratio=1.00, Circ=0.90, Sol=0.98 -> Ô£ù REJECTED
              Area too large (954 ÔëÑ 600)
Contour #4313: Area=   951, Ratio=1.00, Circ=0.90, Sol=0.98 -> Ô£ù REJECTED
              Area too large (951 ÔëÑ 600)
Contour #4314: Area=   956, Ratio=1.00, Circ=0.90, Sol=0.98 -> Ô£ù REJECTED
              Area too large (956 ÔëÑ 600)
Contour #4315: Area=   958, Ratio=1.00, Circ=0.90, Sol=0.98 -> Ô£ù REJECTED
              Area too large (958 ÔëÑ 600)
Contour #4316: Area=   958, Ratio=1.00, Circ=0.90, Sol=0.98 -> Ô£ù REJECTED
              Area too large (958 ÔëÑ 600)
Contour #4317: Area=   962, Ratio=1.00, Circ=0.90, Sol=0.98 -> Ô£ù REJECTED
              Area too large (962 ÔëÑ 600)
Contour #4318: Area=   957, Ratio=1.00, Circ=0.90, Sol=0.98 -> Ô£ù REJECTED
              Area too large (957 ÔëÑ 600)
Contour #4319: Area=   960, Ratio=1.00, Circ=0.91, Sol=0.99 -> Ô£ù REJECTED
              Area too large (960 ÔëÑ 600)
Contour #4320: Area=   954, Ratio=0.97, Circ=0.91, Sol=0.99 -> Ô£ù REJECTED
              Area too large (954 ÔëÑ 600)
Contour #4321: Area=   959, Ratio=1.00, Circ=0.90, Sol=0.98 -> Ô£ù REJECTED
              Area too large (959 ÔëÑ 600)
Contour #4322: Area=   959, Ratio=1.00, Circ=0.90, Sol=0.99 -> Ô£ù REJECTED
              Area too large (959 ÔëÑ 600)
Contour #4323: Area=   961, Ratio=1.00, Circ=0.89, Sol=0.98 -> Ô£ù REJECTED
              Area too large (961 ÔëÑ 600)
Contour #4324: Area=  1228, Ratio=1.02, Circ=0.89, Sol=0.98 -> Ô£ù REJECTED
              Area too large (1228 ÔëÑ 600)
Contour #4325: Area=  1232, Ratio=1.02, Circ=0.89, Sol=0.98 -> Ô£ù REJECTED
              Area too large (1232 ÔëÑ 600)
Contour #4326: Area=  1231, Ratio=1.02, Circ=0.90, Sol=0.98 -> Ô£ù REJECTED
              Area too large (1231 ÔëÑ 600)
Contour #4327: Area=  1231, Ratio=1.02, Circ=0.90, Sol=0.99 -> Ô£ù REJECTED
              Area too large (1231 ÔëÑ 600)
Contour #4328: Area=  1226, Ratio=1.00, Circ=0.90, Sol=0.98 -> Ô£ù REJECTED
              Area too large (1226 ÔëÑ 600)
Contour #4329: Area=  1228, Ratio=1.00, Circ=0.91, Sol=0.99 -> Ô£ù REJECTED
              Area too large (1228 ÔëÑ 600)
Contour #4330: Area=  1225, Ratio=1.00, Circ=0.91, Sol=0.99 -> Ô£ù REJECTED
              Area too large (1225 ÔëÑ 600)
Contour #4331: Area=  1230, Ratio=1.00, Circ=0.90, Sol=0.98 -> Ô£ù REJECTED
              Area too large (1230 ÔëÑ 600)
Contour #4332: Area=  1226, Ratio=1.02, Circ=0.89, Sol=0.98 -> Ô£ù REJECTED
              Area too large (1226 ÔëÑ 600)
Contour #4333: Area=  1228, Ratio=1.02, Circ=0.89, Sol=0.98 -> Ô£ù REJECTED
              Area too large (1228 ÔëÑ 600)
Contour #4334: Area=  1231, Ratio=1.02, Circ=0.90, Sol=0.98 -> Ô£ù REJECTED
              Area too large (1231 ÔëÑ 600)
Contour #4335: Area=  1228, Ratio=1.00, Circ=0.91, Sol=0.99 -> Ô£ù REJECTED
              Area too large (1228 ÔëÑ 600)
Contour #4336: Area=  1224, Ratio=1.00, Circ=0.91, Sol=0.99 -> Ô£ù REJECTED
              Area too large (1224 ÔëÑ 600)
Contour #4337: Area=  1229, Ratio=0.98, Circ=0.90, Sol=0.98 -> Ô£ù REJECTED
              Area too large (1229 ÔëÑ 600)
Contour #4338: Area=  1234, Ratio=1.00, Circ=0.89, Sol=0.98 -> Ô£ù REJECTED
              Area too large (1234 ÔëÑ 600)
Contour #4339: Area=  1234, Ratio=1.00, Circ=0.89, Sol=0.98 -> Ô£ù REJECTED
              Area too large (1234 ÔëÑ 600)
Contour #4340: Area=  1233, Ratio=1.00, Circ=0.89, Sol=0.98 -> Ô£ù REJECTED
              Area too large (1233 ÔëÑ 600)
Contour #4341: Area=  1230, Ratio=0.98, Circ=0.89, Sol=0.98 -> Ô£ù REJECTED
              Area too large (1230 ÔëÑ 600)
Contour #4342: Area=  1230, Ratio=0.98, Circ=0.89, Sol=0.98 -> Ô£ù REJECTED
              Area too large (1230 ÔëÑ 600)
Contour #4343: Area=  1229, Ratio=0.98, Circ=0.90, Sol=0.98 -> Ô£ù REJECTED
              Area too large (1229 ÔëÑ 600)
Contour #4344: Area=   417, Ratio=3.58, Circ=0.50, Sol=0.95 -> Ô£ù REJECTED
              Aspect ratio out of range (3.58)
Contour #4345: Area=    77, Ratio=0.91, Circ=0.94, Sol=1.00 -> Ô£ô ACCEPTED
Contour #4346: Area=   827, Ratio=2.63, Circ=0.57, Sol=0.94 -> Ô£ù REJECTED
              Area too large (827 ÔëÑ 600)
Contour #4347: Area=   124, Ratio=1.00, Circ=0.07, Sol=0.32 -> Ô£ù REJECTED
              Circularity too low (0.07 < 0.6)
Contour #4348: Area=   110, Ratio=1.00, Circ=0.06, Sol=0.29 -> Ô£ù REJECTED
              Circularity too low (0.06 < 0.6)
Contour #4349: Area=   132, Ratio=1.05, Circ=0.07, Sol=0.33 -> Ô£ù REJECTED
              Circularity too low (0.07 < 0.6)
Contour #4350: Area=   114, Ratio=1.00, Circ=0.06, Sol=0.29 -> Ô£ù REJECTED
              Circularity too low (0.06 < 0.6)
Contour #4351: Area=   137, Ratio=1.00, Circ=0.07, Sol=0.35 -> Ô£ù REJECTED
              Circularity too low (0.07 < 0.6)
Contour #4352: Area=   120, Ratio=1.00, Circ=0.06, Sol=0.31 -> Ô£ù REJECTED
              Circularity too low (0.06 < 0.6)
Contour #4353: Area=   125, Ratio=1.05, Circ=0.07, Sol=0.31 -> Ô£ù REJECTED
              Circularity too low (0.07 < 0.6)
Contour #4354: Area=    86, Ratio=0.64, Circ=0.08, Sol=0.35 -> Ô£ù REJECTED
              Circularity too low (0.08 < 0.6)
Contour #4355: Area=   181, Ratio=0.68, Circ=0.32, Sol=0.70 -> Ô£ù REJECTED
              Circularity too low (0.32 < 0.6)
Contour #4356: Area=    92, Ratio=0.68, Circ=0.09, Sol=0.36 -> Ô£ù REJECTED
              Circularity too low (0.09 < 0.6)
Contour #4357: Area=   125, Ratio=0.95, Circ=0.07, Sol=0.31 -> Ô£ù REJECTED
              Circularity too low (0.07 < 0.6)
Contour #4358: Area=   139, Ratio=0.95, Circ=0.08, Sol=0.34 -> Ô£ù REJECTED
              Circularity too low (0.08 < 0.6)
Contour #4359: Area=   118, Ratio=1.00, Circ=0.06, Sol=0.29 -> Ô£ù REJECTED
              Circularity too low (0.06 < 0.6)
Contour #4360: Area=   134, Ratio=1.00, Circ=0.07, Sol=0.33 -> Ô£ù REJECTED
              Circularity too low (0.07 < 0.6)
Contour #4361: Area=   120, Ratio=0.95, Circ=0.06, Sol=0.30 -> Ô£ù REJECTED
              Circularity too low (0.06 < 0.6)
Contour #4362: Area=   144, Ratio=0.95, Circ=0.08, Sol=0.36 -> Ô£ù REJECTED
              Circularity too low (0.08 < 0.6)
Contour #4363: Area=   122, Ratio=0.95, Circ=0.06, Sol=0.31 -> Ô£ù REJECTED
              Circularity too low (0.06 < 0.6)
Contour #4364: Area=   143, Ratio=0.95, Circ=0.08, Sol=0.35 -> Ô£ù REJECTED
              Circularity too low (0.08 < 0.6)
Contour #4365: Area=   117, Ratio=1.00, Circ=0.06, Sol=0.29 -> Ô£ù REJECTED
              Circularity too low (0.06 < 0.6)
Contour #4366: Area=   135, Ratio=1.00, Circ=0.07, Sol=0.33 -> Ô£ù REJECTED
              Circularity too low (0.07 < 0.6)
Contour #4367: Area=   119, Ratio=0.95, Circ=0.06, Sol=0.30 -> Ô£ù REJECTED
              Circularity too low (0.06 < 0.6)
Contour #4368: Area=   143, Ratio=0.95, Circ=0.08, Sol=0.35 -> Ô£ù REJECTED
              Circularity too low (0.08 < 0.6)
Contour #4369: Area=   142, Ratio=0.95, Circ=0.08, Sol=0.35 -> Ô£ù REJECTED
              Circularity too low (0.08 < 0.6)
Contour #4370: Area=   360, Ratio=1.05, Circ=0.90, Sol=0.98 -> Ô£ô ACCEPTED
Contour #4371: Area=   952, Ratio=1.03, Circ=0.89, Sol=0.98 -> Ô£ù REJECTED
              Area too large (952 ÔëÑ 600)
Contour #4372: Area=   955, Ratio=1.00, Circ=0.90, Sol=0.98 -> Ô£ù REJECTED
              Area too large (955 ÔëÑ 600)
Contour #4373: Area=   952, Ratio=1.03, Circ=0.91, Sol=0.99 -> Ô£ù REJECTED
              Area too large (952 ÔëÑ 600)
Contour #4374: Area=   953, Ratio=1.00, Circ=0.90, Sol=0.98 -> Ô£ù REJECTED
              Area too large (953 ÔëÑ 600)
Contour #4375: Area=   956, Ratio=1.03, Circ=0.91, Sol=0.99 -> Ô£ù REJECTED
              Area too large (956 ÔëÑ 600)
Contour #4376: Area=   953, Ratio=1.03, Circ=0.91, Sol=0.99 -> Ô£ù REJECTED
              Area too large (953 ÔëÑ 600)
Contour #4377: Area=   957, Ratio=1.03, Circ=0.92, Sol=0.99 -> Ô£ù REJECTED
              Area too large (957 ÔëÑ 600)
Contour #4378: Area=   953, Ratio=1.03, Circ=0.91, Sol=0.99 -> Ô£ù REJECTED
              Area too large (953 ÔëÑ 600)
Contour #4379: Area=   954, Ratio=1.03, Circ=0.90, Sol=0.98 -> Ô£ù REJECTED
              Area too large (954 ÔëÑ 600)
Contour #4380: Area=   953, Ratio=1.03, Circ=0.89, Sol=0.98 -> Ô£ù REJECTED
              Area too large (953 ÔëÑ 600)
Contour #4381: Area=   952, Ratio=1.03, Circ=0.90, Sol=0.98 -> Ô£ù REJECTED
              Area too large (952 ÔëÑ 600)
Contour #4382: Area=   958, Ratio=1.00, Circ=0.89, Sol=0.98 -> Ô£ù REJECTED
              Area too large (958 ÔëÑ 600)
Contour #4383: Area=   956, Ratio=1.03, Circ=0.92, Sol=0.99 -> Ô£ù REJECTED
              Area too large (956 ÔëÑ 600)
Contour #4384: Area=   959, Ratio=1.00, Circ=0.90, Sol=0.99 -> Ô£ù REJECTED
              Area too large (959 ÔëÑ 600)
Contour #4385: Area=   955, Ratio=1.03, Circ=0.91, Sol=0.99 -> Ô£ù REJECTED
              Area too large (955 ÔëÑ 600)
Contour #4386: Area=   960, Ratio=1.00, Circ=0.90, Sol=0.98 -> Ô£ù REJECTED
              Area too large (960 ÔëÑ 600)
Contour #4387: Area=   956, Ratio=0.97, Circ=0.90, Sol=0.98 -> Ô£ù REJECTED
              Area too large (956 ÔëÑ 600)
Contour #4388: Area=   962, Ratio=1.00, Circ=0.90, Sol=0.98 -> Ô£ù REJECTED
              Area too large (962 ÔëÑ 600)
Contour #4389: Area=   960, Ratio=1.00, Circ=0.90, Sol=0.98 -> Ô£ù REJECTED
              Area too large (960 ÔëÑ 600)
Contour #4390: Area=   962, Ratio=1.00, Circ=0.90, Sol=0.98 -> Ô£ù REJECTED
              Area too large (962 ÔëÑ 600)
Contour #4391: Area=   626, Ratio=1.00, Circ=0.90, Sol=0.98 -> Ô£ù REJECTED
              Area too large (626 ÔëÑ 600)
Contour #4392: Area=   962, Ratio=1.00, Circ=0.90, Sol=0.98 -> Ô£ù REJECTED
              Area too large (962 ÔëÑ 600)
Contour #4393: Area=   954, Ratio=1.00, Circ=0.89, Sol=0.98 -> Ô£ù REJECTED
              Area too large (954 ÔëÑ 600)
Contour #4394: Area=   956, Ratio=1.00, Circ=0.88, Sol=0.98 -> Ô£ù REJECTED
              Area too large (956 ÔëÑ 600)
Contour #4395: Area=  1227, Ratio=1.02, Circ=0.90, Sol=0.98 -> Ô£ù REJECTED
              Area too large (1227 ÔëÑ 600)
Contour #4396: Area=  1224, Ratio=1.00, Circ=0.90, Sol=0.98 -> Ô£ù REJECTED
              Area too large (1224 ÔëÑ 600)
Contour #4397: Area=  1222, Ratio=1.00, Circ=0.91, Sol=0.99 -> Ô£ù REJECTED
              Area too large (1222 ÔëÑ 600)
Contour #4398: Area=  1227, Ratio=1.00, Circ=0.89, Sol=0.98 -> Ô£ù REJECTED
              Area too large (1227 ÔëÑ 600)
Contour #4399: Area=  1217, Ratio=1.00, Circ=0.90, Sol=0.99 -> Ô£ù REJECTED
              Area too large (1217 ÔëÑ 600)
Contour #4400: Area=  1219, Ratio=1.00, Circ=0.90, Sol=0.99 -> Ô£ù REJECTED
              Area too large (1219 ÔëÑ 600)
Contour #4401: Area=  1215, Ratio=1.00, Circ=0.90, Sol=0.99 -> Ô£ù REJECTED
              Area too large (1215 ÔëÑ 600)
Contour #4402: Area=  1228, Ratio=1.00, Circ=0.90, Sol=0.99 -> Ô£ù REJECTED
              Area too large (1228 ÔëÑ 600)
Contour #4403: Area=  1232, Ratio=1.02, Circ=0.90, Sol=0.98 -> Ô£ù REJECTED
              Area too large (1232 ÔëÑ 600)
Contour #4404: Area=  1231, Ratio=1.02, Circ=0.90, Sol=0.98 -> Ô£ù REJECTED
              Area too large (1231 ÔëÑ 600)
Contour #4405: Area=  1225, Ratio=1.02, Circ=0.90, Sol=0.98 -> Ô£ù REJECTED
              Area too large (1225 ÔëÑ 600)
Contour #4406: Area=  1228, Ratio=0.98, Circ=0.89, Sol=0.98 -> Ô£ù REJECTED
              Area too large (1228 ÔëÑ 600)
Contour #4407: Area=  1231, Ratio=0.98, Circ=0.88, Sol=0.98 -> Ô£ù REJECTED
              Area too large (1231 ÔëÑ 600)
Contour #4408: Area=  1221, Ratio=0.98, Circ=0.89, Sol=0.98 -> Ô£ù REJECTED
              Area too large (1221 ÔëÑ 600)
Contour #4409: Area=  1233, Ratio=1.00, Circ=0.89, Sol=0.98 -> Ô£ù REJECTED
              Area too large (1233 ÔëÑ 600)
Contour #4410: Area=  1234, Ratio=1.00, Circ=0.89, Sol=0.98 -> Ô£ù REJECTED
              Area too large (1234 ÔëÑ 600)
Contour #4411: Area=  1236, Ratio=1.00, Circ=0.89, Sol=0.98 -> Ô£ù REJECTED
              Area too large (1236 ÔëÑ 600)
Contour #4412: Area=  1223, Ratio=0.98, Circ=0.89, Sol=0.98 -> Ô£ù REJECTED
              Area too large (1223 ÔëÑ 600)
Contour #4413: Area=  1228, Ratio=0.98, Circ=0.89, Sol=0.98 -> Ô£ù REJECTED
              Area too large (1228 ÔëÑ 600)
Contour #4414: Area=  1224, Ratio=0.98, Circ=0.89, Sol=0.98 -> Ô£ù REJECTED
              Area too large (1224 ÔëÑ 600)
Contour #4415: Area=  1222, Ratio=0.98, Circ=0.89, Sol=0.98 -> Ô£ù REJECTED
              Area too large (1222 ÔëÑ 600)
Contour #4416: Area=  1230, Ratio=1.00, Circ=0.89, Sol=0.98 -> Ô£ù REJECTED
              Area too large (1230 ÔëÑ 600)
Contour #4417: Area=  1235, Ratio=1.00, Circ=0.89, Sol=0.98 -> Ô£ù REJECTED
              Area too large (1235 ÔëÑ 600)
Contour #4418: Area=    76, Ratio=1.70, Circ=0.57, Sol=0.89 -> Ô£ù REJECTED
              Aspect ratio out of range (1.70)
Contour #4419: Area=    70, Ratio=1.50, Circ=0.63, Sol=0.95 -> Ô£ô ACCEPTED
Contour #4420: Area=   926, Ratio=2.41, Circ=0.40, Sol=0.81 -> Ô£ù REJECTED
              Area too large (926 ÔëÑ 600)
Contour #4421: Area=   325, Ratio=1.74, Circ=0.27, Sol=0.60 -> Ô£ù REJECTED
              Aspect ratio out of range (1.74)
Contour #4422: Area=   625, Ratio=0.62, Circ=0.73, Sol=0.95 -> Ô£ù REJECTED
              Area too large (625 ÔëÑ 600)
Contour #4423: Area=  3339, Ratio=2.41, Circ=0.36, Sol=0.82 -> Ô£ù REJECTED
              Area too large (3339 ÔëÑ 600)
Contour #4424: Area=    70, Ratio=1.10, Circ=0.89, Sol=0.97 -> Ô£ô ACCEPTED
Contour #4425: Area=    73, Ratio=1.33, Circ=0.89, Sol=0.99 -> Ô£ô ACCEPTED
Contour #4426: Area=    79, Ratio=1.00, Circ=0.91, Sol=0.99 -> Ô£ô ACCEPTED
Contour #4427: Area=    78, Ratio=0.92, Circ=0.86, Sol=0.96 -> Ô£ô ACCEPTED
Contour #4428: Area=     2, Ratio=1.00, Circ=0.79, Sol=1.00 -> Ô£ù REJECTED
              Area too small (2 Ôëñ 30)
Contour #4429: Area=    30, Ratio=1.00, Circ=0.80, Sol=0.95 -> Ô£ù REJECTED
              Area too small (30 Ôëñ 30)
Contour #4430: Area=   452, Ratio=3.58, Circ=0.55, Sol=1.00 -> Ô£ù REJECTED
              Aspect ratio out of range (3.58)
Contour #4431: Area=    39, Ratio=0.70, Circ=0.84, Sol=0.97 -> Ô£ô ACCEPTED
Contour #4432: Area=    16, Ratio=0.71, Circ=0.71, Sol=0.89 -> Ô£ù REJECTED
              Area too small (16 Ôëñ 30)
Contour #4433: Area=    61, Ratio=1.38, Circ=0.89, Sol=0.99 -> Ô£ô ACCEPTED
Contour #4434: Area=    52, Ratio=1.00, Circ=0.92, Sol=0.99 -> Ô£ô ACCEPTED
Contour #4435: Area=    49, Ratio=1.00, Circ=0.90, Sol=0.98 -> Ô£ô ACCEPTED
Contour #4436: Area=    51, Ratio=1.00, Circ=0.94, Sol=1.00 -> Ô£ô ACCEPTED
Contour #4437: Area=    30, Ratio=1.80, Circ=0.72, Sol=0.98 -> Ô£ù REJECTED
              Area too small (30 Ôëñ 30)
Contour #4438: Area=    30, Ratio=1.33, Circ=0.80, Sol=0.98 -> Ô£ù REJECTED
              Area too small (30 Ôëñ 30)
Contour #4439: Area=   222, Ratio=0.68, Circ=0.67, Sol=0.88 -> Ô£ô ACCEPTED
Contour #4440: Area=   826, Ratio=2.50, Circ=0.57, Sol=0.91 -> Ô£ù REJECTED
              Area too large (826 ÔëÑ 600)
Contour #4441: Area=    62, Ratio=0.64, Circ=0.18, Sol=0.38 -> Ô£ù REJECTED
              Circularity too low (0.18 < 0.6)
Contour #4442: Area=    66, Ratio=0.64, Circ=0.19, Sol=0.39 -> Ô£ù REJECTED
              Circularity too low (0.19 < 0.6)
Contour #4443: Area=    68, Ratio=0.64, Circ=0.19, Sol=0.40 -> Ô£ù REJECTED
              Circularity too low (0.19 < 0.6)
Contour #4444: Area=    80, Ratio=0.64, Circ=0.22, Sol=0.45 -> Ô£ù REJECTED
              Circularity too low (0.22 < 0.6)
Contour #4445: Area=    78, Ratio=0.64, Circ=0.22, Sol=0.44 -> Ô£ù REJECTED
              Circularity too low (0.22 < 0.6)
Contour #4446: Area=    82, Ratio=0.68, Circ=0.23, Sol=0.45 -> Ô£ù REJECTED
              Circularity too low (0.23 < 0.6)
Contour #4447: Area=    62, Ratio=0.59, Circ=0.19, Sol=0.40 -> Ô£ù REJECTED
              Aspect ratio out of range (0.59)
Contour #4448: Area=    64, Ratio=0.64, Circ=0.18, Sol=0.38 -> Ô£ù REJECTED
              Circularity too low (0.18 < 0.6)
Contour #4449: Area=    64, Ratio=0.64, Circ=0.18, Sol=0.38 -> Ô£ù REJECTED
              Circularity too low (0.18 < 0.6)
Contour #4450: Area=    72, Ratio=0.68, Circ=0.19, Sol=0.39 -> Ô£ù REJECTED
              Circularity too low (0.19 < 0.6)
Contour #4451: Area=   235, Ratio=0.71, Circ=0.71, Sol=0.93 -> Ô£ô ACCEPTED
Contour #4452: Area=   111, Ratio=0.85, Circ=0.29, Sol=0.61 -> Ô£ù REJECTED
              Circularity too low (0.29 < 0.6)
Contour #4453: Area=    54, Ratio=0.50, Circ=0.26, Sol=0.55 -> Ô£ù REJECTED
              Aspect ratio out of range (0.50)
Contour #4454: Area=   218, Ratio=0.65, Circ=0.64, Sol=0.87 -> Ô£ô ACCEPTED
Contour #4455: Area=   232, Ratio=0.65, Circ=0.69, Sol=0.89 -> Ô£ô ACCEPTED
Contour #4456: Area=    73, Ratio=0.61, Circ=0.19, Sol=0.42 -> Ô£ù REJECTED
              Circularity too low (0.19 < 0.6)
Contour #4457: Area=    85, Ratio=0.61, Circ=0.23, Sol=0.48 -> Ô£ù REJECTED
              Circularity too low (0.23 < 0.6)
Contour #4458: Area=    62, Ratio=0.61, Circ=0.17, Sol=0.37 -> Ô£ù REJECTED
              Circularity too low (0.17 < 0.6)
Contour #4459: Area=    68, Ratio=0.61, Circ=0.20, Sol=0.41 -> Ô£ù REJECTED
              Circularity too low (0.20 < 0.6)
Contour #4460: Area=    63, Ratio=0.57, Circ=0.19, Sol=0.40 -> Ô£ù REJECTED
              Aspect ratio out of range (0.57)
Contour #4461: Area=    68, Ratio=0.61, Circ=0.19, Sol=0.40 -> Ô£ù REJECTED
              Circularity too low (0.19 < 0.6)
Contour #4462: Area=    66, Ratio=0.61, Circ=0.18, Sol=0.38 -> Ô£ù REJECTED
              Circularity too low (0.18 < 0.6)
Contour #4463: Area=    84, Ratio=0.61, Circ=0.23, Sol=0.47 -> Ô£ù REJECTED
              Circularity too low (0.23 < 0.6)
Contour #4464: Area=    78, Ratio=0.61, Circ=0.22, Sol=0.45 -> Ô£ù REJECTED
              Circularity too low (0.22 < 0.6)
Contour #4465: Area=    70, Ratio=0.65, Circ=0.19, Sol=0.39 -> Ô£ù REJECTED
              Circularity too low (0.19 < 0.6)
Contour #4466: Area=   406, Ratio=0.85, Circ=0.42, Sol=0.79 -> Ô£ù REJECTED
              Circularity too low (0.42 < 0.6)
Contour #4467: Area=   329, Ratio=0.77, Circ=0.62, Sol=0.88 -> Ô£ô ACCEPTED
Contour #4468: Area=   335, Ratio=0.96, Circ=0.47, Sol=0.82 -> Ô£ù REJECTED
              Circularity too low (0.47 < 0.6)
Contour #4469: Area=   252, Ratio=0.78, Circ=0.39, Sol=0.67 -> Ô£ù REJECTED
              Circularity too low (0.39 < 0.6)
Contour #4470: Area=   153, Ratio=0.30, Circ=0.50, Sol=0.88 -> Ô£ù REJECTED
              Aspect ratio out of range (0.30)
Contour #4471: Area=   244, Ratio=0.81, Circ=0.36, Sol=0.64 -> Ô£ù REJECTED
              Circularity too low (0.36 < 0.6)
Contour #4472: Area=   359, Ratio=0.82, Circ=0.25, Sol=0.64 -> Ô£ù REJECTED
              Circularity too low (0.25 < 0.6)
Contour #4473: Area=   954, Ratio=0.97, Circ=0.91, Sol=0.99 -> Ô£ù REJECTED
              Area too large (954 ÔëÑ 600)
Contour #4474: Area=   952, Ratio=1.03, Circ=0.91, Sol=0.99 -> Ô£ù REJECTED
              Area too large (952 ÔëÑ 600)
Contour #4475: Area=   958, Ratio=1.00, Circ=0.90, Sol=0.98 -> Ô£ù REJECTED
              Area too large (958 ÔëÑ 600)
Contour #4476: Area=   957, Ratio=1.00, Circ=0.90, Sol=0.98 -> Ô£ù REJECTED
              Area too large (957 ÔëÑ 600)
Contour #4477: Area=   958, Ratio=1.00, Circ=0.90, Sol=0.98 -> Ô£ù REJECTED
              Area too large (958 ÔëÑ 600)
Contour #4478: Area=   956, Ratio=1.00, Circ=0.89, Sol=0.98 -> Ô£ù REJECTED
              Area too large (956 ÔëÑ 600)
Contour #4479: Area=   951, Ratio=1.00, Circ=0.90, Sol=0.98 -> Ô£ù REJECTED
              Area too large (951 ÔëÑ 600)
Contour #4480: Area=   954, Ratio=1.00, Circ=0.90, Sol=0.98 -> Ô£ù REJECTED
              Area too large (954 ÔëÑ 600)
Contour #4481: Area=   951, Ratio=1.00, Circ=0.90, Sol=0.98 -> Ô£ù REJECTED
              Area too large (951 ÔëÑ 600)
Contour #4482: Area=   954, Ratio=1.00, Circ=0.90, Sol=0.98 -> Ô£ù REJECTED
              Area too large (954 ÔëÑ 600)
Contour #4483: Area=   954, Ratio=1.00, Circ=0.90, Sol=0.98 -> Ô£ù REJECTED
              Area too large (954 ÔëÑ 600)
Contour #4484: Area=   955, Ratio=1.00, Circ=0.90, Sol=0.98 -> Ô£ù REJECTED
              Area too large (955 ÔëÑ 600)
Contour #4485: Area=   956, Ratio=1.00, Circ=0.90, Sol=0.98 -> Ô£ù REJECTED
              Area too large (956 ÔëÑ 600)
Contour #4486: Area=   954, Ratio=1.00, Circ=0.90, Sol=0.98 -> Ô£ù REJECTED
              Area too large (954 ÔëÑ 600)
Contour #4487: Area=   954, Ratio=1.00, Circ=0.90, Sol=0.98 -> Ô£ù REJECTED
              Area too large (954 ÔëÑ 600)
Contour #4488: Area=   956, Ratio=1.00, Circ=0.90, Sol=0.99 -> Ô£ù REJECTED
              Area too large (956 ÔëÑ 600)
Contour #4489: Area=   955, Ratio=1.00, Circ=0.90, Sol=0.98 -> Ô£ù REJECTED
              Area too large (955 ÔëÑ 600)
Contour #4490: Area=   952, Ratio=1.00, Circ=0.91, Sol=0.99 -> Ô£ù REJECTED
              Area too large (952 ÔëÑ 600)
Contour #4491: Area=   956, Ratio=1.00, Circ=0.90, Sol=0.98 -> Ô£ù REJECTED
              Area too large (956 ÔëÑ 600)
Contour #4492: Area=   957, Ratio=1.00, Circ=0.90, Sol=0.98 -> Ô£ù REJECTED
              Area too large (957 ÔëÑ 600)
Contour #4493: Area=   953, Ratio=0.97, Circ=0.91, Sol=0.99 -> Ô£ù REJECTED
              Area too large (953 ÔëÑ 600)
Contour #4494: Area=   956, Ratio=1.00, Circ=0.90, Sol=0.98 -> Ô£ù REJECTED
              Area too large (956 ÔëÑ 600)
Contour #4495: Area=   952, Ratio=1.00, Circ=0.91, Sol=0.99 -> Ô£ù REJECTED
              Area too large (952 ÔëÑ 600)
Contour #4496: Area=   957, Ratio=1.00, Circ=0.90, Sol=0.98 -> Ô£ù REJECTED
              Area too large (957 ÔëÑ 600)
Contour #4497: Area=   950, Ratio=1.00, Circ=0.89, Sol=0.98 -> Ô£ù REJECTED
              Area too large (950 ÔëÑ 600)
Contour #4498: Area=  1232, Ratio=1.02, Circ=0.89, Sol=0.98 -> Ô£ù REJECTED
              Area too large (1232 ÔëÑ 600)
Contour #4499: Area=   412, Ratio=0.66, Circ=0.22, Sol=0.73 -> Ô£ù REJECTED
              Circularity too low (0.22 < 0.6)
Contour #4500: Area=   192, Ratio=0.25, Circ=0.44, Sol=0.90 -> Ô£ù REJECTED
              Aspect ratio out of range (0.25)
Contour #4501: Area=  1221, Ratio=1.00, Circ=0.90, Sol=0.99 -> Ô£ù REJECTED
              Area too large (1221 ÔëÑ 600)
Contour #4502: Area=  1228, Ratio=1.00, Circ=0.91, Sol=0.99 -> Ô£ù REJECTED
              Area too large (1228 ÔëÑ 600)
Contour #4503: Area=  1222, Ratio=1.00, Circ=0.91, Sol=0.99 -> Ô£ù REJECTED
              Area too large (1222 ÔëÑ 600)
Contour #4504: Area=  1226, Ratio=1.00, Circ=0.90, Sol=0.98 -> Ô£ù REJECTED
              Area too large (1226 ÔëÑ 600)
Contour #4505: Area=  1228, Ratio=1.02, Circ=0.89, Sol=0.98 -> Ô£ù REJECTED
              Area too large (1228 ÔëÑ 600)
Contour #4506: Area=  1231, Ratio=1.02, Circ=0.90, Sol=0.98 -> Ô£ù REJECTED
              Area too large (1231 ÔëÑ 600)
Contour #4507: Area=  1234, Ratio=1.02, Circ=0.89, Sol=0.98 -> Ô£ù REJECTED
              Area too large (1234 ÔëÑ 600)
Contour #4508: Area=  1230, Ratio=1.00, Circ=0.91, Sol=0.99 -> Ô£ù REJECTED
              Area too large (1230 ÔëÑ 600)
Contour #4509: Area=  1231, Ratio=1.00, Circ=0.91, Sol=0.99 -> Ô£ù REJECTED
              Area too large (1231 ÔëÑ 600)
Contour #4510: Area=  1230, Ratio=1.00, Circ=0.91, Sol=0.99 -> Ô£ù REJECTED
              Area too large (1230 ÔëÑ 600)
Contour #4511: Area=  1234, Ratio=1.02, Circ=0.90, Sol=0.98 -> Ô£ù REJECTED
              Area too large (1234 ÔëÑ 600)
Contour #4512: Area=  1228, Ratio=1.02, Circ=0.89, Sol=0.98 -> Ô£ù REJECTED
              Area too large (1228 ÔëÑ 600)
Contour #4513: Area=  1234, Ratio=1.02, Circ=0.90, Sol=0.98 -> Ô£ù REJECTED
              Area too large (1234 ÔëÑ 600)
Contour #4514: Area=  1227, Ratio=1.00, Circ=0.91, Sol=0.99 -> Ô£ù REJECTED
              Area too large (1227 ÔëÑ 600)
Contour #4515: Area=  1227, Ratio=1.00, Circ=0.91, Sol=0.99 -> Ô£ù REJECTED
              Area too large (1227 ÔëÑ 600)
Contour #4516: Area=  1227, Ratio=1.00, Circ=0.91, Sol=0.99 -> Ô£ù REJECTED
              Area too large (1227 ÔëÑ 600)
Contour #4517: Area=  1227, Ratio=1.00, Circ=0.91, Sol=0.99 -> Ô£ù REJECTED
              Area too large (1227 ÔëÑ 600)
Contour #4518: Area=  1228, Ratio=1.02, Circ=0.89, Sol=0.98 -> Ô£ù REJECTED
              Area too large (1228 ÔëÑ 600)
Contour #4519: Area=  1228, Ratio=1.02, Circ=0.88, Sol=0.98 -> Ô£ù REJECTED
              Area too large (1228 ÔëÑ 600)
Contour #4520: Area=  1230, Ratio=1.02, Circ=0.90, Sol=0.98 -> Ô£ù REJECTED
              Area too large (1230 ÔëÑ 600)
Contour #4521: Area=  1228, Ratio=1.00, Circ=0.91, Sol=0.99 -> Ô£ù REJECTED
              Area too large (1228 ÔëÑ 600)
Contour #4522: Area=  1226, Ratio=1.00, Circ=0.91, Sol=0.99 -> Ô£ù REJECTED
              Area too large (1226 ÔëÑ 600)
Contour #4523: Area=  1236, Ratio=1.00, Circ=0.89, Sol=0.98 -> Ô£ù REJECTED
              Area too large (1236 ÔëÑ 600)
Contour #4524: Area=  1224, Ratio=0.98, Circ=0.90, Sol=0.98 -> Ô£ù REJECTED
              Area too large (1224 ÔëÑ 600)
Contour #4525: Area=   130, Ratio=0.42, Circ=0.27, Sol=0.62 -> Ô£ù REJECTED
              Aspect ratio out of range (0.42)
Contour #4526: Area=  1849, Ratio=2.57, Circ=0.22, Sol=0.68 -> Ô£ù REJECTED
              Area too large (1849 ÔëÑ 600)
Contour #4527: Area=  3024, Ratio=3.56, Circ=0.10, Sol=0.62 -> Ô£ù REJECTED
              Area too large (3024 ÔëÑ 600)
Contour #4528: Area=    32, Ratio=1.14, Circ=0.89, Sol=0.97 -> Ô£ô ACCEPTED
Contour #4529: Area=    28, Ratio=1.33, Circ=0.90, Sol=1.00 -> Ô£ù REJECTED
              Area too small (28 Ôëñ 30)
Contour #4530: Area=    32, Ratio=0.88, Circ=0.92, Sol=1.00 -> Ô£ô ACCEPTED
Contour #4531: Area=    44, Ratio=0.25, Circ=0.47, Sol=1.00 -> Ô£ù REJECTED
              Aspect ratio out of range (0.25)
Contour #4532: Area=   178, Ratio=0.64, Circ=0.35, Sol=0.71 -> Ô£ù REJECTED
              Circularity too low (0.35 < 0.6)
Contour #4533: Area=   118, Ratio=0.81, Circ=0.34, Sol=0.72 -> Ô£ù REJECTED
              Circularity too low (0.34 < 0.6)
Contour #4534: Area=   101, Ratio=0.81, Circ=0.22, Sol=0.57 -> Ô£ù REJECTED
              Circularity too low (0.22 < 0.6)
Contour #4535: Area=    54, Ratio=0.56, Circ=0.31, Sol=0.59 -> Ô£ù REJECTED
              Aspect ratio out of range (0.56)
Contour #4536: Area=   150, Ratio=0.81, Circ=0.90, Sol=0.98 -> Ô£ô ACCEPTED
Contour #4537: Area=   312, Ratio=0.90, Circ=0.90, Sol=0.98 -> Ô£ô ACCEPTED
Contour #4538: Area=    14, Ratio=1.00, Circ=0.84, Sol=0.96 -> Ô£ù REJECTED
              Area too small (14 Ôëñ 30)
Contour #4539: Area=    26, Ratio=2.00, Circ=0.51, Sol=0.81 -> Ô£ù REJECTED
              Area too small (26 Ôëñ 30)
Contour #4540: Area= 26116, Ratio=3.21, Circ=0.57, Sol=1.00 -> Ô£ù REJECTED
              Area too large (26116 ÔëÑ 600)
Contour #4541: Area= 25758, Ratio=3.02, Circ=0.59, Sol=1.00 -> Ô£ù REJECTED
              Area too large (25758 ÔëÑ 600)
Contour #4542: Area=     8, Ratio=1.00, Circ=0.82, Sol=1.00 -> Ô£ù REJECTED
              Area too small (8 Ôëñ 30)
Contour #4543: Area=     8, Ratio=1.00, Circ=0.82, Sol=1.00 -> Ô£ù REJECTED
              Area too small (8 Ôëñ 30)
Contour #4544: Area= 55303, Ratio=5.98, Circ=0.38, Sol=0.99 -> Ô£ù REJECTED
              Area too large (55303 ÔëÑ 600)
Contour #4545: Area=   440, Ratio=3.58, Circ=0.55, Sol=0.99 -> Ô£ù REJECTED
              Aspect ratio out of range (3.58)
Contour #4546: Area=   824, Ratio=2.63, Circ=0.58, Sol=0.94 -> Ô£ù REJECTED
              Area too large (824 ÔëÑ 600)
Contour #4547: Area=   105, Ratio=0.81, Circ=0.12, Sol=0.34 -> Ô£ù REJECTED
              Circularity too low (0.12 < 0.6)
Contour #4548: Area=    34, Ratio=1.14, Circ=0.94, Sol=1.00 -> Ô£ô ACCEPTED
Contour #4549: Area=    60, Ratio=0.64, Circ=0.15, Sol=0.37 -> Ô£ù REJECTED
              Circularity too low (0.15 < 0.6)
Contour #4550: Area=    72, Ratio=0.64, Circ=0.18, Sol=0.41 -> Ô£ù REJECTED
              Circularity too low (0.18 < 0.6)
Contour #4551: Area=    64, Ratio=0.59, Circ=0.16, Sol=0.41 -> Ô£ù REJECTED
              Aspect ratio out of range (0.59)
Contour #4552: Area=   100, Ratio=0.77, Circ=0.11, Sol=0.31 -> Ô£ù REJECTED
              Circularity too low (0.11 < 0.6)
Contour #4553: Area=   106, Ratio=0.77, Circ=0.11, Sol=0.33 -> Ô£ù REJECTED
              Circularity too low (0.11 < 0.6)
Contour #4554: Area=   102, Ratio=0.77, Circ=0.11, Sol=0.32 -> Ô£ù REJECTED
              Circularity too low (0.11 < 0.6)
Contour #4555: Area=   112, Ratio=0.77, Circ=0.12, Sol=0.34 -> Ô£ù REJECTED
              Circularity too low (0.12 < 0.6)
Contour #4556: Area=   106, Ratio=0.77, Circ=0.11, Sol=0.33 -> Ô£ù REJECTED
              Circularity too low (0.11 < 0.6)
Contour #4557: Area=   124, Ratio=0.77, Circ=0.13, Sol=0.37 -> Ô£ù REJECTED
              Circularity too low (0.13 < 0.6)
Contour #4558: Area=   106, Ratio=0.77, Circ=0.11, Sol=0.32 -> Ô£ù REJECTED
              Circularity too low (0.11 < 0.6)
Contour #4559: Area=   111, Ratio=0.77, Circ=0.11, Sol=0.33 -> Ô£ù REJECTED
              Circularity too low (0.11 < 0.6)
Contour #4560: Area=   104, Ratio=0.73, Circ=0.11, Sol=0.33 -> Ô£ù REJECTED
              Circularity too low (0.11 < 0.6)
Contour #4561: Area=   113, Ratio=0.77, Circ=0.12, Sol=0.34 -> Ô£ù REJECTED
              Circularity too low (0.12 < 0.6)
Contour #4562: Area=   111, Ratio=0.77, Circ=0.12, Sol=0.34 -> Ô£ù REJECTED
              Circularity too low (0.12 < 0.6)
Contour #4563: Area=   121, Ratio=0.77, Circ=0.13, Sol=0.36 -> Ô£ù REJECTED
              Circularity too low (0.13 < 0.6)
Contour #4564: Area=   114, Ratio=0.77, Circ=0.12, Sol=0.34 -> Ô£ù REJECTED
              Circularity too low (0.12 < 0.6)
Contour #4565: Area=   118, Ratio=0.77, Circ=0.12, Sol=0.35 -> Ô£ù REJECTED
              Circularity too low (0.12 < 0.6)
Contour #4566: Area=   104, Ratio=0.73, Circ=0.11, Sol=0.33 -> Ô£ù REJECTED
              Circularity too low (0.11 < 0.6)
Contour #4567: Area=   111, Ratio=0.77, Circ=0.12, Sol=0.34 -> Ô£ù REJECTED
              Circularity too low (0.12 < 0.6)
Contour #4568: Area=   104, Ratio=0.77, Circ=0.11, Sol=0.32 -> Ô£ù REJECTED
              Circularity too low (0.11 < 0.6)
Contour #4569: Area=   116, Ratio=0.77, Circ=0.12, Sol=0.35 -> Ô£ù REJECTED
              Circularity too low (0.12 < 0.6)
Contour #4570: Area=   103, Ratio=0.77, Circ=0.10, Sol=0.31 -> Ô£ù REJECTED
              Circularity too low (0.10 < 0.6)
Contour #4571: Area=   944, Ratio=1.00, Circ=0.91, Sol=0.99 -> Ô£ù REJECTED
              Area too large (944 ÔëÑ 600)
Contour #4572: Area=    30, Ratio=1.14, Circ=0.86, Sol=0.97 -> Ô£ù REJECTED
              Area too small (30 Ôëñ 30)
Contour #4573: Area=    28, Ratio=1.00, Circ=0.90, Sol=0.98 -> Ô£ù REJECTED
              Area too small (28 Ôëñ 30)
Contour #4574: Area=   946, Ratio=1.03, Circ=0.90, Sol=0.98 -> Ô£ù REJECTED
              Area too large (946 ÔëÑ 600)
Contour #4575: Area=   955, Ratio=1.03, Circ=0.91, Sol=0.99 -> Ô£ù REJECTED
              Area too large (955 ÔëÑ 600)
Contour #4576: Area=   953, Ratio=1.03, Circ=0.91, Sol=0.99 -> Ô£ù REJECTED
              Area too large (953 ÔëÑ 600)
Contour #4577: Area=   950, Ratio=1.03, Circ=0.91, Sol=0.99 -> Ô£ù REJECTED
              Area too large (950 ÔëÑ 600)
Contour #4578: Area=   942, Ratio=1.00, Circ=0.91, Sol=0.99 -> Ô£ù REJECTED
              Area too large (942 ÔëÑ 600)
Contour #4579: Area=   950, Ratio=1.03, Circ=0.90, Sol=0.98 -> Ô£ù REJECTED
              Area too large (950 ÔëÑ 600)
Contour #4580: Area=   954, Ratio=1.00, Circ=0.90, Sol=0.98 -> Ô£ù REJECTED
              Area too large (954 ÔëÑ 600)
Contour #4581: Area=   957, Ratio=1.00, Circ=0.90, Sol=0.98 -> Ô£ù REJECTED
              Area too large (957 ÔëÑ 600)
Contour #4582: Area=   955, Ratio=1.00, Circ=0.90, Sol=0.98 -> Ô£ù REJECTED
              Area too large (955 ÔëÑ 600)
Contour #4583: Area=   954, Ratio=1.00, Circ=0.90, Sol=0.98 -> Ô£ù REJECTED
              Area too large (954 ÔëÑ 600)
Contour #4584: Area=   952, Ratio=1.00, Circ=0.89, Sol=0.98 -> Ô£ù REJECTED
              Area too large (952 ÔëÑ 600)
Contour #4585: Area=   958, Ratio=1.00, Circ=0.90, Sol=0.98 -> Ô£ù REJECTED
              Area too large (958 ÔëÑ 600)
Contour #4586: Area=   955, Ratio=1.00, Circ=0.90, Sol=0.98 -> Ô£ù REJECTED
              Area too large (955 ÔëÑ 600)
Contour #4587: Area=   952, Ratio=1.00, Circ=0.90, Sol=0.98 -> Ô£ù REJECTED
              Area too large (952 ÔëÑ 600)
Contour #4588: Area=   951, Ratio=1.00, Circ=0.90, Sol=0.98 -> Ô£ù REJECTED
              Area too large (951 ÔëÑ 600)
Contour #4589: Area=   956, Ratio=1.00, Circ=0.90, Sol=0.98 -> Ô£ù REJECTED
              Area too large (956 ÔëÑ 600)
Contour #4590: Area=   954, Ratio=1.00, Circ=0.90, Sol=0.98 -> Ô£ù REJECTED
              Area too large (954 ÔëÑ 600)
Contour #4591: Area=   956, Ratio=1.00, Circ=0.90, Sol=0.98 -> Ô£ù REJECTED
              Area too large (956 ÔëÑ 600)
Contour #4592: Area=   954, Ratio=1.00, Circ=0.89, Sol=0.98 -> Ô£ù REJECTED
              Area too large (954 ÔëÑ 600)
Contour #4593: Area=   952, Ratio=1.00, Circ=0.89, Sol=0.98 -> Ô£ù REJECTED
              Area too large (952 ÔëÑ 600)
Contour #4594: Area=   955, Ratio=1.00, Circ=0.90, Sol=0.98 -> Ô£ù REJECTED
              Area too large (955 ÔëÑ 600)
Contour #4595: Area=   956, Ratio=1.00, Circ=0.90, Sol=0.98 -> Ô£ù REJECTED
              Area too large (956 ÔëÑ 600)
Contour #4596: Area=  1231, Ratio=1.00, Circ=0.89, Sol=0.98 -> Ô£ù REJECTED
              Area too large (1231 ÔëÑ 600)
Contour #4597: Area=  1225, Ratio=0.98, Circ=0.90, Sol=0.98 -> Ô£ù REJECTED
              Area too large (1225 ÔëÑ 600)
Contour #4598: Area=  1228, Ratio=0.98, Circ=0.89, Sol=0.98 -> Ô£ù REJECTED
              Area too large (1228 ÔëÑ 600)
Contour #4599: Area=  1225, Ratio=0.98, Circ=0.90, Sol=0.98 -> Ô£ù REJECTED
              Area too large (1225 ÔëÑ 600)
Contour #4600: Area=  1227, Ratio=1.00, Circ=0.91, Sol=0.99 -> Ô£ù REJECTED
              Area too large (1227 ÔëÑ 600)
Contour #4601: Area=  1232, Ratio=1.02, Circ=0.89, Sol=0.98 -> Ô£ù REJECTED
              Area too large (1232 ÔëÑ 600)
Contour #4602: Area=  1231, Ratio=1.02, Circ=0.90, Sol=0.98 -> Ô£ù REJECTED
              Area too large (1231 ÔëÑ 600)
Contour #4603: Area=  1226, Ratio=1.00, Circ=0.90, Sol=0.99 -> Ô£ù REJECTED
              Area too large (1226 ÔëÑ 600)
Contour #4604: Area=  1226, Ratio=1.00, Circ=0.90, Sol=0.98 -> Ô£ù REJECTED
              Area too large (1226 ÔëÑ 600)
Contour #4605: Area=  1229, Ratio=0.98, Circ=0.90, Sol=0.98 -> Ô£ù REJECTED
              Area too large (1229 ÔëÑ 600)
Contour #4606: Area=  1225, Ratio=1.00, Circ=0.91, Sol=0.99 -> Ô£ù REJECTED
              Area too large (1225 ÔëÑ 600)
Contour #4607: Area=  1234, Ratio=1.00, Circ=0.88, Sol=0.98 -> Ô£ù REJECTED
              Area too large (1234 ÔëÑ 600)
Contour #4608: Area=  1235, Ratio=1.00, Circ=0.89, Sol=0.98 -> Ô£ù REJECTED
              Area too large (1235 ÔëÑ 600)
Contour #4609: Area=  1237, Ratio=1.00, Circ=0.89, Sol=0.98 -> Ô£ù REJECTED
              Area too large (1237 ÔëÑ 600)
Contour #4610: Area=  1226, Ratio=0.98, Circ=0.89, Sol=0.98 -> Ô£ù REJECTED
              Area too large (1226 ÔëÑ 600)
Contour #4611: Area=  1232, Ratio=0.98, Circ=0.89, Sol=0.98 -> Ô£ù REJECTED
              Area too large (1232 ÔëÑ 600)
Contour #4612: Area=  1227, Ratio=0.98, Circ=0.88, Sol=0.98 -> Ô£ù REJECTED
              Area too large (1227 ÔëÑ 600)
Contour #4613: Area=  1228, Ratio=0.98, Circ=0.90, Sol=0.98 -> Ô£ù REJECTED
              Area too large (1228 ÔëÑ 600)
Contour #4614: Area=  1230, Ratio=1.00, Circ=0.89, Sol=0.98 -> Ô£ù REJECTED
              Area too large (1230 ÔëÑ 600)
Contour #4615: Area=  1234, Ratio=1.00, Circ=0.89, Sol=0.98 -> Ô£ù REJECTED
              Area too large (1234 ÔëÑ 600)
Contour #4616: Area=  1230, Ratio=1.00, Circ=0.89, Sol=0.98 -> Ô£ù REJECTED
              Area too large (1230 ÔëÑ 600)
Contour #4617: Area=  1226, Ratio=0.98, Circ=0.90, Sol=0.98 -> Ô£ù REJECTED
              Area too large (1226 ÔëÑ 600)
Contour #4618: Area=  1230, Ratio=0.98, Circ=0.89, Sol=0.98 -> Ô£ù REJECTED
              Area too large (1230 ÔëÑ 600)
Contour #4619: Area=    61, Ratio=0.73, Circ=0.89, Sol=0.99 -> Ô£ô ACCEPTED
Contour #4620: Area=    73, Ratio=0.83, Circ=0.84, Sol=0.95 -> Ô£ô ACCEPTED
Contour #4621: Area=    70, Ratio=0.75, Circ=0.85, Sol=0.97 -> Ô£ô ACCEPTED
Contour #4622: Area=    30, Ratio=1.00, Circ=0.82, Sol=0.95 -> Ô£ô ACCEPTED
Contour #4623: Area=   121, Ratio=0.75, Circ=0.35, Sol=0.75 -> Ô£ù REJECTED
              Circularity too low (0.35 < 0.6)
Contour #4624: Area=   157, Ratio=1.38, Circ=0.14, Sol=0.50 -> Ô£ù REJECTED
              Circularity too low (0.14 < 0.6)
Contour #4625: Area=   122, Ratio=0.81, Circ=0.35, Sol=0.73 -> Ô£ù REJECTED
              Circularity too low (0.35 < 0.6)
Contour #4626: Area=   174, Ratio=0.88, Circ=0.91, Sol=0.99 -> Ô£ô ACCEPTED
Contour #4627: Area=    98, Ratio=0.81, Circ=0.21, Sol=0.55 -> Ô£ù REJECTED
              Circularity too low (0.21 < 0.6)
Contour #4628: Area=    58, Ratio=0.56, Circ=0.38, Sol=0.68 -> Ô£ù REJECTED
              Aspect ratio out of range (0.56)
Contour #4629: Area=   173, Ratio=0.64, Circ=0.33, Sol=0.70 -> Ô£ù REJECTED
              Circularity too low (0.33 < 0.6)
Contour #4630: Area=   174, Ratio=0.88, Circ=0.89, Sol=0.99 -> Ô£ô ACCEPTED
Contour #4631: Area=    22, Ratio=0.86, Circ=0.74, Sol=0.90 -> Ô£ù REJECTED
              Area too small (22 Ôëñ 30)
Contour #4632: Area=   132, Ratio=0.69, Circ=0.85, Sol=0.99 -> Ô£ô ACCEPTED
Contour #4633: Area=   292, Ratio=0.81, Circ=0.84, Sol=0.99 -> Ô£ô ACCEPTED
Contour #4634: Area=   128, Ratio=0.68, Circ=0.13, Sol=0.44 -> Ô£ù REJECTED
              Circularity too low (0.13 < 0.6)
Contour #4635: Area=    66, Ratio=0.17, Circ=0.33, Sol=1.00 -> Ô£ù REJECTED
              Aspect ratio out of range (0.17)
Contour #4636: Area=   196, Ratio=0.61, Circ=0.54, Sol=0.86 -> Ô£ù REJECTED
              Circularity too low (0.54 < 0.6)
Contour #4637: Area=    25, Ratio=2.20, Circ=0.42, Sol=0.75 -> Ô£ù REJECTED
              Area too small (25 Ôëñ 30)
Contour #4638: Area=    72, Ratio=0.75, Circ=0.85, Sol=0.99 -> Ô£ô ACCEPTED
Contour #4639: Area=    72, Ratio=0.75, Circ=0.85, Sol=0.99 -> Ô£ô ACCEPTED
Contour #4640: Area=    72, Ratio=0.83, Circ=0.81, Sol=0.96 -> Ô£ô ACCEPTED
Contour #4641: Area=    72, Ratio=0.75, Circ=0.85, Sol=0.99 -> Ô£ô ACCEPTED
Contour #4642: Area=    73, Ratio=0.83, Circ=0.84, Sol=0.97 -> Ô£ô ACCEPTED
Contour #4643: Area=    73, Ratio=0.83, Circ=0.84, Sol=0.98 -> Ô£ô ACCEPTED
Contour #4644: Area=    82, Ratio=0.77, Circ=0.84, Sol=0.97 -> Ô£ô ACCEPTED
Contour #4645: Area=    99, Ratio=0.78, Circ=0.27, Sol=0.55 -> Ô£ù REJECTED
              Circularity too low (0.27 < 0.6)
Contour #4646: Area=    54, Ratio=0.39, Circ=0.38, Sol=0.82 -> Ô£ù REJECTED
              Aspect ratio out of range (0.39)
Contour #4647: Area=   124, Ratio=0.89, Circ=0.21, Sol=0.55 -> Ô£ù REJECTED
              Circularity too low (0.21 < 0.6)
Contour #4648: Area=    54, Ratio=0.44, Circ=0.38, Sol=0.78 -> Ô£ù REJECTED
              Aspect ratio out of range (0.44)
Contour #4649: Area=   124, Ratio=0.71, Circ=0.19, Sol=0.52 -> Ô£ù REJECTED
              Circularity too low (0.19 < 0.6)
Contour #4650: Area=   206, Ratio=0.89, Circ=0.71, Sol=0.92 -> Ô£ô ACCEPTED
Contour #4651: Area=   187, Ratio=1.44, Circ=0.13, Sol=0.48 -> Ô£ù REJECTED
              Circularity too low (0.13 < 0.6)
Contour #4652: Area=   119, Ratio=0.89, Circ=0.19, Sol=0.52 -> Ô£ù REJECTED
              Circularity too low (0.19 < 0.6)
Contour #4653: Area=   118, Ratio=0.89, Circ=0.19, Sol=0.53 -> Ô£ù REJECTED
              Circularity too low (0.19 < 0.6)
Contour #4654: Area=   122, Ratio=0.89, Circ=0.20, Sol=0.54 -> Ô£ù REJECTED
              Circularity too low (0.20 < 0.6)
Contour #4655: Area=    54, Ratio=0.44, Circ=0.38, Sol=0.78 -> Ô£ù REJECTED
              Aspect ratio out of range (0.44)
Contour #4656: Area=   123, Ratio=0.71, Circ=0.19, Sol=0.52 -> Ô£ù REJECTED
              Circularity too low (0.19 < 0.6)
Contour #4657: Area=   207, Ratio=0.89, Circ=0.71, Sol=0.92 -> Ô£ô ACCEPTED
Contour #4658: Area=   184, Ratio=1.44, Circ=0.12, Sol=0.47 -> Ô£ù REJECTED
              Circularity too low (0.12 < 0.6)
Contour #4659: Area=   205, Ratio=0.89, Circ=0.70, Sol=0.92 -> Ô£ô ACCEPTED
Contour #4660: Area=   208, Ratio=0.89, Circ=0.86, Sol=0.97 -> Ô£ô ACCEPTED
Contour #4661: Area=   119, Ratio=0.89, Circ=0.19, Sol=0.52 -> Ô£ù REJECTED
              Circularity too low (0.19 < 0.6)
Contour #4662: Area=   121, Ratio=0.89, Circ=0.20, Sol=0.53 -> Ô£ù REJECTED
              Circularity too low (0.20 < 0.6)
Contour #4663: Area=   112, Ratio=0.89, Circ=0.19, Sol=0.50 -> Ô£ù REJECTED
              Circularity too low (0.19 < 0.6)
Contour #4664: Area=    68, Ratio=0.67, Circ=0.31, Sol=0.61 -> Ô£ù REJECTED
              Circularity too low (0.31 < 0.6)
Contour #4665: Area=   116, Ratio=0.89, Circ=0.19, Sol=0.52 -> Ô£ù REJECTED
              Circularity too low (0.19 < 0.6)
Contour #4666: Area=    50, Ratio=0.39, Circ=0.37, Sol=0.80 -> Ô£ù REJECTED
              Aspect ratio out of range (0.39)
Contour #4667: Area=   106, Ratio=0.58, Circ=0.19, Sol=0.49 -> Ô£ù REJECTED
              Aspect ratio out of range (0.58)
Contour #4668: Area=   224, Ratio=0.75, Circ=0.49, Sol=0.83 -> Ô£ù REJECTED
              Circularity too low (0.49 < 0.6)
Contour #4669: Area=   205, Ratio=0.94, Circ=0.68, Sol=0.90 -> Ô£ô ACCEPTED
Contour #4670: Area=    52, Ratio=0.39, Circ=0.40, Sol=0.82 -> Ô£ù REJECTED
              Aspect ratio out of range (0.39)
Contour #4671: Area=    94, Ratio=0.50, Circ=0.30, Sol=0.57 -> Ô£ù REJECTED
              Aspect ratio out of range (0.50)
Contour #4672: Area=    92, Ratio=0.45, Circ=0.30, Sol=0.59 -> Ô£ù REJECTED
              Aspect ratio out of range (0.45)
Contour #4673: Area=    88, Ratio=0.45, Circ=0.29, Sol=0.57 -> Ô£ù REJECTED
              Aspect ratio out of range (0.45)
Contour #4674: Area= 40176, Ratio=1.37, Circ=0.77, Sol=1.00 -> Ô£ù REJECTED
              Area too large (40176 ÔëÑ 600)
Contour #4675: Area=   150, Ratio=0.83, Circ=0.13, Sol=0.42 -> Ô£ù REJECTED
              Circularity too low (0.13 < 0.6)
Contour #4676: Area=    14, Ratio=1.00, Circ=0.94, Sol=1.00 -> Ô£ù REJECTED
              Area too small (14 Ôëñ 30)
Contour #4677: Area=    14, Ratio=1.00, Circ=0.94, Sol=1.00 -> Ô£ù REJECTED
              Area too small (14 Ôëñ 30)
Contour #4678: Area=    14, Ratio=1.00, Circ=0.84, Sol=0.96 -> Ô£ù REJECTED
              Area too small (14 Ôëñ 30)
Contour #4679: Area=    14, Ratio=1.00, Circ=0.84, Sol=0.96 -> Ô£ù REJECTED
              Area too small (14 Ôëñ 30)
Contour #4680: Area=    14, Ratio=1.00, Circ=0.84, Sol=0.96 -> Ô£ù REJECTED
              Area too small (14 Ôëñ 30)
Contour #4681: Area=    14, Ratio=1.00, Circ=0.84, Sol=0.96 -> Ô£ù REJECTED
              Area too small (14 Ôëñ 30)
Contour #4682: Area=    14, Ratio=1.00, Circ=0.90, Sol=1.00 -> Ô£ù REJECTED
              Area too small (14 Ôëñ 30)
Contour #4683: Area=    72, Ratio=0.35, Circ=0.27, Sol=0.78 -> Ô£ù REJECTED
              Aspect ratio out of range (0.35)
Contour #4684: Area=   226, Ratio=0.69, Circ=0.47, Sol=0.81 -> Ô£ù REJECTED
              Circularity too low (0.47 < 0.6)
Contour #4685: Area=   124, Ratio=0.65, Circ=0.14, Sol=0.44 -> Ô£ù REJECTED
              Circularity too low (0.14 < 0.6)
Contour #4686: Area=   130, Ratio=0.65, Circ=0.14, Sol=0.46 -> Ô£ù REJECTED
              Circularity too low (0.14 < 0.6)
Contour #4687: Area= 41826, Ratio=1.36, Circ=0.77, Sol=1.00 -> Ô£ù REJECTED
              Area too large (41826 ÔëÑ 600)
Contour #4688: Area=    78, Ratio=0.91, Circ=0.92, Sol=0.99 -> Ô£ô ACCEPTED
Contour #4689: Area=   454, Ratio=3.31, Circ=0.55, Sol=0.96 -> Ô£ù REJECTED
              Aspect ratio out of range (3.31)
Contour #4690: Area=   867, Ratio=2.63, Circ=0.61, Sol=0.98 -> Ô£ù REJECTED
              Area too large (867 ÔëÑ 600)
Contour #4691: Area=    80, Ratio=0.59, Circ=0.21, Sol=0.46 -> Ô£ù REJECTED
              Aspect ratio out of range (0.59)
Contour #4692: Area=    68, Ratio=0.59, Circ=0.19, Sol=0.41 -> Ô£ù REJECTED
              Aspect ratio out of range (0.59)
Contour #4693: Area=    66, Ratio=0.55, Circ=0.18, Sol=0.41 -> Ô£ù REJECTED
              Aspect ratio out of range (0.55)
Contour #4694: Area=    64, Ratio=0.55, Circ=0.18, Sol=0.41 -> Ô£ù REJECTED
              Aspect ratio out of range (0.55)
Contour #4695: Area=    78, Ratio=0.59, Circ=0.21, Sol=0.47 -> Ô£ù REJECTED
              Aspect ratio out of range (0.59)
Contour #4696: Area=    82, Ratio=0.59, Circ=0.22, Sol=0.48 -> Ô£ù REJECTED
              Aspect ratio out of range (0.59)
Contour #4697: Area=    65, Ratio=0.55, Circ=0.18, Sol=0.41 -> Ô£ù REJECTED
              Aspect ratio out of range (0.55)
Contour #4698: Area=    80, Ratio=0.59, Circ=0.22, Sol=0.46 -> Ô£ù REJECTED
              Aspect ratio out of range (0.59)
Contour #4699: Area=    82, Ratio=0.64, Circ=0.08, Sol=0.34 -> Ô£ù REJECTED
              Circularity too low (0.08 < 0.6)
Contour #4700: Area=   186, Ratio=0.65, Circ=0.30, Sol=0.71 -> Ô£ù REJECTED
              Circularity too low (0.30 < 0.6)
Contour #4701: Area=    90, Ratio=0.65, Circ=0.09, Sol=0.36 -> Ô£ù REJECTED
              Circularity too low (0.09 < 0.6)
Contour #4702: Area=    61, Ratio=0.52, Circ=0.17, Sol=0.40 -> Ô£ù REJECTED
              Aspect ratio out of range (0.52)
Contour #4703: Area=    67, Ratio=0.57, Circ=0.17, Sol=0.39 -> Ô£ù REJECTED
              Aspect ratio out of range (0.57)
Contour #4704: Area=    66, Ratio=0.57, Circ=0.18, Sol=0.40 -> Ô£ù REJECTED
              Aspect ratio out of range (0.57)
Contour #4705: Area=    86, Ratio=0.57, Circ=0.23, Sol=0.49 -> Ô£ù REJECTED
              Aspect ratio out of range (0.57)
Contour #4706: Area=    84, Ratio=0.57, Circ=0.23, Sol=0.48 -> Ô£ù REJECTED
              Aspect ratio out of range (0.57)
Contour #4707: Area=    72, Ratio=0.57, Circ=0.19, Sol=0.41 -> Ô£ù REJECTED
              Aspect ratio out of range (0.57)
Contour #4708: Area=    65, Ratio=0.52, Circ=0.18, Sol=0.41 -> Ô£ù REJECTED
              Aspect ratio out of range (0.52)
Contour #4709: Area=    66, Ratio=0.52, Circ=0.18, Sol=0.42 -> Ô£ù REJECTED
              Aspect ratio out of range (0.52)
Contour #4710: Area=    67, Ratio=0.57, Circ=0.18, Sol=0.41 -> Ô£ù REJECTED
              Aspect ratio out of range (0.57)
Contour #4711: Area=    82, Ratio=0.57, Circ=0.22, Sol=0.47 -> Ô£ù REJECTED
              Aspect ratio out of range (0.57)
Contour #4712: Area=    80, Ratio=0.57, Circ=0.20, Sol=0.46 -> Ô£ù REJECTED
              Aspect ratio out of range (0.57)
Contour #4713: Area=    82, Ratio=0.57, Circ=0.22, Sol=0.47 -> Ô£ù REJECTED
              Aspect ratio out of range (0.57)
Contour #4714: Area=   951, Ratio=1.00, Circ=0.90, Sol=0.98 -> Ô£ù REJECTED
              Area too large (951 ÔëÑ 600)
Contour #4715: Area=   959, Ratio=1.00, Circ=0.90, Sol=0.98 -> Ô£ù REJECTED
              Area too large (959 ÔëÑ 600)
Contour #4716: Area=   952, Ratio=1.00, Circ=0.91, Sol=0.99 -> Ô£ù REJECTED
              Area too large (952 ÔëÑ 600)
Contour #4717: Area=   956, Ratio=1.00, Circ=0.90, Sol=0.98 -> Ô£ù REJECTED
              Area too large (956 ÔëÑ 600)
Contour #4718: Area=   953, Ratio=1.00, Circ=0.90, Sol=0.98 -> Ô£ù REJECTED
              Area too large (953 ÔëÑ 600)
Contour #4719: Area=   949, Ratio=1.00, Circ=0.90, Sol=0.98 -> Ô£ù REJECTED
              Area too large (949 ÔëÑ 600)
Contour #4720: Area=   955, Ratio=1.03, Circ=0.89, Sol=0.98 -> Ô£ù REJECTED
              Area too large (955 ÔëÑ 600)
Contour #4721: Area=   953, Ratio=1.00, Circ=0.90, Sol=0.98 -> Ô£ù REJECTED
              Area too large (953 ÔëÑ 600)
Contour #4722: Area=   958, Ratio=1.00, Circ=0.90, Sol=0.99 -> Ô£ù REJECTED
              Area too large (958 ÔëÑ 600)
Contour #4723: Area=   952, Ratio=1.00, Circ=0.91, Sol=0.99 -> Ô£ù REJECTED
              Area too large (952 ÔëÑ 600)
Contour #4724: Area=   954, Ratio=1.00, Circ=0.91, Sol=0.99 -> Ô£ù REJECTED
              Area too large (954 ÔëÑ 600)
Contour #4725: Area=   952, Ratio=1.00, Circ=0.90, Sol=0.98 -> Ô£ù REJECTED
              Area too large (952 ÔëÑ 600)
Contour #4726: Area=   955, Ratio=1.00, Circ=0.90, Sol=0.98 -> Ô£ù REJECTED
              Area too large (955 ÔëÑ 600)
Contour #4727: Area=   955, Ratio=1.00, Circ=0.90, Sol=0.98 -> Ô£ù REJECTED
              Area too large (955 ÔëÑ 600)
Contour #4728: Area=   953, Ratio=1.00, Circ=0.90, Sol=0.98 -> Ô£ù REJECTED
              Area too large (953 ÔëÑ 600)
Contour #4729: Area=   952, Ratio=1.00, Circ=0.91, Sol=0.99 -> Ô£ù REJECTED
              Area too large (952 ÔëÑ 600)
Contour #4730: Area=   957, Ratio=1.00, Circ=0.90, Sol=0.98 -> Ô£ù REJECTED
              Area too large (957 ÔëÑ 600)
Contour #4731: Area=   954, Ratio=1.00, Circ=0.90, Sol=0.98 -> Ô£ù REJECTED
              Area too large (954 ÔëÑ 600)
Contour #4732: Area=   957, Ratio=1.00, Circ=0.90, Sol=0.98 -> Ô£ù REJECTED
              Area too large (957 ÔëÑ 600)
Contour #4733: Area=   948, Ratio=0.97, Circ=0.91, Sol=0.98 -> Ô£ù REJECTED
              Area too large (948 ÔëÑ 600)
Contour #4734: Area=   952, Ratio=1.00, Circ=0.91, Sol=0.98 -> Ô£ù REJECTED
              Area too large (952 ÔëÑ 600)
Contour #4735: Area=   950, Ratio=1.00, Circ=0.91, Sol=0.98 -> Ô£ù REJECTED
              Area too large (950 ÔëÑ 600)
Contour #4736: Area=   954, Ratio=1.00, Circ=0.90, Sol=0.98 -> Ô£ù REJECTED
              Area too large (954 ÔëÑ 600)
Contour #4737: Area=  1228, Ratio=1.02, Circ=0.89, Sol=0.98 -> Ô£ù REJECTED
              Area too large (1228 ÔëÑ 600)
Contour #4738: Area=  1219, Ratio=1.02, Circ=0.89, Sol=0.98 -> Ô£ù REJECTED
              Area too large (1219 ÔëÑ 600)
Contour #4739: Area=  1228, Ratio=1.00, Circ=0.91, Sol=0.99 -> Ô£ù REJECTED
              Area too large (1228 ÔëÑ 600)
Contour #4740: Area=  1218, Ratio=1.00, Circ=0.89, Sol=0.98 -> Ô£ù REJECTED
              Area too large (1218 ÔëÑ 600)
Contour #4741: Area=  1227, Ratio=1.00, Circ=0.91, Sol=0.99 -> Ô£ù REJECTED
              Area too large (1227 ÔëÑ 600)
Contour #4742: Area=  1234, Ratio=1.02, Circ=0.89, Sol=0.98 -> Ô£ù REJECTED
              Area too large (1234 ÔëÑ 600)
Contour #4743: Area=  1229, Ratio=1.02, Circ=0.88, Sol=0.98 -> Ô£ù REJECTED
              Area too large (1229 ÔëÑ 600)
Contour #4744: Area=  1234, Ratio=1.02, Circ=0.89, Sol=0.98 -> Ô£ù REJECTED
              Area too large (1234 ÔëÑ 600)
Contour #4745: Area=  1228, Ratio=1.00, Circ=0.91, Sol=0.99 -> Ô£ù REJECTED
              Area too large (1228 ÔëÑ 600)
Contour #4746: Area=  1228, Ratio=1.00, Circ=0.91, Sol=0.99 -> Ô£ù REJECTED
              Area too large (1228 ÔëÑ 600)
Contour #4747: Area=  1228, Ratio=1.00, Circ=0.91, Sol=0.99 -> Ô£ù REJECTED
              Area too large (1228 ÔëÑ 600)
Contour #4748: Area=  1234, Ratio=1.02, Circ=0.89, Sol=0.98 -> Ô£ù REJECTED
              Area too large (1234 ÔëÑ 600)
Contour #4749: Area=  1228, Ratio=1.02, Circ=0.89, Sol=0.98 -> Ô£ù REJECTED
              Area too large (1228 ÔëÑ 600)
Contour #4750: Area=  1229, Ratio=1.02, Circ=0.90, Sol=0.98 -> Ô£ù REJECTED
              Area too large (1229 ÔëÑ 600)
Contour #4751: Area=  1230, Ratio=1.02, Circ=0.89, Sol=0.98 -> Ô£ù REJECTED
              Area too large (1230 ÔëÑ 600)
Contour #4752: Area=  1227, Ratio=1.00, Circ=0.91, Sol=0.99 -> Ô£ù REJECTED
              Area too large (1227 ÔëÑ 600)
Contour #4753: Area=  1228, Ratio=1.00, Circ=0.91, Sol=0.99 -> Ô£ù REJECTED
              Area too large (1228 ÔëÑ 600)
Contour #4754: Area=  1228, Ratio=1.00, Circ=0.90, Sol=0.99 -> Ô£ù REJECTED
              Area too large (1228 ÔëÑ 600)
Contour #4755: Area=  1230, Ratio=1.02, Circ=0.89, Sol=0.98 -> Ô£ù REJECTED
              Area too large (1230 ÔëÑ 600)
Contour #4756: Area=  1230, Ratio=1.02, Circ=0.90, Sol=0.98 -> Ô£ù REJECTED
              Area too large (1230 ÔëÑ 600)
Contour #4757: Area=  1230, Ratio=1.02, Circ=0.90, Sol=0.98 -> Ô£ù REJECTED
              Area too large (1230 ÔëÑ 600)
Contour #4758: Area=  1228, Ratio=0.98, Circ=0.89, Sol=0.98 -> Ô£ù REJECTED
              Area too large (1228 ÔëÑ 600)
Contour #4759: Area=  1222, Ratio=1.00, Circ=0.91, Sol=0.99 -> Ô£ù REJECTED
              Area too large (1222 ÔëÑ 600)
Contour #4760: Area=   452, Ratio=3.58, Circ=0.56, Sol=1.00 -> Ô£ù REJECTED
              Aspect ratio out of range (3.58)
Contour #4761: Area=     2, Ratio=1.50, Circ=0.64, Sol=1.00 -> Ô£ù REJECTED
              Area too small (2 Ôëñ 30)
Contour #4762: Area=     2, Ratio=1.50, Circ=0.64, Sol=1.00 -> Ô£ù REJECTED
              Area too small (2 Ôëñ 30)
Contour #4763: Area=     1, Ratio=1.50, Circ=0.54, Sol=1.00 -> Ô£ù REJECTED
              Area too small (1 Ôëñ 30)
Contour #4764: Area=     1, Ratio=1.50, Circ=0.54, Sol=1.00 -> Ô£ù REJECTED
              Area too small (1 Ôëñ 30)
Contour #4765: Area=     1, Ratio=1.50, Circ=0.54, Sol=1.00 -> Ô£ù REJECTED
              Area too small (1 Ôëñ 30)
Contour #4766: Area=     1, Ratio=1.50, Circ=0.54, Sol=1.00 -> Ô£ù REJECTED
              Area too small (1 Ôëñ 30)
Contour #4767: Area=     1, Ratio=1.50, Circ=0.54, Sol=1.00 -> Ô£ù REJECTED
              Area too small (1 Ôëñ 30)
Contour #4768: Area=     1, Ratio=1.50, Circ=0.54, Sol=1.00 -> Ô£ù REJECTED
              Area too small (1 Ôëñ 30)
Contour #4769: Area=     2, Ratio=1.50, Circ=0.64, Sol=1.00 -> Ô£ù REJECTED
              Area too small (2 Ôëñ 30)
Contour #4770: Area=     2, Ratio=1.50, Circ=0.64, Sol=1.00 -> Ô£ù REJECTED
              Area too small (2 Ôëñ 30)
Contour #4771: Area=     2, Ratio=1.50, Circ=0.64, Sol=1.00 -> Ô£ù REJECTED
              Area too small (2 Ôëñ 30)
Contour #4772: Area=     2, Ratio=1.50, Circ=0.64, Sol=1.00 -> Ô£ù REJECTED
              Area too small (2 Ôëñ 30)
Contour #4773: Area=     0, Ratio=1.00, Circ=0.54, Sol=1.00 -> Ô£ù REJECTED
              Area too small (0 Ôëñ 30)
Contour #4774: Area=     2, Ratio=1.50, Circ=0.64, Sol=1.00 -> Ô£ù REJECTED
              Area too small (2 Ôëñ 30)
Contour #4775: Area=     1, Ratio=1.00, Circ=0.79, Sol=1.00 -> Ô£ù REJECTED
              Area too small (1 Ôëñ 30)
Contour #4776: Area=     4, Ratio=3.50, Circ=0.22, Sol=0.64 -> Ô£ù REJECTED
              Area too small (4 Ôëñ 30)
Contour #4777: Area=     2, Ratio=1.50, Circ=0.64, Sol=1.00 -> Ô£ù REJECTED
              Area too small (2 Ôëñ 30)
Contour #4778: Area=     1, Ratio=1.00, Circ=0.79, Sol=1.00 -> Ô£ù REJECTED
              Area too small (1 Ôëñ 30)
Contour #4779: Area=     3, Ratio=3.00, Circ=0.23, Sol=0.60 -> Ô£ù REJECTED
              Area too small (3 Ôëñ 30)
Contour #4780: Area=     5, Ratio=5.00, Circ=0.13, Sol=0.56 -> Ô£ù REJECTED
              Area too small (5 Ôëñ 30)
Contour #4781: Area=     1, Ratio=1.00, Circ=0.79, Sol=1.00 -> Ô£ù REJECTED
              Area too small (1 Ôëñ 30)
Contour #4782: Area=     4, Ratio=3.50, Circ=0.22, Sol=0.64 -> Ô£ù REJECTED
              Area too small (4 Ôëñ 30)
Contour #4783: Area=     1, Ratio=1.00, Circ=0.79, Sol=1.00 -> Ô£ù REJECTED
              Area too small (1 Ôëñ 30)
Contour #4784: Area=     1, Ratio=1.00, Circ=0.79, Sol=1.00 -> Ô£ù REJECTED
              Area too small (1 Ôëñ 30)
Contour #4785: Area=     2, Ratio=1.50, Circ=0.64, Sol=1.00 -> Ô£ù REJECTED
              Area too small (2 Ôëñ 30)
Contour #4786: Area=    22, Ratio=7.33, Circ=0.09, Sol=0.52 -> Ô£ù REJECTED
              Area too small (22 Ôëñ 30)
Contour #4787: Area=    11, Ratio=3.67, Circ=0.20, Sol=0.58 -> Ô£ù REJECTED
              Area too small (11 Ôëñ 30)
Contour #4788: Area=     3, Ratio=1.00, Circ=0.81, Sol=1.00 -> Ô£ù REJECTED
              Area too small (3 Ôëñ 30)
Contour #4789: Area=     3, Ratio=1.00, Circ=0.81, Sol=1.00 -> Ô£ù REJECTED
              Area too small (3 Ôëñ 30)
Contour #4790: Area=     2, Ratio=1.00, Circ=0.81, Sol=1.00 -> Ô£ù REJECTED
              Area too small (2 Ôëñ 30)
Contour #4791: Area=     2, Ratio=1.00, Circ=0.81, Sol=1.00 -> Ô£ù REJECTED
              Area too small (2 Ôëñ 30)
Contour #4792: Area=     2, Ratio=1.00, Circ=0.81, Sol=1.00 -> Ô£ù REJECTED
              Area too small (2 Ôëñ 30)
Contour #4793: Area=     3, Ratio=1.00, Circ=0.81, Sol=1.00 -> Ô£ù REJECTED
              Area too small (3 Ôëñ 30)
Contour #4794: Area=     6, Ratio=2.33, Circ=0.27, Sol=0.52 -> Ô£ù REJECTED
              Area too small (6 Ôëñ 30)
Contour #4795: Area=     2, Ratio=1.00, Circ=0.81, Sol=1.00 -> Ô£ù REJECTED
              Area too small (2 Ôëñ 30)
Contour #4796: Area=     6, Ratio=2.33, Circ=0.32, Sol=0.62 -> Ô£ù REJECTED
              Area too small (6 Ôëñ 30)
Contour #4797: Area=     2, Ratio=1.00, Circ=0.79, Sol=1.00 -> Ô£ù REJECTED
              Area too small (2 Ôëñ 30)
Contour #4798: Area=     2, Ratio=1.00, Circ=0.79, Sol=1.00 -> Ô£ù REJECTED
              Area too small (2 Ôëñ 30)
Contour #4799: Area=     2, Ratio=1.00, Circ=0.81, Sol=1.00 -> Ô£ù REJECTED
              Area too small (2 Ôëñ 30)
Contour #4800: Area=     2, Ratio=1.00, Circ=0.81, Sol=1.00 -> Ô£ù REJECTED
              Area too small (2 Ôëñ 30)
Contour #4801: Area=     2, Ratio=1.00, Circ=0.81, Sol=1.00 -> Ô£ù REJECTED
              Area too small (2 Ôëñ 30)
Contour #4802: Area=     2, Ratio=1.00, Circ=0.81, Sol=1.00 -> Ô£ù REJECTED
              Area too small (2 Ôëñ 30)
Contour #4803: Area=     2, Ratio=1.00, Circ=0.81, Sol=1.00 -> Ô£ù REJECTED
              Area too small (2 Ôëñ 30)
Contour #4804: Area=     2, Ratio=1.00, Circ=0.81, Sol=1.00 -> Ô£ù REJECTED
              Area too small (2 Ôëñ 30)
Contour #4805: Area=     2, Ratio=1.00, Circ=0.79, Sol=1.00 -> Ô£ù REJECTED
              Area too small (2 Ôëñ 30)
Contour #4806: Area=     4, Ratio=2.33, Circ=0.21, Sol=0.40 -> Ô£ù REJECTED
              Area too small (4 Ôëñ 30)
Contour #4807: Area=     2, Ratio=1.00, Circ=0.79, Sol=1.00 -> Ô£ù REJECTED
              Area too small (2 Ôëñ 30)
Contour #4808: Area=     2, Ratio=1.00, Circ=0.79, Sol=1.00 -> Ô£ù REJECTED
              Area too small (2 Ôëñ 30)
Contour #4809: Area=     2, Ratio=1.00, Circ=0.79, Sol=1.00 -> Ô£ù REJECTED
              Area too small (2 Ôëñ 30)
Contour #4810: Area=     2, Ratio=1.00, Circ=0.79, Sol=1.00 -> Ô£ù REJECTED
              Area too small (2 Ôëñ 30)
Contour #4811: Area=     2, Ratio=1.00, Circ=0.79, Sol=1.00 -> Ô£ù REJECTED
              Area too small (2 Ôëñ 30)
Contour #4812: Area=     2, Ratio=1.00, Circ=0.81, Sol=1.00 -> Ô£ù REJECTED
              Area too small (2 Ôëñ 30)
Contour #4813: Area=     2, Ratio=1.00, Circ=0.79, Sol=1.00 -> Ô£ù REJECTED
              Area too small (2 Ôëñ 30)
Contour #4814: Area=     2, Ratio=1.00, Circ=0.79, Sol=1.00 -> Ô£ù REJECTED
              Area too small (2 Ôëñ 30)
Contour #4815: Area=     2, Ratio=1.00, Circ=0.79, Sol=1.00 -> Ô£ù REJECTED
              Area too small (2 Ôëñ 30)
Contour #4816: Area=     2, Ratio=1.00, Circ=0.79, Sol=1.00 -> Ô£ù REJECTED
              Area too small (2 Ôëñ 30)
Contour #4817: Area=     2, Ratio=1.00, Circ=0.79, Sol=1.00 -> Ô£ù REJECTED
              Area too small (2 Ôëñ 30)
Contour #4818: Area=     2, Ratio=1.00, Circ=0.79, Sol=1.00 -> Ô£ù REJECTED
              Area too small (2 Ôëñ 30)
Contour #4819: Area=     2, Ratio=1.00, Circ=0.79, Sol=1.00 -> Ô£ù REJECTED
              Area too small (2 Ôëñ 30)
Contour #4820: Area=     2, Ratio=1.00, Circ=0.79, Sol=1.00 -> Ô£ù REJECTED
              Area too small (2 Ôëñ 30)
Contour #4821: Area=     2, Ratio=1.00, Circ=0.79, Sol=1.00 -> Ô£ù REJECTED
              Area too small (2 Ôëñ 30)
Contour #4822: Area=     4, Ratio=2.33, Circ=0.22, Sol=0.43 -> Ô£ù REJECTED
              Area too small (4 Ôëñ 30)
Contour #4823: Area=     2, Ratio=1.00, Circ=0.79, Sol=1.00 -> Ô£ù REJECTED
              Area too small (2 Ôëñ 30)
Contour #4824: Area=     2, Ratio=1.00, Circ=0.79, Sol=1.00 -> Ô£ù REJECTED
              Area too small (2 Ôëñ 30)
Contour #4825: Area=     2, Ratio=1.00, Circ=0.79, Sol=1.00 -> Ô£ù REJECTED
              Area too small (2 Ôëñ 30)
Contour #4826: Area=     2, Ratio=1.00, Circ=0.81, Sol=1.00 -> Ô£ù REJECTED
              Area too small (2 Ôëñ 30)
Contour #4827: Area=     2, Ratio=1.00, Circ=0.79, Sol=1.00 -> Ô£ù REJECTED
              Area too small (2 Ôëñ 30)
Contour #4828: Area=     2, Ratio=1.00, Circ=0.79, Sol=1.00 -> Ô£ù REJECTED
              Area too small (2 Ôëñ 30)
Contour #4829: Area=     2, Ratio=1.00, Circ=0.79, Sol=1.00 -> Ô£ù REJECTED
              Area too small (2 Ôëñ 30)
Contour #4830: Area=     2, Ratio=1.00, Circ=0.79, Sol=1.00 -> Ô£ù REJECTED
              Area too small (2 Ôëñ 30)
Contour #4831: Area=     2, Ratio=1.00, Circ=0.79, Sol=1.00 -> Ô£ù REJECTED
              Area too small (2 Ôëñ 30)
Contour #4832: Area=     2, Ratio=1.00, Circ=0.79, Sol=1.00 -> Ô£ù REJECTED
              Area too small (2 Ôëñ 30)
Contour #4833: Area=     2, Ratio=1.00, Circ=0.79, Sol=1.00 -> Ô£ù REJECTED
              Area too small (2 Ôëñ 30)
Contour #4834: Area=     2, Ratio=1.00, Circ=0.79, Sol=1.00 -> Ô£ù REJECTED
              Area too small (2 Ôëñ 30)
Contour #4835: Area=     2, Ratio=1.00, Circ=0.79, Sol=1.00 -> Ô£ù REJECTED
              Area too small (2 Ôëñ 30)
Contour #4836: Area=     2, Ratio=1.00, Circ=0.79, Sol=1.00 -> Ô£ù REJECTED
              Area too small (2 Ôëñ 30)
Contour #4837: Area=     3, Ratio=1.00, Circ=0.81, Sol=1.00 -> Ô£ù REJECTED
              Area too small (3 Ôëñ 30)
Contour #4838: Area=     6, Ratio=2.33, Circ=0.32, Sol=0.60 -> Ô£ù REJECTED
              Area too small (6 Ôëñ 30)
Contour #4839: Area=     2, Ratio=1.00, Circ=0.79, Sol=1.00 -> Ô£ù REJECTED
              Area too small (2 Ôëñ 30)
Contour #4840: Area=     2, Ratio=1.00, Circ=0.81, Sol=1.00 -> Ô£ù REJECTED
              Area too small (2 Ôëñ 30)
Contour #4841: Area=     2, Ratio=1.00, Circ=0.79, Sol=1.00 -> Ô£ù REJECTED
              Area too small (2 Ôëñ 30)
Contour #4842: Area=     2, Ratio=1.00, Circ=0.81, Sol=1.00 -> Ô£ù REJECTED
              Area too small (2 Ôëñ 30)
Contour #4843: Area=     2, Ratio=1.00, Circ=0.79, Sol=1.00 -> Ô£ù REJECTED
              Area too small (2 Ôëñ 30)
Contour #4844: Area=     2, Ratio=1.00, Circ=0.81, Sol=1.00 -> Ô£ù REJECTED
              Area too small (2 Ôëñ 30)
Contour #4845: Area=     2, Ratio=1.00, Circ=0.81, Sol=1.00 -> Ô£ù REJECTED
              Area too small (2 Ôëñ 30)
Contour #4846: Area=     2, Ratio=1.00, Circ=0.81, Sol=1.00 -> Ô£ù REJECTED
              Area too small (2 Ôëñ 30)
Contour #4847: Area=     2, Ratio=1.00, Circ=0.79, Sol=1.00 -> Ô£ù REJECTED
              Area too small (2 Ôëñ 30)
Contour #4848: Area=     2, Ratio=1.00, Circ=0.79, Sol=1.00 -> Ô£ù REJECTED
              Area too small (2 Ôëñ 30)
Contour #4849: Area=     6, Ratio=2.33, Circ=0.32, Sol=0.62 -> Ô£ù REJECTED
              Area too small (6 Ôëñ 30)
Contour #4850: Area=     2, Ratio=1.00, Circ=0.81, Sol=1.00 -> Ô£ù REJECTED
              Area too small (2 Ôëñ 30)
Contour #4851: Area=     2, Ratio=1.00, Circ=0.81, Sol=1.00 -> Ô£ù REJECTED
              Area too small (2 Ôëñ 30)
Contour #4852: Area=     6, Ratio=2.33, Circ=0.32, Sol=0.62 -> Ô£ù REJECTED
              Area too small (6 Ôëñ 30)
Contour #4853: Area=     2, Ratio=1.00, Circ=0.81, Sol=1.00 -> Ô£ù REJECTED
              Area too small (2 Ôëñ 30)
Contour #4854: Area=     2, Ratio=1.00, Circ=0.81, Sol=1.00 -> Ô£ù REJECTED
              Area too small (2 Ôëñ 30)
Contour #4855: Area=     6, Ratio=3.67, Circ=0.14, Sol=0.43 -> Ô£ù REJECTED
              Area too small (6 Ôëñ 30)
Contour #4856: Area=     6, Ratio=3.67, Circ=0.14, Sol=0.45 -> Ô£ù REJECTED
              Area too small (6 Ôëñ 30)
Contour #4857: Area=     2, Ratio=1.00, Circ=0.81, Sol=1.00 -> Ô£ù REJECTED
              Area too small (2 Ôëñ 30)
Contour #4858: Area=     2, Ratio=1.00, Circ=0.81, Sol=1.00 -> Ô£ù REJECTED
              Area too small (2 Ôëñ 30)
Contour #4859: Area=     4, Ratio=2.00, Circ=0.27, Sol=0.53 -> Ô£ù REJECTED
              Area too small (4 Ôëñ 30)
Contour #4860: Area=     4, Ratio=2.33, Circ=0.25, Sol=0.53 -> Ô£ù REJECTED
              Area too small (4 Ôëñ 30)
Contour #4861: Area=     2, Ratio=1.00, Circ=0.81, Sol=1.00 -> Ô£ù REJECTED
              Area too small (2 Ôëñ 30)
Contour #4862: Area=     6, Ratio=3.33, Circ=0.15, Sol=0.44 -> Ô£ù REJECTED
              Area too small (6 Ôëñ 30)
Contour #4863: Area=   822, Ratio=2.63, Circ=0.58, Sol=0.93 -> Ô£ù REJECTED
              Area too large (822 ÔëÑ 600)
Contour #4864: Area=    82, Ratio=0.64, Circ=0.09, Sol=0.33 -> Ô£ù REJECTED
              Circularity too low (0.09 < 0.6)
Contour #4865: Area=    98, Ratio=0.68, Circ=0.11, Sol=0.38 -> Ô£ù REJECTED
              Circularity too low (0.11 < 0.6)
Contour #4866: Area=    87, Ratio=0.64, Circ=0.10, Sol=0.35 -> Ô£ù REJECTED
              Circularity too low (0.10 < 0.6)
Contour #4867: Area=    15, Ratio=1.00, Circ=0.86, Sol=1.00 -> Ô£ù REJECTED
              Area too small (15 Ôëñ 30)
Contour #4868: Area=    58, Ratio=0.15, Circ=0.25, Sol=0.86 -> Ô£ù REJECTED
              Aspect ratio out of range (0.15)
Contour #4869: Area=    47, Ratio=0.12, Circ=0.21, Sol=0.96 -> Ô£ù REJECTED
              Aspect ratio out of range (0.12)
Contour #4870: Area=    66, Ratio=0.15, Circ=0.29, Sol=0.95 -> Ô£ù REJECTED
              Aspect ratio out of range (0.15)
Contour #4871: Area=    50, Ratio=0.15, Circ=0.21, Sol=0.79 -> Ô£ù REJECTED
              Aspect ratio out of range (0.15)
Contour #4872: Area=    68, Ratio=0.15, Circ=0.28, Sol=0.96 -> Ô£ù REJECTED
              Aspect ratio out of range (0.15)
Contour #4873: Area=    65, Ratio=0.15, Circ=0.28, Sol=0.94 -> Ô£ù REJECTED
              Aspect ratio out of range (0.15)
Contour #4874: Area=    66, Ratio=0.15, Circ=0.28, Sol=0.93 -> Ô£ù REJECTED
              Aspect ratio out of range (0.15)
Contour #4875: Area=    49, Ratio=0.15, Circ=0.21, Sol=0.79 -> Ô£ù REJECTED
              Aspect ratio out of range (0.15)
Contour #4876: Area=    47, Ratio=0.12, Circ=0.20, Sol=0.96 -> Ô£ù REJECTED
              Aspect ratio out of range (0.12)
Contour #4877: Area=    47, Ratio=0.12, Circ=0.21, Sol=0.96 -> Ô£ù REJECTED
              Aspect ratio out of range (0.12)
Contour #4878: Area=    62, Ratio=0.15, Circ=0.25, Sol=0.88 -> Ô£ù REJECTED
              Aspect ratio out of range (0.15)
Contour #4879: Area=    66, Ratio=0.15, Circ=0.28, Sol=0.94 -> Ô£ù REJECTED
              Aspect ratio out of range (0.15)
Contour #4880: Area=    66, Ratio=0.15, Circ=0.28, Sol=0.94 -> Ô£ù REJECTED
              Aspect ratio out of range (0.15)
Contour #4881: Area=    54, Ratio=0.15, Circ=0.22, Sol=0.75 -> Ô£ù REJECTED
              Aspect ratio out of range (0.15)
Contour #4882: Area=    50, Ratio=0.15, Circ=0.20, Sol=0.71 -> Ô£ù REJECTED
              Aspect ratio out of range (0.15)
Contour #4883: Area=    47, Ratio=0.12, Circ=0.20, Sol=0.96 -> Ô£ù REJECTED
              Aspect ratio out of range (0.12)
Contour #4884: Area=    54, Ratio=0.15, Circ=0.22, Sol=0.76 -> Ô£ù REJECTED
              Aspect ratio out of range (0.15)
Contour #4885: Area=    62, Ratio=0.15, Circ=0.26, Sol=0.91 -> Ô£ù REJECTED
              Aspect ratio out of range (0.15)
Contour #4886: Area=    68, Ratio=0.15, Circ=0.28, Sol=0.94 -> Ô£ù REJECTED
              Aspect ratio out of range (0.15)
Contour #4887: Area=    53, Ratio=0.15, Circ=0.22, Sol=0.76 -> Ô£ù REJECTED
              Aspect ratio out of range (0.15)
Contour #4888: Area=   951, Ratio=1.00, Circ=0.90, Sol=0.98 -> Ô£ù REJECTED
              Area too large (951 ÔëÑ 600)
Contour #4889: Area=   944, Ratio=1.03, Circ=0.90, Sol=0.98 -> Ô£ù REJECTED
              Area too large (944 ÔëÑ 600)
Contour #4890: Area=   953, Ratio=1.03, Circ=0.91, Sol=0.99 -> Ô£ù REJECTED
              Area too large (953 ÔëÑ 600)
Contour #4891: Area=   950, Ratio=1.03, Circ=0.91, Sol=0.99 -> Ô£ù REJECTED
              Area too large (950 ÔëÑ 600)
Contour #4892: Area=   953, Ratio=1.00, Circ=0.90, Sol=0.98 -> Ô£ù REJECTED
              Area too large (953 ÔëÑ 600)
Contour #4893: Area=   948, Ratio=1.03, Circ=0.91, Sol=0.99 -> Ô£ù REJECTED
              Area too large (948 ÔëÑ 600)
Contour #4894: Area=   945, Ratio=1.03, Circ=0.90, Sol=0.98 -> Ô£ù REJECTED
              Area too large (945 ÔëÑ 600)
Contour #4895: Area=   940, Ratio=1.00, Circ=0.90, Sol=0.98 -> Ô£ù REJECTED
              Area too large (940 ÔëÑ 600)
Contour #4896: Area=   952, Ratio=1.00, Circ=0.90, Sol=0.98 -> Ô£ù REJECTED
              Area too large (952 ÔëÑ 600)
Contour #4897: Area=   955, Ratio=1.00, Circ=0.90, Sol=0.98 -> Ô£ù REJECTED
              Area too large (955 ÔëÑ 600)
Contour #4898: Area=   957, Ratio=1.00, Circ=0.90, Sol=0.99 -> Ô£ù REJECTED
              Area too large (957 ÔëÑ 600)
Contour #4899: Area=   953, Ratio=1.00, Circ=0.90, Sol=0.98 -> Ô£ù REJECTED
              Area too large (953 ÔëÑ 600)
Contour #4900: Area=   955, Ratio=1.00, Circ=0.90, Sol=0.98 -> Ô£ù REJECTED
              Area too large (955 ÔëÑ 600)
Contour #4901: Area=   951, Ratio=0.97, Circ=0.91, Sol=0.99 -> Ô£ù REJECTED
              Area too large (951 ÔëÑ 600)
Contour #4902: Area=   957, Ratio=1.00, Circ=0.90, Sol=0.98 -> Ô£ù REJECTED
              Area too large (957 ÔëÑ 600)
Contour #4903: Area=   954, Ratio=1.00, Circ=0.90, Sol=0.98 -> Ô£ù REJECTED
              Area too large (954 ÔëÑ 600)
Contour #4904: Area=   955, Ratio=1.00, Circ=0.90, Sol=0.99 -> Ô£ù REJECTED
              Area too large (955 ÔëÑ 600)
Contour #4905: Area=   959, Ratio=1.00, Circ=0.90, Sol=0.98 -> Ô£ù REJECTED
              Area too large (959 ÔëÑ 600)
Contour #4906: Area=   950, Ratio=1.00, Circ=0.90, Sol=0.98 -> Ô£ù REJECTED
              Area too large (950 ÔëÑ 600)
Contour #4907: Area=   956, Ratio=1.00, Circ=0.90, Sol=0.98 -> Ô£ù REJECTED
              Area too large (956 ÔëÑ 600)
Contour #4908: Area=   954, Ratio=1.00, Circ=0.90, Sol=0.98 -> Ô£ù REJECTED
              Area too large (954 ÔëÑ 600)
Contour #4909: Area=   949, Ratio=1.00, Circ=0.90, Sol=0.98 -> Ô£ù REJECTED
              Area too large (949 ÔëÑ 600)
Contour #4910: Area=   940, Ratio=1.03, Circ=0.88, Sol=0.98 -> Ô£ù REJECTED
              Area too large (940 ÔëÑ 600)
Contour #4911: Area=  1226, Ratio=1.02, Circ=0.90, Sol=0.98 -> Ô£ù REJECTED
              Area too large (1226 ÔëÑ 600)
Contour #4912: Area=  1225, Ratio=1.02, Circ=0.90, Sol=0.98 -> Ô£ù REJECTED
              Area too large (1225 ÔëÑ 600)
Contour #4913: Area=  1224, Ratio=1.00, Circ=0.91, Sol=0.99 -> Ô£ù REJECTED
              Area too large (1224 ÔëÑ 600)
Contour #4914: Area=  1226, Ratio=1.00, Circ=0.90, Sol=0.98 -> Ô£ù REJECTED
              Area too large (1226 ÔëÑ 600)
Contour #4915: Area=  1224, Ratio=1.02, Circ=0.89, Sol=0.98 -> Ô£ù REJECTED
              Area too large (1224 ÔëÑ 600)
Contour #4916: Area=  1231, Ratio=1.02, Circ=0.90, Sol=0.98 -> Ô£ù REJECTED
              Area too large (1231 ÔëÑ 600)
Contour #4917: Area=  1228, Ratio=1.02, Circ=0.89, Sol=0.98 -> Ô£ù REJECTED
              Area too large (1228 ÔëÑ 600)
Contour #4918: Area=  1230, Ratio=1.02, Circ=0.89, Sol=0.98 -> Ô£ù REJECTED
              Area too large (1230 ÔëÑ 600)
Contour #4919: Area=  1228, Ratio=1.00, Circ=0.91, Sol=0.99 -> Ô£ù REJECTED
              Area too large (1228 ÔëÑ 600)
Contour #4920: Area=  1224, Ratio=1.02, Circ=0.90, Sol=0.98 -> Ô£ù REJECTED
              Area too large (1224 ÔëÑ 600)
Contour #4921: Area=  1224, Ratio=1.00, Circ=0.90, Sol=0.98 -> Ô£ù REJECTED
              Area too large (1224 ÔëÑ 600)
Contour #4922: Area=  1221, Ratio=1.00, Circ=0.90, Sol=0.99 -> Ô£ù REJECTED
              Area too large (1221 ÔëÑ 600)
Contour #4923: Area=  1224, Ratio=1.00, Circ=0.90, Sol=0.98 -> Ô£ù REJECTED
              Area too large (1224 ÔëÑ 600)
Contour #4924: Area=  1234, Ratio=1.00, Circ=0.89, Sol=0.98 -> Ô£ù REJECTED
              Area too large (1234 ÔëÑ 600)
Contour #4925: Area=  1233, Ratio=1.00, Circ=0.89, Sol=0.98 -> Ô£ù REJECTED
              Area too large (1233 ÔëÑ 600)
Contour #4926: Area=  1235, Ratio=1.00, Circ=0.89, Sol=0.98 -> Ô£ù REJECTED
              Area too large (1235 ÔëÑ 600)
Contour #4927: Area=  1226, Ratio=0.98, Circ=0.90, Sol=0.98 -> Ô£ù REJECTED
              Area too large (1226 ÔëÑ 600)
Contour #4928: Area=  1232, Ratio=0.98, Circ=0.89, Sol=0.98 -> Ô£ù REJECTED
              Area too large (1232 ÔëÑ 600)
Contour #4929: Area=  1230, Ratio=0.98, Circ=0.89, Sol=0.98 -> Ô£ù REJECTED
              Area too large (1230 ÔëÑ 600)
Contour #4930: Area=  1231, Ratio=1.00, Circ=0.89, Sol=0.98 -> Ô£ù REJECTED
              Area too large (1231 ÔëÑ 600)
Contour #4931: Area=  1232, Ratio=1.00, Circ=0.89, Sol=0.98 -> Ô£ù REJECTED
              Area too large (1232 ÔëÑ 600)
Contour #4932: Area=  1238, Ratio=1.00, Circ=0.89, Sol=0.98 -> Ô£ù REJECTED
              Area too large (1238 ÔëÑ 600)
Contour #4933: Area=  1230, Ratio=0.98, Circ=0.89, Sol=0.98 -> Ô£ù REJECTED
              Area too large (1230 ÔëÑ 600)
Contour #4934: Area=   112, Ratio=0.79, Circ=0.93, Sol=1.00 -> Ô£ô ACCEPTED
Contour #4935: Area=    15, Ratio=1.00, Circ=0.86, Sol=1.00 -> Ô£ù REJECTED
              Area too small (15 Ôëñ 30)
Contour #4936: Area=    76, Ratio=0.25, Circ=0.45, Sol=1.00 -> Ô£ù REJECTED
              Aspect ratio out of range (0.25)
Contour #4937: Area=   254, Ratio=1.45, Circ=0.13, Sol=0.49 -> Ô£ù REJECTED
              Circularity too low (0.13 < 0.6)
Contour #4938: Area=   158, Ratio=0.85, Circ=0.19, Sol=0.52 -> Ô£ù REJECTED
              Circularity too low (0.19 < 0.6)
Contour #4939: Area=    95, Ratio=0.60, Circ=0.33, Sol=0.64 -> Ô£ù REJECTED
              Aspect ratio out of range (0.60)
Contour #4940: Area=   162, Ratio=0.90, Circ=0.20, Sol=0.52 -> Ô£ù REJECTED
              Circularity too low (0.20 < 0.6)
Contour #4941: Area=    72, Ratio=0.77, Circ=0.71, Sol=0.93 -> Ô£ô ACCEPTED
Contour #4942: Area=   296, Ratio=0.96, Circ=0.37, Sol=0.71 -> Ô£ù REJECTED
              Circularity too low (0.37 < 0.6)
Contour #4943: Area=   333, Ratio=0.68, Circ=0.55, Sol=0.87 -> Ô£ù REJECTED
              Circularity too low (0.55 < 0.6)
Contour #4944: Area=   252, Ratio=0.82, Circ=0.15, Sol=0.43 -> Ô£ù REJECTED
              Circularity too low (0.15 < 0.6)
Contour #4945: Area=    48, Ratio=0.80, Circ=0.84, Sol=0.97 -> Ô£ô ACCEPTED
Contour #4946: Area=   453, Ratio=3.58, Circ=0.55, Sol=1.00 -> Ô£ù REJECTED
              Aspect ratio out of range (3.58)
Contour #4947: Area=    58, Ratio=0.75, Circ=0.78, Sol=0.95 -> Ô£ô ACCEPTED
Contour #4948: Area=    53, Ratio=0.82, Circ=0.79, Sol=0.95 -> Ô£ô ACCEPTED
Contour #4949: Area=   853, Ratio=2.63, Circ=0.60, Sol=0.98 -> Ô£ù REJECTED
              Area too large (853 ÔëÑ 600)
Contour #4950: Area=   122, Ratio=0.67, Circ=0.47, Sol=0.75 -> Ô£ù REJECTED
              Circularity too low (0.47 < 0.6)
Contour #4951: Area=   117, Ratio=0.67, Circ=0.40, Sol=0.71 -> Ô£ù REJECTED
              Circularity too low (0.40 < 0.6)
Contour #4952: Area=    62, Ratio=0.18, Circ=0.36, Sol=1.00 -> Ô£ù REJECTED
              Aspect ratio out of range (0.18)
Contour #4953: Area=   125, Ratio=0.68, Circ=0.40, Sol=0.69 -> Ô£ù REJECTED
              Circularity too low (0.40 < 0.6)
Contour #4954: Area=    44, Ratio=0.18, Circ=0.26, Sol=0.83 -> Ô£ù REJECTED
              Aspect ratio out of range (0.18)
Contour #4955: Area=    62, Ratio=0.17, Circ=0.35, Sol=1.00 -> Ô£ù REJECTED
              Aspect ratio out of range (0.17)
Contour #4956: Area=    62, Ratio=0.18, Circ=0.36, Sol=1.00 -> Ô£ù REJECTED
              Aspect ratio out of range (0.18)
Contour #4957: Area=    62, Ratio=0.18, Circ=0.36, Sol=1.00 -> Ô£ù REJECTED
              Aspect ratio out of range (0.18)
Contour #4958: Area=    46, Ratio=0.18, Circ=0.26, Sol=0.76 -> Ô£ù REJECTED
              Aspect ratio out of range (0.18)
Contour #4959: Area=    43, Ratio=0.13, Circ=0.25, Sol=1.00 -> Ô£ù REJECTED
              Aspect ratio out of range (0.13)
Contour #4960: Area=    46, Ratio=0.17, Circ=0.25, Sol=0.73 -> Ô£ù REJECTED
              Aspect ratio out of range (0.17)
Contour #4961: Area=    59, Ratio=0.17, Circ=0.30, Sol=0.92 -> Ô£ù REJECTED
              Aspect ratio out of range (0.17)
Contour #4962: Area=    63, Ratio=0.17, Circ=0.35, Sol=0.99 -> Ô£ù REJECTED
              Aspect ratio out of range (0.17)
Contour #4963: Area=    64, Ratio=0.17, Circ=0.35, Sol=1.00 -> Ô£ù REJECTED
              Aspect ratio out of range (0.17)
Contour #4964: Area=    50, Ratio=0.17, Circ=0.27, Sol=0.79 -> Ô£ù REJECTED
              Aspect ratio out of range (0.17)
Contour #4965: Area=    50, Ratio=0.17, Circ=0.27, Sol=0.79 -> Ô£ù REJECTED
              Aspect ratio out of range (0.17)
Contour #4966: Area=    42, Ratio=0.13, Circ=0.25, Sol=1.00 -> Ô£ù REJECTED
              Aspect ratio out of range (0.13)
Contour #4967: Area=    49, Ratio=0.17, Circ=0.26, Sol=0.78 -> Ô£ù REJECTED
              Aspect ratio out of range (0.17)
Contour #4968: Area=    60, Ratio=0.17, Circ=0.32, Sol=0.94 -> Ô£ù REJECTED
              Aspect ratio out of range (0.17)
Contour #4969: Area=    64, Ratio=0.17, Circ=0.35, Sol=1.00 -> Ô£ù REJECTED
              Aspect ratio out of range (0.17)
Contour #4970: Area=    62, Ratio=0.17, Circ=0.33, Sol=0.98 -> Ô£ù REJECTED
              Aspect ratio out of range (0.17)
Contour #4971: Area=    50, Ratio=0.17, Circ=0.27, Sol=0.79 -> Ô£ù REJECTED
              Aspect ratio out of range (0.17)
Contour #4972: Area=    42, Ratio=0.13, Circ=0.25, Sol=1.00 -> Ô£ù REJECTED
              Aspect ratio out of range (0.13)
Contour #4973: Area=   948, Ratio=1.00, Circ=0.89, Sol=0.98 -> Ô£ù REJECTED
              Area too large (948 ÔëÑ 600)
Contour #4974: Area=   958, Ratio=1.00, Circ=0.90, Sol=0.98 -> Ô£ù REJECTED
              Area too large (958 ÔëÑ 600)
Contour #4975: Area=   953, Ratio=1.00, Circ=0.90, Sol=0.98 -> Ô£ù REJECTED
              Area too large (953 ÔëÑ 600)
Contour #4976: Area=   953, Ratio=1.00, Circ=0.90, Sol=0.98 -> Ô£ù REJECTED
              Area too large (953 ÔëÑ 600)
Contour #4977: Area=   951, Ratio=1.00, Circ=0.90, Sol=0.98 -> Ô£ù REJECTED
              Area too large (951 ÔëÑ 600)
Contour #4978: Area=   948, Ratio=1.00, Circ=0.90, Sol=0.98 -> Ô£ù REJECTED
              Area too large (948 ÔëÑ 600)
Contour #4979: Area=   953, Ratio=1.03, Circ=0.89, Sol=0.98 -> Ô£ù REJECTED
              Area too large (953 ÔëÑ 600)
Contour #4980: Area=   954, Ratio=1.00, Circ=0.90, Sol=0.98 -> Ô£ù REJECTED
              Area too large (954 ÔëÑ 600)
Contour #4981: Area=   952, Ratio=1.00, Circ=0.90, Sol=0.98 -> Ô£ù REJECTED
              Area too large (952 ÔëÑ 600)
Contour #4982: Area=   950, Ratio=1.00, Circ=0.91, Sol=0.98 -> Ô£ù REJECTED
              Area too large (950 ÔëÑ 600)
Contour #4983: Area=   954, Ratio=1.00, Circ=0.91, Sol=0.99 -> Ô£ù REJECTED
              Area too large (954 ÔëÑ 600)
Contour #4984: Area=   952, Ratio=1.00, Circ=0.90, Sol=0.98 -> Ô£ù REJECTED
              Area too large (952 ÔëÑ 600)
Contour #4985: Area=   955, Ratio=1.00, Circ=0.90, Sol=0.98 -> Ô£ù REJECTED
              Area too large (955 ÔëÑ 600)
Contour #4986: Area=   951, Ratio=1.00, Circ=0.90, Sol=0.98 -> Ô£ù REJECTED
              Area too large (951 ÔëÑ 600)
Contour #4987: Area=   953, Ratio=1.00, Circ=0.90, Sol=0.98 -> Ô£ù REJECTED
              Area too large (953 ÔëÑ 600)
Contour #4988: Area=   951, Ratio=1.00, Circ=0.90, Sol=0.98 -> Ô£ù REJECTED
              Area too large (951 ÔëÑ 600)
Contour #4989: Area=   954, Ratio=1.00, Circ=0.90, Sol=0.98 -> Ô£ù REJECTED
              Area too large (954 ÔëÑ 600)
Contour #4990: Area=   954, Ratio=1.00, Circ=0.90, Sol=0.98 -> Ô£ù REJECTED
              Area too large (954 ÔëÑ 600)
Contour #4991: Area=   954, Ratio=1.00, Circ=0.90, Sol=0.98 -> Ô£ù REJECTED
              Area too large (954 ÔëÑ 600)
Contour #4992: Area=   953, Ratio=1.00, Circ=0.90, Sol=0.98 -> Ô£ù REJECTED
              Area too large (953 ÔëÑ 600)
Contour #4993: Area=   954, Ratio=1.00, Circ=0.90, Sol=0.98 -> Ô£ù REJECTED
              Area too large (954 ÔëÑ 600)
Contour #4994: Area=   950, Ratio=1.00, Circ=0.91, Sol=0.98 -> Ô£ù REJECTED
              Area too large (950 ÔëÑ 600)
Contour #4995: Area=   952, Ratio=1.00, Circ=0.90, Sol=0.98 -> Ô£ù REJECTED
              Area too large (952 ÔëÑ 600)
Contour #4996: Area=  1232, Ratio=1.00, Circ=0.89, Sol=0.98 -> Ô£ù REJECTED
              Area too large (1232 ÔëÑ 600)
Contour #4997: Area=  1224, Ratio=1.02, Circ=0.90, Sol=0.98 -> Ô£ù REJECTED
              Area too large (1224 ÔëÑ 600)
Contour #4998: Area=  1217, Ratio=1.00, Circ=0.90, Sol=0.99 -> Ô£ù REJECTED
              Area too large (1217 ÔëÑ 600)
Contour #4999: Area=  1229, Ratio=1.00, Circ=0.91, Sol=0.99 -> Ô£ù REJECTED
              Area too large (1229 ÔëÑ 600)
Contour #5000: Area=  1234, Ratio=1.02, Circ=0.90, Sol=0.98 -> Ô£ù REJECTED
              Area too large (1234 ÔëÑ 600)
Contour #5001: Area=  1230, Ratio=1.02, Circ=0.89, Sol=0.98 -> Ô£ù REJECTED
              Area too large (1230 ÔëÑ 600)
Contour #5002: Area=  1234, Ratio=1.02, Circ=0.90, Sol=0.98 -> Ô£ù REJECTED
              Area too large (1234 ÔëÑ 600)
Contour #5003: Area=  1228, Ratio=1.00, Circ=0.91, Sol=0.99 -> Ô£ù REJECTED
              Area too large (1228 ÔëÑ 600)
Contour #5004: Area=  1228, Ratio=1.00, Circ=0.91, Sol=0.99 -> Ô£ù REJECTED
              Area too large (1228 ÔëÑ 600)
Contour #5005: Area=  1227, Ratio=1.00, Circ=0.91, Sol=0.99 -> Ô£ù REJECTED
              Area too large (1227 ÔëÑ 600)
Contour #5006: Area=  1227, Ratio=1.00, Circ=0.91, Sol=0.99 -> Ô£ù REJECTED
              Area too large (1227 ÔëÑ 600)
Contour #5007: Area=  1232, Ratio=1.02, Circ=0.89, Sol=0.98 -> Ô£ù REJECTED
              Area too large (1232 ÔëÑ 600)
Contour #5008: Area=  1236, Ratio=1.02, Circ=0.90, Sol=0.98 -> Ô£ù REJECTED
              Area too large (1236 ÔëÑ 600)
Contour #5009: Area=  1226, Ratio=1.02, Circ=0.90, Sol=0.98 -> Ô£ù REJECTED
              Area too large (1226 ÔëÑ 600)
Contour #5010: Area=  1227, Ratio=1.00, Circ=0.91, Sol=0.99 -> Ô£ù REJECTED
              Area too large (1227 ÔëÑ 600)
Contour #5011: Area=  1226, Ratio=1.00, Circ=0.91, Sol=0.99 -> Ô£ù REJECTED
              Area too large (1226 ÔëÑ 600)
Contour #5012: Area=  1228, Ratio=1.00, Circ=0.91, Sol=0.99 -> Ô£ù REJECTED
              Area too large (1228 ÔëÑ 600)
Contour #5013: Area=  1230, Ratio=1.02, Circ=0.89, Sol=0.98 -> Ô£ù REJECTED
              Area too large (1230 ÔëÑ 600)
Contour #5014: Area=  1230, Ratio=1.02, Circ=0.89, Sol=0.98 -> Ô£ù REJECTED
              Area too large (1230 ÔëÑ 600)
Contour #5015: Area=  1232, Ratio=1.02, Circ=0.89, Sol=0.98 -> Ô£ù REJECTED
              Area too large (1232 ÔëÑ 600)
Contour #5016: Area=  1230, Ratio=1.02, Circ=0.89, Sol=0.98 -> Ô£ù REJECTED
              Area too large (1230 ÔëÑ 600)
Contour #5017: Area=  1225, Ratio=1.00, Circ=0.91, Sol=0.99 -> Ô£ù REJECTED
              Area too large (1225 ÔëÑ 600)
Contour #5018: Area=  1229, Ratio=0.98, Circ=0.90, Sol=0.98 -> Ô£ù REJECTED
              Area too large (1229 ÔëÑ 600)
Contour #5019: Area=     1, Ratio=1.00, Circ=0.79, Sol=1.00 -> Ô£ù REJECTED
              Area too small (1 Ôëñ 30)
Contour #5020: Area=     1, Ratio=1.00, Circ=0.79, Sol=1.00 -> Ô£ù REJECTED
              Area too small (1 Ôëñ 30)
Contour #5021: Area=     2, Ratio=1.50, Circ=0.64, Sol=1.00 -> Ô£ù REJECTED
              Area too small (2 Ôëñ 30)
Contour #5022: Area=     2, Ratio=1.50, Circ=0.64, Sol=1.00 -> Ô£ù REJECTED
              Area too small (2 Ôëñ 30)
Contour #5023: Area=     2, Ratio=1.50, Circ=0.64, Sol=1.00 -> Ô£ù REJECTED
              Area too small (2 Ôëñ 30)
Contour #5024: Area=     1, Ratio=1.50, Circ=0.54, Sol=1.00 -> Ô£ù REJECTED
              Area too small (1 Ôëñ 30)
Contour #5025: Area=     2, Ratio=1.50, Circ=0.64, Sol=1.00 -> Ô£ù REJECTED
              Area too small (2 Ôëñ 30)
Contour #5026: Area=     2, Ratio=1.50, Circ=0.64, Sol=1.00 -> Ô£ù REJECTED
              Area too small (2 Ôëñ 30)
Contour #5027: Area=     2, Ratio=1.50, Circ=0.64, Sol=1.00 -> Ô£ù REJECTED
              Area too small (2 Ôëñ 30)
Contour #5028: Area=     2, Ratio=1.50, Circ=0.64, Sol=1.00 -> Ô£ù REJECTED
              Area too small (2 Ôëñ 30)
Contour #5029: Area=     2, Ratio=1.50, Circ=0.64, Sol=1.00 -> Ô£ù REJECTED
              Area too small (2 Ôëñ 30)
Contour #5030: Area=     2, Ratio=1.50, Circ=0.64, Sol=1.00 -> Ô£ù REJECTED
              Area too small (2 Ôëñ 30)
Contour #5031: Area=     2, Ratio=1.50, Circ=0.64, Sol=1.00 -> Ô£ù REJECTED
              Area too small (2 Ôëñ 30)
Contour #5032: Area=     2, Ratio=1.50, Circ=0.64, Sol=1.00 -> Ô£ù REJECTED
              Area too small (2 Ôëñ 30)
Contour #5033: Area=     2, Ratio=1.50, Circ=0.64, Sol=1.00 -> Ô£ù REJECTED
              Area too small (2 Ôëñ 30)
Contour #5034: Area=     1, Ratio=1.50, Circ=0.54, Sol=1.00 -> Ô£ù REJECTED
              Area too small (1 Ôëñ 30)
Contour #5035: Area=     1, Ratio=1.50, Circ=0.54, Sol=1.00 -> Ô£ù REJECTED
              Area too small (1 Ôëñ 30)
Contour #5036: Area=     2, Ratio=1.50, Circ=0.64, Sol=1.00 -> Ô£ù REJECTED
              Area too small (2 Ôëñ 30)
Contour #5037: Area=     1, Ratio=1.50, Circ=0.54, Sol=1.00 -> Ô£ù REJECTED
              Area too small (1 Ôëñ 30)
Contour #5038: Area=     2, Ratio=1.50, Circ=0.64, Sol=1.00 -> Ô£ù REJECTED
              Area too small (2 Ôëñ 30)
Contour #5039: Area=     1, Ratio=1.50, Circ=0.54, Sol=1.00 -> Ô£ù REJECTED
              Area too small (1 Ôëñ 30)
Contour #5040: Area=     1, Ratio=1.50, Circ=0.54, Sol=1.00 -> Ô£ù REJECTED
              Area too small (1 Ôëñ 30)
Contour #5041: Area=     1, Ratio=1.50, Circ=0.54, Sol=1.00 -> Ô£ù REJECTED
              Area too small (1 Ôëñ 30)
Contour #5042: Area=     1, Ratio=1.50, Circ=0.54, Sol=1.00 -> Ô£ù REJECTED
              Area too small (1 Ôëñ 30)
Contour #5043: Area=     1, Ratio=1.50, Circ=0.54, Sol=1.00 -> Ô£ù REJECTED
              Area too small (1 Ôëñ 30)
Contour #5044: Area=     1, Ratio=1.50, Circ=0.54, Sol=1.00 -> Ô£ù REJECTED
              Area too small (1 Ôëñ 30)
Contour #5045: Area=     1, Ratio=1.50, Circ=0.54, Sol=1.00 -> Ô£ù REJECTED
              Area too small (1 Ôëñ 30)
Contour #5046: Area=     1, Ratio=1.50, Circ=0.54, Sol=1.00 -> Ô£ù REJECTED
              Area too small (1 Ôëñ 30)
Contour #5047: Area=     1, Ratio=1.50, Circ=0.54, Sol=1.00 -> Ô£ù REJECTED
              Area too small (1 Ôëñ 30)
Contour #5048: Area=     1, Ratio=1.50, Circ=0.54, Sol=1.00 -> Ô£ù REJECTED
              Area too small (1 Ôëñ 30)
Contour #5049: Area=     2, Ratio=3.50, Circ=0.13, Sol=0.40 -> Ô£ù REJECTED
              Area too small (2 Ôëñ 30)
Contour #5050: Area=     1, Ratio=1.50, Circ=0.54, Sol=1.00 -> Ô£ù REJECTED
              Area too small (1 Ôëñ 30)
Contour #5051: Area=     1, Ratio=1.50, Circ=0.54, Sol=1.00 -> Ô£ù REJECTED
              Area too small (1 Ôëñ 30)
Contour #5052: Area=     2, Ratio=1.50, Circ=0.64, Sol=1.00 -> Ô£ù REJECTED
              Area too small (2 Ôëñ 30)
Contour #5053: Area=     1, Ratio=1.50, Circ=0.54, Sol=1.00 -> Ô£ù REJECTED
              Area too small (1 Ôëñ 30)
Contour #5054: Area=     1, Ratio=1.50, Circ=0.54, Sol=1.00 -> Ô£ù REJECTED
              Area too small (1 Ôëñ 30)
Contour #5055: Area=     2, Ratio=1.50, Circ=0.64, Sol=1.00 -> Ô£ù REJECTED
              Area too small (2 Ôëñ 30)
Contour #5056: Area=     2, Ratio=1.50, Circ=0.64, Sol=1.00 -> Ô£ù REJECTED
              Area too small (2 Ôëñ 30)
Contour #5057: Area=     2, Ratio=1.50, Circ=0.64, Sol=1.00 -> Ô£ù REJECTED
              Area too small (2 Ôëñ 30)
Contour #5058: Area=     2, Ratio=1.50, Circ=0.64, Sol=1.00 -> Ô£ù REJECTED
              Area too small (2 Ôëñ 30)
Contour #5059: Area=     2, Ratio=1.50, Circ=0.64, Sol=1.00 -> Ô£ù REJECTED
              Area too small (2 Ôëñ 30)
Contour #5060: Area=     1, Ratio=1.50, Circ=0.54, Sol=1.00 -> Ô£ù REJECTED
              Area too small (1 Ôëñ 30)
Contour #5061: Area=     2, Ratio=1.50, Circ=0.64, Sol=1.00 -> Ô£ù REJECTED
              Area too small (2 Ôëñ 30)
Contour #5062: Area=     1, Ratio=1.50, Circ=0.54, Sol=1.00 -> Ô£ù REJECTED
              Area too small (1 Ôëñ 30)
Contour #5063: Area=     4, Ratio=3.50, Circ=0.22, Sol=0.64 -> Ô£ù REJECTED
              Area too small (4 Ôëñ 30)
Contour #5064: Area=     4, Ratio=3.50, Circ=0.22, Sol=0.64 -> Ô£ù REJECTED
              Area too small (4 Ôëñ 30)
Contour #5065: Area=     2, Ratio=1.50, Circ=0.64, Sol=1.00 -> Ô£ù REJECTED
              Area too small (2 Ôëñ 30)
Contour #5066: Area=     2, Ratio=1.50, Circ=0.64, Sol=1.00 -> Ô£ù REJECTED
              Area too small (2 Ôëñ 30)
Contour #5067: Area=     4, Ratio=3.50, Circ=0.22, Sol=0.64 -> Ô£ù REJECTED
              Area too small (4 Ôëñ 30)
Contour #5068: Area=     2, Ratio=1.50, Circ=0.64, Sol=1.00 -> Ô£ù REJECTED
              Area too small (2 Ôëñ 30)
Contour #5069: Area=     2, Ratio=1.50, Circ=0.64, Sol=1.00 -> Ô£ù REJECTED
              Area too small (2 Ôëñ 30)
Contour #5070: Area=     4, Ratio=3.50, Circ=0.22, Sol=0.64 -> Ô£ù REJECTED
              Area too small (4 Ôëñ 30)
Contour #5071: Area=     1, Ratio=1.50, Circ=0.54, Sol=1.00 -> Ô£ù REJECTED
              Area too small (1 Ôëñ 30)
Contour #5072: Area=     2, Ratio=1.50, Circ=0.64, Sol=1.00 -> Ô£ù REJECTED
              Area too small (2 Ôëñ 30)
Contour #5073: Area=     2, Ratio=1.50, Circ=0.64, Sol=1.00 -> Ô£ù REJECTED
              Area too small (2 Ôëñ 30)
Contour #5074: Area=     4, Ratio=3.50, Circ=0.22, Sol=0.64 -> Ô£ù REJECTED
              Area too small (4 Ôëñ 30)
Contour #5075: Area=     2, Ratio=1.50, Circ=0.64, Sol=1.00 -> Ô£ù REJECTED
              Area too small (2 Ôëñ 30)
Contour #5076: Area=     2, Ratio=1.50, Circ=0.64, Sol=1.00 -> Ô£ù REJECTED
              Area too small (2 Ôëñ 30)
Contour #5077: Area=     2, Ratio=1.50, Circ=0.64, Sol=1.00 -> Ô£ù REJECTED
              Area too small (2 Ôëñ 30)
Contour #5078: Area=     6, Ratio=5.50, Circ=0.13, Sol=0.58 -> Ô£ù REJECTED
              Area too small (6 Ôëñ 30)
Contour #5079: Area=     4, Ratio=3.50, Circ=0.22, Sol=0.64 -> Ô£ù REJECTED
              Area too small (4 Ôëñ 30)
Contour #5080: Area=     2, Ratio=1.50, Circ=0.64, Sol=1.00 -> Ô£ù REJECTED
              Area too small (2 Ôëñ 30)
Contour #5081: Area=     1, Ratio=1.00, Circ=0.79, Sol=1.00 -> Ô£ù REJECTED
              Area too small (1 Ôëñ 30)
Contour #5082: Area=     4, Ratio=4.00, Circ=0.21, Sol=0.67 -> Ô£ù REJECTED
              Area too small (4 Ôëñ 30)
Contour #5083: Area=     2, Ratio=1.50, Circ=0.64, Sol=1.00 -> Ô£ù REJECTED
              Area too small (2 Ôëñ 30)
Contour #5084: Area=     1, Ratio=1.00, Circ=0.79, Sol=1.00 -> Ô£ù REJECTED
              Area too small (1 Ôëñ 30)
Contour #5085: Area=     3, Ratio=3.00, Circ=0.23, Sol=0.60 -> Ô£ù REJECTED
              Area too small (3 Ôëñ 30)
Contour #5086: Area=    20, Ratio=7.33, Circ=0.09, Sol=0.47 -> Ô£ù REJECTED
              Area too small (20 Ôëñ 30)
Contour #5087: Area=     4, Ratio=2.33, Circ=0.25, Sol=0.53 -> Ô£ù REJECTED
              Area too small (4 Ôëñ 30)
Contour #5088: Area=     4, Ratio=2.33, Circ=0.25, Sol=0.53 -> Ô£ù REJECTED
              Area too small (4 Ôëñ 30)
Contour #5089: Area=     2, Ratio=1.00, Circ=0.81, Sol=1.00 -> Ô£ù REJECTED
              Area too small (2 Ôëñ 30)
Contour #5090: Area=     4, Ratio=2.33, Circ=0.25, Sol=0.53 -> Ô£ù REJECTED
              Area too small (4 Ôëñ 30)
Contour #5091: Area=     2, Ratio=1.00, Circ=0.81, Sol=1.00 -> Ô£ù REJECTED
              Area too small (2 Ôëñ 30)
Contour #5092: Area=     4, Ratio=2.33, Circ=0.25, Sol=0.53 -> Ô£ù REJECTED
              Area too small (4 Ôëñ 30)
Contour #5093: Area=     2, Ratio=1.00, Circ=0.81, Sol=1.00 -> Ô£ù REJECTED
              Area too small (2 Ôëñ 30)
Contour #5094: Area=     2, Ratio=1.00, Circ=0.81, Sol=1.00 -> Ô£ù REJECTED
              Area too small (2 Ôëñ 30)
Contour #5095: Area=     2, Ratio=1.00, Circ=0.81, Sol=1.00 -> Ô£ù REJECTED
              Area too small (2 Ôëñ 30)
Contour #5096: Area=     2, Ratio=1.00, Circ=0.79, Sol=1.00 -> Ô£ù REJECTED
              Area too small (2 Ôëñ 30)
Contour #5097: Area=     4, Ratio=2.33, Circ=0.19, Sol=0.41 -> Ô£ù REJECTED
              Area too small (4 Ôëñ 30)
Contour #5098: Area=     2, Ratio=1.00, Circ=0.79, Sol=1.00 -> Ô£ù REJECTED
              Area too small (2 Ôëñ 30)
Contour #5099: Area=     2, Ratio=1.00, Circ=0.79, Sol=1.00 -> Ô£ù REJECTED
              Area too small (2 Ôëñ 30)
Contour #5100: Area=     2, Ratio=1.00, Circ=0.79, Sol=1.00 -> Ô£ù REJECTED
              Area too small (2 Ôëñ 30)
Contour #5101: Area=     2, Ratio=1.00, Circ=0.81, Sol=1.00 -> Ô£ù REJECTED
              Area too small (2 Ôëñ 30)
Contour #5102: Area=     2, Ratio=1.00, Circ=0.79, Sol=1.00 -> Ô£ù REJECTED
              Area too small (2 Ôëñ 30)
Contour #5103: Area=     2, Ratio=1.00, Circ=0.81, Sol=1.00 -> Ô£ù REJECTED
              Area too small (2 Ôëñ 30)
Contour #5104: Area=     2, Ratio=1.00, Circ=0.81, Sol=1.00 -> Ô£ù REJECTED
              Area too small (2 Ôëñ 30)
Contour #5105: Area=     2, Ratio=1.00, Circ=0.81, Sol=1.00 -> Ô£ù REJECTED
              Area too small (2 Ôëñ 30)
Contour #5106: Area=     2, Ratio=1.00, Circ=0.79, Sol=1.00 -> Ô£ù REJECTED
              Area too small (2 Ôëñ 30)
Contour #5107: Area=     2, Ratio=1.00, Circ=0.79, Sol=1.00 -> Ô£ù REJECTED
              Area too small (2 Ôëñ 30)
Contour #5108: Area=     2, Ratio=1.00, Circ=0.79, Sol=1.00 -> Ô£ù REJECTED
              Area too small (2 Ôëñ 30)
Contour #5109: Area=     2, Ratio=1.00, Circ=0.79, Sol=1.00 -> Ô£ù REJECTED
              Area too small (2 Ôëñ 30)
Contour #5110: Area=     2, Ratio=1.00, Circ=0.79, Sol=1.00 -> Ô£ù REJECTED
              Area too small (2 Ôëñ 30)
Contour #5111: Area=     4, Ratio=2.33, Circ=0.25, Sol=0.53 -> Ô£ù REJECTED
              Area too small (4 Ôëñ 30)
Contour #5112: Area=     2, Ratio=1.00, Circ=0.79, Sol=1.00 -> Ô£ù REJECTED
              Area too small (2 Ôëñ 30)
Contour #5113: Area=     2, Ratio=1.00, Circ=0.79, Sol=1.00 -> Ô£ù REJECTED
              Area too small (2 Ôëñ 30)
Contour #5114: Area=     2, Ratio=1.00, Circ=0.79, Sol=1.00 -> Ô£ù REJECTED
              Area too small (2 Ôëñ 30)
Contour #5115: Area=     2, Ratio=1.00, Circ=0.79, Sol=1.00 -> Ô£ù REJECTED
              Area too small (2 Ôëñ 30)
Contour #5116: Area=     2, Ratio=1.00, Circ=0.81, Sol=1.00 -> Ô£ù REJECTED
              Area too small (2 Ôëñ 30)
Contour #5117: Area=     2, Ratio=1.00, Circ=0.79, Sol=1.00 -> Ô£ù REJECTED
              Area too small (2 Ôëñ 30)
Contour #5118: Area=     2, Ratio=1.00, Circ=0.81, Sol=1.00 -> Ô£ù REJECTED
              Area too small (2 Ôëñ 30)
Contour #5119: Area=     2, Ratio=1.00, Circ=0.79, Sol=1.00 -> Ô£ù REJECTED
              Area too small (2 Ôëñ 30)
Contour #5120: Area=     2, Ratio=1.00, Circ=0.81, Sol=1.00 -> Ô£ù REJECTED
              Area too small (2 Ôëñ 30)
Contour #5121: Area=     2, Ratio=1.00, Circ=0.81, Sol=1.00 -> Ô£ù REJECTED
              Area too small (2 Ôëñ 30)
Contour #5122: Area=     2, Ratio=1.00, Circ=0.79, Sol=1.00 -> Ô£ù REJECTED
              Area too small (2 Ôëñ 30)
Contour #5123: Area=     2, Ratio=1.00, Circ=0.81, Sol=1.00 -> Ô£ù REJECTED
              Area too small (2 Ôëñ 30)
Contour #5124: Area=     6, Ratio=2.00, Circ=0.30, Sol=0.58 -> Ô£ù REJECTED
              Area too small (6 Ôëñ 30)
Contour #5125: Area=    15, Ratio=1.00, Circ=0.86, Sol=1.00 -> Ô£ù REJECTED
              Area too small (15 Ôëñ 30)
Contour #5126: Area=    24, Ratio=1.00, Circ=0.89, Sol=1.00 -> Ô£ù REJECTED
              Area too small (24 Ôëñ 30)
Contour #5127: Area=   112, Ratio=0.79, Circ=0.93, Sol=1.00 -> Ô£ô ACCEPTED
Contour #5128: Area=    48, Ratio=1.43, Circ=0.89, Sol=1.00 -> Ô£ô ACCEPTED
Contour #5129: Area=    47, Ratio=1.57, Circ=0.86, Sol=1.00 -> Ô£ô ACCEPTED
Contour #5130: Area=   453, Ratio=3.58, Circ=0.55, Sol=1.00 -> Ô£ù REJECTED
              Aspect ratio out of range (3.58)
Contour #5131: Area=    17, Ratio=1.00, Circ=0.79, Sol=0.92 -> Ô£ù REJECTED
              Area too small (17 Ôëñ 30)
Contour #5132: Area=   171, Ratio=0.90, Circ=0.21, Sol=0.54 -> Ô£ù REJECTED
              Circularity too low (0.21 < 0.6)
Contour #5133: Area=   168, Ratio=0.85, Circ=0.21, Sol=0.56 -> Ô£ù REJECTED
              Circularity too low (0.21 < 0.6)
Contour #5134: Area=   285, Ratio=0.95, Circ=0.92, Sol=0.99 -> Ô£ô ACCEPTED
Contour #5135: Area=   202, Ratio=0.90, Circ=0.32, Sol=0.74 -> Ô£ù REJECTED
              Circularity too low (0.32 < 0.6)
Contour #5136: Area=   204, Ratio=0.85, Circ=0.34, Sol=0.75 -> Ô£ù REJECTED
              Circularity too low (0.34 < 0.6)
Contour #5137: Area=   822, Ratio=2.50, Circ=0.56, Sol=0.89 -> Ô£ù REJECTED
              Area too large (822 ÔëÑ 600)
Contour #5138: Area=   124, Ratio=0.86, Circ=0.13, Sol=0.36 -> Ô£ù REJECTED
              Circularity too low (0.13 < 0.6)
Contour #5139: Area=    76, Ratio=0.64, Circ=0.10, Sol=0.31 -> Ô£ù REJECTED
              Circularity too low (0.10 < 0.6)
Contour #5140: Area=    90, Ratio=0.64, Circ=0.11, Sol=0.36 -> Ô£ù REJECTED
              Circularity too low (0.11 < 0.6)
Contour #5141: Area=    78, Ratio=0.68, Circ=0.10, Sol=0.31 -> Ô£ù REJECTED
              Circularity too low (0.10 < 0.6)
Contour #5142: Area=   100, Ratio=0.77, Circ=0.11, Sol=0.30 -> Ô£ù REJECTED
              Circularity too low (0.11 < 0.6)
Contour #5143: Area=   112, Ratio=0.82, Circ=0.11, Sol=0.32 -> Ô£ù REJECTED
              Circularity too low (0.11 < 0.6)
Contour #5144: Area=   112, Ratio=0.82, Circ=0.11, Sol=0.32 -> Ô£ù REJECTED
              Circularity too low (0.11 < 0.6)
Contour #5145: Area=   125, Ratio=0.82, Circ=0.12, Sol=0.35 -> Ô£ù REJECTED
              Circularity too low (0.12 < 0.6)
Contour #5146: Area=   106, Ratio=0.82, Circ=0.11, Sol=0.31 -> Ô£ù REJECTED
              Circularity too low (0.11 < 0.6)
Contour #5147: Area=   113, Ratio=0.82, Circ=0.12, Sol=0.32 -> Ô£ù REJECTED
              Circularity too low (0.12 < 0.6)
Contour #5148: Area=   106, Ratio=0.77, Circ=0.11, Sol=0.32 -> Ô£ù REJECTED
              Circularity too low (0.11 < 0.6)
Contour #5149: Area=   121, Ratio=0.82, Circ=0.12, Sol=0.34 -> Ô£ù REJECTED
              Circularity too low (0.12 < 0.6)
Contour #5150: Area=   115, Ratio=0.82, Circ=0.11, Sol=0.32 -> Ô£ù REJECTED
              Circularity too low (0.11 < 0.6)
Contour #5151: Area=   131, Ratio=0.82, Circ=0.13, Sol=0.37 -> Ô£ù REJECTED
              Circularity too low (0.13 < 0.6)
Contour #5152: Area=   126, Ratio=0.82, Circ=0.12, Sol=0.36 -> Ô£ù REJECTED
              Circularity too low (0.12 < 0.6)
Contour #5153: Area=   122, Ratio=0.82, Circ=0.13, Sol=0.34 -> Ô£ù REJECTED
              Circularity too low (0.13 < 0.6)
Contour #5154: Area=   105, Ratio=0.77, Circ=0.11, Sol=0.31 -> Ô£ù REJECTED
              Circularity too low (0.11 < 0.6)
Contour #5155: Area=   110, Ratio=0.77, Circ=0.11, Sol=0.33 -> Ô£ù REJECTED
              Circularity too low (0.11 < 0.6)
Contour #5156: Area=   114, Ratio=0.82, Circ=0.12, Sol=0.32 -> Ô£ù REJECTED
              Circularity too low (0.12 < 0.6)
Contour #5157: Area=   129, Ratio=0.82, Circ=0.13, Sol=0.36 -> Ô£ù REJECTED
              Circularity too low (0.13 < 0.6)
Contour #5158: Area=   116, Ratio=0.82, Circ=0.12, Sol=0.33 -> Ô£ù REJECTED
              Circularity too low (0.12 < 0.6)
Contour #5159: Area=   124, Ratio=0.82, Circ=0.13, Sol=0.35 -> Ô£ù REJECTED
              Circularity too low (0.13 < 0.6)
Contour #5160: Area=   105, Ratio=0.77, Circ=0.12, Sol=0.32 -> Ô£ù REJECTED
              Circularity too low (0.12 < 0.6)
Contour #5161: Area=   104, Ratio=0.19, Circ=0.36, Sol=1.00 -> Ô£ù REJECTED
              Aspect ratio out of range (0.19)
Contour #5162: Area=   164, Ratio=0.85, Circ=0.23, Sol=0.46 -> Ô£ù REJECTED
              Circularity too low (0.23 < 0.6)
Contour #5163: Area=   955, Ratio=1.00, Circ=0.90, Sol=0.98 -> Ô£ù REJECTED
              Area too large (955 ÔëÑ 600)
Contour #5164: Area=   262, Ratio=0.75, Circ=0.14, Sol=0.49 -> Ô£ù REJECTED
              Circularity too low (0.14 < 0.6)
Contour #5165: Area=   132, Ratio=0.46, Circ=0.26, Sol=0.60 -> Ô£ù REJECTED
              Aspect ratio out of range (0.46)
Contour #5166: Area=   954, Ratio=1.03, Circ=0.91, Sol=0.99 -> Ô£ù REJECTED
              Area too large (954 ÔëÑ 600)
Contour #5167: Area=   950, Ratio=1.03, Circ=0.91, Sol=0.99 -> Ô£ù REJECTED
              Area too large (950 ÔëÑ 600)
Contour #5168: Area=   951, Ratio=1.06, Circ=0.90, Sol=0.98 -> Ô£ù REJECTED
              Area too large (951 ÔëÑ 600)
Contour #5169: Area=   954, Ratio=1.00, Circ=0.89, Sol=0.98 -> Ô£ù REJECTED
              Area too large (954 ÔëÑ 600)
Contour #5170: Area=   958, Ratio=1.00, Circ=0.90, Sol=0.98 -> Ô£ù REJECTED
              Area too large (958 ÔëÑ 600)
Contour #5171: Area=   950, Ratio=1.00, Circ=0.90, Sol=0.98 -> Ô£ù REJECTED
              Area too large (950 ÔëÑ 600)
Contour #5172: Area=   958, Ratio=1.00, Circ=0.90, Sol=0.98 -> Ô£ù REJECTED
              Area too large (958 ÔëÑ 600)
Contour #5173: Area=   956, Ratio=1.00, Circ=0.89, Sol=0.98 -> Ô£ù REJECTED
              Area too large (956 ÔëÑ 600)
Contour #5174: Area=   955, Ratio=1.00, Circ=0.90, Sol=0.98 -> Ô£ù REJECTED
              Area too large (955 ÔëÑ 600)
Contour #5175: Area=   954, Ratio=1.00, Circ=0.90, Sol=0.98 -> Ô£ù REJECTED
              Area too large (954 ÔëÑ 600)
Contour #5176: Area=   956, Ratio=1.00, Circ=0.89, Sol=0.98 -> Ô£ù REJECTED
              Area too large (956 ÔëÑ 600)
Contour #5177: Area=   958, Ratio=1.00, Circ=0.90, Sol=0.98 -> Ô£ù REJECTED
              Area too large (958 ÔëÑ 600)
Contour #5178: Area=   957, Ratio=1.00, Circ=0.90, Sol=0.98 -> Ô£ù REJECTED
              Area too large (957 ÔëÑ 600)
Contour #5179: Area=   958, Ratio=1.00, Circ=0.89, Sol=0.98 -> Ô£ù REJECTED
              Area too large (958 ÔëÑ 600)
Contour #5180: Area=   958, Ratio=1.00, Circ=0.90, Sol=0.98 -> Ô£ù REJECTED
              Area too large (958 ÔëÑ 600)
Contour #5181: Area=   951, Ratio=0.97, Circ=0.91, Sol=0.99 -> Ô£ù REJECTED
              Area too large (951 ÔëÑ 600)
Contour #5182: Area=   956, Ratio=1.00, Circ=0.90, Sol=0.98 -> Ô£ù REJECTED
              Area too large (956 ÔëÑ 600)
Contour #5183: Area=   956, Ratio=1.00, Circ=0.90, Sol=0.98 -> Ô£ù REJECTED
              Area too large (956 ÔëÑ 600)
Contour #5184: Area=   964, Ratio=1.00, Circ=0.89, Sol=0.98 -> Ô£ù REJECTED
              Area too large (964 ÔëÑ 600)
Contour #5185: Area=   960, Ratio=1.00, Circ=0.91, Sol=0.99 -> Ô£ù REJECTED
              Area too large (960 ÔëÑ 600)
Contour #5186: Area=   953, Ratio=1.00, Circ=0.90, Sol=0.98 -> Ô£ù REJECTED
              Area too large (953 ÔëÑ 600)
Contour #5187: Area=   958, Ratio=1.03, Circ=0.88, Sol=0.98 -> Ô£ù REJECTED
              Area too large (958 ÔëÑ 600)
Contour #5188: Area=  1230, Ratio=1.02, Circ=0.89, Sol=0.98 -> Ô£ù REJECTED
              Area too large (1230 ÔëÑ 600)
Contour #5189: Area=  1224, Ratio=1.00, Circ=0.90, Sol=0.98 -> Ô£ù REJECTED
              Area too large (1224 ÔëÑ 600)
Contour #5190: Area=  1226, Ratio=1.00, Circ=0.91, Sol=0.99 -> Ô£ù REJECTED
              Area too large (1226 ÔëÑ 600)
Contour #5191: Area=  1230, Ratio=1.02, Circ=0.89, Sol=0.98 -> Ô£ù REJECTED
              Area too large (1230 ÔëÑ 600)
Contour #5192: Area=  1230, Ratio=1.02, Circ=0.89, Sol=0.98 -> Ô£ù REJECTED
              Area too large (1230 ÔëÑ 600)
Contour #5193: Area=  1230, Ratio=1.02, Circ=0.90, Sol=0.98 -> Ô£ù REJECTED
              Area too large (1230 ÔëÑ 600)
Contour #5194: Area=  1228, Ratio=1.02, Circ=0.89, Sol=0.98 -> Ô£ù REJECTED
              Area too large (1228 ÔëÑ 600)
Contour #5195: Area=  1228, Ratio=1.00, Circ=0.90, Sol=0.98 -> Ô£ù REJECTED
              Area too large (1228 ÔëÑ 600)
Contour #5196: Area=  1229, Ratio=1.00, Circ=0.91, Sol=0.99 -> Ô£ù REJECTED
              Area too large (1229 ÔëÑ 600)
Contour #5197: Area=  1227, Ratio=1.00, Circ=0.91, Sol=0.99 -> Ô£ù REJECTED
              Area too large (1227 ÔëÑ 600)
Contour #5198: Area=  1230, Ratio=1.00, Circ=0.90, Sol=0.98 -> Ô£ù REJECTED
              Area too large (1230 ÔëÑ 600)
Contour #5199: Area=  1228, Ratio=1.02, Circ=0.88, Sol=0.98 -> Ô£ù REJECTED
              Area too large (1228 ÔëÑ 600)
Contour #5200: Area=  1228, Ratio=1.02, Circ=0.89, Sol=0.98 -> Ô£ù REJECTED
              Area too large (1228 ÔëÑ 600)
Contour #5201: Area=  1230, Ratio=1.02, Circ=0.90, Sol=0.98 -> Ô£ù REJECTED
              Area too large (1230 ÔëÑ 600)
Contour #5202: Area=  1227, Ratio=1.00, Circ=0.91, Sol=0.99 -> Ô£ù REJECTED
              Area too large (1227 ÔëÑ 600)
Contour #5203: Area=  1218, Ratio=1.02, Circ=0.89, Sol=0.98 -> Ô£ù REJECTED
              Area too large (1218 ÔëÑ 600)
Contour #5204: Area=  1227, Ratio=1.00, Circ=0.91, Sol=0.99 -> Ô£ù REJECTED
              Area too large (1227 ÔëÑ 600)
Contour #5205: Area=  1219, Ratio=1.00, Circ=0.90, Sol=0.99 -> Ô£ù REJECTED
              Area too large (1219 ÔëÑ 600)
Contour #5206: Area=  1228, Ratio=0.98, Circ=0.89, Sol=0.98 -> Ô£ù REJECTED
              Area too large (1228 ÔëÑ 600)
Contour #5207: Area=  1231, Ratio=1.00, Circ=0.89, Sol=0.98 -> Ô£ù REJECTED
              Area too large (1231 ÔëÑ 600)
Contour #5208: Area=  1236, Ratio=1.00, Circ=0.89, Sol=0.98 -> Ô£ù REJECTED
              Area too large (1236 ÔëÑ 600)
Contour #5209: Area=  1235, Ratio=1.00, Circ=0.89, Sol=0.98 -> Ô£ù REJECTED
              Area too large (1235 ÔëÑ 600)
Contour #5210: Area=  1228, Ratio=0.98, Circ=0.89, Sol=0.98 -> Ô£ù REJECTED
              Area too large (1228 ÔëÑ 600)
Contour #5211: Area=   451, Ratio=3.58, Circ=0.55, Sol=1.00 -> Ô£ù REJECTED
              Aspect ratio out of range (3.58)
Contour #5212: Area=   822, Ratio=2.63, Circ=0.58, Sol=0.94 -> Ô£ù REJECTED
              Area too large (822 ÔëÑ 600)
Contour #5213: Area=    75, Ratio=0.59, Circ=0.10, Sol=0.31 -> Ô£ù REJECTED
              Aspect ratio out of range (0.59)
Contour #5214: Area=    93, Ratio=0.64, Circ=0.12, Sol=0.35 -> Ô£ù REJECTED
              Circularity too low (0.12 < 0.6)
Contour #5215: Area=    82, Ratio=0.64, Circ=0.11, Sol=0.32 -> Ô£ù REJECTED
              Circularity too low (0.11 < 0.6)
Contour #5216: Area=   124, Ratio=0.91, Circ=0.09, Sol=0.34 -> Ô£ù REJECTED
              Circularity too low (0.09 < 0.6)
Contour #5217: Area=   124, Ratio=0.87, Circ=0.09, Sol=0.34 -> Ô£ù REJECTED
              Circularity too low (0.09 < 0.6)
Contour #5218: Area=   136, Ratio=0.91, Circ=0.09, Sol=0.37 -> Ô£ù REJECTED
              Circularity too low (0.09 < 0.6)
Contour #5219: Area=   128, Ratio=0.87, Circ=0.09, Sol=0.35 -> Ô£ù REJECTED
              Circularity too low (0.09 < 0.6)
Contour #5220: Area=   128, Ratio=0.91, Circ=0.09, Sol=0.35 -> Ô£ù REJECTED
              Circularity too low (0.09 < 0.6)
Contour #5221: Area=   124, Ratio=0.87, Circ=0.09, Sol=0.35 -> Ô£ù REJECTED
              Circularity too low (0.09 < 0.6)
Contour #5222: Area=   124, Ratio=0.91, Circ=0.09, Sol=0.34 -> Ô£ù REJECTED
              Circularity too low (0.09 < 0.6)
Contour #5223: Area=   128, Ratio=0.91, Circ=0.09, Sol=0.35 -> Ô£ù REJECTED
              Circularity too low (0.09 < 0.6)
Contour #5224: Area=   124, Ratio=0.88, Circ=0.08, Sol=0.34 -> Ô£ù REJECTED
              Circularity too low (0.08 < 0.6)
Contour #5225: Area=   136, Ratio=0.88, Circ=0.09, Sol=0.36 -> Ô£ù REJECTED
              Circularity too low (0.09 < 0.6)
Contour #5226: Area=   128, Ratio=0.88, Circ=0.09, Sol=0.35 -> Ô£ù REJECTED
              Circularity too low (0.09 < 0.6)
Contour #5227: Area=   133, Ratio=0.88, Circ=0.09, Sol=0.36 -> Ô£ù REJECTED
              Circularity too low (0.09 < 0.6)
Contour #5228: Area=   140, Ratio=0.88, Circ=0.10, Sol=0.37 -> Ô£ù REJECTED
              Circularity too low (0.10 < 0.6)
Contour #5229: Area=   132, Ratio=0.88, Circ=0.09, Sol=0.36 -> Ô£ù REJECTED
              Circularity too low (0.09 < 0.6)
Contour #5230: Area=   139, Ratio=0.88, Circ=0.10, Sol=0.37 -> Ô£ù REJECTED
              Circularity too low (0.10 < 0.6)
Contour #5231: Area=   128, Ratio=0.83, Circ=0.09, Sol=0.35 -> Ô£ù REJECTED
              Circularity too low (0.09 < 0.6)
Contour #5232: Area=   134, Ratio=0.80, Circ=0.09, Sol=0.36 -> Ô£ù REJECTED
              Circularity too low (0.09 < 0.6)
Contour #5233: Area=   138, Ratio=0.84, Circ=0.09, Sol=0.36 -> Ô£ù REJECTED
              Circularity too low (0.09 < 0.6)
Contour #5234: Area=   136, Ratio=0.84, Circ=0.09, Sol=0.36 -> Ô£ù REJECTED
              Circularity too low (0.09 < 0.6)
Contour #5235: Area=     0, Ratio=1.00, Circ=0.00, Sol=0.00 -> Ô£ù REJECTED
              Area too small (0 Ôëñ 30)
Contour #5236: Area=   137, Ratio=0.84, Circ=0.09, Sol=0.36 -> Ô£ù REJECTED
              Circularity too low (0.09 < 0.6)
Contour #5237: Area=   950, Ratio=1.00, Circ=0.89, Sol=0.98 -> Ô£ù REJECTED
              Area too large (950 ÔëÑ 600)
Contour #5238: Area=   960, Ratio=1.00, Circ=0.90, Sol=0.98 -> Ô£ù REJECTED
              Area too large (960 ÔëÑ 600)
Contour #5239: Area=   955, Ratio=1.00, Circ=0.90, Sol=0.98 -> Ô£ù REJECTED
              Area too large (955 ÔëÑ 600)
Contour #5240: Area=   955, Ratio=1.00, Circ=0.90, Sol=0.98 -> Ô£ù REJECTED
              Area too large (955 ÔëÑ 600)
Contour #5241: Area=   960, Ratio=1.00, Circ=0.91, Sol=0.99 -> Ô£ù REJECTED
              Area too large (960 ÔëÑ 600)
Contour #5242: Area=   955, Ratio=1.00, Circ=0.90, Sol=0.98 -> Ô£ù REJECTED
              Area too large (955 ÔëÑ 600)
Contour #5243: Area=   958, Ratio=1.03, Circ=0.89, Sol=0.98 -> Ô£ù REJECTED
              Area too large (958 ÔëÑ 600)
Contour #5244: Area=   957, Ratio=1.00, Circ=0.90, Sol=0.98 -> Ô£ù REJECTED
              Area too large (957 ÔëÑ 600)
Contour #5245: Area=   960, Ratio=1.00, Circ=0.90, Sol=0.98 -> Ô£ù REJECTED
              Area too large (960 ÔëÑ 600)
Contour #5246: Area=   956, Ratio=1.00, Circ=0.90, Sol=0.98 -> Ô£ù REJECTED
              Area too large (956 ÔëÑ 600)
Contour #5247: Area=   960, Ratio=1.00, Circ=0.90, Sol=0.98 -> Ô£ù REJECTED
              Area too large (960 ÔëÑ 600)
Contour #5248: Area=   955, Ratio=1.00, Circ=0.90, Sol=0.98 -> Ô£ù REJECTED
              Area too large (955 ÔëÑ 600)
Contour #5249: Area=   957, Ratio=1.00, Circ=0.90, Sol=0.99 -> Ô£ù REJECTED
              Area too large (957 ÔëÑ 600)
Contour #5250: Area=   954, Ratio=1.00, Circ=0.90, Sol=0.98 -> Ô£ù REJECTED
              Area too large (954 ÔëÑ 600)
Contour #5251: Area=   958, Ratio=1.00, Circ=0.89, Sol=0.98 -> Ô£ù REJECTED
              Area too large (958 ÔëÑ 600)
Contour #5252: Area=   956, Ratio=1.00, Circ=0.90, Sol=0.98 -> Ô£ù REJECTED
              Area too large (956 ÔëÑ 600)
Contour #5253: Area=   958, Ratio=1.00, Circ=0.90, Sol=0.98 -> Ô£ù REJECTED
              Area too large (958 ÔëÑ 600)
Contour #5254: Area=   956, Ratio=1.00, Circ=0.90, Sol=0.98 -> Ô£ù REJECTED
              Area too large (956 ÔëÑ 600)
Contour #5255: Area=   958, Ratio=1.00, Circ=0.89, Sol=0.98 -> Ô£ù REJECTED
              Area too large (958 ÔëÑ 600)
Contour #5256: Area=   950, Ratio=1.00, Circ=0.90, Sol=0.98 -> Ô£ù REJECTED
              Area too large (950 ÔëÑ 600)
Contour #5257: Area=   951, Ratio=1.00, Circ=0.90, Sol=0.98 -> Ô£ù REJECTED
              Area too large (951 ÔëÑ 600)
Contour #5258: Area=   953, Ratio=1.00, Circ=0.90, Sol=0.98 -> Ô£ù REJECTED
              Area too large (953 ÔëÑ 600)
Contour #5259: Area=   955, Ratio=1.00, Circ=0.90, Sol=0.98 -> Ô£ù REJECTED
              Area too large (955 ÔëÑ 600)
Contour #5260: Area=     2, Ratio=1.50, Circ=0.64, Sol=1.00 -> Ô£ù REJECTED
              Area too small (2 Ôëñ 30)
Contour #5261: Area=     4, Ratio=3.50, Circ=0.22, Sol=0.64 -> Ô£ù REJECTED
              Area too small (4 Ôëñ 30)
Contour #5262: Area=     2, Ratio=1.50, Circ=0.64, Sol=1.00 -> Ô£ù REJECTED
              Area too small (2 Ôëñ 30)
Contour #5263: Area=     2, Ratio=1.50, Circ=0.64, Sol=1.00 -> Ô£ù REJECTED
              Area too small (2 Ôëñ 30)
Contour #5264: Area=     1, Ratio=1.50, Circ=0.54, Sol=1.00 -> Ô£ù REJECTED
              Area too small (1 Ôëñ 30)
Contour #5265: Area=     2, Ratio=1.50, Circ=0.64, Sol=1.00 -> Ô£ù REJECTED
              Area too small (2 Ôëñ 30)
Contour #5266: Area=     2, Ratio=1.50, Circ=0.64, Sol=1.00 -> Ô£ù REJECTED
              Area too small (2 Ôëñ 30)
Contour #5267: Area=     2, Ratio=1.50, Circ=0.64, Sol=1.00 -> Ô£ù REJECTED
              Area too small (2 Ôëñ 30)
Contour #5268: Area=     1, Ratio=1.50, Circ=0.54, Sol=1.00 -> Ô£ù REJECTED
              Area too small (1 Ôëñ 30)
Contour #5269: Area=     2, Ratio=1.50, Circ=0.64, Sol=1.00 -> Ô£ù REJECTED
              Area too small (2 Ôëñ 30)
Contour #5270: Area=     8, Ratio=7.50, Circ=0.10, Sol=0.62 -> Ô£ù REJECTED
              Area too small (8 Ôëñ 30)
Contour #5271: Area=     1, Ratio=1.50, Circ=0.54, Sol=1.00 -> Ô£ù REJECTED
              Area too small (1 Ôëñ 30)
Contour #5272: Area=     2, Ratio=1.50, Circ=0.64, Sol=1.00 -> Ô£ù REJECTED
              Area too small (2 Ôëñ 30)
Contour #5273: Area=     2, Ratio=1.50, Circ=0.70, Sol=1.00 -> Ô£ù REJECTED
              Area too small (2 Ôëñ 30)
Contour #5274: Area=     2, Ratio=1.50, Circ=0.64, Sol=1.00 -> Ô£ù REJECTED
              Area too small (2 Ôëñ 30)
Contour #5275: Area=     2, Ratio=1.50, Circ=0.70, Sol=1.00 -> Ô£ù REJECTED
              Area too small (2 Ôëñ 30)
Contour #5276: Area=     4, Ratio=3.50, Circ=0.28, Sol=0.82 -> Ô£ù REJECTED
              Area too small (4 Ôëñ 30)
Contour #5277: Area=     5, Ratio=3.50, Circ=0.29, Sol=0.83 -> Ô£ù REJECTED
              Area too small (5 Ôëñ 30)
Contour #5278: Area=     2, Ratio=1.50, Circ=0.70, Sol=1.00 -> Ô£ù REJECTED
              Area too small (2 Ôëñ 30)
Contour #5279: Area=     2, Ratio=1.50, Circ=0.64, Sol=1.00 -> Ô£ù REJECTED
              Area too small (2 Ôëñ 30)
Contour #5280: Area=     5, Ratio=3.50, Circ=0.29, Sol=0.83 -> Ô£ù REJECTED
              Area too small (5 Ôëñ 30)
Contour #5281: Area=     4, Ratio=3.50, Circ=0.28, Sol=0.82 -> Ô£ù REJECTED
              Area too small (4 Ôëñ 30)
Contour #5282: Area=     2, Ratio=1.50, Circ=0.70, Sol=1.00 -> Ô£ù REJECTED
              Area too small (2 Ôëñ 30)
Contour #5283: Area=     4, Ratio=3.50, Circ=0.28, Sol=0.82 -> Ô£ù REJECTED
              Area too small (4 Ôëñ 30)
Contour #5284: Area=     2, Ratio=1.50, Circ=0.64, Sol=1.00 -> Ô£ù REJECTED
              Area too small (2 Ôëñ 30)
Contour #5285: Area=     3, Ratio=3.50, Circ=0.20, Sol=0.60 -> Ô£ù REJECTED
              Area too small (3 Ôëñ 30)
Contour #5286: Area=     4, Ratio=3.50, Circ=0.22, Sol=0.64 -> Ô£ù REJECTED
              Area too small (4 Ôëñ 30)
Contour #5287: Area=     4, Ratio=3.50, Circ=0.22, Sol=0.64 -> Ô£ù REJECTED
              Area too small (4 Ôëñ 30)
Contour #5288: Area=    10, Ratio=9.50, Circ=0.08, Sol=0.60 -> Ô£ù REJECTED
              Area too small (10 Ôëñ 30)
Contour #5289: Area=    18, Ratio=17.50, Circ=0.04, Sol=0.52 -> Ô£ù REJECTED
              Area too small (18 Ôëñ 30)
Contour #5290: Area=    32, Ratio=11.33, Circ=0.06, Sol=0.48 -> Ô£ù REJECTED
              Aspect ratio out of range (11.33)
Contour #5291: Area=    26, Ratio=15.67, Circ=0.03, Sol=0.32 -> Ô£ù REJECTED
              Area too small (26 Ôëñ 30)
Contour #5292: Area=     2, Ratio=1.00, Circ=0.81, Sol=1.00 -> Ô£ù REJECTED
              Area too small (2 Ôëñ 30)
Contour #5293: Area=     2, Ratio=1.00, Circ=0.81, Sol=1.00 -> Ô£ù REJECTED
              Area too small (2 Ôëñ 30)
Contour #5294: Area=    14, Ratio=7.67, Circ=0.07, Sol=0.38 -> Ô£ù REJECTED
              Area too small (14 Ôëñ 30)
Contour #5295: Area=     2, Ratio=1.00, Circ=0.81, Sol=1.00 -> Ô£ù REJECTED
              Area too small (2 Ôëñ 30)
Contour #5296: Area=     2, Ratio=1.00, Circ=0.81, Sol=1.00 -> Ô£ù REJECTED
              Area too small (2 Ôëñ 30)
Contour #5297: Area=     4, Ratio=2.33, Circ=0.25, Sol=0.53 -> Ô£ù REJECTED
              Area too small (4 Ôëñ 30)
Contour #5298: Area=     4, Ratio=2.33, Circ=0.25, Sol=0.53 -> Ô£ù REJECTED
              Area too small (4 Ôëñ 30)
Contour #5299: Area=     2, Ratio=1.00, Circ=0.81, Sol=1.00 -> Ô£ù REJECTED
              Area too small (2 Ôëñ 30)
Contour #5300: Area=     6, Ratio=2.33, Circ=0.31, Sol=0.67 -> Ô£ù REJECTED
              Area too small (6 Ôëñ 30)
Contour #5301: Area=     2, Ratio=1.00, Circ=0.81, Sol=1.00 -> Ô£ù REJECTED
              Area too small (2 Ôëñ 30)
Contour #5302: Area=     4, Ratio=2.33, Circ=0.25, Sol=0.53 -> Ô£ù REJECTED
              Area too small (4 Ôëñ 30)
Contour #5303: Area=     3, Ratio=1.00, Circ=0.81, Sol=1.00 -> Ô£ù REJECTED
              Area too small (3 Ôëñ 30)
Contour #5304: Area=     6, Ratio=2.33, Circ=0.30, Sol=0.65 -> Ô£ù REJECTED
              Area too small (6 Ôëñ 30)
Contour #5305: Area=     3, Ratio=1.00, Circ=0.81, Sol=1.00 -> Ô£ù REJECTED
              Area too small (3 Ôëñ 30)
Contour #5306: Area=     6, Ratio=2.33, Circ=0.31, Sol=0.67 -> Ô£ù REJECTED
              Area too small (6 Ôëñ 30)
Contour #5307: Area=     2, Ratio=1.00, Circ=0.81, Sol=1.00 -> Ô£ù REJECTED
              Area too small (2 Ôëñ 30)
Contour #5308: Area=     3, Ratio=1.00, Circ=0.81, Sol=1.00 -> Ô£ù REJECTED
              Area too small (3 Ôëñ 30)
Contour #5309: Area=     3, Ratio=1.00, Circ=0.81, Sol=1.00 -> Ô£ù REJECTED
              Area too small (3 Ôëñ 30)
Contour #5310: Area=     6, Ratio=2.33, Circ=0.32, Sol=0.62 -> Ô£ù REJECTED
              Area too small (6 Ôëñ 30)
Contour #5311: Area=     6, Ratio=2.33, Circ=0.32, Sol=0.62 -> Ô£ù REJECTED
              Area too small (6 Ôëñ 30)
Contour #5312: Area=     6, Ratio=2.33, Circ=0.31, Sol=0.67 -> Ô£ù REJECTED
              Area too small (6 Ôëñ 30)
Contour #5313: Area=     6, Ratio=2.33, Circ=0.30, Sol=0.65 -> Ô£ù REJECTED
              Area too small (6 Ôëñ 30)
Contour #5314: Area=     6, Ratio=2.33, Circ=0.31, Sol=0.67 -> Ô£ù REJECTED
              Area too small (6 Ôëñ 30)
Contour #5315: Area=    14, Ratio=7.67, Circ=0.07, Sol=0.45 -> Ô£ù REJECTED
              Area too small (14 Ôëñ 30)
Contour #5316: Area=    18, Ratio=11.33, Circ=0.04, Sol=0.37 -> Ô£ù REJECTED
              Area too small (18 Ôëñ 30)
Contour #5317: Area=  1230, Ratio=1.00, Circ=0.89, Sol=0.98 -> Ô£ù REJECTED
              Area too large (1230 ÔëÑ 600)
Contour #5318: Area=  1226, Ratio=1.00, Circ=0.91, Sol=0.99 -> Ô£ù REJECTED
              Area too large (1226 ÔëÑ 600)
Contour #5319: Area=  1228, Ratio=1.02, Circ=0.90, Sol=0.98 -> Ô£ù REJECTED
              Area too large (1228 ÔëÑ 600)
Contour #5320: Area=  1230, Ratio=1.02, Circ=0.89, Sol=0.98 -> Ô£ù REJECTED
              Area too large (1230 ÔëÑ 600)
Contour #5321: Area=  1230, Ratio=1.02, Circ=0.89, Sol=0.98 -> Ô£ù REJECTED
              Area too large (1230 ÔëÑ 600)
Contour #5322: Area=  1225, Ratio=1.00, Circ=0.91, Sol=0.99 -> Ô£ù REJECTED
              Area too large (1225 ÔëÑ 600)
Contour #5323: Area=  1228, Ratio=1.00, Circ=0.91, Sol=0.99 -> Ô£ù REJECTED
              Area too large (1228 ÔëÑ 600)
Contour #5324: Area=  1225, Ratio=1.00, Circ=0.91, Sol=0.99 -> Ô£ù REJECTED
              Area too large (1225 ÔëÑ 600)
Contour #5325: Area=  1229, Ratio=1.02, Circ=0.90, Sol=0.98 -> Ô£ù REJECTED
              Area too large (1229 ÔëÑ 600)
Contour #5326: Area=  1226, Ratio=1.02, Circ=0.89, Sol=0.98 -> Ô£ù REJECTED
              Area too large (1226 ÔëÑ 600)
Contour #5327: Area=  1228, Ratio=1.02, Circ=0.90, Sol=0.98 -> Ô£ù REJECTED
              Area too large (1228 ÔëÑ 600)
Contour #5328: Area=  1226, Ratio=1.02, Circ=0.89, Sol=0.98 -> Ô£ù REJECTED
              Area too large (1226 ÔëÑ 600)
Contour #5329: Area=  1228, Ratio=1.00, Circ=0.90, Sol=0.99 -> Ô£ù REJECTED
              Area too large (1228 ÔëÑ 600)
Contour #5330: Area=  1226, Ratio=1.00, Circ=0.91, Sol=0.99 -> Ô£ù REJECTED
              Area too large (1226 ÔëÑ 600)
Contour #5331: Area=  1228, Ratio=1.00, Circ=0.90, Sol=0.98 -> Ô£ù REJECTED
              Area too large (1228 ÔëÑ 600)
Contour #5332: Area=  1222, Ratio=1.00, Circ=0.91, Sol=0.99 -> Ô£ù REJECTED
              Area too large (1222 ÔëÑ 600)
Contour #5333: Area=  1235, Ratio=1.00, Circ=0.89, Sol=0.98 -> Ô£ù REJECTED
              Area too large (1235 ÔëÑ 600)
Contour #5334: Area=  1233, Ratio=1.00, Circ=0.89, Sol=0.98 -> Ô£ù REJECTED
              Area too large (1233 ÔëÑ 600)
Contour #5335: Area=  1232, Ratio=1.00, Circ=0.89, Sol=0.98 -> Ô£ù REJECTED
              Area too large (1232 ÔëÑ 600)
Contour #5336: Area=  1228, Ratio=0.98, Circ=0.89, Sol=0.98 -> Ô£ù REJECTED
              Area too large (1228 ÔëÑ 600)
Contour #5337: Area=  1227, Ratio=1.00, Circ=0.89, Sol=0.98 -> Ô£ù REJECTED
              Area too large (1227 ÔëÑ 600)
Contour #5338: Area=  1226, Ratio=0.98, Circ=0.90, Sol=0.98 -> Ô£ù REJECTED
              Area too large (1226 ÔëÑ 600)
Contour #5339: Area=  1220, Ratio=0.98, Circ=0.89, Sol=0.98 -> Ô£ù REJECTED
              Area too large (1220 ÔëÑ 600)
Contour #5340: Area=    15, Ratio=1.00, Circ=0.86, Sol=1.00 -> Ô£ù REJECTED
              Area too small (15 Ôëñ 30)
Contour #5341: Area=   112, Ratio=0.79, Circ=0.90, Sol=0.99 -> Ô£ô ACCEPTED
Contour #5342: Area=    50, Ratio=1.38, Circ=0.82, Sol=0.96 -> Ô£ô ACCEPTED
Contour #5343: Area=    16, Ratio=1.20, Circ=0.82, Sol=0.94 -> Ô£ù REJECTED
              Area too small (16 Ôëñ 30)
Contour #5344: Area=    75, Ratio=0.25, Circ=0.47, Sol=1.00 -> Ô£ù REJECTED
              Aspect ratio out of range (0.25)
Contour #5345: Area=   146, Ratio=0.85, Circ=0.15, Sol=0.52 -> Ô£ù REJECTED
              Circularity too low (0.15 < 0.6)
Contour #5346: Area=   206, Ratio=0.85, Circ=0.34, Sol=0.76 -> Ô£ù REJECTED
              Circularity too low (0.34 < 0.6)
Contour #5347: Area=   162, Ratio=0.90, Circ=0.20, Sol=0.51 -> Ô£ù REJECTED
              Circularity too low (0.20 < 0.6)
Contour #5348: Area=    74, Ratio=0.25, Circ=0.43, Sol=0.97 -> Ô£ù REJECTED
              Aspect ratio out of range (0.25)
Contour #5349: Area=    78, Ratio=0.30, Circ=0.46, Sol=0.91 -> Ô£ù REJECTED
              Aspect ratio out of range (0.30)
Contour #5350: Area=   174, Ratio=0.90, Circ=0.22, Sol=0.55 -> Ô£ù REJECTED
              Circularity too low (0.22 < 0.6)
Contour #5351: Area=    76, Ratio=0.25, Circ=0.45, Sol=1.00 -> Ô£ù REJECTED
              Aspect ratio out of range (0.25)
Contour #5352: Area=   316, Ratio=0.67, Circ=0.53, Sol=0.86 -> Ô£ù REJECTED
              Circularity too low (0.53 < 0.6)
Contour #5353: Area=   276, Ratio=0.60, Circ=0.11, Sol=0.48 -> Ô£ù REJECTED
              Aspect ratio out of range (0.60)
Contour #5354: Area=   243, Ratio=0.78, Circ=0.14, Sol=0.52 -> Ô£ù REJECTED
              Circularity too low (0.14 < 0.6)
Contour #5355: Area=    20, Ratio=1.00, Circ=0.84, Sol=0.95 -> Ô£ù REJECTED
              Area too small (20 Ôëñ 30)
Contour #5356: Area=    82, Ratio=0.38, Circ=0.23, Sol=0.71 -> Ô£ù REJECTED
              Aspect ratio out of range (0.38)
Contour #5357: Area=   126, Ratio=0.46, Circ=0.23, Sol=0.57 -> Ô£ù REJECTED
              Aspect ratio out of range (0.46)
Contour #5358: Area=    52, Ratio=1.00, Circ=0.92, Sol=0.99 -> Ô£ô ACCEPTED
Contour #5359: Area=   454, Ratio=3.58, Circ=0.55, Sol=1.00 -> Ô£ù REJECTED
              Aspect ratio out of range (3.58)
Contour #5360: Area=    34, Ratio=1.14, Circ=0.94, Sol=1.00 -> Ô£ô ACCEPTED
Contour #5361: Area=   824, Ratio=2.63, Circ=0.58, Sol=0.94 -> Ô£ù REJECTED
              Area too large (824 ÔëÑ 600)
Contour #5362: Area=   175, Ratio=0.65, Circ=0.67, Sol=0.90 -> Ô£ô ACCEPTED
Contour #5363: Area=    48, Ratio=0.36, Circ=0.20, Sol=0.49 -> Ô£ù REJECTED
              Aspect ratio out of range (0.36)
Contour #5364: Area=    54, Ratio=0.36, Circ=0.23, Sol=0.55 -> Ô£ù REJECTED
              Aspect ratio out of range (0.36)
Contour #5365: Area=    49, Ratio=0.41, Circ=0.20, Sol=0.46 -> Ô£ù REJECTED
              Aspect ratio out of range (0.41)
Contour #5366: Area=   131, Ratio=0.95, Circ=0.09, Sol=0.36 -> Ô£ù REJECTED
              Circularity too low (0.09 < 0.6)
Contour #5367: Area=   127, Ratio=0.95, Circ=0.09, Sol=0.35 -> Ô£ù REJECTED
              Circularity too low (0.09 < 0.6)
Contour #5368: Area=   130, Ratio=0.95, Circ=0.09, Sol=0.36 -> Ô£ù REJECTED
              Circularity too low (0.09 < 0.6)
Contour #5369: Area=   137, Ratio=0.95, Circ=0.10, Sol=0.38 -> Ô£ù REJECTED
              Circularity too low (0.10 < 0.6)
Contour #5370: Area=   122, Ratio=0.95, Circ=0.08, Sol=0.34 -> Ô£ù REJECTED
              Circularity too low (0.08 < 0.6)
Contour #5371: Area=   133, Ratio=0.91, Circ=0.09, Sol=0.37 -> Ô£ù REJECTED
              Circularity too low (0.09 < 0.6)
Contour #5372: Area=   118, Ratio=0.95, Circ=0.08, Sol=0.33 -> Ô£ù REJECTED
              Circularity too low (0.08 < 0.6)
Contour #5373: Area=   132, Ratio=0.91, Circ=0.09, Sol=0.36 -> Ô£ù REJECTED
              Circularity too low (0.09 < 0.6)
Contour #5374: Area=   130, Ratio=0.91, Circ=0.09, Sol=0.35 -> Ô£ù REJECTED
              Circularity too low (0.09 < 0.6)
Contour #5375: Area=   138, Ratio=0.91, Circ=0.10, Sol=0.37 -> Ô£ù REJECTED
              Circularity too low (0.10 < 0.6)
Contour #5376: Area=   130, Ratio=0.91, Circ=0.09, Sol=0.35 -> Ô£ù REJECTED
              Circularity too low (0.09 < 0.6)
Contour #5377: Area=   134, Ratio=0.87, Circ=0.09, Sol=0.37 -> Ô£ù REJECTED
              Circularity too low (0.09 < 0.6)
Contour #5378: Area=   128, Ratio=0.87, Circ=0.09, Sol=0.35 -> Ô£ù REJECTED
              Circularity too low (0.09 < 0.6)
Contour #5379: Area=   138, Ratio=0.91, Circ=0.10, Sol=0.37 -> Ô£ù REJECTED
              Circularity too low (0.10 < 0.6)
Contour #5380: Area=   128, Ratio=0.91, Circ=0.09, Sol=0.35 -> Ô£ù REJECTED
              Circularity too low (0.09 < 0.6)
Contour #5381: Area=   138, Ratio=0.91, Circ=0.10, Sol=0.37 -> Ô£ù REJECTED
              Circularity too low (0.10 < 0.6)
Contour #5382: Area=   132, Ratio=0.91, Circ=0.09, Sol=0.36 -> Ô£ù REJECTED
              Circularity too low (0.09 < 0.6)
Contour #5383: Area=   129, Ratio=0.91, Circ=0.09, Sol=0.35 -> Ô£ù REJECTED
              Circularity too low (0.09 < 0.6)
Contour #5384: Area=   126, Ratio=0.87, Circ=0.09, Sol=0.35 -> Ô£ù REJECTED
              Circularity too low (0.09 < 0.6)
Contour #5385: Area=   144, Ratio=0.91, Circ=0.10, Sol=0.38 -> Ô£ù REJECTED
              Circularity too low (0.10 < 0.6)
Contour #5386: Area=   955, Ratio=1.00, Circ=0.90, Sol=0.98 -> Ô£ù REJECTED
              Area too large (955 ÔëÑ 600)
Contour #5387: Area=   953, Ratio=1.03, Circ=0.91, Sol=0.99 -> Ô£ù REJECTED
              Area too large (953 ÔëÑ 600)
Contour #5388: Area=   950, Ratio=1.03, Circ=0.91, Sol=0.99 -> Ô£ù REJECTED
              Area too large (950 ÔëÑ 600)
Contour #5389: Area=   948, Ratio=1.06, Circ=0.89, Sol=0.98 -> Ô£ù REJECTED
              Area too large (948 ÔëÑ 600)
Contour #5390: Area=   942, Ratio=1.00, Circ=0.92, Sol=0.99 -> Ô£ù REJECTED
              Area too large (942 ÔëÑ 600)
Contour #5391: Area=   954, Ratio=1.03, Circ=0.91, Sol=0.99 -> Ô£ù REJECTED
              Area too large (954 ÔëÑ 600)
Contour #5392: Area=   952, Ratio=1.03, Circ=0.91, Sol=0.99 -> Ô£ù REJECTED
              Area too large (952 ÔëÑ 600)
Contour #5393: Area=   958, Ratio=1.00, Circ=0.90, Sol=0.99 -> Ô£ù REJECTED
              Area too large (958 ÔëÑ 600)
Contour #5394: Area=   957, Ratio=1.00, Circ=0.90, Sol=0.98 -> Ô£ù REJECTED
              Area too large (957 ÔëÑ 600)
Contour #5395: Area=   958, Ratio=1.00, Circ=0.90, Sol=0.98 -> Ô£ù REJECTED
              Area too large (958 ÔëÑ 600)
Contour #5396: Area=   952, Ratio=1.00, Circ=0.90, Sol=0.98 -> Ô£ù REJECTED
              Area too large (952 ÔëÑ 600)
Contour #5397: Area=   956, Ratio=1.00, Circ=0.89, Sol=0.98 -> Ô£ù REJECTED
              Area too large (956 ÔëÑ 600)
Contour #5398: Area=   956, Ratio=1.00, Circ=0.90, Sol=0.98 -> Ô£ù REJECTED
              Area too large (956 ÔëÑ 600)
Contour #5399: Area=   956, Ratio=1.00, Circ=0.90, Sol=0.98 -> Ô£ù REJECTED
              Area too large (956 ÔëÑ 600)
Contour #5400: Area=   956, Ratio=1.00, Circ=0.90, Sol=0.98 -> Ô£ù REJECTED
              Area too large (956 ÔëÑ 600)
Contour #5401: Area=   957, Ratio=1.00, Circ=0.90, Sol=0.98 -> Ô£ù REJECTED
              Area too large (957 ÔëÑ 600)
Contour #5402: Area=   955, Ratio=1.00, Circ=0.90, Sol=0.98 -> Ô£ù REJECTED
              Area too large (955 ÔëÑ 600)
Contour #5403: Area=   955, Ratio=1.00, Circ=0.90, Sol=0.98 -> Ô£ù REJECTED
              Area too large (955 ÔëÑ 600)
Contour #5404: Area=   954, Ratio=1.00, Circ=0.90, Sol=0.98 -> Ô£ù REJECTED
              Area too large (954 ÔëÑ 600)
Contour #5405: Area=   962, Ratio=1.00, Circ=0.90, Sol=0.98 -> Ô£ù REJECTED
              Area too large (962 ÔëÑ 600)
Contour #5406: Area=   957, Ratio=1.00, Circ=0.90, Sol=0.98 -> Ô£ù REJECTED
              Area too large (957 ÔëÑ 600)
Contour #5407: Area=   960, Ratio=1.00, Circ=0.91, Sol=0.98 -> Ô£ù REJECTED
              Area too large (960 ÔëÑ 600)
Contour #5408: Area=   952, Ratio=1.00, Circ=0.91, Sol=0.98 -> Ô£ù REJECTED
              Area too large (952 ÔëÑ 600)
Contour #5409: Area=   957, Ratio=1.00, Circ=0.90, Sol=0.98 -> Ô£ù REJECTED
              Area too large (957 ÔëÑ 600)
Contour #5410: Area=  1226, Ratio=1.02, Circ=0.89, Sol=0.98 -> Ô£ù REJECTED
              Area too large (1226 ÔëÑ 600)
Contour #5411: Area=  1228, Ratio=1.02, Circ=0.90, Sol=0.98 -> Ô£ù REJECTED
              Area too large (1228 ÔëÑ 600)
Contour #5412: Area=  1230, Ratio=1.02, Circ=0.89, Sol=0.98 -> Ô£ù REJECTED
              Area too large (1230 ÔëÑ 600)
Contour #5413: Area=  1227, Ratio=1.00, Circ=0.91, Sol=0.99 -> Ô£ù REJECTED
              Area too large (1227 ÔëÑ 600)
Contour #5414: Area=  1231, Ratio=1.00, Circ=0.91, Sol=0.99 -> Ô£ù REJECTED
              Area too large (1231 ÔëÑ 600)
Contour #5415: Area=  1228, Ratio=1.00, Circ=0.90, Sol=0.99 -> Ô£ù REJECTED
              Area too large (1228 ÔëÑ 600)
Contour #5416: Area=  1232, Ratio=1.02, Circ=0.89, Sol=0.98 -> Ô£ù REJECTED
              Area too large (1232 ÔëÑ 600)
Contour #5417: Area=  1228, Ratio=1.02, Circ=0.90, Sol=0.98 -> Ô£ù REJECTED
              Area too large (1228 ÔëÑ 600)
Contour #5418: Area=  1234, Ratio=1.02, Circ=0.90, Sol=0.98 -> Ô£ù REJECTED
              Area too large (1234 ÔëÑ 600)
Contour #5419: Area=  1228, Ratio=1.00, Circ=0.91, Sol=0.99 -> Ô£ù REJECTED
              Area too large (1228 ÔëÑ 600)
Contour #5420: Area=  1232, Ratio=1.02, Circ=0.89, Sol=0.98 -> Ô£ù REJECTED
              Area too large (1232 ÔëÑ 600)
Contour #5421: Area=  1225, Ratio=1.02, Circ=0.90, Sol=0.98 -> Ô£ù REJECTED
              Area too large (1225 ÔëÑ 600)
Contour #5422: Area=  1226, Ratio=1.00, Circ=0.91, Sol=0.99 -> Ô£ù REJECTED
              Area too large (1226 ÔëÑ 600)
Contour #5423: Area=  1218, Ratio=1.00, Circ=0.89, Sol=0.98 -> Ô£ù REJECTED
              Area too large (1218 ÔëÑ 600)
Contour #5424: Area=  1228, Ratio=0.98, Circ=0.88, Sol=0.98 -> Ô£ù REJECTED
              Area too large (1228 ÔëÑ 600)
Contour #5425: Area=  1228, Ratio=0.98, Circ=0.90, Sol=0.98 -> Ô£ù REJECTED
              Area too large (1228 ÔëÑ 600)
Contour #5426: Area=  1229, Ratio=1.00, Circ=0.89, Sol=0.98 -> Ô£ù REJECTED
              Area too large (1229 ÔëÑ 600)
Contour #5427: Area=  1237, Ratio=1.00, Circ=0.89, Sol=0.98 -> Ô£ù REJECTED
              Area too large (1237 ÔëÑ 600)
Contour #5428: Area=  1227, Ratio=0.98, Circ=0.90, Sol=0.98 -> Ô£ù REJECTED
              Area too large (1227 ÔëÑ 600)
Contour #5429: Area=  1229, Ratio=0.98, Circ=0.90, Sol=0.98 -> Ô£ù REJECTED
              Area too large (1229 ÔëÑ 600)
Contour #5430: Area=  1228, Ratio=0.98, Circ=0.89, Sol=0.98 -> Ô£ù REJECTED
              Area too large (1228 ÔëÑ 600)
Contour #5431: Area=  1232, Ratio=1.00, Circ=0.88, Sol=0.98 -> Ô£ù REJECTED
              Area too large (1232 ÔëÑ 600)
Contour #5432: Area=  1228, Ratio=1.00, Circ=0.89, Sol=0.98 -> Ô£ù REJECTED
              Area too large (1228 ÔëÑ 600)
Contour #5433: Area=  1237, Ratio=1.00, Circ=0.89, Sol=0.98 -> Ô£ù REJECTED
              Area too large (1237 ÔëÑ 600)
Contour #5434: Area=     2, Ratio=1.50, Circ=0.64, Sol=1.00 -> Ô£ù REJECTED
              Area too small (2 Ôëñ 30)
Contour #5435: Area=     2, Ratio=1.50, Circ=0.64, Sol=1.00 -> Ô£ù REJECTED
              Area too small (2 Ôëñ 30)
Contour #5436: Area=     5, Ratio=3.50, Circ=0.29, Sol=0.83 -> Ô£ù REJECTED
              Area too small (5 Ôëñ 30)
Contour #5437: Area=    10, Ratio=7.50, Circ=0.13, Sol=0.78 -> Ô£ù REJECTED
              Area too small (10 Ôëñ 30)
Contour #5438: Area=     4, Ratio=3.50, Circ=0.28, Sol=0.82 -> Ô£ù REJECTED
              Area too small (4 Ôëñ 30)
Contour #5439: Area=     5, Ratio=3.50, Circ=0.29, Sol=0.83 -> Ô£ù REJECTED
              Area too small (5 Ôëñ 30)
Contour #5440: Area=     4, Ratio=3.50, Circ=0.28, Sol=0.82 -> Ô£ù REJECTED
              Area too small (4 Ôëñ 30)
Contour #5441: Area=     5, Ratio=3.50, Circ=0.29, Sol=0.83 -> Ô£ù REJECTED
              Area too small (5 Ôëñ 30)
Contour #5442: Area=     2, Ratio=1.50, Circ=0.70, Sol=1.00 -> Ô£ù REJECTED
              Area too small (2 Ôëñ 30)
Contour #5443: Area=     8, Ratio=7.50, Circ=0.10, Sol=0.63 -> Ô£ù REJECTED
              Area too small (8 Ôëñ 30)
Contour #5444: Area=     2, Ratio=1.50, Circ=0.64, Sol=1.00 -> Ô£ù REJECTED
              Area too small (2 Ôëñ 30)
Contour #5445: Area=    19, Ratio=13.50, Circ=0.07, Sol=0.73 -> Ô£ù REJECTED
              Area too small (19 Ôëñ 30)
C:\Users\can\optic-form-reader-2\backend\venv\Scripts\python.exe : Traceback (most recen
t call last):
At line:1 char:77
+ ... -2\backend; C:\Users\can\optic-form-reader-2\backend\venv\Scripts\pyt ...
+                 ~~~~~~~~~~~~~~~~~~~~~~~~~~~~~~~~~~~~~~~~~~~~~~~~~~~~~~~~~
    + CategoryInfo          : NotSpecified: (Traceback (most recent call last)::String) 
    [], RemoteException
    + FullyQualifiedErrorId : NativeCommandError
 
  File "C:\Users\can\optic-form-reader-2\backend\test_image.py", line 42, in <module>
    for i, answer in enumerate(answers[:5]):
                               ~~~~~~~^^^^
KeyError: slice(None, 5, None)
Contour #5446: Area=    58, Ratio=47.00, Circ=0.02, Sol=0.62 -> Ô£ù REJECTED
              Aspect ratio out of range (47.00)
Contour #5447: Area=    68, Ratio=24.67, Circ=0.03, Sol=0.47 -> Ô£ù REJECTED
              Aspect ratio out of range (24.67)
Contour #5448: Area=    10, Ratio=5.00, Circ=0.12, Sol=0.46 -> Ô£ù REJECTED
              Area too small (10 Ôëñ 30)
Contour #5449: Area=    16, Ratio=9.00, Circ=0.05, Sol=0.38 -> Ô£ù REJECTED
              Area too small (16 Ôëñ 30)
Contour #5450: Area=    20, Ratio=9.00, Circ=0.06, Sol=0.39 -> Ô£ù REJECTED
              Area too small (20 Ôëñ 30)
Contour #5451: Area=    10, Ratio=5.00, Circ=0.11, Sol=0.42 -> Ô£ù REJECTED
              Area too small (10 Ôëñ 30)
Contour #5452: Area=     2, Ratio=1.00, Circ=0.81, Sol=1.00 -> Ô£ù REJECTED
              Area too small (2 Ôëñ 30)
Contour #5453: Area=    16, Ratio=7.67, Circ=0.07, Sol=0.42 -> Ô£ù REJECTED
              Area too small (16 Ôëñ 30)
Contour #5454: Area=    18, Ratio=7.67, Circ=0.08, Sol=0.41 -> Ô£ù REJECTED
              Area too small (18 Ôëñ 30)
Contour #5455: Area=    10, Ratio=5.00, Circ=0.12, Sol=0.47 -> Ô£ù REJECTED
              Area too small (10 Ôëñ 30)
Contour #5456: Area=     4, Ratio=2.33, Circ=0.24, Sol=0.50 -> Ô£ù REJECTED
              Area too small (4 Ôëñ 30)
Contour #5457: Area=     6, Ratio=2.33, Circ=0.31, Sol=0.67 -> Ô£ù REJECTED
              Area too small (6 Ôëñ 30)
Contour #5458: Area=     5, Ratio=2.33, Circ=0.30, Sol=0.62 -> Ô£ù REJECTED
              Area too small (5 Ôëñ 30)
Contour #5459: Area=     6, Ratio=2.33, Circ=0.31, Sol=0.67 -> Ô£ù REJECTED
              Area too small (6 Ôëñ 30)
Contour #5460: Area=     7, Ratio=2.33, Circ=0.32, Sol=0.64 -> Ô£ù REJECTED
              Area too small (7 Ôëñ 30)
Contour #5461: Area=    11, Ratio=5.00, Circ=0.12, Sol=0.52 -> Ô£ù REJECTED
              Area too small (11 Ôëñ 30)
Contour #5462: Area=    11, Ratio=5.00, Circ=0.12, Sol=0.52 -> Ô£ù REJECTED
              Area too small (11 Ôëñ 30)
Contour #5463: Area=    15, Ratio=1.00, Circ=0.86, Sol=1.00 -> Ô£ù REJECTED
              Area too small (15 Ôëñ 30)
Contour #5464: Area=   453, Ratio=3.58, Circ=0.55, Sol=1.00 -> Ô£ù REJECTED
              Aspect ratio out of range (3.58)
Contour #5465: Area=    52, Ratio=1.11, Circ=0.85, Sol=0.97 -> Ô£ô ACCEPTED
Contour #5466: Area=    50, Ratio=1.11, Circ=0.82, Sol=0.95 -> Ô£ô ACCEPTED
Contour #5467: Area=   141, Ratio=0.53, Circ=0.80, Sol=0.99 -> Ô£ù REJECTED
              Aspect ratio out of range (0.53)
Contour #5468: Area=   154, Ratio=0.55, Circ=0.80, Sol=0.98 -> Ô£ù REJECTED
              Aspect ratio out of range (0.55)
Contour #5469: Area=   150, Ratio=0.55, Circ=0.80, Sol=0.97 -> Ô£ù REJECTED
              Aspect ratio out of range (0.55)
Contour #5470: Area=   818, Ratio=2.58, Circ=0.59, Sol=0.95 -> Ô£ù REJECTED
              Area too large (818 ÔëÑ 600)
Contour #5471: Area=    58, Ratio=0.60, Circ=0.19, Sol=0.43 -> Ô£ù REJECTED
              Aspect ratio out of range (0.60)
Contour #5472: Area=    74, Ratio=0.71, Circ=0.11, Sol=0.34 -> Ô£ù REJECTED
              Circularity too low (0.11 < 0.6)
Contour #5473: Area=    80, Ratio=0.68, Circ=0.13, Sol=0.38 -> Ô£ù REJECTED
              Circularity too low (0.13 < 0.6)
Contour #5474: Area=   243, Ratio=0.68, Circ=0.83, Sol=0.97 -> Ô£ô ACCEPTED
Contour #5475: Area=   246, Ratio=0.64, Circ=0.85, Sol=0.99 -> Ô£ô ACCEPTED
Contour #5476: Area=   244, Ratio=0.68, Circ=0.83, Sol=0.97 -> Ô£ô ACCEPTED
Contour #5477: Area=    82, Ratio=0.68, Circ=0.12, Sol=0.37 -> Ô£ù REJECTED
              Circularity too low (0.12 < 0.6)
Contour #5478: Area=    90, Ratio=0.73, Circ=0.14, Sol=0.38 -> Ô£ù REJECTED
              Circularity too low (0.14 < 0.6)
Contour #5479: Area=    86, Ratio=0.68, Circ=0.14, Sol=0.40 -> Ô£ù REJECTED
              Circularity too low (0.14 < 0.6)
Contour #5480: Area=    96, Ratio=0.68, Circ=0.15, Sol=0.43 -> Ô£ù REJECTED
              Circularity too low (0.15 < 0.6)
Contour #5481: Area=    94, Ratio=0.68, Circ=0.15, Sol=0.42 -> Ô£ù REJECTED
              Circularity too low (0.15 < 0.6)
Contour #5482: Area=    97, Ratio=0.68, Circ=0.15, Sol=0.42 -> Ô£ù REJECTED
              Circularity too low (0.15 < 0.6)
Contour #5483: Area=    86, Ratio=0.68, Circ=0.13, Sol=0.38 -> Ô£ù REJECTED
              Circularity too low (0.13 < 0.6)
Contour #5484: Area=    89, Ratio=0.73, Circ=0.13, Sol=0.38 -> Ô£ù REJECTED
              Circularity too low (0.13 < 0.6)
Contour #5485: Area=    88, Ratio=0.68, Circ=0.14, Sol=0.40 -> Ô£ù REJECTED
              Circularity too low (0.14 < 0.6)
Contour #5486: Area=    95, Ratio=0.68, Circ=0.15, Sol=0.42 -> Ô£ù REJECTED
              Circularity too low (0.15 < 0.6)
Contour #5487: Area=    91, Ratio=0.68, Circ=0.14, Sol=0.41 -> Ô£ù REJECTED
              Circularity too low (0.14 < 0.6)
Contour #5488: Area=    94, Ratio=0.68, Circ=0.15, Sol=0.41 -> Ô£ù REJECTED
              Circularity too low (0.15 < 0.6)
Contour #5489: Area=    86, Ratio=0.68, Circ=0.13, Sol=0.38 -> Ô£ù REJECTED
              Circularity too low (0.13 < 0.6)
Contour #5490: Area=    93, Ratio=0.73, Circ=0.14, Sol=0.39 -> Ô£ù REJECTED
              Circularity too low (0.14 < 0.6)
Contour #5491: Area=    80, Ratio=0.68, Circ=0.12, Sol=0.35 -> Ô£ù REJECTED
              Circularity too low (0.12 < 0.6)
Contour #5492: Area=    92, Ratio=0.65, Circ=0.14, Sol=0.41 -> Ô£ù REJECTED
              Circularity too low (0.14 < 0.6)
Contour #5493: Area=    84, Ratio=0.68, Circ=0.13, Sol=0.38 -> Ô£ù REJECTED
              Circularity too low (0.13 < 0.6)
Contour #5494: Area=   100, Ratio=0.65, Circ=0.15, Sol=0.42 -> Ô£ù REJECTED
              Circularity too low (0.15 < 0.6)
Contour #5495: Area=   952, Ratio=1.03, Circ=0.90, Sol=0.98 -> Ô£ù REJECTED
              Area too large (952 ÔëÑ 600)
Contour #5496: Area=   946, Ratio=1.06, Circ=0.89, Sol=0.98 -> Ô£ù REJECTED
              Area too large (946 ÔëÑ 600)
Contour #5497: Area=   947, Ratio=1.03, Circ=0.91, Sol=0.99 -> Ô£ù REJECTED
              Area too large (947 ÔëÑ 600)
Contour #5498: Area=   953, Ratio=1.03, Circ=0.91, Sol=0.99 -> Ô£ù REJECTED
              Area too large (953 ÔëÑ 600)
Contour #5499: Area=   952, Ratio=1.03, Circ=0.91, Sol=0.99 -> Ô£ù REJECTED
              Area too large (952 ÔëÑ 600)
Contour #5500: Area=   951, Ratio=1.03, Circ=0.91, Sol=0.99 -> Ô£ù REJECTED
              Area too large (951 ÔëÑ 600)
Contour #5501: Area=   951, Ratio=1.03, Circ=0.91, Sol=0.99 -> Ô£ù REJECTED
              Area too large (951 ÔëÑ 600)
Contour #5502: Area=   947, Ratio=1.03, Circ=0.91, Sol=0.98 -> Ô£ù REJECTED
              Area too large (947 ÔëÑ 600)
Contour #5503: Area=   951, Ratio=1.03, Circ=0.87, Sol=0.97 -> Ô£ù REJECTED
              Area too large (951 ÔëÑ 600)
Contour #5504: Area=   950, Ratio=1.03, Circ=0.91, Sol=0.99 -> Ô£ù REJECTED
              Area too large (950 ÔëÑ 600)
Contour #5505: Area=   956, Ratio=1.00, Circ=0.90, Sol=0.98 -> Ô£ù REJECTED
              Area too large (956 ÔëÑ 600)
Contour #5506: Area=   954, Ratio=1.00, Circ=0.90, Sol=0.98 -> Ô£ù REJECTED
              Area too large (954 ÔëÑ 600)
Contour #5507: Area=   947, Ratio=1.03, Circ=0.91, Sol=0.98 -> Ô£ù REJECTED
              Area too large (947 ÔëÑ 600)
Contour #5508: Area=    16, Ratio=0.83, Circ=0.91, Sol=1.00 -> Ô£ù REJECTED
              Area too small (16 Ôëñ 30)
Contour #5509: Area=    76, Ratio=0.30, Circ=0.45, Sol=0.90 -> Ô£ù REJECTED
              Aspect ratio out of range (0.30)
Contour #5510: Area=   144, Ratio=0.85, Circ=0.15, Sol=0.52 -> Ô£ù REJECTED
              Circularity too low (0.15 < 0.6)
Contour #5511: Area=   209, Ratio=0.85, Circ=0.32, Sol=0.73 -> Ô£ù REJECTED
              Circularity too low (0.32 < 0.6)
Contour #5512: Area=   100, Ratio=0.60, Circ=0.35, Sol=0.65 -> Ô£ù REJECTED
              Aspect ratio out of range (0.60)
Contour #5513: Area=   214, Ratio=0.90, Circ=0.33, Sol=0.74 -> Ô£ù REJECTED
              Circularity too low (0.33 < 0.6)
Contour #5514: Area=   253, Ratio=1.45, Circ=0.13, Sol=0.48 -> Ô£ù REJECTED
              Circularity too low (0.13 < 0.6)
Contour #5515: Area=   164, Ratio=0.85, Circ=0.21, Sol=0.55 -> Ô£ù REJECTED
              Circularity too low (0.21 < 0.6)
Contour #5516: Area=   953, Ratio=1.03, Circ=0.91, Sol=0.99 -> Ô£ù REJECTED
              Area too large (953 ÔëÑ 600)
Contour #5517: Area=   958, Ratio=1.00, Circ=0.90, Sol=0.98 -> Ô£ù REJECTED
              Area too large (958 ÔëÑ 600)
Contour #5518: Area=   954, Ratio=1.00, Circ=0.90, Sol=0.98 -> Ô£ù REJECTED
              Area too large (954 ÔëÑ 600)
Contour #5519: Area=   955, Ratio=1.00, Circ=0.90, Sol=0.98 -> Ô£ù REJECTED
              Area too large (955 ÔëÑ 600)
Contour #5520: Area=   950, Ratio=0.97, Circ=0.91, Sol=0.99 -> Ô£ù REJECTED
              Area too large (950 ÔëÑ 600)
Contour #5521: Area=   954, Ratio=1.00, Circ=0.90, Sol=0.98 -> Ô£ù REJECTED
              Area too large (954 ÔëÑ 600)
Contour #5522: Area=   951, Ratio=1.00, Circ=0.90, Sol=0.98 -> Ô£ù REJECTED
              Area too large (951 ÔëÑ 600)
Contour #5523: Area=   955, Ratio=1.00, Circ=0.90, Sol=0.98 -> Ô£ù REJECTED
              Area too large (955 ÔëÑ 600)
Contour #5524: Area=   953, Ratio=1.00, Circ=0.90, Sol=0.98 -> Ô£ù REJECTED
              Area too large (953 ÔëÑ 600)
Contour #5525: Area=   957, Ratio=1.03, Circ=0.87, Sol=0.98 -> Ô£ù REJECTED
              Area too large (957 ÔëÑ 600)
Contour #5526: Area=   957, Ratio=0.97, Circ=0.87, Sol=0.97 -> Ô£ù REJECTED
              Area too large (957 ÔëÑ 600)
Contour #5527: Area=  1224, Ratio=1.02, Circ=0.89, Sol=0.98 -> Ô£ù REJECTED
              Area too large (1224 ÔëÑ 600)
Contour #5528: Area=  1211, Ratio=1.00, Circ=0.90, Sol=0.98 -> Ô£ù REJECTED
              Area too large (1211 ÔëÑ 600)
Contour #5529: Area=  1229, Ratio=1.00, Circ=0.91, Sol=0.99 -> Ô£ù REJECTED
              Area too large (1229 ÔëÑ 600)
Contour #5530: Area=  1232, Ratio=1.02, Circ=0.89, Sol=0.98 -> Ô£ù REJECTED
              Area too large (1232 ÔëÑ 600)
Contour #5531: Area=  1230, Ratio=1.02, Circ=0.89, Sol=0.98 -> Ô£ù REJECTED
              Area too large (1230 ÔëÑ 600)
Contour #5532: Area=  1230, Ratio=1.02, Circ=0.90, Sol=0.99 -> Ô£ù REJECTED
              Area too large (1230 ÔëÑ 600)
Contour #5533: Area=  1226, Ratio=1.00, Circ=0.90, Sol=0.99 -> Ô£ù REJECTED
              Area too large (1226 ÔëÑ 600)
Contour #5534: Area=  1226, Ratio=1.00, Circ=0.90, Sol=0.99 -> Ô£ù REJECTED
              Area too large (1226 ÔëÑ 600)
Contour #5535: Area=  1222, Ratio=1.00, Circ=0.91, Sol=0.99 -> Ô£ù REJECTED
              Area too large (1222 ÔëÑ 600)
Contour #5536: Area=  1228, Ratio=1.00, Circ=0.90, Sol=0.99 -> Ô£ù REJECTED
              Area too large (1228 ÔëÑ 600)
Contour #5537: Area=  1226, Ratio=1.02, Circ=0.90, Sol=0.98 -> Ô£ù REJECTED
              Area too large (1226 ÔëÑ 600)
Contour #5538: Area=  1238, Ratio=1.00, Circ=0.89, Sol=0.98 -> Ô£ù REJECTED
              Area too large (1238 ÔëÑ 600)
Contour #5539: Area=  1227, Ratio=1.00, Circ=0.89, Sol=0.98 -> Ô£ù REJECTED
              Area too large (1227 ÔëÑ 600)
Contour #5540: Area=  1234, Ratio=0.98, Circ=0.90, Sol=0.98 -> Ô£ù REJECTED
              Area too large (1234 ÔëÑ 600)
Contour #5541: Area=  1228, Ratio=0.98, Circ=0.89, Sol=0.98 -> Ô£ù REJECTED
              Area too large (1228 ÔëÑ 600)
Contour #5542: Area=  1236, Ratio=0.98, Circ=0.89, Sol=0.98 -> Ô£ù REJECTED
              Area too large (1236 ÔëÑ 600)
Contour #5543: Area=  1228, Ratio=0.98, Circ=0.90, Sol=0.99 -> Ô£ù REJECTED
              Area too large (1228 ÔëÑ 600)
Contour #5544: Area=  1237, Ratio=1.00, Circ=0.89, Sol=0.98 -> Ô£ù REJECTED
              Area too large (1237 ÔëÑ 600)
Contour #5545: Area=  1237, Ratio=1.00, Circ=0.89, Sol=0.98 -> Ô£ù REJECTED
              Area too large (1237 ÔëÑ 600)
Contour #5546: Area=  1230, Ratio=1.00, Circ=0.89, Sol=0.98 -> Ô£ù REJECTED
              Area too large (1230 ÔëÑ 600)
Contour #5547: Area=  1227, Ratio=0.98, Circ=0.90, Sol=0.98 -> Ô£ù REJECTED
              Area too large (1227 ÔëÑ 600)
Contour #5548: Area=  1236, Ratio=1.00, Circ=0.89, Sol=0.98 -> Ô£ù REJECTED
              Area too large (1236 ÔëÑ 600)
Contour #5549: Area=  1219, Ratio=1.00, Circ=0.88, Sol=0.98 -> Ô£ù REJECTED
              Area too large (1219 ÔëÑ 600)
Contour #5550: Area=  1226, Ratio=0.98, Circ=0.88, Sol=0.98 -> Ô£ù REJECTED
              Area too large (1226 ÔëÑ 600)
Contour #5551: Area=   512, Ratio=0.00, Circ=0.01, Sol=1.00 -> Ô£ù REJECTED
              Aspect ratio out of range (0.00)
Contour #5552: Area=   512, Ratio=0.00, Circ=0.01, Sol=1.00 -> Ô£ù REJECTED
              Aspect ratio out of range (0.00)
Contour #5553: Area=   272, Ratio=0.78, Circ=0.15, Sol=0.52 -> Ô£ù REJECTED
              Circularity too low (0.15 < 0.6)
Contour #5554: Area= 80802, Ratio=0.30, Circ=0.55, Sol=1.00 -> Ô£ù REJECTED
              Area too large (80802 ÔëÑ 600)
Contour #5555: Area=   452, Ratio=3.58, Circ=0.55, Sol=1.00 -> Ô£ù REJECTED
              Aspect ratio out of range (3.58)
Contour #5556: Area=   864, Ratio=2.58, Circ=0.62, Sol=1.00 -> Ô£ù REJECTED
              Area too large (864 ÔëÑ 600)
Contour #5557: Area=    77, Ratio=0.70, Circ=0.10, Sol=0.39 -> Ô£ù REJECTED
              Circularity too low (0.10 < 0.6)
Contour #5558: Area=    98, Ratio=0.73, Circ=0.09, Sol=0.32 -> Ô£ù REJECTED
              Circularity too low (0.09 < 0.6)
Contour #5559: Area=   110, Ratio=0.73, Circ=0.10, Sol=0.35 -> Ô£ù REJECTED
              Circularity too low (0.10 < 0.6)
Contour #5560: Area=   120, Ratio=0.77, Circ=0.11, Sol=0.37 -> Ô£ù REJECTED
              Circularity too low (0.11 < 0.6)
Contour #5561: Area=   116, Ratio=0.73, Circ=0.10, Sol=0.37 -> Ô£ù REJECTED
              Circularity too low (0.10 < 0.6)
Contour #5562: Area=   126, Ratio=0.77, Circ=0.11, Sol=0.39 -> Ô£ù REJECTED
              Circularity too low (0.11 < 0.6)
Contour #5563: Area=   110, Ratio=0.77, Circ=0.09, Sol=0.34 -> Ô£ù REJECTED
              Circularity too low (0.09 < 0.6)
Contour #5564: Area=   116, Ratio=0.73, Circ=0.10, Sol=0.37 -> Ô£ù REJECTED
              Circularity too low (0.10 < 0.6)
Contour #5565: Area=   114, Ratio=0.73, Circ=0.10, Sol=0.37 -> Ô£ù REJECTED
              Circularity too low (0.10 < 0.6)
Contour #5566: Area=   121, Ratio=0.77, Circ=0.10, Sol=0.37 -> Ô£ù REJECTED
              Circularity too low (0.10 < 0.6)
Contour #5567: Area=   120, Ratio=0.73, Circ=0.11, Sol=0.38 -> Ô£ù REJECTED
              Circularity too low (0.11 < 0.6)
Contour #5568: Area=   128, Ratio=0.77, Circ=0.11, Sol=0.39 -> Ô£ù REJECTED
              Circularity too low (0.11 < 0.6)
Contour #5569: Area=   112, Ratio=0.77, Circ=0.10, Sol=0.35 -> Ô£ù REJECTED
              Circularity too low (0.10 < 0.6)
Contour #5570: Area=   118, Ratio=0.77, Circ=0.10, Sol=0.36 -> Ô£ù REJECTED
              Circularity too low (0.10 < 0.6)
Contour #5571: Area=   118, Ratio=0.73, Circ=0.11, Sol=0.38 -> Ô£ù REJECTED
              Circularity too low (0.11 < 0.6)
Contour #5572: Area=   120, Ratio=0.73, Circ=0.11, Sol=0.38 -> Ô£ù REJECTED
              Circularity too low (0.11 < 0.6)
Contour #5573: Area=   118, Ratio=0.73, Circ=0.10, Sol=0.38 -> Ô£ù REJECTED
              Circularity too low (0.10 < 0.6)
Contour #5574: Area=   126, Ratio=0.77, Circ=0.11, Sol=0.39 -> Ô£ù REJECTED
              Circularity too low (0.11 < 0.6)
Contour #5575: Area=   110, Ratio=0.77, Circ=0.09, Sol=0.34 -> Ô£ù REJECTED
              Circularity too low (0.09 < 0.6)
Contour #5576: Area=   117, Ratio=0.73, Circ=0.10, Sol=0.37 -> Ô£ù REJECTED
              Circularity too low (0.10 < 0.6)
Contour #5577: Area=   118, Ratio=0.70, Circ=0.11, Sol=0.36 -> Ô£ù REJECTED
              Circularity too low (0.11 < 0.6)
Contour #5578: Area=   960, Ratio=1.00, Circ=0.90, Sol=0.98 -> Ô£ù REJECTED
              Area too large (960 ÔëÑ 600)
Contour #5579: Area=   958, Ratio=1.00, Circ=0.90, Sol=0.98 -> Ô£ù REJECTED
              Area too large (958 ÔëÑ 600)
Contour #5580: Area=   953, Ratio=1.00, Circ=0.90, Sol=0.98 -> Ô£ù REJECTED
              Area too large (953 ÔëÑ 600)
Contour #5581: Area=   954, Ratio=1.00, Circ=0.90, Sol=0.98 -> Ô£ù REJECTED
              Area too large (954 ÔëÑ 600)
Contour #5582: Area=   952, Ratio=1.00, Circ=0.90, Sol=0.98 -> Ô£ù REJECTED
              Area too large (952 ÔëÑ 600)
Contour #5583: Area=   956, Ratio=1.00, Circ=0.89, Sol=0.98 -> Ô£ù REJECTED
              Area too large (956 ÔëÑ 600)
Contour #5584: Area=   954, Ratio=1.00, Circ=0.90, Sol=0.98 -> Ô£ù REJECTED
              Area too large (954 ÔëÑ 600)
Contour #5585: Area=   962, Ratio=1.00, Circ=0.91, Sol=0.98 -> Ô£ù REJECTED
              Area too large (962 ÔëÑ 600)
Contour #5586: Area=   958, Ratio=1.00, Circ=0.89, Sol=0.98 -> Ô£ù REJECTED
              Area too large (958 ÔëÑ 600)
Contour #5587: Area=   957, Ratio=1.00, Circ=0.90, Sol=0.98 -> Ô£ù REJECTED
              Area too large (957 ÔëÑ 600)
Contour #5588: Area=   953, Ratio=1.00, Circ=0.90, Sol=0.98 -> Ô£ù REJECTED
              Area too large (953 ÔëÑ 600)
Contour #5589: Area=   958, Ratio=1.00, Circ=0.90, Sol=0.98 -> Ô£ù REJECTED
              Area too large (958 ÔëÑ 600)
Contour #5590: Area=   954, Ratio=1.00, Circ=0.90, Sol=0.98 -> Ô£ù REJECTED
              Area too large (954 ÔëÑ 600)
Contour #5591: Area=   958, Ratio=1.00, Circ=0.90, Sol=0.98 -> Ô£ù REJECTED
              Area too large (958 ÔëÑ 600)
Contour #5592: Area=   957, Ratio=1.00, Circ=0.90, Sol=0.98 -> Ô£ù REJECTED
              Area too large (957 ÔëÑ 600)
Contour #5593: Area=   959, Ratio=1.00, Circ=0.90, Sol=0.99 -> Ô£ù REJECTED
              Area too large (959 ÔëÑ 600)
Contour #5594: Area=   952, Ratio=1.00, Circ=0.90, Sol=0.98 -> Ô£ù REJECTED
              Area too large (952 ÔëÑ 600)
Contour #5595: Area=   957, Ratio=1.03, Circ=0.89, Sol=0.98 -> Ô£ù REJECTED
              Area too large (957 ÔëÑ 600)
Contour #5596: Area=   955, Ratio=1.00, Circ=0.90, Sol=0.98 -> Ô£ù REJECTED
              Area too large (955 ÔëÑ 600)
Contour #5597: Area=   958, Ratio=1.00, Circ=0.90, Sol=0.98 -> Ô£ù REJECTED
              Area too large (958 ÔëÑ 600)
Contour #5598: Area=   952, Ratio=1.00, Circ=0.90, Sol=0.98 -> Ô£ù REJECTED
              Area too large (952 ÔëÑ 600)
Contour #5599: Area=  1224, Ratio=1.02, Circ=0.90, Sol=0.98 -> Ô£ù REJECTED
              Area too large (1224 ÔëÑ 600)
Contour #5600: Area=  1227, Ratio=1.02, Circ=0.90, Sol=0.98 -> Ô£ù REJECTED
              Area too large (1227 ÔëÑ 600)
Contour #5601: Area=  1231, Ratio=1.02, Circ=0.90, Sol=0.98 -> Ô£ù REJECTED
              Area too large (1231 ÔëÑ 600)
Contour #5602: Area=  1223, Ratio=1.00, Circ=0.91, Sol=0.99 -> Ô£ù REJECTED
              Area too large (1223 ÔëÑ 600)
Contour #5603: Area=  1226, Ratio=1.00, Circ=0.90, Sol=0.98 -> Ô£ù REJECTED
              Area too large (1226 ÔëÑ 600)
Contour #5604: Area=  1224, Ratio=1.00, Circ=0.91, Sol=0.99 -> Ô£ù REJECTED
              Area too large (1224 ÔëÑ 600)
Contour #5605: Area=  1225, Ratio=1.00, Circ=0.91, Sol=0.99 -> Ô£ù REJECTED
              Area too large (1225 ÔëÑ 600)
Contour #5606: Area=  1230, Ratio=1.02, Circ=0.89, Sol=0.98 -> Ô£ù REJECTED
              Area too large (1230 ÔëÑ 600)
Contour #5607: Area=  1229, Ratio=1.02, Circ=0.90, Sol=0.98 -> Ô£ù REJECTED
              Area too large (1229 ÔëÑ 600)
Contour #5608: Area=  1228, Ratio=1.02, Circ=0.89, Sol=0.98 -> Ô£ù REJECTED
              Area too large (1228 ÔëÑ 600)
Contour #5609: Area=  1230, Ratio=1.02, Circ=0.90, Sol=0.98 -> Ô£ù REJECTED
              Area too large (1230 ÔëÑ 600)
Contour #5610: Area=  1228, Ratio=1.00, Circ=0.91, Sol=0.99 -> Ô£ù REJECTED
              Area too large (1228 ÔëÑ 600)
Contour #5611: Area=  1229, Ratio=1.00, Circ=0.91, Sol=0.99 -> Ô£ù REJECTED
              Area too large (1229 ÔëÑ 600)
Contour #5612: Area=  1228, Ratio=1.00, Circ=0.91, Sol=0.99 -> Ô£ù REJECTED
              Area too large (1228 ÔëÑ 600)
Contour #5613: Area=  1234, Ratio=1.02, Circ=0.90, Sol=0.98 -> Ô£ù REJECTED
              Area too large (1234 ÔëÑ 600)
Contour #5614: Area=  1228, Ratio=1.02, Circ=0.88, Sol=0.98 -> Ô£ù REJECTED
              Area too large (1228 ÔëÑ 600)
Contour #5615: Area=  1233, Ratio=1.02, Circ=0.90, Sol=0.98 -> Ô£ù REJECTED
              Area too large (1233 ÔëÑ 600)
Contour #5616: Area=  1227, Ratio=1.00, Circ=0.91, Sol=0.99 -> Ô£ù REJECTED
              Area too large (1227 ÔëÑ 600)
Contour #5617: Area=  1230, Ratio=1.02, Circ=0.90, Sol=0.99 -> Ô£ù REJECTED
              Area too large (1230 ÔëÑ 600)
Contour #5618: Area=  1226, Ratio=0.98, Circ=0.89, Sol=0.98 -> Ô£ù REJECTED
              Area too large (1226 ÔëÑ 600)
Contour #5619: Area=  1230, Ratio=0.98, Circ=0.89, Sol=0.98 -> Ô£ù REJECTED
              Area too large (1230 ÔëÑ 600)
Contour #5620: Area=   510, Ratio=171.00, Circ=0.00, Sol=0.50 -> Ô£ù REJECTED
              Aspect ratio out of range (171.00)
Contour #5621: Area=  2657, Ratio=1.02, Circ=0.79, Sol=0.98 -> Ô£ù REJECTED
              Area too large (2657 ÔëÑ 600)
Contour #5622: Area=  2576, Ratio=1.00, Circ=0.76, Sol=0.95 -> Ô£ù REJECTED
              Area too large (2576 ÔëÑ 600)
Contour #5623: Area=  2512, Ratio=0.96, Circ=0.78, Sol=0.97 -> Ô£ù REJECTED
              Area too large (2512 ÔëÑ 600)
Contour #5624: Area=    15, Ratio=1.00, Circ=0.86, Sol=1.00 -> Ô£ù REJECTED
              Area too small (15 Ôëñ 30)
Contour #5625: Area=    52, Ratio=1.11, Circ=0.85, Sol=0.96 -> Ô£ô ACCEPTED
Contour #5626: Area=    44, Ratio=1.83, Circ=0.66, Sol=0.94 -> Ô£ù REJECTED
              Aspect ratio out of range (1.83)
Contour #5627: Area=   112, Ratio=0.79, Circ=0.93, Sol=1.00 -> Ô£ô ACCEPTED
Contour #5628: Area=   115, Ratio=0.86, Circ=0.86, Sol=0.96 -> Ô£ô ACCEPTED
Contour #5629: Area=   116, Ratio=0.86, Circ=0.92, Sol=0.99 -> Ô£ô ACCEPTED
Contour #5630: Area=    16, Ratio=0.83, Circ=0.86, Sol=0.97 -> Ô£ù REJECTED
              Area too small (16 Ôëñ 30)
Contour #5631: Area=    76, Ratio=0.25, Circ=0.46, Sol=1.00 -> Ô£ù REJECTED
              Aspect ratio out of range (0.25)
Contour #5632: Area=    66, Ratio=0.30, Circ=0.38, Sol=0.78 -> Ô£ù REJECTED
              Aspect ratio out of range (0.30)
Contour #5633: Area=   212, Ratio=0.90, Circ=0.33, Sol=0.73 -> Ô£ù REJECTED
              Circularity too low (0.33 < 0.6)
Contour #5634: Area=   174, Ratio=0.68, Circ=0.17, Sol=0.48 -> Ô£ù REJECTED
              Circularity too low (0.17 < 0.6)
Contour #5635: Area=   286, Ratio=0.95, Circ=0.93, Sol=0.99 -> Ô£ô ACCEPTED
Contour #5636: Area=    70, Ratio=0.77, Circ=0.72, Sol=0.94 -> Ô£ô ACCEPTED
Contour #5637: Area=    27, Ratio=0.67, Circ=0.84, Sol=1.00 -> Ô£ù REJECTED
              Area too small (27 Ôëñ 30)
Contour #5638: Area=   331, Ratio=0.70, Circ=0.55, Sol=0.87 -> Ô£ù REJECTED
              Circularity too low (0.55 < 0.6)
Contour #5639: Area=   294, Ratio=0.96, Circ=0.36, Sol=0.71 -> Ô£ù REJECTED
              Circularity too low (0.36 < 0.6)
Contour #5640: Area=   314, Ratio=0.67, Circ=0.53, Sol=0.86 -> Ô£ù REJECTED
              Circularity too low (0.53 < 0.6)
Contour #5641: Area=   241, Ratio=0.81, Circ=0.14, Sol=0.51 -> Ô£ù REJECTED
              Circularity too low (0.14 < 0.6)
Contour #5642: Area=   454, Ratio=3.58, Circ=0.56, Sol=1.00 -> Ô£ù REJECTED
              Aspect ratio out of range (3.58)
Contour #5643: Area=   127, Ratio=0.80, Circ=0.86, Sol=0.97 -> Ô£ô ACCEPTED
Contour #5644: Area=   816, Ratio=2.72, Circ=0.61, Sol=1.00 -> Ô£ù REJECTED
              Area too large (816 ÔëÑ 600)
Contour #5645: Area=   199, Ratio=0.78, Circ=0.85, Sol=0.99 -> Ô£ô ACCEPTED
Contour #5646: Area=   201, Ratio=0.78, Circ=0.86, Sol=0.99 -> Ô£ô ACCEPTED
Contour #5647: Area=   204, Ratio=0.74, Circ=0.85, Sol=0.98 -> Ô£ô ACCEPTED
Contour #5648: Area=   204, Ratio=0.78, Circ=0.87, Sol=1.00 -> Ô£ô ACCEPTED
Contour #5649: Area=   200, Ratio=0.83, Circ=0.83, Sol=0.96 -> Ô£ô ACCEPTED
Contour #5650: Area=   196, Ratio=0.83, Circ=0.83, Sol=0.96 -> Ô£ô ACCEPTED
Contour #5651: Area=   200, Ratio=0.74, Circ=0.83, Sol=0.97 -> Ô£ô ACCEPTED
Contour #5652: Area=   200, Ratio=0.74, Circ=0.83, Sol=0.98 -> Ô£ô ACCEPTED
Contour #5653: Area=   202, Ratio=0.74, Circ=0.84, Sol=0.98 -> Ô£ô ACCEPTED
Contour #5654: Area=   202, Ratio=0.74, Circ=0.86, Sol=0.98 -> Ô£ô ACCEPTED
Contour #5655: Area=   206, Ratio=0.74, Circ=0.86, Sol=0.98 -> Ô£ô ACCEPTED
Contour #5656: Area=   194, Ratio=0.74, Circ=0.80, Sol=0.94 -> Ô£ô ACCEPTED
Contour #5657: Area=   204, Ratio=0.79, Circ=0.81, Sol=0.94 -> Ô£ô ACCEPTED
Contour #5658: Area=   196, Ratio=0.74, Circ=0.85, Sol=0.98 -> Ô£ô ACCEPTED
Contour #5659: Area=   204, Ratio=0.74, Circ=0.85, Sol=0.98 -> Ô£ô ACCEPTED
Contour #5660: Area=   202, Ratio=0.74, Circ=0.86, Sol=0.98 -> Ô£ô ACCEPTED
Contour #5661: Area=   209, Ratio=0.74, Circ=0.87, Sol=0.99 -> Ô£ô ACCEPTED
Contour #5662: Area=   203, Ratio=0.74, Circ=0.82, Sol=0.96 -> Ô£ô ACCEPTED
Contour #5663: Area=   206, Ratio=0.79, Circ=0.81, Sol=0.94 -> Ô£ô ACCEPTED
Contour #5664: Area=   208, Ratio=0.74, Circ=0.86, Sol=0.99 -> Ô£ô ACCEPTED
Contour #5665: Area=    76, Ratio=0.68, Circ=0.11, Sol=0.39 -> Ô£ù REJECTED
              Circularity too low (0.11 < 0.6)
Contour #5666: Area=   488, Ratio=0.89, Circ=0.91, Sol=0.98 -> Ô£ô ACCEPTED
Contour #5667: Area=   395, Ratio=0.78, Circ=0.26, Sol=0.76 -> Ô£ù REJECTED
              Circularity too low (0.26 < 0.6)
Contour #5668: Area=   325, Ratio=0.82, Circ=0.86, Sol=0.99 -> Ô£ô ACCEPTED
Contour #5669: Area=   328, Ratio=0.82, Circ=0.85, Sol=0.99 -> Ô£ô ACCEPTED
Contour #5670: Area=   330, Ratio=0.86, Circ=0.84, Sol=0.98 -> Ô£ô ACCEPTED
Contour #5671: Area=   338, Ratio=0.86, Circ=0.84, Sol=0.98 -> Ô£ô ACCEPTED
Contour #5672: Area=   338, Ratio=0.86, Circ=0.86, Sol=0.99 -> Ô£ô ACCEPTED
Contour #5673: Area=   342, Ratio=0.86, Circ=0.87, Sol=0.99 -> Ô£ô ACCEPTED
Contour #5674: Area=   324, Ratio=0.82, Circ=0.86, Sol=0.99 -> Ô£ô ACCEPTED
Contour #5675: Area=   328, Ratio=0.82, Circ=0.85, Sol=0.99 -> Ô£ô ACCEPTED
Contour #5676: Area=   328, Ratio=0.82, Circ=0.85, Sol=0.99 -> Ô£ô ACCEPTED
Contour #5677: Area=   334, Ratio=0.86, Circ=0.85, Sol=0.99 -> Ô£ô ACCEPTED
Contour #5678: Area=   335, Ratio=0.86, Circ=0.86, Sol=0.99 -> Ô£ô ACCEPTED
Contour #5679: Area=   340, Ratio=0.86, Circ=0.86, Sol=0.99 -> Ô£ô ACCEPTED
Contour #5680: Area=   330, Ratio=0.86, Circ=0.84, Sol=0.97 -> Ô£ô ACCEPTED
Contour #5681: Area=   328, Ratio=0.82, Circ=0.84, Sol=0.99 -> Ô£ô ACCEPTED
Contour #5682: Area=   324, Ratio=0.82, Circ=0.84, Sol=0.99 -> Ô£ô ACCEPTED
Contour #5683: Area=   333, Ratio=0.83, Circ=0.84, Sol=0.97 -> Ô£ô ACCEPTED
Contour #5684: Area=   327, Ratio=0.86, Circ=0.84, Sol=0.97 -> Ô£ô ACCEPTED
Contour #5685: Area=   342, Ratio=0.83, Circ=0.86, Sol=0.98 -> Ô£ô ACCEPTED
Contour #5686: Area=   322, Ratio=0.83, Circ=0.81, Sol=0.95 -> Ô£ô ACCEPTED
Contour #5687: Area=   324, Ratio=0.78, Circ=0.82, Sol=0.97 -> Ô£ô ACCEPTED
Contour #5688: Area=  1256, Ratio=1.61, Circ=0.67, Sol=0.93 -> Ô£ù REJECTED
              Area too large (1256 ÔëÑ 600)
Contour #5689: Area=   952, Ratio=1.03, Circ=0.91, Sol=0.99 -> Ô£ù REJECTED
              Area too large (952 ÔëÑ 600)
Contour #5690: Area=   950, Ratio=1.03, Circ=0.90, Sol=0.98 -> Ô£ù REJECTED
              Area too large (950 ÔëÑ 600)
Contour #5691: Area=   947, Ratio=1.03, Circ=0.91, Sol=0.99 -> Ô£ù REJECTED
              Area too large (947 ÔëÑ 600)
Contour #5692: Area=   954, Ratio=1.03, Circ=0.91, Sol=0.99 -> Ô£ù REJECTED
              Area too large (954 ÔëÑ 600)
Contour #5693: Area=   951, Ratio=1.00, Circ=0.90, Sol=0.98 -> Ô£ù REJECTED
              Area too large (951 ÔëÑ 600)
Contour #5694: Area=   944, Ratio=1.03, Circ=0.90, Sol=0.98 -> Ô£ù REJECTED
              Area too large (944 ÔëÑ 600)
Contour #5695: Area=   960, Ratio=1.00, Circ=0.90, Sol=0.98 -> Ô£ù REJECTED
              Area too large (960 ÔëÑ 600)
Contour #5696: Area=   955, Ratio=1.00, Circ=0.90, Sol=0.98 -> Ô£ù REJECTED
              Area too large (955 ÔëÑ 600)
Contour #5697: Area=   955, Ratio=1.00, Circ=0.90, Sol=0.98 -> Ô£ù REJECTED
              Area too large (955 ÔëÑ 600)
Contour #5698: Area=   954, Ratio=0.97, Circ=0.91, Sol=0.99 -> Ô£ù REJECTED
              Area too large (954 ÔëÑ 600)
Contour #5699: Area=   958, Ratio=1.00, Circ=0.90, Sol=0.99 -> Ô£ù REJECTED
              Area too large (958 ÔëÑ 600)
Contour #5700: Area=   958, Ratio=1.00, Circ=0.90, Sol=0.98 -> Ô£ù REJECTED
              Area too large (958 ÔëÑ 600)
Contour #5701: Area=   960, Ratio=1.00, Circ=0.91, Sol=0.99 -> Ô£ù REJECTED
              Area too large (960 ÔëÑ 600)
Contour #5702: Area=   953, Ratio=1.00, Circ=0.90, Sol=0.98 -> Ô£ù REJECTED
              Area too large (953 ÔëÑ 600)
Contour #5703: Area=   956, Ratio=1.00, Circ=0.89, Sol=0.98 -> Ô£ù REJECTED
              Area too large (956 ÔëÑ 600)
Contour #5704: Area=   950, Ratio=1.00, Circ=0.90, Sol=0.98 -> Ô£ù REJECTED
              Area too large (950 ÔëÑ 600)
Contour #5705: Area=   953, Ratio=1.00, Circ=0.90, Sol=0.98 -> Ô£ù REJECTED
              Area too large (953 ÔëÑ 600)
Contour #5706: Area=   956, Ratio=1.00, Circ=0.89, Sol=0.98 -> Ô£ù REJECTED
              Area too large (956 ÔëÑ 600)
Contour #5707: Area=   956, Ratio=1.00, Circ=0.90, Sol=0.98 -> Ô£ù REJECTED
              Area too large (956 ÔëÑ 600)
Contour #5708: Area=   953, Ratio=1.00, Circ=0.90, Sol=0.98 -> Ô£ù REJECTED
              Area too large (953 ÔëÑ 600)
Contour #5709: Area=   944, Ratio=1.03, Circ=0.88, Sol=0.98 -> Ô£ù REJECTED
              Area too large (944 ÔëÑ 600)
Contour #5710: Area=  1224, Ratio=1.00, Circ=0.90, Sol=0.98 -> Ô£ù REJECTED
              Area too large (1224 ÔëÑ 600)
Contour #5711: Area=  1223, Ratio=1.00, Circ=0.91, Sol=0.99 -> Ô£ù REJECTED
              Area too large (1223 ÔëÑ 600)
Contour #5712: Area=  1229, Ratio=1.00, Circ=0.91, Sol=0.99 -> Ô£ù REJECTED
              Area too large (1229 ÔëÑ 600)
Contour #5713: Area=  1228, Ratio=1.02, Circ=0.89, Sol=0.98 -> Ô£ù REJECTED
              Area too large (1228 ÔëÑ 600)
Contour #5714: Area=  1228, Ratio=1.02, Circ=0.89, Sol=0.98 -> Ô£ù REJECTED
              Area too large (1228 ÔëÑ 600)
Contour #5715: Area=  1224, Ratio=1.00, Circ=0.90, Sol=0.98 -> Ô£ù REJECTED
              Area too large (1224 ÔëÑ 600)
Contour #5716: Area=  1226, Ratio=1.00, Circ=0.90, Sol=0.98 -> Ô£ù REJECTED
              Area too large (1226 ÔëÑ 600)
Contour #5717: Area=  1225, Ratio=1.00, Circ=0.91, Sol=0.99 -> Ô£ù REJECTED
              Area too large (1225 ÔëÑ 600)
Contour #5718: Area=  1228, Ratio=1.00, Circ=0.91, Sol=0.99 -> Ô£ù REJECTED
              Area too large (1228 ÔëÑ 600)
Contour #5719: Area=  1228, Ratio=1.02, Circ=0.89, Sol=0.98 -> Ô£ù REJECTED
              Area too large (1228 ÔëÑ 600)
Contour #5720: Area=  1231, Ratio=1.02, Circ=0.90, Sol=0.98 -> Ô£ù REJECTED
              Area too large (1231 ÔëÑ 600)
Contour #5721: Area=  1229, Ratio=1.02, Circ=0.90, Sol=0.98 -> Ô£ù REJECTED
              Area too large (1229 ÔëÑ 600)
Contour #5722: Area=  1235, Ratio=1.00, Circ=0.89, Sol=0.98 -> Ô£ù REJECTED
              Area too large (1235 ÔëÑ 600)
Contour #5723: Area=  1228, Ratio=0.98, Circ=0.89, Sol=0.98 -> Ô£ù REJECTED
              Area too large (1228 ÔëÑ 600)
Contour #5724: Area=  1234, Ratio=0.98, Circ=0.89, Sol=0.98 -> Ô£ù REJECTED
              Area too large (1234 ÔëÑ 600)
Contour #5725: Area=  1228, Ratio=0.98, Circ=0.89, Sol=0.98 -> Ô£ù REJECTED
              Area too large (1228 ÔëÑ 600)
Contour #5726: Area=  1237, Ratio=1.00, Circ=0.89, Sol=0.98 -> Ô£ù REJECTED
              Area too large (1237 ÔëÑ 600)
Contour #5727: Area=  1234, Ratio=1.00, Circ=0.89, Sol=0.98 -> Ô£ù REJECTED
              Area too large (1234 ÔëÑ 600)
Contour #5728: Area=  1233, Ratio=1.00, Circ=0.89, Sol=0.98 -> Ô£ù REJECTED
              Area too large (1233 ÔëÑ 600)
Contour #5729: Area=  1226, Ratio=0.98, Circ=0.90, Sol=0.98 -> Ô£ù REJECTED
              Area too large (1226 ÔëÑ 600)
Contour #5730: Area=  1230, Ratio=1.00, Circ=0.89, Sol=0.98 -> Ô£ù REJECTED
              Area too large (1230 ÔëÑ 600)
Contour #5731: Area=    28, Ratio=1.17, Circ=0.81, Sol=0.98 -> Ô£ù REJECTED
              Area too small (28 Ôëñ 30)
Contour #5732: Area=    36, Ratio=1.50, Circ=0.78, Sol=0.99 -> Ô£ô ACCEPTED
Contour #5733: Area=   340, Ratio=0.78, Circ=0.59, Sol=0.88 -> Ô£ù REJECTED
              Circularity too low (0.59 < 0.6)
Contour #5734: Area=   345, Ratio=0.78, Circ=0.29, Sol=0.71 -> Ô£ù REJECTED
              Circularity too low (0.29 < 0.6)
Contour #5735: Area=   416, Ratio=0.85, Circ=0.42, Sol=0.80 -> Ô£ù REJECTED
              Circularity too low (0.42 < 0.6)
Contour #5736: Area=   392, Ratio=0.89, Circ=0.24, Sol=0.78 -> Ô£ù REJECTED
              Circularity too low (0.24 < 0.6)
Contour #5737: Area=  2323, Ratio=3.03, Circ=0.45, Sol=0.91 -> Ô£ù REJECTED
              Area too large (2323 ÔëÑ 600)
Contour #5738: Area=358202, Ratio=1.89, Circ=0.71, Sol=1.00 -> Ô£ù REJECTED
              Area too large (358202 ÔëÑ 600)
Contour #5739: Area= 11962, Ratio=1.97, Circ=0.67, Sol=0.99 -> Ô£ù REJECTED
              Area too large (11962 ÔëÑ 600)
Contour #5740: Area=364242, Ratio=1.88, Circ=0.71, Sol=1.00 -> Ô£ù REJECTED
              Area too large (364242 ÔëÑ 600)
Contour #5741: Area=   453, Ratio=3.58, Circ=0.55, Sol=1.00 -> Ô£ù REJECTED
              Aspect ratio out of range (3.58)
Contour #5742: Area=105158, Ratio=0.24, Circ=0.49, Sol=0.99 -> Ô£ù REJECTED
              Area too large (105158 ÔëÑ 600)
Contour #5743: Area=   822, Ratio=2.58, Circ=0.59, Sol=0.95 -> Ô£ù REJECTED
              Area too large (822 ÔëÑ 600)
Contour #5744: Area=    58, Ratio=0.63, Circ=0.15, Sol=0.46 -> Ô£ù REJECTED
              Circularity too low (0.15 < 0.6)
Contour #5745: Area=    99, Ratio=0.83, Circ=0.10, Sol=0.29 -> Ô£ù REJECTED
              Circularity too low (0.10 < 0.6)
Contour #5746: Area=   103, Ratio=0.87, Circ=0.10, Sol=0.30 -> Ô£ù REJECTED
              Circularity too low (0.10 < 0.6)
Contour #5747: Area=   116, Ratio=0.83, Circ=0.12, Sol=0.33 -> Ô£ù REJECTED
              Circularity too low (0.12 < 0.6)
Contour #5748: Area=    96, Ratio=0.83, Circ=0.10, Sol=0.29 -> Ô£ù REJECTED
              Circularity too low (0.10 < 0.6)
Contour #5749: Area=   105, Ratio=0.83, Circ=0.10, Sol=0.30 -> Ô£ù REJECTED
              Circularity too low (0.10 < 0.6)
Contour #5750: Area=   106, Ratio=0.79, Circ=0.11, Sol=0.31 -> Ô£ù REJECTED
              Circularity too low (0.11 < 0.6)
Contour #5751: Area=   112, Ratio=0.76, Circ=0.11, Sol=0.32 -> Ô£ù REJECTED
              Circularity too low (0.11 < 0.6)
Contour #5752: Area=   104, Ratio=0.83, Circ=0.10, Sol=0.30 -> Ô£ù REJECTED
              Circularity too low (0.10 < 0.6)
Contour #5753: Area=   114, Ratio=0.80, Circ=0.11, Sol=0.32 -> Ô£ù REJECTED
              Circularity too low (0.11 < 0.6)
Contour #5754: Area=   104, Ratio=0.83, Circ=0.11, Sol=0.30 -> Ô£ù REJECTED
              Circularity too low (0.11 < 0.6)
Contour #5755: Area=   112, Ratio=0.79, Circ=0.12, Sol=0.32 -> Ô£ù REJECTED
              Circularity too low (0.12 < 0.6)
Contour #5756: Area=   102, Ratio=0.79, Circ=0.10, Sol=0.30 -> Ô£ù REJECTED
              Circularity too low (0.10 < 0.6)
Contour #5757: Area=   115, Ratio=0.77, Circ=0.11, Sol=0.32 -> Ô£ù REJECTED
              Circularity too low (0.11 < 0.6)
Contour #5758: Area=   106, Ratio=0.80, Circ=0.11, Sol=0.30 -> Ô£ù REJECTED
              Circularity too low (0.11 < 0.6)
Contour #5759: Area=   114, Ratio=0.80, Circ=0.11, Sol=0.32 -> Ô£ù REJECTED
              Circularity too low (0.11 < 0.6)
Contour #5760: Area=   103, Ratio=0.83, Circ=0.11, Sol=0.30 -> Ô£ù REJECTED
              Circularity too low (0.11 < 0.6)
Contour #5761: Area=   116, Ratio=0.83, Circ=0.11, Sol=0.33 -> Ô£ù REJECTED
              Circularity too low (0.11 < 0.6)
Contour #5762: Area=   102, Ratio=0.79, Circ=0.10, Sol=0.30 -> Ô£ù REJECTED
              Circularity too low (0.10 < 0.6)
Contour #5763: Area=   114, Ratio=0.76, Circ=0.11, Sol=0.32 -> Ô£ù REJECTED
              Circularity too low (0.11 < 0.6)
Contour #5764: Area=   116, Ratio=0.80, Circ=0.12, Sol=0.33 -> Ô£ù REJECTED
              Circularity too low (0.12 < 0.6)
Contour #5765: Area=   952, Ratio=1.03, Circ=0.91, Sol=0.99 -> Ô£ù REJECTED
              Area too large (952 ÔëÑ 600)
Contour #5766: Area=   951, Ratio=1.03, Circ=0.91, Sol=0.99 -> Ô£ù REJECTED
              Area too large (951 ÔëÑ 600)
Contour #5767: Area=   950, Ratio=1.03, Circ=0.91, Sol=0.99 -> Ô£ù REJECTED
              Area too large (950 ÔëÑ 600)
Contour #5768: Area=   950, Ratio=1.03, Circ=0.91, Sol=0.99 -> Ô£ù REJECTED
              Area too large (950 ÔëÑ 600)
Contour #5769: Area=   949, Ratio=1.00, Circ=0.92, Sol=0.99 -> Ô£ù REJECTED
              Area too large (949 ÔëÑ 600)
Contour #5770: Area=   953, Ratio=1.00, Circ=0.90, Sol=0.98 -> Ô£ù REJECTED
              Area too large (953 ÔëÑ 600)
Contour #5771: Area=   947, Ratio=1.03, Circ=0.91, Sol=0.99 -> Ô£ù REJECTED
              Area too large (947 ÔëÑ 600)
Contour #5772: Area=   954, Ratio=1.00, Circ=0.88, Sol=0.98 -> Ô£ù REJECTED
              Area too large (954 ÔëÑ 600)
Contour #5773: Area=   951, Ratio=1.00, Circ=0.90, Sol=0.98 -> Ô£ù REJECTED
              Area too large (951 ÔëÑ 600)
Contour #5774: Area=   953, Ratio=1.00, Circ=0.89, Sol=0.98 -> Ô£ù REJECTED
              Area too large (953 ÔëÑ 600)
Contour #5775: Area=   950, Ratio=1.00, Circ=0.90, Sol=0.98 -> Ô£ù REJECTED
              Area too large (950 ÔëÑ 600)
Contour #5776: Area=   955, Ratio=1.00, Circ=0.89, Sol=0.98 -> Ô£ù REJECTED
              Area too large (955 ÔëÑ 600)
Contour #5777: Area=   950, Ratio=1.00, Circ=0.88, Sol=0.98 -> Ô£ù REJECTED
              Area too large (950 ÔëÑ 600)
Contour #5778: Area=   958, Ratio=1.00, Circ=0.88, Sol=0.98 -> Ô£ù REJECTED
              Area too large (958 ÔëÑ 600)
Contour #5779: Area=   954, Ratio=1.00, Circ=0.88, Sol=0.98 -> Ô£ù REJECTED
              Area too large (954 ÔëÑ 600)
Contour #5780: Area=   954, Ratio=1.00, Circ=0.89, Sol=0.98 -> Ô£ù REJECTED
              Area too large (954 ÔëÑ 600)
Contour #5781: Area=   951, Ratio=1.00, Circ=0.88, Sol=0.98 -> Ô£ù REJECTED
              Area too large (951 ÔëÑ 600)
Contour #5782: Area=   956, Ratio=1.03, Circ=0.89, Sol=0.98 -> Ô£ù REJECTED
              Area too large (956 ÔëÑ 600)
Contour #5783: Area=   954, Ratio=1.00, Circ=0.89, Sol=0.98 -> Ô£ù REJECTED
              Area too large (954 ÔëÑ 600)
Contour #5784: Area=   955, Ratio=1.00, Circ=0.90, Sol=0.98 -> Ô£ù REJECTED
              Area too large (955 ÔëÑ 600)
Contour #5785: Area=   953, Ratio=1.03, Circ=0.89, Sol=0.98 -> Ô£ù REJECTED
              Area too large (953 ÔëÑ 600)
Contour #5786: Area=  1221, Ratio=1.02, Circ=0.89, Sol=0.98 -> Ô£ù REJECTED
              Area too large (1221 ÔëÑ 600)
Contour #5787: Area=  1222, Ratio=1.00, Circ=0.91, Sol=0.99 -> Ô£ù REJECTED
              Area too large (1222 ÔëÑ 600)
Contour #5788: Area=  1227, Ratio=1.00, Circ=0.91, Sol=0.99 -> Ô£ù REJECTED
              Area too large (1227 ÔëÑ 600)
Contour #5789: Area=  1224, Ratio=1.02, Circ=0.89, Sol=0.98 -> Ô£ù REJECTED
              Area too large (1224 ÔëÑ 600)
Contour #5790: Area=  1227, Ratio=1.02, Circ=0.88, Sol=0.98 -> Ô£ù REJECTED
              Area too large (1227 ÔëÑ 600)
Contour #5791: Area=  1219, Ratio=1.02, Circ=0.89, Sol=0.98 -> Ô£ù REJECTED
              Area too large (1219 ÔëÑ 600)
Contour #5792: Area=  1225, Ratio=1.00, Circ=0.91, Sol=0.99 -> Ô£ù REJECTED
              Area too large (1225 ÔëÑ 600)
Contour #5793: Area=  1225, Ratio=1.00, Circ=0.91, Sol=0.99 -> Ô£ù REJECTED
              Area too large (1225 ÔëÑ 600)
Contour #5794: Area=  1228, Ratio=1.00, Circ=0.91, Sol=0.99 -> Ô£ù REJECTED
              Area too large (1228 ÔëÑ 600)
Contour #5795: Area=  1223, Ratio=1.00, Circ=0.91, Sol=0.99 -> Ô£ù REJECTED
              Area too large (1223 ÔëÑ 600)
Contour #5796: Area=  1233, Ratio=1.02, Circ=0.89, Sol=0.98 -> Ô£ù REJECTED
              Area too large (1233 ÔëÑ 600)
Contour #5797: Area=  1226, Ratio=1.02, Circ=0.88, Sol=0.98 -> Ô£ù REJECTED
              Area too large (1226 ÔëÑ 600)
Contour #5798: Area=  1234, Ratio=1.02, Circ=0.89, Sol=0.98 -> Ô£ù REJECTED
              Area too large (1234 ÔëÑ 600)
Contour #5799: Area=  1224, Ratio=1.00, Circ=0.91, Sol=0.99 -> Ô£ù REJECTED
              Area too large (1224 ÔëÑ 600)
Contour #5800: Area=  1228, Ratio=1.00, Circ=0.91, Sol=0.99 -> Ô£ù REJECTED
              Area too large (1228 ÔëÑ 600)
Contour #5801: Area=  1228, Ratio=1.00, Circ=0.91, Sol=0.99 -> Ô£ù REJECTED
              Area too large (1228 ÔëÑ 600)
Contour #5802: Area=  1230, Ratio=1.02, Circ=0.89, Sol=0.98 -> Ô£ù REJECTED
              Area too large (1230 ÔëÑ 600)
Contour #5803: Area=  1228, Ratio=1.02, Circ=0.90, Sol=0.98 -> Ô£ù REJECTED
              Area too large (1228 ÔëÑ 600)
Contour #5804: Area=  1232, Ratio=1.02, Circ=0.89, Sol=0.98 -> Ô£ù REJECTED
              Area too large (1232 ÔëÑ 600)
Contour #5805: Area=  1226, Ratio=1.00, Circ=0.90, Sol=0.98 -> Ô£ù REJECTED
              Area too large (1226 ÔëÑ 600)
Contour #5806: Area=  1230, Ratio=1.02, Circ=0.89, Sol=0.98 -> Ô£ù REJECTED
              Area too large (1230 ÔëÑ 600)
Contour #5807: Area=   454, Ratio=3.58, Circ=0.56, Sol=1.00 -> Ô£ù REJECTED
              Aspect ratio out of range (3.58)
Contour #5808: Area=   818, Ratio=2.58, Circ=0.59, Sol=0.95 -> Ô£ù REJECTED
              Area too large (818 ÔëÑ 600)
Contour #5809: Area=    68, Ratio=0.63, Circ=0.12, Sol=0.38 -> Ô£ù REJECTED
              Circularity too low (0.12 < 0.6)
Contour #5810: Area=    98, Ratio=0.86, Circ=0.10, Sol=0.29 -> Ô£ù REJECTED
              Circularity too low (0.10 < 0.6)
Contour #5811: Area=   108, Ratio=0.83, Circ=0.11, Sol=0.32 -> Ô£ù REJECTED
              Circularity too low (0.11 < 0.6)
Contour #5812: Area=   104, Ratio=0.91, Circ=0.11, Sol=0.30 -> Ô£ù REJECTED
              Circularity too low (0.11 < 0.6)
Contour #5813: Area=   117, Ratio=0.91, Circ=0.12, Sol=0.34 -> Ô£ù REJECTED
              Circularity too low (0.12 < 0.6)
Contour #5814: Area=   111, Ratio=0.87, Circ=0.11, Sol=0.32 -> Ô£ù REJECTED
              Circularity too low (0.11 < 0.6)
Contour #5815: Area=   111, Ratio=0.83, Circ=0.12, Sol=0.32 -> Ô£ù REJECTED
              Circularity too low (0.12 < 0.6)
Contour #5816: Area=   103, Ratio=0.86, Circ=0.11, Sol=0.31 -> Ô£ù REJECTED
              Circularity too low (0.11 < 0.6)
Contour #5817: Area=   111, Ratio=0.83, Circ=0.11, Sol=0.32 -> Ô£ù REJECTED
              Circularity too low (0.11 < 0.6)
Contour #5818: Area=   106, Ratio=0.83, Circ=0.11, Sol=0.31 -> Ô£ù REJECTED
              Circularity too low (0.11 < 0.6)
Contour #5819: Area=   118, Ratio=0.87, Circ=0.12, Sol=0.34 -> Ô£ù REJECTED
              Circularity too low (0.12 < 0.6)
Contour #5820: Area=   108, Ratio=0.87, Circ=0.11, Sol=0.32 -> Ô£ù REJECTED
              Circularity too low (0.11 < 0.6)
Contour #5821: Area=   116, Ratio=0.87, Circ=0.12, Sol=0.33 -> Ô£ù REJECTED
              Circularity too low (0.12 < 0.6)
Contour #5822: Area=   106, Ratio=0.83, Circ=0.11, Sol=0.31 -> Ô£ù REJECTED
              Circularity too low (0.11 < 0.6)
Contour #5823: Area=   117, Ratio=0.83, Circ=0.12, Sol=0.34 -> Ô£ù REJECTED
              Circularity too low (0.12 < 0.6)
Contour #5824: Area=   102, Ratio=0.83, Circ=0.11, Sol=0.30 -> Ô£ù REJECTED
              Circularity too low (0.11 < 0.6)
Contour #5825: Area=   116, Ratio=0.87, Circ=0.12, Sol=0.33 -> Ô£ù REJECTED
              Circularity too low (0.12 < 0.6)
Contour #5826: Area=   107, Ratio=0.87, Circ=0.11, Sol=0.31 -> Ô£ù REJECTED
              Circularity too low (0.11 < 0.6)
Contour #5827: Area=   113, Ratio=0.87, Circ=0.12, Sol=0.33 -> Ô£ù REJECTED
              Circularity too low (0.12 < 0.6)
Contour #5828: Area=   100, Ratio=0.83, Circ=0.11, Sol=0.30 -> Ô£ù REJECTED
              Circularity too low (0.11 < 0.6)
Contour #5829: Area=   108, Ratio=0.87, Circ=0.11, Sol=0.31 -> Ô£ù REJECTED
              Circularity too low (0.11 < 0.6)
Contour #5830: Area=   950, Ratio=1.03, Circ=0.91, Sol=0.99 -> Ô£ù REJECTED
              Area too large (950 ÔëÑ 600)
Contour #5831: Area=   942, Ratio=1.03, Circ=0.90, Sol=0.98 -> Ô£ù REJECTED
              Area too large (942 ÔëÑ 600)
Contour #5832: Area=   945, Ratio=1.03, Circ=0.90, Sol=0.98 -> Ô£ù REJECTED
              Area too large (945 ÔëÑ 600)
Contour #5833: Area=   949, Ratio=1.03, Circ=0.91, Sol=0.98 -> Ô£ù REJECTED
              Area too large (949 ÔëÑ 600)
Contour #5834: Area=   957, Ratio=1.00, Circ=0.90, Sol=0.98 -> Ô£ù REJECTED
              Area too large (957 ÔëÑ 600)
Contour #5835: Area=   952, Ratio=1.00, Circ=0.90, Sol=0.98 -> Ô£ù REJECTED
              Area too large (952 ÔëÑ 600)
Contour #5836: Area=   958, Ratio=1.00, Circ=0.90, Sol=0.98 -> Ô£ù REJECTED
              Area too large (958 ÔëÑ 600)
Contour #5837: Area=   951, Ratio=1.00, Circ=0.90, Sol=0.98 -> Ô£ù REJECTED
              Area too large (951 ÔëÑ 600)
Contour #5838: Area=   951, Ratio=1.00, Circ=0.90, Sol=0.98 -> Ô£ù REJECTED
              Area too large (951 ÔëÑ 600)
Contour #5839: Area=   949, Ratio=1.00, Circ=0.90, Sol=0.98 -> Ô£ù REJECTED
              Area too large (949 ÔëÑ 600)
Contour #5840: Area=   957, Ratio=1.00, Circ=0.90, Sol=0.98 -> Ô£ù REJECTED
              Area too large (957 ÔëÑ 600)
Contour #5841: Area=   955, Ratio=1.00, Circ=0.90, Sol=0.98 -> Ô£ù REJECTED
              Area too large (955 ÔëÑ 600)
Contour #5842: Area=   954, Ratio=1.00, Circ=0.90, Sol=0.98 -> Ô£ù REJECTED
              Area too large (954 ÔëÑ 600)
Contour #5843: Area=   958, Ratio=1.00, Circ=0.90, Sol=0.98 -> Ô£ù REJECTED
              Area too large (958 ÔëÑ 600)
Contour #5844: Area=   957, Ratio=1.00, Circ=0.90, Sol=0.98 -> Ô£ù REJECTED
              Area too large (957 ÔëÑ 600)
Contour #5845: Area=   957, Ratio=1.00, Circ=0.90, Sol=0.98 -> Ô£ù REJECTED
              Area too large (957 ÔëÑ 600)
Contour #5846: Area=   949, Ratio=0.97, Circ=0.91, Sol=0.98 -> Ô£ù REJECTED
              Area too large (949 ÔëÑ 600)
Contour #5847: Area=   960, Ratio=1.00, Circ=0.90, Sol=0.98 -> Ô£ù REJECTED
              Area too large (960 ÔëÑ 600)
Contour #5848: Area=   956, Ratio=1.00, Circ=0.90, Sol=0.98 -> Ô£ù REJECTED
              Area too large (956 ÔëÑ 600)
Contour #5849: Area=   958, Ratio=1.00, Circ=0.90, Sol=0.98 -> Ô£ù REJECTED
              Area too large (958 ÔëÑ 600)
Contour #5850: Area=   954, Ratio=1.00, Circ=0.90, Sol=0.98 -> Ô£ù REJECTED
              Area too large (954 ÔëÑ 600)
Contour #5851: Area=  1230, Ratio=1.02, Circ=0.90, Sol=0.98 -> Ô£ù REJECTED
              Area too large (1230 ÔëÑ 600)
Contour #5852: Area=  1232, Ratio=1.02, Circ=0.90, Sol=0.98 -> Ô£ù REJECTED
              Area too large (1232 ÔëÑ 600)
Contour #5853: Area=  1226, Ratio=1.00, Circ=0.91, Sol=0.99 -> Ô£ù REJECTED
              Area too large (1226 ÔëÑ 600)
Contour #5854: Area=  1225, Ratio=1.02, Circ=0.90, Sol=0.98 -> Ô£ù REJECTED
              Area too large (1225 ÔëÑ 600)
Contour #5855: Area=  1229, Ratio=1.02, Circ=0.90, Sol=0.98 -> Ô£ù REJECTED
              Area too large (1229 ÔëÑ 600)
Contour #5856: Area=  1223, Ratio=1.00, Circ=0.91, Sol=0.99 -> Ô£ù REJECTED
              Area too large (1223 ÔëÑ 600)
Contour #5857: Area=  1224, Ratio=1.00, Circ=0.90, Sol=0.99 -> Ô£ù REJECTED
              Area too large (1224 ÔëÑ 600)
Contour #5858: Area=  1222, Ratio=1.02, Circ=0.89, Sol=0.98 -> Ô£ù REJECTED
              Area too large (1222 ÔëÑ 600)
Contour #5859: Area=  1231, Ratio=1.02, Circ=0.90, Sol=0.98 -> Ô£ù REJECTED
              Area too large (1231 ÔëÑ 600)
Contour #5860: Area=  1223, Ratio=1.02, Circ=0.89, Sol=0.98 -> Ô£ù REJECTED
              Area too large (1223 ÔëÑ 600)
Contour #5861: Area=  1230, Ratio=0.98, Circ=0.89, Sol=0.98 -> Ô£ù REJECTED
              Area too large (1230 ÔëÑ 600)
Contour #5862: Area=  1222, Ratio=1.00, Circ=0.90, Sol=0.98 -> Ô£ù REJECTED
              Area too large (1222 ÔëÑ 600)
Contour #5863: Area=  1236, Ratio=0.98, Circ=0.90, Sol=0.98 -> Ô£ù REJECTED
              Area too large (1236 ÔëÑ 600)
Contour #5864: Area=  1225, Ratio=0.98, Circ=0.90, Sol=0.98 -> Ô£ù REJECTED
              Area too large (1225 ÔëÑ 600)
Contour #5865: Area=  1236, Ratio=1.00, Circ=0.89, Sol=0.98 -> Ô£ù REJECTED
              Area too large (1236 ÔëÑ 600)
Contour #5866: Area=  1231, Ratio=1.00, Circ=0.89, Sol=0.98 -> Ô£ù REJECTED
              Area too large (1231 ÔëÑ 600)
Contour #5867: Area=  1234, Ratio=1.00, Circ=0.89, Sol=0.98 -> Ô£ù REJECTED
              Area too large (1234 ÔëÑ 600)
Contour #5868: Area=  1228, Ratio=0.98, Circ=0.90, Sol=0.98 -> Ô£ù REJECTED
              Area too large (1228 ÔëÑ 600)
Contour #5869: Area=  1232, Ratio=0.98, Circ=0.89, Sol=0.98 -> Ô£ù REJECTED
              Area too large (1232 ÔëÑ 600)
Contour #5870: Area=  1226, Ratio=0.98, Circ=0.89, Sol=0.98 -> Ô£ù REJECTED
              Area too large (1226 ÔëÑ 600)
Contour #5871: Area=  1232, Ratio=1.00, Circ=0.89, Sol=0.98 -> Ô£ù REJECTED
              Area too large (1232 ÔëÑ 600)
Contour #5872: Area=   224, Ratio=0.95, Circ=0.52, Sol=0.79 -> Ô£ù REJECTED
              Circularity too low (0.52 < 0.6)
Contour #5873: Area=   515, Ratio=1.04, Circ=0.55, Sol=0.81 -> Ô£ù REJECTED
              Circularity too low (0.55 < 0.6)
Contour #5874: Area=    31, Ratio=1.00, Circ=0.93, Sol=1.00 -> Ô£ô ACCEPTED
Contour #5875: Area=   199, Ratio=0.20, Circ=0.43, Sol=1.00 -> Ô£ù REJECTED
              Aspect ratio out of range (0.20)
Contour #5876: Area=   162, Ratio=1.07, Circ=0.75, Sol=0.95 -> Ô£ô ACCEPTED
Contour #5877: Area=   508, Ratio=0.36, Circ=0.54, Sol=0.91 -> Ô£ù REJECTED
              Aspect ratio out of range (0.36)
Contour #5878: Area=    82, Ratio=1.44, Circ=0.86, Sol=0.99 -> Ô£ô ACCEPTED
Contour #5879: Area=    93, Ratio=1.30, Circ=0.89, Sol=0.99 -> Ô£ô ACCEPTED
Contour #5880: Area=    92, Ratio=1.30, Circ=0.89, Sol=0.98 -> Ô£ô ACCEPTED
Contour #5881: Area=    94, Ratio=1.30, Circ=0.88, Sol=0.98 -> Ô£ô ACCEPTED
Contour #5882: Area=    84, Ratio=1.20, Circ=0.91, Sol=0.99 -> Ô£ô ACCEPTED
Contour #5883: Area=    91, Ratio=1.30, Circ=0.88, Sol=0.98 -> Ô£ô ACCEPTED
Contour #5884: Area=    91, Ratio=1.30, Circ=0.88, Sol=0.98 -> Ô£ô ACCEPTED
Contour #5885: Area=    94, Ratio=1.30, Circ=0.90, Sol=0.99 -> Ô£ô ACCEPTED
Contour #5886: Area=    88, Ratio=1.30, Circ=0.87, Sol=0.97 -> Ô£ô ACCEPTED
Contour #5887: Area=    92, Ratio=1.30, Circ=0.89, Sol=0.98 -> Ô£ô ACCEPTED
Contour #5888: Area=    85, Ratio=1.20, Circ=0.86, Sol=0.97 -> Ô£ô ACCEPTED
Contour #5889: Area=    87, Ratio=1.20, Circ=0.84, Sol=0.97 -> Ô£ô ACCEPTED
Contour #5890: Area=    87, Ratio=1.30, Circ=0.84, Sol=0.96 -> Ô£ô ACCEPTED
Contour #5891: Area=    93, Ratio=1.30, Circ=0.89, Sol=0.99 -> Ô£ô ACCEPTED
Contour #5892: Area=    89, Ratio=1.30, Circ=0.86, Sol=0.97 -> Ô£ô ACCEPTED
Contour #5893: Area=    89, Ratio=1.30, Circ=0.86, Sol=0.97 -> Ô£ô ACCEPTED
Contour #5894: Area=    84, Ratio=1.20, Circ=0.85, Sol=0.97 -> Ô£ô ACCEPTED
Contour #5895: Area=    88, Ratio=1.20, Circ=0.85, Sol=0.97 -> Ô£ô ACCEPTED
Contour #5896: Area=    89, Ratio=1.30, Circ=0.86, Sol=0.97 -> Ô£ô ACCEPTED
Contour #5897: Area=    87, Ratio=1.30, Circ=0.84, Sol=0.96 -> Ô£ô ACCEPTED
Contour #5898: Area=   454, Ratio=3.58, Circ=0.56, Sol=1.00 -> Ô£ù REJECTED
              Aspect ratio out of range (3.58)
Contour #5899: Area=    31, Ratio=1.00, Circ=0.93, Sol=1.00 -> Ô£ô ACCEPTED
Contour #5900: Area=   818, Ratio=2.58, Circ=0.59, Sol=0.95 -> Ô£ù REJECTED
              Area too large (818 ÔëÑ 600)
Contour #5901: Area=    78, Ratio=1.33, Circ=0.88, Sol=0.99 -> Ô£ô ACCEPTED
Contour #5902: Area=    77, Ratio=1.33, Circ=0.87, Sol=0.98 -> Ô£ô ACCEPTED
Contour #5903: Area=    78, Ratio=1.33, Circ=0.88, Sol=0.99 -> Ô£ô ACCEPTED
Contour #5904: Area=    74, Ratio=1.33, Circ=0.86, Sol=0.98 -> Ô£ô ACCEPTED
Contour #5905: Area=    76, Ratio=1.33, Circ=0.89, Sol=0.99 -> Ô£ô ACCEPTED
Contour #5906: Area=    74, Ratio=1.33, Circ=0.90, Sol=0.99 -> Ô£ô ACCEPTED
Contour #5907: Area=    76, Ratio=1.33, Circ=0.90, Sol=0.99 -> Ô£ô ACCEPTED
Contour #5908: Area=    73, Ratio=1.33, Circ=0.89, Sol=0.99 -> Ô£ô ACCEPTED
Contour #5909: Area=    76, Ratio=1.33, Circ=0.90, Sol=0.99 -> Ô£ô ACCEPTED
Contour #5910: Area=    72, Ratio=1.33, Circ=0.85, Sol=0.97 -> Ô£ô ACCEPTED
Contour #5911: Area=    74, Ratio=1.33, Circ=0.87, Sol=0.99 -> Ô£ô ACCEPTED
Contour #5912: Area=    72, Ratio=1.33, Circ=0.88, Sol=0.98 -> Ô£ô ACCEPTED
Contour #5913: Area=    78, Ratio=1.33, Circ=0.88, Sol=0.99 -> Ô£ô ACCEPTED
Contour #5914: Area=    73, Ratio=1.33, Circ=0.89, Sol=0.99 -> Ô£ô ACCEPTED
Contour #5915: Area=    74, Ratio=1.33, Circ=0.90, Sol=0.99 -> Ô£ô ACCEPTED
Contour #5916: Area=    71, Ratio=1.33, Circ=0.86, Sol=0.97 -> Ô£ô ACCEPTED
Contour #5917: Area=    77, Ratio=1.44, Circ=0.83, Sol=0.96 -> Ô£ô ACCEPTED
Contour #5918: Area=    73, Ratio=1.33, Circ=0.83, Sol=0.96 -> Ô£ô ACCEPTED
Contour #5919: Area=    79, Ratio=1.20, Circ=0.85, Sol=0.96 -> Ô£ô ACCEPTED
Contour #5920: Area=    72, Ratio=1.33, Circ=0.85, Sol=0.97 -> Ô£ô ACCEPTED
Contour #5921: Area=    72, Ratio=0.63, Circ=0.13, Sol=0.37 -> Ô£ù REJECTED
              Circularity too low (0.13 < 0.6)
Contour #5922: Area=   296, Ratio=0.77, Circ=0.78, Sol=0.95 -> Ô£ô ACCEPTED
Contour #5923: Area=   302, Ratio=0.77, Circ=0.75, Sol=0.96 -> Ô£ô ACCEPTED
Contour #5924: Area=   284, Ratio=0.73, Circ=0.74, Sol=0.96 -> Ô£ô ACCEPTED
Contour #5925: Area=   292, Ratio=0.77, Circ=0.76, Sol=0.95 -> Ô£ô ACCEPTED
Contour #5926: Area=   294, Ratio=0.77, Circ=0.76, Sol=0.95 -> Ô£ô ACCEPTED
Contour #5927: Area=   300, Ratio=0.77, Circ=0.77, Sol=0.96 -> Ô£ô ACCEPTED
Contour #5928: Area=   298, Ratio=0.77, Circ=0.78, Sol=0.96 -> Ô£ô ACCEPTED
Contour #5929: Area=   304, Ratio=0.77, Circ=0.77, Sol=0.96 -> Ô£ô ACCEPTED
Contour #5930: Area=   284, Ratio=0.73, Circ=0.76, Sol=0.96 -> Ô£ô ACCEPTED
Contour #5931: Area=   292, Ratio=0.77, Circ=0.76, Sol=0.95 -> Ô£ô ACCEPTED
Contour #5932: Area=   289, Ratio=0.77, Circ=0.75, Sol=0.94 -> Ô£ô ACCEPTED
Contour #5933: Area=   299, Ratio=0.77, Circ=0.77, Sol=0.96 -> Ô£ô ACCEPTED
Contour #5934: Area=   295, Ratio=0.77, Circ=0.76, Sol=0.95 -> Ô£ô ACCEPTED
Contour #5935: Area=   288, Ratio=0.77, Circ=0.77, Sol=0.95 -> Ô£ô ACCEPTED
Contour #5936: Area=   152, Ratio=1.00, Circ=0.75, Sol=0.95 -> Ô£ô ACCEPTED
Contour #5937: Area=   289, Ratio=0.74, Circ=0.68, Sol=0.91 -> Ô£ô ACCEPTED
Contour #5938: Area=   296, Ratio=0.74, Circ=0.73, Sol=0.92 -> Ô£ô ACCEPTED
Contour #5939: Area=   284, Ratio=0.73, Circ=0.76, Sol=0.96 -> Ô£ô ACCEPTED
Contour #5940: Area=   300, Ratio=0.74, Circ=0.74, Sol=0.94 -> Ô£ô ACCEPTED
Contour #5941: Area=   295, Ratio=0.74, Circ=0.74, Sol=0.93 -> Ô£ô ACCEPTED
Contour #5942: Area=   303, Ratio=0.74, Circ=0.76, Sol=0.95 -> Ô£ô ACCEPTED
Contour #5943: Area=   953, Ratio=1.03, Circ=0.91, Sol=0.99 -> Ô£ù REJECTED
              Area too large (953 ÔëÑ 600)
Contour #5944: Area=   958, Ratio=1.00, Circ=0.90, Sol=0.98 -> Ô£ù REJECTED
              Area too large (958 ÔëÑ 600)
Contour #5945: Area=   956, Ratio=1.00, Circ=0.90, Sol=0.98 -> Ô£ù REJECTED
              Area too large (956 ÔëÑ 600)
Contour #5946: Area=   964, Ratio=1.00, Circ=0.90, Sol=0.98 -> Ô£ù REJECTED
              Area too large (964 ÔëÑ 600)
Contour #5947: Area=   953, Ratio=0.97, Circ=0.91, Sol=0.99 -> Ô£ù REJECTED
              Area too large (953 ÔëÑ 600)
Contour #5948: Area=   957, Ratio=1.00, Circ=0.90, Sol=0.98 -> Ô£ù REJECTED
              Area too large (957 ÔëÑ 600)
Contour #5949: Area=   958, Ratio=1.00, Circ=0.89, Sol=0.98 -> Ô£ù REJECTED
              Area too large (958 ÔëÑ 600)
Contour #5950: Area=   959, Ratio=1.00, Circ=0.90, Sol=0.99 -> Ô£ù REJECTED
              Area too large (959 ÔëÑ 600)
Contour #5951: Area=   957, Ratio=1.00, Circ=0.90, Sol=0.98 -> Ô£ù REJECTED
              Area too large (957 ÔëÑ 600)
Contour #5952: Area=   956, Ratio=1.00, Circ=0.90, Sol=0.98 -> Ô£ù REJECTED
              Area too large (956 ÔëÑ 600)
Contour #5953: Area=   954, Ratio=1.00, Circ=0.90, Sol=0.98 -> Ô£ù REJECTED
              Area too large (954 ÔëÑ 600)
Contour #5954: Area=   957, Ratio=1.00, Circ=0.90, Sol=0.98 -> Ô£ù REJECTED
              Area too large (957 ÔëÑ 600)
Contour #5955: Area=   954, Ratio=1.00, Circ=0.90, Sol=0.98 -> Ô£ù REJECTED
              Area too large (954 ÔëÑ 600)
Contour #5956: Area=   958, Ratio=1.00, Circ=0.90, Sol=0.98 -> Ô£ù REJECTED
              Area too large (958 ÔëÑ 600)
Contour #5957: Area=   960, Ratio=1.00, Circ=0.89, Sol=0.98 -> Ô£ù REJECTED
              Area too large (960 ÔëÑ 600)
Contour #5958: Area=   959, Ratio=1.00, Circ=0.90, Sol=0.99 -> Ô£ù REJECTED
              Area too large (959 ÔëÑ 600)
Contour #5959: Area=   953, Ratio=1.00, Circ=0.90, Sol=0.98 -> Ô£ù REJECTED
              Area too large (953 ÔëÑ 600)
Contour #5960: Area=   958, Ratio=1.00, Circ=0.90, Sol=0.98 -> Ô£ù REJECTED
              Area too large (958 ÔëÑ 600)
Contour #5961: Area=   958, Ratio=1.00, Circ=0.90, Sol=0.98 -> Ô£ù REJECTED
              Area too large (958 ÔëÑ 600)
Contour #5962: Area=   956, Ratio=1.00, Circ=0.90, Sol=0.98 -> Ô£ù REJECTED
              Area too large (956 ÔëÑ 600)
Contour #5963: Area=   952, Ratio=1.03, Circ=0.89, Sol=0.98 -> Ô£ù REJECTED
              Area too large (952 ÔëÑ 600)
Contour #5964: Area=  1223, Ratio=1.00, Circ=0.91, Sol=0.99 -> Ô£ù REJECTED
              Area too large (1223 ÔëÑ 600)
Contour #5965: Area=  1224, Ratio=1.00, Circ=0.90, Sol=0.98 -> Ô£ù REJECTED
              Area too large (1224 ÔëÑ 600)
Contour #5966: Area=  1226, Ratio=1.02, Circ=0.90, Sol=0.98 -> Ô£ù REJECTED
              Area too large (1226 ÔëÑ 600)
Contour #5967: Area=  1229, Ratio=1.02, Circ=0.90, Sol=0.98 -> Ô£ù REJECTED
              Area too large (1229 ÔëÑ 600)
Contour #5968: Area=  1222, Ratio=1.02, Circ=0.89, Sol=0.98 -> Ô£ù REJECTED
              Area too large (1222 ÔëÑ 600)
Contour #5969: Area=  1228, Ratio=1.00, Circ=0.90, Sol=0.99 -> Ô£ù REJECTED
              Area too large (1228 ÔëÑ 600)
Contour #5970: Area=  1225, Ratio=1.00, Circ=0.91, Sol=0.99 -> Ô£ù REJECTED
              Area too large (1225 ÔëÑ 600)
Contour #5971: Area=  1229, Ratio=1.00, Circ=0.91, Sol=0.99 -> Ô£ù REJECTED
              Area too large (1229 ÔëÑ 600)
Contour #5972: Area=  1225, Ratio=1.00, Circ=0.91, Sol=0.99 -> Ô£ù REJECTED
              Area too large (1225 ÔëÑ 600)
Contour #5973: Area=  1234, Ratio=1.02, Circ=0.89, Sol=0.98 -> Ô£ù REJECTED
              Area too large (1234 ÔëÑ 600)
Contour #5974: Area=  1227, Ratio=1.02, Circ=0.88, Sol=0.98 -> Ô£ù REJECTED
              Area too large (1227 ÔëÑ 600)
Contour #5975: Area=  1230, Ratio=1.02, Circ=0.90, Sol=0.98 -> Ô£ù REJECTED
              Area too large (1230 ÔëÑ 600)
Contour #5976: Area=  1226, Ratio=1.00, Circ=0.91, Sol=0.99 -> Ô£ù REJECTED
              Area too large (1226 ÔëÑ 600)
Contour #5977: Area=  1229, Ratio=1.00, Circ=0.91, Sol=0.99 -> Ô£ù REJECTED
              Area too large (1229 ÔëÑ 600)
Contour #5978: Area=  1228, Ratio=1.00, Circ=0.91, Sol=0.99 -> Ô£ù REJECTED
              Area too large (1228 ÔëÑ 600)
Contour #5979: Area=  1231, Ratio=1.02, Circ=0.90, Sol=0.98 -> Ô£ù REJECTED
              Area too large (1231 ÔëÑ 600)
Contour #5980: Area=  1231, Ratio=1.02, Circ=0.88, Sol=0.98 -> Ô£ù REJECTED
              Area too large (1231 ÔëÑ 600)
Contour #5981: Area=  1234, Ratio=1.02, Circ=0.90, Sol=0.98 -> Ô£ù REJECTED
              Area too large (1234 ÔëÑ 600)
Contour #5982: Area=  1226, Ratio=1.00, Circ=0.91, Sol=0.99 -> Ô£ù REJECTED
              Area too large (1226 ÔëÑ 600)
Contour #5983: Area=  1226, Ratio=1.00, Circ=0.89, Sol=0.98 -> Ô£ù REJECTED
              Area too large (1226 ÔëÑ 600)
Contour #5984: Area=  1230, Ratio=1.02, Circ=0.90, Sol=0.98 -> Ô£ù REJECTED
              Area too large (1230 ÔëÑ 600)
Contour #5985: Area=  1182, Ratio=1.03, Circ=0.84, Sol=1.00 -> Ô£ù REJECTED
              Area too large (1182 ÔëÑ 600)
Contour #5986: Area=   384, Ratio=1.00, Circ=0.28, Sol=0.52 -> Ô£ù REJECTED
              Circularity too low (0.28 < 0.6)
Contour #5987: Area=  1182, Ratio=1.03, Circ=0.84, Sol=1.00 -> Ô£ù REJECTED
              Area too large (1182 ÔëÑ 600)
Contour #5988: Area=  1644, Ratio=1.00, Circ=0.77, Sol=0.98 -> Ô£ù REJECTED
              Area too large (1644 ÔëÑ 600)
Contour #5989: Area=   846, Ratio=1.02, Circ=0.38, Sol=0.65 -> Ô£ù REJECTED
              Area too large (846 ÔëÑ 600)
Contour #5990: Area=  1644, Ratio=1.00, Circ=0.77, Sol=0.98 -> Ô£ù REJECTED
              Area too large (1644 ÔëÑ 600)
Contour #5991: Area=  4978, Ratio=1.01, Circ=0.78, Sol=0.98 -> Ô£ù REJECTED
              Area too large (4978 ÔëÑ 600)
Contour #5992: Area=  4979, Ratio=1.00, Circ=0.77, Sol=0.97 -> Ô£ù REJECTED
              Area too large (4979 ÔëÑ 600)
Contour #5993: Area=  5814, Ratio=1.01, Circ=0.83, Sol=1.00 -> Ô£ù REJECTED
              Area too large (5814 ÔëÑ 600)
Contour #5994: Area=  5819, Ratio=1.00, Circ=0.82, Sol=0.99 -> Ô£ù REJECTED
              Area too large (5819 ÔëÑ 600)
Contour #5995: Area=  8174, Ratio=1.01, Circ=0.81, Sol=1.00 -> Ô£ù REJECTED
              Area too large (8174 ÔëÑ 600)
Contour #5996: Area=    32, Ratio=1.00, Circ=0.92, Sol=1.00 -> Ô£ô ACCEPTED
Contour #5997: Area=    32, Ratio=1.00, Circ=0.92, Sol=1.00 -> Ô£ô ACCEPTED
Contour #5998: Area=  8137, Ratio=1.01, Circ=0.80, Sol=1.00 -> Ô£ù REJECTED
              Area too large (8137 ÔëÑ 600)
Contour #5999: Area=  9312, Ratio=1.01, Circ=0.79, Sol=1.00 -> Ô£ù REJECTED
              Area too large (9312 ÔëÑ 600)
Contour #6000: Area=   172, Ratio=1.07, Circ=0.77, Sol=0.95 -> Ô£ô ACCEPTED
Contour #6001: Area=   168, Ratio=1.07, Circ=0.70, Sol=0.93 -> Ô£ô ACCEPTED
Contour #6002: Area=  9312, Ratio=1.01, Circ=0.79, Sol=1.00 -> Ô£ù REJECTED
              Area too large (9312 ÔëÑ 600)
Contour #6003: Area=   454, Ratio=3.58, Circ=0.56, Sol=1.00 -> Ô£ù REJECTED
              Aspect ratio out of range (3.58)
Contour #6004: Area=    52, Ratio=0.90, Circ=0.78, Sol=0.94 -> Ô£ô ACCEPTED
Contour #6005: Area=    48, Ratio=0.90, Circ=0.80, Sol=0.95 -> Ô£ô ACCEPTED
Contour #6006: Area=    52, Ratio=0.90, Circ=0.80, Sol=0.95 -> Ô£ô ACCEPTED
Contour #6007: Area=    48, Ratio=0.80, Circ=0.81, Sol=0.96 -> Ô£ô ACCEPTED
Contour #6008: Area=    50, Ratio=0.80, Circ=0.84, Sol=0.97 -> Ô£ô ACCEPTED
Contour #6009: Area=    49, Ratio=0.80, Circ=0.83, Sol=0.96 -> Ô£ô ACCEPTED
Contour #6010: Area=    50, Ratio=0.80, Circ=0.84, Sol=0.97 -> Ô£ô ACCEPTED
Contour #6011: Area=    49, Ratio=0.90, Circ=0.78, Sol=0.94 -> Ô£ô ACCEPTED
Contour #6012: Area=    54, Ratio=0.90, Circ=0.79, Sol=0.95 -> Ô£ô ACCEPTED
Contour #6013: Area=    46, Ratio=0.80, Circ=0.82, Sol=0.96 -> Ô£ô ACCEPTED
Contour #6014: Area=    52, Ratio=0.82, Circ=0.76, Sol=0.92 -> Ô£ô ACCEPTED
Contour #6015: Area=    49, Ratio=0.80, Circ=0.83, Sol=0.96 -> Ô£ô ACCEPTED
Contour #6016: Area=    52, Ratio=0.73, Circ=0.83, Sol=0.95 -> Ô£ô ACCEPTED
Contour #6017: Area=    48, Ratio=0.80, Circ=0.81, Sol=0.96 -> Ô£ô ACCEPTED
Contour #6018: Area=    56, Ratio=0.82, Circ=0.77, Sol=0.93 -> Ô£ô ACCEPTED
Contour #6019: Area=    50, Ratio=0.82, Circ=0.77, Sol=0.94 -> Ô£ô ACCEPTED
Contour #6020: Area=    53, Ratio=0.82, Circ=0.79, Sol=0.95 -> Ô£ô ACCEPTED
Contour #6021: Area=    51, Ratio=0.73, Circ=0.81, Sol=0.95 -> Ô£ô ACCEPTED
Contour #6022: Area=    53, Ratio=0.73, Circ=0.84, Sol=0.96 -> Ô£ô ACCEPTED
Contour #6023: Area=    53, Ratio=0.82, Circ=0.79, Sol=0.95 -> Ô£ô ACCEPTED
Contour #6024: Area=   822, Ratio=2.58, Circ=0.59, Sol=0.95 -> Ô£ù REJECTED
              Area too large (822 ÔëÑ 600)
Contour #6025: Area=    46, Ratio=0.42, Circ=0.25, Sol=0.56 -> Ô£ù REJECTED
              Aspect ratio out of range (0.42)
Contour #6026: Area=   141, Ratio=0.86, Circ=0.31, Sol=0.61 -> Ô£ù REJECTED
              Circularity too low (0.31 < 0.6)
Contour #6027: Area=   148, Ratio=0.86, Circ=0.31, Sol=0.60 -> Ô£ù REJECTED
              Circularity too low (0.31 < 0.6)
Contour #6028: Area=   142, Ratio=0.86, Circ=0.30, Sol=0.58 -> Ô£ù REJECTED
              Circularity too low (0.30 < 0.6)
Contour #6029: Area=   150, Ratio=0.86, Circ=0.31, Sol=0.61 -> Ô£ù REJECTED
              Circularity too low (0.31 < 0.6)
Contour #6030: Area=   146, Ratio=0.86, Circ=0.31, Sol=0.60 -> Ô£ù REJECTED
              Circularity too low (0.31 < 0.6)
Contour #6031: Area=   150, Ratio=0.86, Circ=0.31, Sol=0.61 -> Ô£ù REJECTED
              Circularity too low (0.31 < 0.6)
Contour #6032: Area=   144, Ratio=0.86, Circ=0.31, Sol=0.60 -> Ô£ù REJECTED
              Circularity too low (0.31 < 0.6)
Contour #6033: Area=   152, Ratio=0.86, Circ=0.32, Sol=0.62 -> Ô£ù REJECTED
              Circularity too low (0.32 < 0.6)
Contour #6034: Area=   142, Ratio=0.86, Circ=0.30, Sol=0.58 -> Ô£ù REJECTED
              Circularity too low (0.30 < 0.6)
Contour #6035: Area=   150, Ratio=0.86, Circ=0.31, Sol=0.61 -> Ô£ù REJECTED
              Circularity too low (0.31 < 0.6)
Contour #6036: Area=   142, Ratio=0.86, Circ=0.30, Sol=0.59 -> Ô£ù REJECTED
              Circularity too low (0.30 < 0.6)
Contour #6037: Area=   150, Ratio=0.91, Circ=0.31, Sol=0.60 -> Ô£ù REJECTED
              Circularity too low (0.31 < 0.6)
Contour #6038: Area=   142, Ratio=0.86, Circ=0.30, Sol=0.59 -> Ô£ù REJECTED
              Circularity too low (0.30 < 0.6)
Contour #6039: Area=   149, Ratio=0.86, Circ=0.30, Sol=0.61 -> Ô£ù REJECTED
              Circularity too low (0.30 < 0.6)
Contour #6040: Area=   140, Ratio=0.86, Circ=0.30, Sol=0.59 -> Ô£ù REJECTED
              Circularity too low (0.30 < 0.6)
Contour #6041: Area=   152, Ratio=0.86, Circ=0.30, Sol=0.62 -> Ô£ù REJECTED
              Circularity too low (0.30 < 0.6)
Contour #6042: Area=   135, Ratio=0.86, Circ=0.29, Sol=0.58 -> Ô£ù REJECTED
              Circularity too low (0.29 < 0.6)
Contour #6043: Area=   147, Ratio=0.86, Circ=0.31, Sol=0.60 -> Ô£ù REJECTED
              Circularity too low (0.31 < 0.6)
Contour #6044: Area=   137, Ratio=0.82, Circ=0.30, Sol=0.59 -> Ô£ù REJECTED
              Circularity too low (0.30 < 0.6)
Contour #6045: Area=   144, Ratio=0.86, Circ=0.30, Sol=0.60 -> Ô£ù REJECTED
              Circularity too low (0.30 < 0.6)
Contour #6046: Area=   955, Ratio=1.03, Circ=0.91, Sol=0.99 -> Ô£ù REJECTED
              Area too large (955 ÔëÑ 600)
Contour #6047: Area=   953, Ratio=1.03, Circ=0.91, Sol=0.99 -> Ô£ù REJECTED
              Area too large (953 ÔëÑ 600)
Contour #6048: Area=   944, Ratio=1.03, Circ=0.90, Sol=0.98 -> Ô£ù REJECTED
              Area too large (944 ÔëÑ 600)
Contour #6049: Area=   954, Ratio=1.03, Circ=0.90, Sol=0.98 -> Ô£ù REJECTED
              Area too large (954 ÔëÑ 600)
Contour #6050: Area=   950, Ratio=1.03, Circ=0.91, Sol=0.99 -> Ô£ù REJECTED
              Area too large (950 ÔëÑ 600)
Contour #6051: Area=   954, Ratio=1.03, Circ=0.91, Sol=0.99 -> Ô£ù REJECTED
              Area too large (954 ÔëÑ 600)
Contour #6052: Area=   950, Ratio=1.03, Circ=0.91, Sol=0.99 -> Ô£ù REJECTED
              Area too large (950 ÔëÑ 600)
Contour #6053: Area=   958, Ratio=1.00, Circ=0.90, Sol=0.98 -> Ô£ù REJECTED
              Area too large (958 ÔëÑ 600)
Contour #6054: Area=   954, Ratio=1.00, Circ=0.90, Sol=0.98 -> Ô£ù REJECTED
              Area too large (954 ÔëÑ 600)
Contour #6055: Area=   950, Ratio=0.97, Circ=0.91, Sol=0.99 -> Ô£ù REJECTED
              Area too large (950 ÔëÑ 600)
Contour #6056: Area=   954, Ratio=1.00, Circ=0.90, Sol=0.98 -> Ô£ù REJECTED
              Area too large (954 ÔëÑ 600)
Contour #6057: Area=   956, Ratio=1.00, Circ=0.89, Sol=0.98 -> Ô£ù REJECTED
              Area too large (956 ÔëÑ 600)
Contour #6058: Area=   953, Ratio=1.00, Circ=0.90, Sol=0.98 -> Ô£ù REJECTED
              Area too large (953 ÔëÑ 600)
Contour #6059: Area=   960, Ratio=1.00, Circ=0.90, Sol=0.98 -> Ô£ù REJECTED
              Area too large (960 ÔëÑ 600)
Contour #6060: Area=   955, Ratio=1.00, Circ=0.90, Sol=0.98 -> Ô£ù REJECTED
              Area too large (955 ÔëÑ 600)
Contour #6061: Area=   957, Ratio=1.00, Circ=0.90, Sol=0.98 -> Ô£ù REJECTED
              Area too large (957 ÔëÑ 600)
Contour #6062: Area=   954, Ratio=1.00, Circ=0.90, Sol=0.98 -> Ô£ù REJECTED
              Area too large (954 ÔëÑ 600)
Contour #6063: Area=   955, Ratio=1.00, Circ=0.90, Sol=0.98 -> Ô£ù REJECTED
              Area too large (955 ÔëÑ 600)
Contour #6064: Area=   954, Ratio=1.00, Circ=0.90, Sol=0.99 -> Ô£ù REJECTED
              Area too large (954 ÔëÑ 600)
Contour #6065: Area=   960, Ratio=1.03, Circ=0.89, Sol=0.98 -> Ô£ù REJECTED
              Area too large (960 ÔëÑ 600)
Contour #6066: Area=   960, Ratio=1.00, Circ=0.91, Sol=0.98 -> Ô£ù REJECTED
              Area too large (960 ÔëÑ 600)
Contour #6067: Area=  1219, Ratio=1.00, Circ=0.89, Sol=0.98 -> Ô£ù REJECTED
              Area too large (1219 ÔëÑ 600)
Contour #6068: Area=  1218, Ratio=1.00, Circ=0.89, Sol=0.98 -> Ô£ù REJECTED
              Area too large (1218 ÔëÑ 600)
Contour #6069: Area=  1224, Ratio=1.02, Circ=0.90, Sol=0.98 -> Ô£ù REJECTED
              Area too large (1224 ÔëÑ 600)
Contour #6070: Area=  1225, Ratio=1.02, Circ=0.90, Sol=0.98 -> Ô£ù REJECTED
              Area too large (1225 ÔëÑ 600)
Contour #6071: Area=  1222, Ratio=1.02, Circ=0.89, Sol=0.98 -> Ô£ù REJECTED
              Area too large (1222 ÔëÑ 600)
Contour #6072: Area=  1223, Ratio=1.00, Circ=0.91, Sol=0.99 -> Ô£ù REJECTED
              Area too large (1223 ÔëÑ 600)
Contour #6073: Area=  1220, Ratio=1.00, Circ=0.90, Sol=0.98 -> Ô£ù REJECTED
              Area too large (1220 ÔëÑ 600)
Contour #6074: Area=  1227, Ratio=1.00, Circ=0.89, Sol=0.98 -> Ô£ù REJECTED
              Area too large (1227 ÔëÑ 600)
Contour #6075: Area=  1224, Ratio=1.00, Circ=0.90, Sol=0.98 -> Ô£ù REJECTED
              Area too large (1224 ÔëÑ 600)
Contour #6076: Area=  1230, Ratio=1.02, Circ=0.90, Sol=0.99 -> Ô£ù REJECTED
              Area too large (1230 ÔëÑ 600)
Contour #6077: Area=  1225, Ratio=1.02, Circ=0.90, Sol=0.98 -> Ô£ù REJECTED
              Area too large (1225 ÔëÑ 600)
Contour #6078: Area=  1227, Ratio=1.02, Circ=0.90, Sol=0.98 -> Ô£ù REJECTED
              Area too large (1227 ÔëÑ 600)
Contour #6079: Area=  1221, Ratio=1.00, Circ=0.90, Sol=0.99 -> Ô£ù REJECTED
              Area too large (1221 ÔëÑ 600)
Contour #6080: Area=  1229, Ratio=1.00, Circ=0.91, Sol=0.99 -> Ô£ù REJECTED
              Area too large (1229 ÔëÑ 600)
Contour #6081: Area=  1225, Ratio=1.00, Circ=0.91, Sol=0.99 -> Ô£ù REJECTED
              Area too large (1225 ÔëÑ 600)
Contour #6082: Area=  1232, Ratio=1.02, Circ=0.89, Sol=0.98 -> Ô£ù REJECTED
              Area too large (1232 ÔëÑ 600)
Contour #6083: Area=  1227, Ratio=1.02, Circ=0.90, Sol=0.98 -> Ô£ù REJECTED
              Area too large (1227 ÔëÑ 600)
Contour #6084: Area=  1228, Ratio=1.02, Circ=0.89, Sol=0.98 -> Ô£ù REJECTED
              Area too large (1228 ÔëÑ 600)
Contour #6085: Area=  1224, Ratio=1.00, Circ=0.90, Sol=0.98 -> Ô£ù REJECTED
              Area too large (1224 ÔëÑ 600)
Contour #6086: Area=  1223, Ratio=1.00, Circ=0.91, Sol=0.99 -> Ô£ù REJECTED
              Area too large (1223 ÔëÑ 600)
Contour #6087: Area=  1228, Ratio=1.02, Circ=0.89, Sol=0.98 -> Ô£ù REJECTED
              Area too large (1228 ÔëÑ 600)
Contour #6088: Area=  2260, Ratio=0.00, Circ=0.00, Sol=0.80 -> Ô£ù REJECTED
              Area too large (2260 ÔëÑ 600)
Contour #6089: Area=  1916, Ratio=0.00, Circ=0.00, Sol=0.72 -> Ô£ù REJECTED
              Area too large (1916 ÔëÑ 600)
Contour #6090: Area=  2522, Ratio=0.00, Circ=0.00, Sol=0.87 -> Ô£ù REJECTED
              Area too large (2522 ÔëÑ 600)
Contour #6091: Area=  2953, Ratio=0.00, Circ=0.00, Sol=0.98 -> Ô£ù REJECTED
              Area too large (2953 ÔëÑ 600)
Contour #6092: Area=  2943, Ratio=0.00, Circ=0.00, Sol=0.98 -> Ô£ù REJECTED
              Area too large (2943 ÔëÑ 600)
Contour #6093: Area=  2565, Ratio=0.00, Circ=0.00, Sol=0.89 -> Ô£ù REJECTED
              Area too large (2565 ÔëÑ 600)
Contour #6094: Area=  1926, Ratio=0.00, Circ=0.00, Sol=0.55 -> Ô£ù REJECTED
              Area too large (1926 ÔëÑ 600)
Contour #6095: Area=  2228, Ratio=0.00, Circ=0.00, Sol=0.77 -> Ô£ù REJECTED
              Area too large (2228 ÔëÑ 600)
Contour #6096: Area=  2462, Ratio=0.00, Circ=0.00, Sol=0.85 -> Ô£ù REJECTED
              Area too large (2462 ÔëÑ 600)
Contour #6097: Area=  2654, Ratio=0.00, Circ=0.00, Sol=0.89 -> Ô£ù REJECTED
              Area too large (2654 ÔëÑ 600)
Contour #6098: Area=  1897, Ratio=0.00, Circ=0.00, Sol=0.56 -> Ô£ù REJECTED
              Area too large (1897 ÔëÑ 600)
Contour #6099: Area=  2266, Ratio=0.00, Circ=0.00, Sol=0.79 -> Ô£ù REJECTED
              Area too large (2266 ÔëÑ 600)
Contour #6100: Area=  2236, Ratio=0.00, Circ=0.00, Sol=0.78 -> Ô£ù REJECTED
              Area too large (2236 ÔëÑ 600)
Contour #6101: Area=    32, Ratio=0.88, Circ=0.89, Sol=0.97 -> Ô£ô ACCEPTED
Contour #6102: Area=    32, Ratio=0.88, Circ=0.89, Sol=0.97 -> Ô£ô ACCEPTED
Contour #6103: Area=   314, Ratio=0.60, Circ=0.41, Sol=0.71 -> Ô£ù REJECTED
              Aspect ratio out of range (0.60)
Contour #6104: Area=    34, Ratio=0.88, Circ=0.94, Sol=1.00 -> Ô£ô ACCEPTED
Contour #6105: Area=    35, Ratio=1.00, Circ=0.90, Sol=0.99 -> Ô£ô ACCEPTED
Contour #6106: Area= 77280, Ratio=0.03, Circ=0.10, Sol=0.99 -> Ô£ù REJECTED
              Area too large (77280 ÔëÑ 600)
Contour #6107: Area=1430458, Ratio=0.63, Circ=0.06, Sol=0.99 -> Ô£ù REJECTED
              Area too large (1430458 ÔëÑ 600)
Contour #6108: Area= 80642, Ratio=0.04, Circ=0.10, Sol=0.99 -> Ô£ù REJECTED
              Area too large (80642 ÔëÑ 600)
Contour #6109: Area= 22897, Ratio=0.13, Circ=0.32, Sol=0.98 -> Ô£ù REJECTED
              Area too large (22897 ÔëÑ 600)
Contour #6110: Area=   168, Ratio=1.07, Circ=0.78, Sol=0.97 -> Ô£ô ACCEPTED
Contour #6111: Area=   684, Ratio=0.67, Circ=0.45, Sol=0.75 -> Ô£ù REJECTED
              Area too large (684 ÔëÑ 600)
Contour #6112: Area=   170, Ratio=1.07, Circ=0.76, Sol=0.94 -> Ô£ô ACCEPTED
Contour #6113: Area=   169, Ratio=1.00, Circ=0.79, Sol=1.00 -> Ô£ô ACCEPTED
Contour #6114: Area=    31, Ratio=1.00, Circ=0.93, Sol=1.00 -> Ô£ô ACCEPTED
Contour #6115: Area=   329, Ratio=1.64, Circ=0.39, Sol=0.70 -> Ô£ù REJECTED
              Circularity too low (0.39 < 0.6)
Contour #6116: Area=   878, Ratio=2.00, Circ=0.30, Sol=0.63 -> Ô£ù REJECTED
              Area too large (878 ÔëÑ 600)
Contour #6117: Area=   726, Ratio=1.43, Circ=0.41, Sol=0.73 -> Ô£ù REJECTED
              Area too large (726 ÔëÑ 600)
Contour #6118: Area=    32, Ratio=1.00, Circ=0.92, Sol=1.00 -> Ô£ô ACCEPTED
Contour #6119: Area=    32, Ratio=1.00, Circ=0.92, Sol=1.00 -> Ô£ô ACCEPTED
Contour #6120: Area=    34, Ratio=1.14, Circ=0.94, Sol=1.00 -> Ô£ô ACCEPTED
Contour #6121: Area=    34, Ratio=1.14, Circ=0.90, Sol=0.99 -> Ô£ô ACCEPTED
Contour #6122: Area=   160, Ratio=1.00, Circ=0.67, Sol=0.87 -> Ô£ô ACCEPTED
Contour #6123: Area=   160, Ratio=0.93, Circ=0.75, Sol=0.94 -> Ô£ô ACCEPTED
Contour #6124: Area=   162, Ratio=0.93, Circ=0.74, Sol=0.94 -> Ô£ô ACCEPTED
Contour #6125: Area=   164, Ratio=0.93, Circ=0.73, Sol=0.93 -> Ô£ô ACCEPTED
Contour #6126: Area=   294, Ratio=0.60, Circ=0.36, Sol=0.65 -> Ô£ù REJECTED
              Aspect ratio out of range (0.60)
Contour #6127: Area=    32, Ratio=1.14, Circ=0.89, Sol=0.97 -> Ô£ô ACCEPTED
Contour #6128: Area=    34, Ratio=1.14, Circ=0.94, Sol=1.00 -> Ô£ô ACCEPTED
Contour #6129: Area=   656, Ratio=0.69, Circ=0.45, Sol=0.74 -> Ô£ù REJECTED
              Area too large (656 ÔëÑ 600)
Contour #6130: Area=   160, Ratio=0.93, Circ=0.75, Sol=0.94 -> Ô£ô ACCEPTED
Contour #6131: Area=  2704, Ratio=1.00, Circ=0.78, Sol=0.97 -> Ô£ù REJECTED
              Area too large (2704 ÔëÑ 600)
Contour #6132: Area=  2656, Ratio=0.98, Circ=0.79, Sol=0.98 -> Ô£ù REJECTED
              Area too large (2656 ÔëÑ 600)
Contour #6133: Area=  2630, Ratio=0.98, Circ=0.75, Sol=0.96 -> Ô£ù REJECTED
              Area too large (2630 ÔëÑ 600)
Contour #6134: Area=  2622, Ratio=0.98, Circ=0.75, Sol=0.95 -> Ô£ù REJECTED
              Area too large (2622 ÔëÑ 600)
Contour #6135: Area=  2624, Ratio=0.98, Circ=0.76, Sol=0.95 -> Ô£ù REJECTED
              Area too large (2624 ÔëÑ 600)
Contour #6136: Area=  2630, Ratio=0.98, Circ=0.74, Sol=0.96 -> Ô£ù REJECTED
              Area too large (2630 ÔëÑ 600)
Contour #6137: Area=  2666, Ratio=0.98, Circ=0.78, Sol=0.98 -> Ô£ù REJECTED
              Area too large (2666 ÔëÑ 600)
Contour #6138: Area=  2664, Ratio=0.98, Circ=0.78, Sol=0.98 -> Ô£ù REJECTED
              Area too large (2664 ÔëÑ 600)
Contour #6139: Area=  2696, Ratio=0.98, Circ=0.79, Sol=0.99 -> Ô£ù REJECTED
              Area too large (2696 ÔëÑ 600)
Contour #6140: Area=  2632, Ratio=0.98, Circ=0.74, Sol=0.96 -> Ô£ù REJECTED
              Area too large (2632 ÔëÑ 600)
Contour #6141: Area=  2663, Ratio=0.98, Circ=0.77, Sol=0.97 -> Ô£ù REJECTED
              Area too large (2663 ÔëÑ 600)
Contour #6142: Area=  2662, Ratio=0.98, Circ=0.78, Sol=0.97 -> Ô£ù REJECTED
              Area too large (2662 ÔëÑ 600)
Contour #6143: Area=  2702, Ratio=0.98, Circ=0.80, Sol=0.99 -> Ô£ù REJECTED
              Area too large (2702 ÔëÑ 600)
Contour #6144: Area=  2701, Ratio=0.96, Circ=0.80, Sol=1.00 -> Ô£ù REJECTED
              Area too large (2701 ÔëÑ 600)
Contour #6145: Area=  2701, Ratio=0.96, Circ=0.80, Sol=1.00 -> Ô£ù REJECTED
              Area too large (2701 ÔëÑ 600)
Contour #6146: Area=  2666, Ratio=0.98, Circ=0.78, Sol=0.98 -> Ô£ù REJECTED
              Area too large (2666 ÔëÑ 600)
Contour #6147: Area=  2662, Ratio=0.98, Circ=0.78, Sol=0.97 -> Ô£ù REJECTED
              Area too large (2662 ÔëÑ 600)
Contour #6148: Area=  2660, Ratio=0.98, Circ=0.78, Sol=0.97 -> Ô£ù REJECTED
              Area too large (2660 ÔëÑ 600)
Contour #6149: Area=  2768, Ratio=1.00, Circ=0.78, Sol=0.99 -> Ô£ù REJECTED
              Area too large (2768 ÔëÑ 600)
Contour #6150: Area=  2704, Ratio=1.02, Circ=0.80, Sol=0.99 -> Ô£ù REJECTED
              Area too large (2704 ÔëÑ 600)
Contour #6151: Area=  2816, Ratio=1.09, Circ=0.78, Sol=0.97 -> Ô£ù REJECTED
              Area too large (2816 ÔëÑ 600)
Contour #6152: Area=   611, Ratio=1.03, Circ=0.48, Sol=0.83 -> Ô£ù REJECTED
              Area too large (611 ÔëÑ 600)
Contour #6153: Area=    31, Ratio=1.00, Circ=0.93, Sol=1.00 -> Ô£ô ACCEPTED
Contour #6154: Area=    36, Ratio=1.14, Circ=0.93, Sol=1.00 -> Ô£ô ACCEPTED
Contour #6155: Area=  2409, Ratio=1.89, Circ=0.15, Sol=0.49 -> Ô£ù REJECTED
              Area too large (2409 ÔëÑ 600)
Contour #6156: Area=    36, Ratio=0.88, Circ=0.93, Sol=1.00 -> Ô£ô ACCEPTED
Contour #6157: Area=    40, Ratio=1.00, Circ=0.92, Sol=0.99 -> Ô£ô ACCEPTED
Contour #6158: Area=    36, Ratio=1.00, Circ=0.89, Sol=0.97 -> Ô£ô ACCEPTED
Contour #6159: Area=  6317, Ratio=2.02, Circ=0.09, Sol=0.58 -> Ô£ù REJECTED
              Area too large (6317 ÔëÑ 600)
Contour #6160: Area=   337, Ratio=1.00, Circ=0.37, Sol=0.63 -> Ô£ù REJECTED
              Circularity too low (0.37 < 0.6)
Contour #6161: Area=     0, Ratio=0.50, Circ=0.00, Sol=0.00 -> Ô£ù REJECTED
              Area too small (0 Ôëñ 30)
Contour #6162: Area=    12, Ratio=0.70, Circ=0.22, Sol=0.41 -> Ô£ù REJECTED
              Area too small (12 Ôëñ 30)
Contour #6163: Area=    30, Ratio=1.67, Circ=0.59, Sol=0.83 -> Ô£ù REJECTED
              Area too small (30 Ôëñ 30)
Contour #6164: Area=    22, Ratio=1.00, Circ=0.78, Sol=0.96 -> Ô£ù REJECTED
              Area too small (22 Ôëñ 30)
Contour #6165: Area=     0, Ratio=1.00, Circ=0.00, Sol=0.00 -> Ô£ù REJECTED
              Area too small (0 Ôëñ 30)
Contour #6166: Area=    36, Ratio=1.00, Circ=0.89, Sol=0.97 -> Ô£ô ACCEPTED
Contour #6167: Area=    16, Ratio=1.20, Circ=0.82, Sol=0.94 -> Ô£ù REJECTED
              Area too small (16 Ôëñ 30)
Contour #6168: Area=    14, Ratio=0.36, Circ=0.32, Sol=0.71 -> Ô£ù REJECTED
              Area too small (14 Ôëñ 30)
Contour #6169: Area=    26, Ratio=1.38, Circ=0.29, Sol=0.52 -> Ô£ù REJECTED
              Area too small (26 Ôëñ 30)
Contour #6170: Area=    48, Ratio=1.00, Circ=0.88, Sol=0.97 -> Ô£ô ACCEPTED
Contour #6171: Area=   352, Ratio=0.75, Circ=0.78, Sol=0.97 -> Ô£ô ACCEPTED
Contour #6172: Area=    10, Ratio=1.25, Circ=0.88, Sol=1.00 -> Ô£ù REJECTED
              Area too small (10 Ôëñ 30)
Contour #6173: Area=    11, Ratio=1.25, Circ=0.84, Sol=1.00 -> Ô£ù REJECTED
              Area too small (11 Ôëñ 30)
Contour #6174: Area=    11, Ratio=1.25, Circ=0.84, Sol=1.00 -> Ô£ù REJECTED
              Area too small (11 Ôëñ 30)
Contour #6175: Area=    12, Ratio=1.50, Circ=0.85, Sol=1.00 -> Ô£ù REJECTED
              Area too small (12 Ôëñ 30)
Contour #6176: Area=    12, Ratio=1.50, Circ=0.77, Sol=0.96 -> Ô£ù REJECTED
              Area too small (12 Ôëñ 30)
Contour #6177: Area=    14, Ratio=1.50, Circ=0.84, Sol=1.00 -> Ô£ù REJECTED
              Area too small (14 Ôëñ 30)
Contour #6178: Area=    12, Ratio=1.50, Circ=0.81, Sol=1.00 -> Ô£ù REJECTED
              Area too small (12 Ôëñ 30)
Contour #6179: Area=    11, Ratio=1.25, Circ=0.84, Sol=1.00 -> Ô£ù REJECTED
              Area too small (11 Ôëñ 30)
Contour #6180: Area=   306, Ratio=0.81, Circ=0.29, Sol=0.69 -> Ô£ù REJECTED
              Circularity too low (0.29 < 0.6)
Contour #6181: Area=   132, Ratio=2.62, Circ=0.68, Sol=1.00 -> Ô£ù REJECTED
              Aspect ratio out of range (2.62)
Contour #6182: Area=     2, Ratio=1.00, Circ=0.79, Sol=1.00 -> Ô£ù REJECTED
              Area too small (2 Ôëñ 30)
Contour #6183: Area=    78, Ratio=1.62, Circ=0.82, Sol=0.99 -> Ô£ô ACCEPTED
Contour #6184: Area=    40, Ratio=0.70, Circ=0.78, Sol=0.94 -> Ô£ô ACCEPTED
Contour #6185: Area=    44, Ratio=0.78, Circ=0.89, Sol=1.00 -> Ô£ô ACCEPTED
Contour #6186: Area=    40, Ratio=0.60, Circ=0.79, Sol=0.98 -> Ô£ù REJECTED
              Aspect ratio out of range (0.60)
Contour #6187: Area=     9, Ratio=2.00, Circ=0.69, Sol=1.00 -> Ô£ù REJECTED
              Area too small (9 Ôëñ 30)
Contour #6188: Area=    40, Ratio=0.60, Circ=0.84, Sol=1.00 -> Ô£ù REJECTED
              Aspect ratio out of range (0.60)
Contour #6189: Area=    40, Ratio=0.60, Circ=0.81, Sol=0.99 -> Ô£ù REJECTED
              Aspect ratio out of range (0.60)
Contour #6190: Area=    46, Ratio=0.70, Circ=0.85, Sol=0.98 -> Ô£ô ACCEPTED
Contour #6191: Area=    44, Ratio=0.70, Circ=0.83, Sol=0.97 -> Ô£ô ACCEPTED
Contour #6192: Area=   122, Ratio=1.25, Circ=0.88, Sol=0.97 -> Ô£ô ACCEPTED
Contour #6193: Area=    26, Ratio=0.75, Circ=0.88, Sol=0.98 -> Ô£ù REJECTED
              Area too small (26 Ôëñ 30)
Contour #6194: Area=   346, Ratio=2.07, Circ=0.66, Sol=0.97 -> Ô£ù REJECTED
              Aspect ratio out of range (2.07)
Contour #6195: Area=    34, Ratio=0.57, Circ=0.38, Sol=0.70 -> Ô£ù REJECTED
              Aspect ratio out of range (0.57)
Contour #6196: Area=    18, Ratio=0.86, Circ=0.60, Sol=0.85 -> Ô£ù REJECTED
              Area too small (18 Ôëñ 30)
Contour #6197: Area=    17, Ratio=0.71, Circ=0.69, Sol=0.92 -> Ô£ù REJECTED
              Area too small (17 Ôëñ 30)
Contour #6198: Area=   278, Ratio=0.95, Circ=0.90, Sol=0.98 -> Ô£ô ACCEPTED
Contour #6199: Area=   242, Ratio=0.90, Circ=0.45, Sol=0.90 -> Ô£ù REJECTED
              Circularity too low (0.45 < 0.6)
Contour #6200: Area=   248, Ratio=0.85, Circ=0.45, Sol=0.88 -> Ô£ù REJECTED
              Circularity too low (0.45 < 0.6)
Contour #6201: Area=   104, Ratio=0.40, Circ=0.56, Sol=0.88 -> Ô£ù REJECTED
              Aspect ratio out of range (0.40)
Contour #6202: Area=   259, Ratio=0.90, Circ=0.47, Sol=0.90 -> Ô£ù REJECTED
              Circularity too low (0.47 < 0.6)
Contour #6203: Area=   246, Ratio=0.90, Circ=0.33, Sol=0.78 -> Ô£ù REJECTED
              Circularity too low (0.33 < 0.6)
Contour #6204: Area=   227, Ratio=0.85, Circ=0.29, Sol=0.83 -> Ô£ù REJECTED
              Circularity too low (0.29 < 0.6)
Contour #6205: Area=   255, Ratio=0.90, Circ=0.45, Sol=0.89 -> Ô£ù REJECTED
              Circularity too low (0.45 < 0.6)
Contour #6206: Area=   259, Ratio=0.90, Circ=0.45, Sol=0.89 -> Ô£ù REJECTED
              Circularity too low (0.45 < 0.6)
Contour #6207: Area=   260, Ratio=0.90, Circ=0.45, Sol=0.88 -> Ô£ù REJECTED
              Circularity too low (0.45 < 0.6)
Contour #6208: Area=   249, Ratio=0.90, Circ=0.45, Sol=0.88 -> Ô£ù REJECTED
              Circularity too low (0.45 < 0.6)
Contour #6209: Area=   279, Ratio=0.90, Circ=0.93, Sol=0.99 -> Ô£ô ACCEPTED
Contour #6210: Area=   220, Ratio=0.81, Circ=0.35, Sol=0.71 -> Ô£ù REJECTED
              Circularity too low (0.35 < 0.6)
Contour #6211: Area=   115, Ratio=0.33, Circ=0.61, Sol=1.00 -> Ô£ù REJECTED
              Aspect ratio out of range (0.33)
Contour #6212: Area=   245, Ratio=0.86, Circ=0.33, Sol=0.77 -> Ô£ù REJECTED
              Circularity too low (0.33 < 0.6)
Contour #6213: Area=   119, Ratio=0.38, Circ=0.59, Sol=0.90 -> Ô£ù REJECTED
              Aspect ratio out of range (0.38)
Contour #6214: Area=   254, Ratio=0.86, Circ=0.46, Sol=0.87 -> Ô£ù REJECTED
              Circularity too low (0.46 < 0.6)
Contour #6215: Area=   151, Ratio=0.62, Circ=0.50, Sol=0.79 -> Ô£ù REJECTED
              Circularity too low (0.50 < 0.6)
Contour #6216: Area=   112, Ratio=0.38, Circ=0.54, Sol=0.85 -> Ô£ù REJECTED
              Aspect ratio out of range (0.38)
Contour #6217: Area=   250, Ratio=0.86, Circ=0.32, Sol=0.77 -> Ô£ù REJECTED
              Circularity too low (0.32 < 0.6)
Contour #6218: Area=   402, Ratio=1.33, Circ=0.26, Sol=0.77 -> Ô£ù REJECTED
              Circularity too low (0.26 < 0.6)
Contour #6219: Area=   115, Ratio=0.33, Circ=0.61, Sol=1.00 -> Ô£ù REJECTED
              Aspect ratio out of range (0.33)
Contour #6220: Area=   146, Ratio=0.67, Circ=0.49, Sol=0.75 -> Ô£ù REJECTED
              Circularity too low (0.49 < 0.6)
Contour #6221: Area=   121, Ratio=0.38, Circ=0.60, Sol=0.92 -> Ô£ù REJECTED
              Aspect ratio out of range (0.38)
Contour #6222: Area=   115, Ratio=0.33, Circ=0.61, Sol=1.00 -> Ô£ù REJECTED
              Aspect ratio out of range (0.33)
Contour #6223: Area=   264, Ratio=0.68, Circ=0.29, Sol=0.70 -> Ô£ù REJECTED
              Circularity too low (0.29 < 0.6)
Contour #6224: Area=   103, Ratio=0.60, Circ=0.79, Sol=0.99 -> Ô£ù REJECTED
              Aspect ratio out of range (0.60)
Contour #6225: Area=   102, Ratio=0.60, Circ=0.76, Sol=0.98 -> Ô£ù REJECTED
              Aspect ratio out of range (0.60)
Contour #6226: Area=   128, Ratio=0.80, Circ=0.87, Sol=0.97 -> Ô£ô ACCEPTED
Contour #6227: Area=  2382, Ratio=4.52, Circ=0.40, Sol=0.93 -> Ô£ù REJECTED
              Area too large (2382 ÔëÑ 600)
Contour #6228: Area=   458, Ratio=0.81, Circ=0.86, Sol=0.99 -> Ô£ô ACCEPTED
Contour #6229: Area=   460, Ratio=0.85, Circ=0.83, Sol=0.97 -> Ô£ô ACCEPTED
Contour #6230: Area=    31, Ratio=1.00, Circ=0.93, Sol=1.00 -> Ô£ô ACCEPTED
Contour #6231: Area=    32, Ratio=1.00, Circ=0.92, Sol=1.00 -> Ô£ô ACCEPTED
Contour #6232: Area=   278, Ratio=0.67, Circ=0.29, Sol=0.72 -> Ô£ù REJECTED
              Circularity too low (0.29 < 0.6)
Contour #6233: Area=   341, Ratio=0.70, Circ=0.60, Sol=0.88 -> Ô£ô ACCEPTED
Contour #6234: Area=   157, Ratio=0.33, Circ=0.49, Sol=0.88 -> Ô£ù REJECTED
              Aspect ratio out of range (0.33)
Contour #6235: Area=   341, Ratio=0.70, Circ=0.62, Sol=0.90 -> Ô£ô ACCEPTED
Contour #6236: Area=   280, Ratio=0.67, Circ=0.28, Sol=0.69 -> Ô£ù REJECTED
              Circularity too low (0.28 < 0.6)
Contour #6237: Area=    46, Ratio=1.12, Circ=0.90, Sol=0.99 -> Ô£ô ACCEPTED
Contour #6238: Area=   341, Ratio=0.70, Circ=0.60, Sol=0.88 -> Ô£ô ACCEPTED
Contour #6239: Area=   342, Ratio=0.70, Circ=0.61, Sol=0.90 -> Ô£ô ACCEPTED
Contour #6240: Area=   328, Ratio=0.67, Circ=0.60, Sol=0.89 -> Ô£ô ACCEPTED
Contour #6241: Area=   348, Ratio=0.78, Circ=0.25, Sol=0.77 -> Ô£ù REJECTED
              Circularity too low (0.25 < 0.6)
Contour #6242: Area=   164, Ratio=0.30, Circ=0.50, Sol=0.92 -> Ô£ù REJECTED
              Aspect ratio out of range (0.30)
Contour #6243: Area=   166, Ratio=0.33, Circ=0.48, Sol=0.82 -> Ô£ù REJECTED
              Aspect ratio out of range (0.33)
Contour #6244: Area=   492, Ratio=0.93, Circ=0.88, Sol=0.97 -> Ô£ô ACCEPTED
Contour #6245: Area=   347, Ratio=0.78, Circ=0.24, Sol=0.77 -> Ô£ù REJECTED
              Circularity too low (0.24 < 0.6)
Contour #6246: Area=    24, Ratio=0.90, Circ=0.30, Sol=0.64 -> Ô£ù REJECTED
              Area too small (24 Ôëñ 30)
Contour #6247: Area=    71, Ratio=0.24, Circ=0.15, Sol=0.40 -> Ô£ù REJECTED
              Aspect ratio out of range (0.24)
Contour #6248: Area=    77, Ratio=0.31, Circ=0.13, Sol=0.31 -> Ô£ù REJECTED
              Aspect ratio out of range (0.31)
Contour #6249: Area=  3015, Ratio=4.38, Circ=0.25, Sol=0.76 -> Ô£ù REJECTED
              Area too large (3015 ÔëÑ 600)
Contour #6250: Area=  1804, Ratio=2.81, Circ=0.11, Sol=0.58 -> Ô£ù REJECTED
              Area too large (1804 ÔëÑ 600)
Contour #6251: Area=  2164, Ratio=4.13, Circ=0.09, Sol=0.65 -> Ô£ù REJECTED
              Area too large (2164 ÔëÑ 600)
Contour #6252: Area=   824, Ratio=1.47, Circ=0.27, Sol=0.75 -> Ô£ù REJECTED
              Area too large (824 ÔëÑ 600)
Contour #6253: Area=  1056, Ratio=1.63, Circ=0.67, Sol=0.91 -> Ô£ù REJECTED
              Area too large (1056 ÔëÑ 600)
Contour #6254: Area=  2560, Ratio=2.92, Circ=0.35, Sol=0.73 -> Ô£ù REJECTED
              Area too large (2560 ÔëÑ 600)
Contour #6255: Area=  1078, Ratio=1.87, Circ=0.19, Sol=0.70 -> Ô£ù REJECTED
              Area too large (1078 ÔëÑ 600)
Contour #6256: Area=  2508, Ratio=3.72, Circ=0.12, Sol=0.71 -> Ô£ù REJECTED
              Area too large (2508 ÔëÑ 600)
Contour #6257: Area=   159, Ratio=1.00, Circ=0.77, Sol=0.97 -> Ô£ô ACCEPTED
Contour #6258: Area=    27, Ratio=1.57, Circ=0.35, Sol=0.61 -> Ô£ù REJECTED
              Area too small (27 Ôëñ 30)
Contour #6259: Area=   712, Ratio=1.00, Circ=0.22, Sol=0.47 -> Ô£ù REJECTED
              Area too large (712 ÔëÑ 600)
Contour #6260: Area=    34, Ratio=1.14, Circ=0.90, Sol=0.99 -> Ô£ô ACCEPTED
Contour #6261: Area=   732, Ratio=0.73, Circ=0.42, Sol=0.68 -> Ô£ù REJECTED
              Area too large (732 ÔëÑ 600)
Contour #6262: Area=   142, Ratio=0.27, Circ=0.54, Sol=1.00 -> Ô£ù REJECTED
              Aspect ratio out of range (0.27)
Contour #6263: Area=   354, Ratio=0.81, Circ=0.25, Sol=0.74 -> Ô£ù REJECTED
              Circularity too low (0.25 < 0.6)
Contour #6264: Area=   144, Ratio=0.31, Circ=0.50, Sol=0.88 -> Ô£ù REJECTED
              Aspect ratio out of range (0.31)
Contour #6265: Area=  2482, Ratio=1.12, Circ=0.08, Sol=0.56 -> Ô£ù REJECTED
              Area too large (2482 ÔëÑ 600)
Contour #6266: Area=  2045, Ratio=1.15, Circ=0.12, Sol=0.40 -> Ô£ù REJECTED
              Area too large (2045 ÔëÑ 600)
Contour #6267: Area=   160, Ratio=0.93, Circ=0.74, Sol=0.94 -> Ô£ô ACCEPTED
Contour #6268: Area=  1581, Ratio=0.80, Circ=0.21, Sol=0.61 -> Ô£ù REJECTED
              Area too large (1581 ÔëÑ 600)
Contour #6269: Area= 73742, Ratio=13.37, Circ=0.20, Sol=0.99 -> Ô£ù REJECTED
              Area too large (73742 ÔëÑ 600)
Contour #6270: Area=  7912, Ratio=1.42, Circ=0.77, Sol=0.99 -> Ô£ù REJECTED
              Area too large (7912 ÔëÑ 600)
Contour #6271: Area=1663376, Ratio=0.61, Circ=0.73, Sol=1.00 -> Ô£ù REJECTED
              Area too large (1663376 ÔëÑ 600)
Contour #6272: Area=126650, Ratio=0.07, Circ=0.13, Sol=0.80 -> Ô£ù REJECTED
              Area too large (126650 ÔëÑ 600)
Contour #6273: Area=  1177, Ratio=1.03, Circ=0.85, Sol=1.00 -> Ô£ù REJECTED
              Area too large (1177 ÔëÑ 600)
Contour #6274: Area=    32, Ratio=1.00, Circ=0.92, Sol=1.00 -> Ô£ô ACCEPTED
Contour #6275: Area=    32, Ratio=1.00, Circ=0.92, Sol=1.00 -> Ô£ô ACCEPTED
Contour #6276: Area=    36, Ratio=1.14, Circ=0.93, Sol=1.00 -> Ô£ô ACCEPTED
Contour #6277: Area=   160, Ratio=1.00, Circ=0.76, Sol=0.97 -> Ô£ô ACCEPTED
Contour #6278: Area=  1644, Ratio=1.00, Circ=0.77, Sol=0.98 -> Ô£ù REJECTED
              Area too large (1644 ÔëÑ 600)
Contour #6279: Area=   155, Ratio=1.00, Circ=0.71, Sol=0.90 -> Ô£ô ACCEPTED
Contour #6280: Area=   160, Ratio=1.00, Circ=0.73, Sol=0.95 -> Ô£ô ACCEPTED
Contour #6281: Area=     2, Ratio=1.00, Circ=0.79, Sol=1.00 -> Ô£ù REJECTED
              Area too small (2 Ôëñ 30)
Contour #6282: Area=    34, Ratio=1.14, Circ=0.88, Sol=0.97 -> Ô£ô ACCEPTED
Contour #6283: Area=  4981, Ratio=1.01, Circ=0.76, Sol=0.96 -> Ô£ù REJECTED
              Area too large (4981 ÔëÑ 600)
Contour #6284: Area=     4, Ratio=0.75, Circ=0.86, Sol=1.00 -> Ô£ù REJECTED
              Area too small (4 Ôëñ 30)
Contour #6285: Area=     4, Ratio=0.75, Circ=0.86, Sol=1.00 -> Ô£ù REJECTED
              Area too small (4 Ôëñ 30)
Contour #6286: Area=     4, Ratio=0.75, Circ=0.86, Sol=1.00 -> Ô£ù REJECTED
              Area too small (4 Ôëñ 30)
Contour #6287: Area=  5820, Ratio=1.01, Circ=0.82, Sol=1.00 -> Ô£ù REJECTED
              Area too large (5820 ÔëÑ 600)
Contour #6288: Area=    11, Ratio=1.00, Circ=0.89, Sol=1.00 -> Ô£ù REJECTED
              Area too small (11 Ôëñ 30)
Contour #6289: Area=    14, Ratio=0.83, Circ=0.84, Sol=1.00 -> Ô£ù REJECTED
              Area too small (14 Ôëñ 30)
Contour #6290: Area=    13, Ratio=0.57, Circ=0.78, Sol=1.00 -> Ô£ù REJECTED
              Area too small (13 Ôëñ 30)
Contour #6291: Area=   176, Ratio=1.67, Circ=0.49, Sol=0.77 -> Ô£ù REJECTED
              Circularity too low (0.49 < 0.6)
Contour #6292: Area=    18, Ratio=0.71, Circ=0.83, Sol=0.97 -> Ô£ù REJECTED
              Area too small (18 Ôëñ 30)
Contour #6293: Area=  8174, Ratio=1.01, Circ=0.81, Sol=1.00 -> Ô£ù REJECTED
              Area too large (8174 ÔëÑ 600)
Contour #6294: Area=  1167, Ratio=1.00, Circ=0.28, Sol=0.59 -> Ô£ù REJECTED
              Area too large (1167 ÔëÑ 600)
Contour #6295: Area=    34, Ratio=0.88, Circ=0.94, Sol=1.00 -> Ô£ô ACCEPTED
Contour #6296: Area=    33, Ratio=0.88, Circ=0.91, Sol=0.99 -> Ô£ô ACCEPTED
Contour #6297: Area=   224, Ratio=1.05, Circ=0.52, Sol=0.78 -> Ô£ù REJECTED
              Circularity too low (0.52 < 0.6)
Contour #6298: Area=     8, Ratio=0.50, Circ=0.74, Sol=1.00 -> Ô£ù REJECTED
              Area too small (8 Ôëñ 30)
Contour #6299: Area=    11, Ratio=1.00, Circ=0.89, Sol=1.00 -> Ô£ù REJECTED
              Area too small (11 Ôëñ 30)
Contour #6300: Area=    26, Ratio=1.33, Circ=0.84, Sol=0.96 -> Ô£ù REJECTED
              Area too small (26 Ôëñ 30)
Contour #6301: Area=  9312, Ratio=1.01, Circ=0.79, Sol=1.00 -> Ô£ù REJECTED
              Area too large (9312 ÔëÑ 600)
Contour #6302: Area=  1932, Ratio=1.02, Circ=0.31, Sol=0.71 -> Ô£ù REJECTED
              Area too large (1932 ÔëÑ 600)
Contour #6303: Area=   169, Ratio=1.07, Circ=0.72, Sol=0.93 -> Ô£ô ACCEPTED
Contour #6304: Area=   338, Ratio=1.00, Circ=0.38, Sol=0.63 -> Ô£ù REJECTED
              Circularity too low (0.38 < 0.6)
Contour #6305: Area=   530, Ratio=1.00, Circ=0.56, Sol=0.84 -> Ô£ù REJECTED
              Circularity too low (0.56 < 0.6)
Contour #6306: Area=   458, Ratio=0.63, Circ=0.80, Sol=0.99 -> Ô£ô ACCEPTED
Contour #6307: Area=   164, Ratio=0.76, Circ=0.84, Sol=0.98 -> Ô£ô ACCEPTED
Contour #6308: Area=   536, Ratio=0.77, Circ=0.88, Sol=0.98 -> Ô£ô ACCEPTED
Contour #6309: Area=   149, Ratio=0.93, Circ=0.82, Sol=0.95 -> Ô£ô ACCEPTED
Contour #6310: Area=   536, Ratio=0.77, Circ=0.88, Sol=0.98 -> Ô£ô ACCEPTED
Contour #6311: Area=   535, Ratio=0.71, Circ=0.87, Sol=0.98 -> Ô£ô ACCEPTED
Contour #6312: Area=   166, Ratio=0.61, Circ=0.51, Sol=0.78 -> Ô£ù REJECTED
              Circularity too low (0.51 < 0.6)
Contour #6313: Area=   170, Ratio=0.65, Circ=0.52, Sol=0.80 -> Ô£ù REJECTED
              Circularity too low (0.52 < 0.6)
Contour #6314: Area=   170, Ratio=0.61, Circ=0.52, Sol=0.80 -> Ô£ù REJECTED
              Circularity too low (0.52 < 0.6)
Contour #6315: Area=     7, Ratio=1.00, Circ=0.94, Sol=1.00 -> Ô£ù REJECTED
              Area too small (7 Ôëñ 30)
Contour #6316: Area=   102, Ratio=0.92, Circ=0.90, Sol=0.99 -> Ô£ô ACCEPTED
Contour #6317: Area=   272, Ratio=0.20, Circ=0.41, Sol=1.00 -> Ô£ù REJECTED
              Aspect ratio out of range (0.20)
Contour #6318: Area=   273, Ratio=0.20, Circ=0.41, Sol=1.00 -> Ô£ù REJECTED
              Aspect ratio out of range (0.20)
Contour #6319: Area=  1079, Ratio=0.82, Circ=0.80, Sol=0.96 -> Ô£ù REJECTED
              Area too large (1079 ÔëÑ 600)
Contour #6320: Area=   272, Ratio=0.20, Circ=0.41, Sol=1.00 -> Ô£ù REJECTED
              Aspect ratio out of range (0.20)
Contour #6321: Area=   613, Ratio=0.83, Circ=0.15, Sol=0.53 -> Ô£ù REJECTED
              Area too large (613 ÔëÑ 600)
Contour #6322: Area=   702, Ratio=0.93, Circ=0.40, Sol=0.76 -> Ô£ù REJECTED
              Area too large (702 ÔëÑ 600)
Contour #6323: Area=   280, Ratio=0.47, Circ=0.28, Sol=0.54 -> Ô£ù REJECTED
              Aspect ratio out of range (0.47)
Contour #6324: Area=   236, Ratio=0.23, Circ=0.33, Sol=0.76 -> Ô£ù REJECTED
              Aspect ratio out of range (0.23)
Contour #6325: Area=   679, Ratio=0.68, Circ=0.58, Sol=0.87 -> Ô£ù REJECTED
              Area too large (679 ÔëÑ 600)
Contour #6326: Area=   698, Ratio=0.88, Circ=0.40, Sol=0.75 -> Ô£ù REJECTED
              Area too large (698 ÔëÑ 600)
Contour #6327: Area=   470, Ratio=0.90, Circ=0.16, Sol=0.52 -> Ô£ù REJECTED
              Circularity too low (0.16 < 0.6)
Contour #6328: Area=   478, Ratio=0.60, Circ=0.17, Sol=0.53 -> Ô£ù REJECTED
              Aspect ratio out of range (0.60)
Contour #6329: Area=   462, Ratio=0.73, Circ=0.21, Sol=0.46 -> Ô£ù REJECTED
              Circularity too low (0.21 < 0.6)
Contour #6330: Area=   348, Ratio=0.55, Circ=0.30, Sol=0.59 -> Ô£ù REJECTED
              Aspect ratio out of range (0.55)
Contour #6331: Area=   558, Ratio=0.80, Circ=0.18, Sol=0.47 -> Ô£ù REJECTED
              Circularity too low (0.18 < 0.6)
Contour #6332: Area=   279, Ratio=0.46, Circ=0.28, Sol=0.54 -> Ô£ù REJECTED
              Aspect ratio out of range (0.46)
Contour #6333: Area=   248, Ratio=0.20, Circ=0.36, Sol=0.91 -> Ô£ù REJECTED
              Aspect ratio out of range (0.20)
Contour #6334: Area=  1205, Ratio=0.90, Circ=0.90, Sol=0.99 -> Ô£ù REJECTED
              Area too large (1205 ÔëÑ 600)
Contour #6335: Area=   702, Ratio=0.90, Circ=0.39, Sol=0.75 -> Ô£ù REJECTED
              Area too large (702 ÔëÑ 600)
Contour #6336: Area=   382, Ratio=0.76, Circ=0.25, Sol=0.49 -> Ô£ù REJECTED
              Circularity too low (0.25 < 0.6)
Contour #6337: Area=   757, Ratio=0.73, Circ=0.33, Sol=0.71 -> Ô£ù REJECTED
              Area too large (757 ÔëÑ 600)
Contour #6338: Area=  1206, Ratio=0.90, Circ=0.90, Sol=0.99 -> Ô£ù REJECTED
              Area too large (1206 ÔëÑ 600)
Contour #6339: Area=   342, Ratio=0.54, Circ=0.29, Sol=0.58 -> Ô£ù REJECTED
              Aspect ratio out of range (0.54)
Contour #6340: Area=   594, Ratio=0.78, Circ=0.20, Sol=0.51 -> Ô£ù REJECTED
              Circularity too low (0.20 < 0.6)
Contour #6341: Area=   285, Ratio=0.46, Circ=0.29, Sol=0.53 -> Ô£ù REJECTED
              Aspect ratio out of range (0.46)
Contour #6342: Area=   242, Ratio=0.22, Circ=0.33, Sol=0.77 -> Ô£ù REJECTED
              Aspect ratio out of range (0.22)
Contour #6343: Area=  1205, Ratio=0.93, Circ=0.87, Sol=0.98 -> Ô£ù REJECTED
              Area too large (1205 ÔëÑ 600)
Contour #6344: Area=   282, Ratio=0.46, Circ=0.29, Sol=0.54 -> Ô£ù REJECTED
              Aspect ratio out of range (0.46)
Contour #6345: Area=   247, Ratio=0.20, Circ=0.36, Sol=0.89 -> Ô£ù REJECTED
              Aspect ratio out of range (0.20)
Contour #6346: Area=   350, Ratio=0.54, Circ=0.30, Sol=0.58 -> Ô£ù REJECTED
              Aspect ratio out of range (0.54)
Contour #6347: Area=   986, Ratio=0.93, Circ=0.35, Sol=0.77 -> Ô£ù REJECTED
              Area too large (986 ÔëÑ 600)
Contour #6348: Area=    48, Ratio=1.12, Circ=0.89, Sol=0.98 -> Ô£ô ACCEPTED
Contour #6349: Area=    85, Ratio=2.11, Circ=0.37, Sol=0.68 -> Ô£ù REJECTED
              Aspect ratio out of range (2.11)
Contour #6350: Area=    44, Ratio=1.33, Circ=0.43, Sol=0.72 -> Ô£ù REJECTED
              Circularity too low (0.43 < 0.6)
Contour #6351: Area=6712003, Ratio=0.76, Circ=0.55, Sol=0.91 -> Ô£ù REJECTED
              Area too large (6712003 ÔëÑ 600)
Contour #6352: Area=7438403, Ratio=0.76, Circ=0.77, Sol=1.00 -> Ô£ù REJECTED
              Area too large (7438403 ÔëÑ 600)
Contour #6353: Area=7520604, Ratio=0.76, Circ=0.77, Sol=1.00 -> Ô£ù REJECTED
              Area too large (7520604 ÔëÑ 600)
Contour #6354: Area=7539853, Ratio=0.76, Circ=0.76, Sol=1.00 -> Ô£ù REJECTED
              Area too large (7539853 ÔëÑ 600)
================================================================================
Ô£à FINAL RESULT: 1328 bubbles accepted out of 6354 contours

­şÆ¥ Saved: debug_bubbles.jpg (1328 bubbles detected)

­şöı Bubble Count Validation:
   Expected: 450 bubbles (90 questions ├ù 5 options)
   Detected: 1328 bubbles
   ÔÜá´©Å  WARNING: Detected more bubbles than expected!
   Extra: 878 bubbles
   Possible causes: Dust, text detected as bubbles, loose filtering
­şôè Bubble Grouping Summary:
   Total bubbles: 1328
   Rows detected: 56
   Row 1: 11 bubbles (Y avg: 41.9)
   Row 2: 9 bubbles (Y avg: 81.9)
   Row 3: 23 bubbles (Y avg: 114.6)
   Row 4: 6 bubbles (Y avg: 153.3)
   Row 5: 12 bubbles (Y avg: 189.0)
   Row 6: 31 bubbles (Y avg: 234.1)
   Row 7: 64 bubbles (Y avg: 289.9)
   Row 8: 1 bubbles (Y avg: 415.0)
   Row 9: 47 bubbles (Y avg: 445.9)
   Row 10: 1 bubbles (Y avg: 468.0)
   Row 11: 5 bubbles (Y avg: 550.2)
   Row 12: 3 bubbles (Y avg: 606.7)
   Row 13: 2 bubbles (Y avg: 628.5)
   Row 14: 4 bubbles (Y avg: 711.2)
   Row 15: 3 bubbles (Y avg: 764.3)
   Row 16: 2 bubbles (Y avg: 793.5)
   Row 17: 21 bubbles (Y avg: 895.1)
   Row 18: 1 bubbles (Y avg: 916.0)
   Row 19: 4 bubbles (Y avg: 944.5)
   Row 20: 14 bubbles (Y avg: 972.6)
   Row 21: 1 bubbles (Y avg: 997.0)
   Row 22: 2 bubbles (Y avg: 1021.5)
   Row 23: 53 bubbles (Y avg: 1125.2)
   Row 24: 40 bubbles (Y avg: 1178.3)
   Row 25: 37 bubbles (Y avg: 1231.6)
   Row 26: 20 bubbles (Y avg: 1285.5)
   Row 27: 17 bubbles (Y avg: 1446.0)
   Row 28: 14 bubbles (Y avg: 1555.0)
   Row 29: 51 bubbles (Y avg: 1654.5)
   Row 30: 11 bubbles (Y avg: 1704.9)
   Row 31: 5 bubbles (Y avg: 1786.0)
   Row 32: 20 bubbles (Y avg: 1869.3)
   Row 33: 2 bubbles (Y avg: 1893.5)
   Row 34: 12 bubbles (Y avg: 1962.2)
   Row 35: 5 bubbles (Y avg: 1996.0)
   Row 36: 37 bubbles (Y avg: 2072.9)
   Row 37: 34 bubbles (Y avg: 2125.4)
   Row 38: 38 bubbles (Y avg: 2177.8)
   Row 39: 30 bubbles (Y avg: 2229.7)
   Row 40: 35 bubbles (Y avg: 2282.8)
   Row 41: 35 bubbles (Y avg: 2336.2)
   Row 42: 34 bubbles (Y avg: 2387.8)
   Row 43: 46 bubbles (Y avg: 2440.5)
   Row 44: 41 bubbles (Y avg: 2491.9)
   Row 45: 40 bubbles (Y avg: 2544.1)
   Row 46: 34 bubbles (Y avg: 2596.9)
   Row 47: 37 bubbles (Y avg: 2649.4)
   Row 48: 33 bubbles (Y avg: 2701.7)
   Row 49: 36 bubbles (Y avg: 2754.5)
   Row 50: 34 bubbles (Y avg: 2806.9)
   Row 51: 37 bubbles (Y avg: 2860.3)
   Row 52: 39 bubbles (Y avg: 2911.9)
   Row 53: 46 bubbles (Y avg: 2965.1)
   Row 54: 42 bubbles (Y avg: 3017.1)
   Row 55: 37 bubbles (Y avg: 3068.7)
   Row 56: 29 bubbles (Y avg: 3117.4)
­şÆ¥ Saved: debug_rows.jpg (rows color-coded)

ÔÜá´©Å  Row Count Mismatch:
   Expected rows: 90
   Detected rows: 56
   This may indicate Y-coordinate grouping issues
ÔÜá´©Å  Question 1: Expected 5 options, found 11
   Q1:      Fill stats - Mean: 0.413, Std: 0.394, Threshold: 0.807
      Ratios: ['0.167', '0.764', '0.133', '1.000', '0.003']
 ÔåÆ D
ÔÜá´©Å  Question 2: Expected 5 options, found 9
   Q2:      Fill stats - Mean: 0.379, Std: 0.301, Threshold: 0.680
      Ratios: ['0.730', '0.100', '0.167', '0.764', '0.133']
 ÔåÆ HATALI (Multiple: A, D)
ÔÜá´©Å  Question 3: Expected 5 options, found 23
   Q3:      Fill stats - Mean: 0.304, Std: 0.263, Threshold: 0.567
      Ratios: ['0.040', '0.770', '0.080', '0.254', '0.377']
 ÔåÆ B
ÔÜá´©Å  Question 4: Expected 5 options, found 6
   Q4:      Fill stats - Mean: 0.153, Std: 0.060, Threshold: 0.213
      Ratios: ['0.222', '0.100', '0.139', '0.222', '0.080']
 ÔåÆ BO┼Ş
ÔÜá´©Å  Question 5: Expected 5 options, found 12
   Q5:      Fill stats - Mean: 0.385, Std: 0.309, Threshold: 0.694
      Ratios: ['0.764', '0.133', '0.133', '0.764', '0.133']
 ÔåÆ HATALI (Multiple: A, D)
ÔÜá´©Å  Question 6: Expected 5 options, found 31
   Q6:      Fill stats - Mean: 0.532, Std: 0.281, Threshold: 0.812
      Ratios: ['0.730', '0.250', '0.764', '0.133', '0.782']
 ÔåÆ BO┼Ş
ÔÜá´©Å  Question 7: Expected 5 options, found 64
   Q7:      Fill stats - Mean: 0.417, Std: 0.314, Threshold: 0.732
      Ratios: ['0.770', '0.080', '0.791', '0.080', '0.365']
 ÔåÆ HATALI (Multiple: A, C)
ÔÜá´©Å  Question 8: Expected 5 options, found 1
   Q8:      Fill stats - Mean: 0.952, Std: 0.000, Threshold: 0.952
      Ratios: ['0.952']
 ÔåÆ BO┼Ş
ÔÜá´©Å  Question 9: Expected 5 options, found 47
   Q9:      Fill stats - Mean: 0.393, Std: 0.264, Threshold: 0.657
      Ratios: ['0.383', '0.818', '0.524', '0.100', '0.140']
 ÔåÆ B
ÔÜá´©Å  Question 10: Expected 5 options, found 1
   Q10:      Fill stats - Mean: 0.268, Std: 0.000, Threshold: 0.268
      Ratios: ['0.268']
 ÔåÆ BO┼Ş
   Q11:      Fill stats - Mean: 0.279, Std: 0.013, Threshold: 0.293
      Ratios: ['0.284', '0.269', '0.273', '0.304', '0.268']
 ÔåÆ D
ÔÜá´©Å  Question 12: Expected 5 options, found 3
   Q12:      Fill stats - Mean: 0.261, Std: 0.174, Threshold: 0.435
      Ratios: ['0.506', '0.133', '0.143']
 ÔåÆ A
ÔÜá´©Å  Question 13: Expected 5 options, found 2
   Q13:      Fill stats - Mean: 0.167, Std: 0.111, Threshold: 0.278
      Ratios: ['0.056', '0.278']
 ÔåÆ BO┼Ş
ÔÜá´©Å  Question 14: Expected 5 options, found 4
   Q14:      Fill stats - Mean: 0.210, Std: 0.198, Threshold: 0.408
      Ratios: ['0.178', '0.075', '0.543', '0.044']
 ÔåÆ C
ÔÜá´©Å  Question 15: Expected 5 options, found 3
   Q15:      Fill stats - Mean: 0.235, Std: 0.020, Threshold: 0.255
      Ratios: ['0.238', '0.208', '0.257']
 ÔåÆ BO┼Ş
ÔÜá´©Å  Question 16: Expected 5 options, found 2
   Q16:      Fill stats - Mean: 0.198, Std: 0.154, Threshold: 0.352
      Ratios: ['0.352', '0.044']
 ÔåÆ BO┼Ş
ÔÜá´©Å  Question 17: Expected 5 options, found 21
   Q17:      Fill stats - Mean: 0.255, Std: 0.186, Threshold: 0.441
      Ratios: ['0.097', '0.421', '0.046', '0.525', '0.186']
 ÔåÆ D
ÔÜá´©Å  Question 18: Expected 5 options, found 1
   Q18:      Fill stats - Mean: 0.133, Std: 0.000, Threshold: 0.133
      Ratios: ['0.133']
 ÔåÆ BO┼Ş
ÔÜá´©Å  Question 19: Expected 5 options, found 4
   Q19:      Fill stats - Mean: 0.229, Std: 0.117, Threshold: 0.346
      Ratios: ['0.418', '0.098', '0.200', '0.200']
 ÔåÆ A
ÔÜá´©Å  Question 20: Expected 5 options, found 14
   Q20:      Fill stats - Mean: 0.299, Std: 0.115, Threshold: 0.414
      Ratios: ['0.392', '0.278', '0.163', '0.465', '0.194']
 ÔåÆ D
ÔÜá´©Å  Question 21: Expected 5 options, found 1
   Q21:      Fill stats - Mean: 0.352, Std: 0.000, Threshold: 0.352
      Ratios: ['0.352']
 ÔåÆ BO┼Ş
ÔÜá´©Å  Question 22: Expected 5 options, found 2
   Q22:      Fill stats - Mean: 0.070, Std: 0.041, Threshold: 0.111
      Ratios: ['0.111', '0.029']
 ÔåÆ BO┼Ş
ÔÜá´©Å  Question 23: Expected 5 options, found 53
   Q23:      Fill stats - Mean: 0.647, Std: 0.229, Threshold: 0.877
      Ratios: ['0.818', '0.881', '0.381', '0.356', '0.800']
 ÔåÆ B
ÔÜá´©Å  Question 24: Expected 5 options, found 40
   Q24:      Fill stats - Mean: 0.156, Std: 0.111, Threshold: 0.267
      Ratios: ['0.306', '0.024', '0.154', '0.044', '0.253']
 ÔåÆ A
ÔÜá´©Å  Question 25: Expected 5 options, found 37
   Q25:      Fill stats - Mean: 0.323, Std: 0.016, Threshold: 0.339
      Ratios: ['0.310', '0.353', '0.310', '0.326', '0.316']
 ÔåÆ B
ÔÜá´©Å  Question 26: Expected 5 options, found 20
   Q26:      Fill stats - Mean: 0.032, Std: 0.013, Threshold: 0.045
      Ratios: ['0.029', '0.039', '0.052', '0.014', '0.029']
 ÔåÆ BO┼Ş
ÔÜá´©Å  Question 27: Expected 5 options, found 17
   Q27:      Fill stats - Mean: 0.270, Std: 0.019, Threshold: 0.289
      Ratios: ['0.238', '0.296', '0.270', '0.278', '0.270']
 ÔåÆ BO┼Ş
ÔÜá´©Å  Question 28: Expected 5 options, found 14
   Q28:      Fill stats - Mean: 0.184, Std: 0.026, Threshold: 0.209
      Ratios: ['0.200', '0.210', '0.198', '0.173', '0.139']
 ÔåÆ BO┼Ş
ÔÜá´©Å  Question 29: Expected 5 options, found 51
   Q29:      Fill stats - Mean: 0.292, Std: 0.098, Threshold: 0.390
      Ratios: ['0.386', '0.185', '0.232', '0.432', '0.222']
 ÔåÆ D
ÔÜá´©Å  Question 30: Expected 5 options, found 11
   Q30:      Fill stats - Mean: 0.176, Std: 0.043, Threshold: 0.219
      Ratios: ['0.244', '0.175', '0.125', '0.139', '0.198']
 ÔåÆ BO┼Ş
   Q31:      Fill stats - Mean: 0.268, Std: 0.119, Threshold: 0.386
      Ratios: ['0.296', '0.289', '0.455', '0.094', '0.204']
 ÔåÆ C
ÔÜá´©Å  Question 32: Expected 5 options, found 20
   Q32:      Fill stats - Mean: 0.176, Std: 0.105, Threshold: 0.281
      Ratios: ['0.111', '0.274', '0.007', '0.200', '0.287']
 ÔåÆ BO┼Ş
ÔÜá´©Å  Question 33: Expected 5 options, found 2
   Q33:      Fill stats - Mean: 0.940, Std: 0.010, Threshold: 0.950
      Ratios: ['0.929', '0.950']
 ÔåÆ BO┼Ş
ÔÜá´©Å  Question 34: Expected 5 options, found 12
   Q34:      Fill stats - Mean: 0.427, Std: 0.287, Threshold: 0.715
      Ratios: ['0.224', '0.329', '0.983', '0.199', '0.400']
 ÔåÆ C
   Q35:      Fill stats - Mean: 0.200, Std: 0.087, Threshold: 0.287
      Ratios: ['0.071', '0.291', '0.247', '0.122', '0.270']
 ÔåÆ BO┼Ş
ÔÜá´©Å  Question 36: Expected 5 options, found 37
   Q36:      Fill stats - Mean: 0.195, Std: 0.115, Threshold: 0.309
      Ratios: ['0.083', '0.357', '0.075', '0.159', '0.300']
 ÔåÆ B
ÔÜá´©Å  Question 37: Expected 5 options, found 34
   Q37:      Fill stats - Mean: 0.248, Std: 0.120, Threshold: 0.368
      Ratios: ['0.419', '0.089', '0.333', '0.148', '0.250']
 ÔåÆ A
ÔÜá´©Å  Question 38: Expected 5 options, found 38
   Q38:      Fill stats - Mean: 0.236, Std: 0.132, Threshold: 0.368
      Ratios: ['0.404', '0.049', '0.360', '0.222', '0.143']
 ÔåÆ A
ÔÜá´©Å  Question 39: Expected 5 options, found 30
   Q39:      Fill stats - Mean: 0.189, Std: 0.121, Threshold: 0.310
      Ratios: ['0.071', '0.289', '0.033', '0.347', '0.204']
 ÔåÆ D
ÔÜá´©Å  Question 40: Expected 5 options, found 35
   Q40:      Fill stats - Mean: 0.204, Std: 0.114, Threshold: 0.318
      Ratios: ['0.310', '0.089', '0.300', '0.042', '0.278']
 ÔåÆ BO┼Ş
ÔÜá´©Å  Question 41: Expected 5 options, found 35
   Q41:      Fill stats - Mean: 0.194, Std: 0.098, Threshold: 0.292
      Ratios: ['0.286', '0.083', '0.294', '0.069', '0.238']
 ÔåÆ BO┼Ş
ÔÜá´©Å  Question 42: Expected 5 options, found 34
   Q42:      Fill stats - Mean: 0.188, Std: 0.111, Threshold: 0.300
      Ratios: ['0.257', '0.065', '0.300', '0.042', '0.278']
 ÔåÆ BO┼Ş
ÔÜá´©Å  Question 43: Expected 5 options, found 46
   Q43:      Fill stats - Mean: 0.333, Std: 0.166, Threshold: 0.500
      Ratios: ['0.643', '0.310', '0.333', '0.167', '0.214']
 ÔåÆ A
ÔÜá´©Å  Question 44: Expected 5 options, found 41
   Q44:      Fill stats - Mean: 0.209, Std: 0.124, Threshold: 0.333
      Ratios: ['0.171', '0.095', '0.429', '0.101', '0.250']
 ÔåÆ C
ÔÜá´©Å  Question 45: Expected 5 options, found 40
   Q45:      Fill stats - Mean: 0.243, Std: 0.215, Threshold: 0.458
      Ratios: ['0.642', '0.190', '0.071', '0.267', '0.046']
 ÔåÆ A
ÔÜá´©Å  Question 46: Expected 5 options, found 34
   Q46:      Fill stats - Mean: 0.197, Std: 0.125, Threshold: 0.321
      Ratios: ['0.310', '0.055', '0.244', '0.042', '0.333']
 ÔåÆ E
ÔÜá´©Å  Question 47: Expected 5 options, found 37
   Q47:      Fill stats - Mean: 0.231, Std: 0.107, Threshold: 0.338
      Ratios: ['0.375', '0.089', '0.327', '0.148', '0.214']
 ÔåÆ A
ÔÜá´©Å  Question 48: Expected 5 options, found 33
   Q48:      Fill stats - Mean: 0.185, Std: 0.117, Threshold: 0.303
      Ratios: ['0.200', '0.071', '0.289', '0.033', '0.333']
 ÔåÆ E
ÔÜá´©Å  Question 49: Expected 5 options, found 36
   Q49:      Fill stats - Mean: 0.198, Std: 0.121, Threshold: 0.318
      Ratios: ['0.055', '0.388', '0.130', '0.133', '0.283']
 ÔåÆ B
ÔÜá´©Å  Question 50: Expected 5 options, found 34
   Q50:      Fill stats - Mean: 0.216, Std: 0.149, Threshold: 0.366
      Ratios: ['0.333', '0.051', '0.322', '0.018', '0.357']
 ÔåÆ BO┼Ş
ÔÜá´©Å  Question 51: Expected 5 options, found 37
   Q51:      Fill stats - Mean: 0.189, Std: 0.133, Threshold: 0.321
      Ratios: ['0.238', '0.391', '0.071', '0.226', '0.017']
 ÔåÆ B
ÔÜá´©Å  Question 52: Expected 5 options, found 39
   Q52:      Fill stats - Mean: 0.251, Std: 0.146, Threshold: 0.397
      Ratios: ['0.408', '0.077', '0.436', '0.125', '0.206']
 ÔåÆ HATALI (Multiple: A, C)
ÔÜá´©Å  Question 53: Expected 5 options, found 46
   Q53:      Fill stats - Mean: 0.298, Std: 0.206, Threshold: 0.504
      Ratios: ['0.661', '0.194', '0.035', '0.313', '0.286']
 ÔåÆ A
ÔÜá´©Å  Question 54: Expected 5 options, found 42
   Q54:      Fill stats - Mean: 0.217, Std: 0.132, Threshold: 0.349
      Ratios: ['0.171', '0.083', '0.461', '0.241', '0.130']
 ÔåÆ C
ÔÜá´©Å  Question 55: Expected 5 options, found 37
   Q55:      Fill stats - Mean: 0.290, Std: 0.185, Threshold: 0.475
      Ratios: ['0.600', '0.376', '0.254', '0.143', '0.077']
 ÔåÆ A
ÔÜá´©Å  Question 56: Expected 5 options, found 29
   Q56:      Fill stats - Mean: 0.329, Std: 0.238, Threshold: 0.567
      Ratios: ['0.286', '0.670', '0.057', '0.530', '0.102']
 ÔåÆ B

Ô£à ─░┼şlem tamamland─▒!
­şôè Sonu├ğ: {'success': True, 'answers': {1: 'D', 2: 'HATALI', 3: 'B', 4: 'BO┼Ş', 5: 'HATALI', 6: 'BO┼Ş', 7: 'HATALI', 8: 'BO┼Ş', 9: 'B', 10: 'BO┼Ş', 11: 'D', 12: 'A', 13: 'BO┼Ş', 14: 'C', 15: 'BO┼Ş', 16: 'BO┼Ş', 17: 'D', 18: 'BO┼Ş', 19: 'A', 20: 'D', 21: 'BO┼Ş', 22: 'BO┼Ş', 23: 'B', 24: 'A', 25: 'B', 26: 'BO┼Ş', 27: 'BO┼Ş', 28: 'BO┼Ş', 29: 'D', 30: 'BO┼Ş', 31: 'C', 32: 'BO┼Ş', 33: 'BO┼Ş', 34: 'C', 35: 'BO┼Ş', 36: 'B', 37: 'A', 38: 'A', 39: 'D', 40: 'BO┼Ş', 41: 'BO┼Ş', 42: 'BO┼Ş', 43: 'A', 44: 'C', 45: 'A', 46: 'E', 47: 'A', 48: 'E', 49: 'B', 50: 'BO┼Ş', 51: 'B', 52: 'HATALI', 53: 'A', 54: 'C', 55: 'A', 56: 'B'}, 'total_bubbles_found': 1328, 'rows_found': 56, 'questions_detected': 56}
­şôè Bulunan cevap say─▒s─▒: 56

─░lk 5 cevap:

ÔØî HATA: slice(None, 5, None)

============================================================

